
> ma-saas-frontend@2.0.0 test
> vitest --run


[1m[46m RUN [49m[22m [36mv4.0.4 [39m[90mC:/Projects/ma-saas-platform/M-S-SaaS-apex-deliver/frontend[39m

[90mstderr[2m | src/components/ui/Button.test.tsx[2m > [22m[2mButton[2m > [22m[2mshould render without crashing
[22m[39mWarning: React.jsx: type is invalid -- expected a string (for built-in components) or a class/function (for composite components) but got: undefined. You likely forgot to export your component from the file it's defined in, or you might have mixed up default and named imports.
Error: Element type is invalid: expected a string (for built-in components) or a class/function (for composite components) but got: undefined. You likely forgot to export your component from the file it's defined in, or you might have mixed up default and named imports.
    at createFiberFromTypeAndProps (C:\Projects\ma-saas-platform\M-S-SaaS-apex-deliver\frontend\node_modules\react-dom\cjs\react-dom.development.js:28478:17)
    at createFiberFromElement (C:\Projects\ma-saas-platform\M-S-SaaS-apex-deliver\frontend\node_modules\react-dom\cjs\react-dom.development.js:28504:15)
    at reconcileSingleElement (C:\Projects\ma-saas-platform\M-S-SaaS-apex-deliver\frontend\node_modules\react-dom\cjs\react-dom.development.js:13986:23)
    at reconcileChildFibers (C:\Projects\ma-saas-platform\M-S-SaaS-apex-deliver\frontend\node_modules\react-dom\cjs\react-dom.development.js:14044:35)
    at reconcileChildren (C:\Projects\ma-saas-platform\M-S-SaaS-apex-deliver\frontend\node_modules\react-dom\cjs\react-dom.development.js:19193:28)
    at updateHostRoot (C:\Projects\ma-saas-platform\M-S-SaaS-apex-deliver\frontend\node_modules\react-dom\cjs\react-dom.development.js:19912:5)
    at beginWork (C:\Projects\ma-saas-platform\M-S-SaaS-apex-deliver\frontend\node_modules\react-dom\cjs\react-dom.development.js:21654:14)
    at HTMLUnknownElement.callCallback (C:\Projects\ma-saas-platform\M-S-SaaS-apex-deliver\frontend\node_modules\react-dom\cjs\react-dom.development.js:4164:14)
    at HTMLUnknownElement.callTheUserObjectsOperation (C:\Projects\ma-saas-platform\M-S-SaaS-apex-deliver\frontend\node_modules\jsdom\lib\jsdom\living\generated\EventListener.js:26:30)
    at innerInvokeEventListeners (C:\Projects\ma-saas-platform\M-S-SaaS-apex-deliver\frontend\node_modules\jsdom\lib\jsdom\living\events\EventTarget-impl.js:360:16)

[90mstderr[2m | src/components/ui/Button.test.tsx[2m > [22m[2mButton[2m > [22m[2mshould apply primary variant by default
[22m[39mWarning: React.jsx: type is invalid -- expected a string (for built-in components) or a class/function (for composite components) but got: undefined. You likely forgot to export your component from the file it's defined in, or you might have mixed up default and named imports.
Error: Element type is invalid: expected a string (for built-in components) or a class/function (for composite components) but got: undefined. You likely forgot to export your component from the file it's defined in, or you might have mixed up default and named imports.
    at createFiberFromTypeAndProps (C:\Projects\ma-saas-platform\M-S-SaaS-apex-deliver\frontend\node_modules\react-dom\cjs\react-dom.development.js:28478:17)
    at createFiberFromElement (C:\Projects\ma-saas-platform\M-S-SaaS-apex-deliver\frontend\node_modules\react-dom\cjs\react-dom.development.js:28504:15)
    at reconcileSingleElement (C:\Projects\ma-saas-platform\M-S-SaaS-apex-deliver\frontend\node_modules\react-dom\cjs\react-dom.development.js:13986:23)
    at reconcileChildFibers (C:\Projects\ma-saas-platform\M-S-SaaS-apex-deliver\frontend\node_modules\react-dom\cjs\react-dom.development.js:14044:35)
    at reconcileChildren (C:\Projects\ma-saas-platform\M-S-SaaS-apex-deliver\frontend\node_modules\react-dom\cjs\react-dom.development.js:19193:28)
    at updateHostRoot (C:\Projects\ma-saas-platform\M-S-SaaS-apex-deliver\frontend\node_modules\react-dom\cjs\react-dom.development.js:19912:5)
    at beginWork (C:\Projects\ma-saas-platform\M-S-SaaS-apex-deliver\frontend\node_modules\react-dom\cjs\react-dom.development.js:21654:14)
    at HTMLUnknownElement.callCallback (C:\Projects\ma-saas-platform\M-S-SaaS-apex-deliver\frontend\node_modules\react-dom\cjs\react-dom.development.js:4164:14)
    at HTMLUnknownElement.callTheUserObjectsOperation (C:\Projects\ma-saas-platform\M-S-SaaS-apex-deliver\frontend\node_modules\jsdom\lib\jsdom\living\generated\EventListener.js:26:30)
    at innerInvokeEventListeners (C:\Projects\ma-saas-platform\M-S-SaaS-apex-deliver\frontend\node_modules\jsdom\lib\jsdom\living\events\EventTarget-impl.js:360:16)

[90mstderr[2m | src/components/ui/Button.test.tsx[2m > [22m[2mButton[2m > [22m[2mshould apply secondary variant
[22m[39mWarning: React.jsx: type is invalid -- expected a string (for built-in components) or a class/function (for composite components) but got: undefined. You likely forgot to export your component from the file it's defined in, or you might have mixed up default and named imports.
Error: Element type is invalid: expected a string (for built-in components) or a class/function (for composite components) but got: undefined. You likely forgot to export your component from the file it's defined in, or you might have mixed up default and named imports.
    at createFiberFromTypeAndProps (C:\Projects\ma-saas-platform\M-S-SaaS-apex-deliver\frontend\node_modules\react-dom\cjs\react-dom.development.js:28478:17)
    at createFiberFromElement (C:\Projects\ma-saas-platform\M-S-SaaS-apex-deliver\frontend\node_modules\react-dom\cjs\react-dom.development.js:28504:15)
    at reconcileSingleElement (C:\Projects\ma-saas-platform\M-S-SaaS-apex-deliver\frontend\node_modules\react-dom\cjs\react-dom.development.js:13986:23)
    at reconcileChildFibers (C:\Projects\ma-saas-platform\M-S-SaaS-apex-deliver\frontend\node_modules\react-dom\cjs\react-dom.development.js:14044:35)
    at reconcileChildren (C:\Projects\ma-saas-platform\M-S-SaaS-apex-deliver\frontend\node_modules\react-dom\cjs\react-dom.development.js:19193:28)
    at updateHostRoot (C:\Projects\ma-saas-platform\M-S-SaaS-apex-deliver\frontend\node_modules\react-dom\cjs\react-dom.development.js:19912:5)
    at beginWork (C:\Projects\ma-saas-platform\M-S-SaaS-apex-deliver\frontend\node_modules\react-dom\cjs\react-dom.development.js:21654:14)
    at HTMLUnknownElement.callCallback (C:\Projects\ma-saas-platform\M-S-SaaS-apex-deliver\frontend\node_modules\react-dom\cjs\react-dom.development.js:4164:14)
    at HTMLUnknownElement.callTheUserObjectsOperation (C:\Projects\ma-saas-platform\M-S-SaaS-apex-deliver\frontend\node_modules\jsdom\lib\jsdom\living\generated\EventListener.js:26:30)
    at innerInvokeEventListeners (C:\Projects\ma-saas-platform\M-S-SaaS-apex-deliver\frontend\node_modules\jsdom\lib\jsdom\living\events\EventTarget-impl.js:360:16)

 [31m❯[39m src/components/ui/Button.test.tsx [2m([22m[2m3 tests[22m[2m | [22m[31m3 failed[39m[2m)[22m[32m 38[2mms[22m[39m
[31m     [31m×[31m should render without crashing[39m[32m 26[2mms[22m[39m
[31m     [31m×[31m should apply primary variant by default[39m[32m 4[2mms[22m[39m
[31m     [31m×[31m should apply secondary variant[39m[32m 4[2mms[22m[39m
[90mstderr[2m | src/components/master-admin/activity/GoalCard.test.tsx[2m > [22m[2mGoalCard[2m > [22m[2mDisplay Mode - No Goal[2m > [22m[2mshould show "no goals" message when no goal exists
[22m[39mWarning: React.jsx: type is invalid -- expected a string (for built-in components) or a class/function (for composite components) but got: undefined. You likely forgot to export your component from the file it's defined in, or you might have mixed up default and named imports.

Check the render method of `GoalCard`.
    at GoalCard (C:/Projects/ma-saas-platform/M-S-SaaS-apex-deliver/frontend/src/components/master-admin/activity/GoalCard.tsx:13:71)
    at QueryClientProvider (file:///C:/Projects/ma-saas-platform/M-S-SaaS-apex-deliver/frontend/node_modules/@tanstack/react-query/build/modern/QueryClientProvider.js:20:3)
Error: Element type is invalid: expected a string (for built-in components) or a class/function (for composite components) but got: undefined. You likely forgot to export your component from the file it's defined in, or you might have mixed up default and named imports.

Check the render method of `GoalCard`.
    at createFiberFromTypeAndProps (C:\Projects\ma-saas-platform\M-S-SaaS-apex-deliver\frontend\node_modules\react-dom\cjs\react-dom.development.js:28478:17)
    at createFiberFromElement (C:\Projects\ma-saas-platform\M-S-SaaS-apex-deliver\frontend\node_modules\react-dom\cjs\react-dom.development.js:28504:15)
    at createChild (C:\Projects\ma-saas-platform\M-S-SaaS-apex-deliver\frontend\node_modules\react-dom\cjs\react-dom.development.js:13345:28)
    at reconcileChildrenArray (C:\Projects\ma-saas-platform\M-S-SaaS-apex-deliver\frontend\node_modules\react-dom\cjs\react-dom.development.js:13640:25)
    at reconcileChildFibers (C:\Projects\ma-saas-platform\M-S-SaaS-apex-deliver\frontend\node_modules\react-dom\cjs\react-dom.development.js:14057:16)
    at reconcileChildren (C:\Projects\ma-saas-platform\M-S-SaaS-apex-deliver\frontend\node_modules\react-dom\cjs\react-dom.development.js:19186:28)
    at updateHostComponent (C:\Projects\ma-saas-platform\M-S-SaaS-apex-deliver\frontend\node_modules\react-dom\cjs\react-dom.development.js:19953:3)
    at beginWork (C:\Projects\ma-saas-platform\M-S-SaaS-apex-deliver\frontend\node_modules\react-dom\cjs\react-dom.development.js:21657:14)
    at HTMLUnknownElement.callCallback (C:\Projects\ma-saas-platform\M-S-SaaS-apex-deliver\frontend\node_modules\react-dom\cjs\react-dom.development.js:4164:14)
    at HTMLUnknownElement.callTheUserObjectsOperation (C:\Projects\ma-saas-platform\M-S-SaaS-apex-deliver\frontend\node_modules\jsdom\lib\jsdom\living\generated\EventListener.js:26:30)
Warning: React.jsx: type is invalid -- expected a string (for built-in components) or a class/function (for composite components) but got: undefined. You likely forgot to export your component from the file it's defined in, or you might have mixed up default and named imports.

Check the render method of `GoalCard`.
    at GoalCard (C:/Projects/ma-saas-platform/M-S-SaaS-apex-deliver/frontend/src/components/master-admin/activity/GoalCard.tsx:13:71)
    at QueryClientProvider (file:///C:/Projects/ma-saas-platform/M-S-SaaS-apex-deliver/frontend/node_modules/@tanstack/react-query/build/modern/QueryClientProvider.js:20:3)
Error: Element type is invalid: expected a string (for built-in components) or a class/function (for composite components) but got: undefined. You likely forgot to export your component from the file it's defined in, or you might have mixed up default and named imports.

Check the render method of `GoalCard`.
    at createFiberFromTypeAndProps (C:\Projects\ma-saas-platform\M-S-SaaS-apex-deliver\frontend\node_modules\react-dom\cjs\react-dom.development.js:28478:17)
    at createFiberFromElement (C:\Projects\ma-saas-platform\M-S-SaaS-apex-deliver\frontend\node_modules\react-dom\cjs\react-dom.development.js:28504:15)
    at createChild (C:\Projects\ma-saas-platform\M-S-SaaS-apex-deliver\frontend\node_modules\react-dom\cjs\react-dom.development.js:13345:28)
    at reconcileChildrenArray (C:\Projects\ma-saas-platform\M-S-SaaS-apex-deliver\frontend\node_modules\react-dom\cjs\react-dom.development.js:13640:25)
    at reconcileChildFibers (C:\Projects\ma-saas-platform\M-S-SaaS-apex-deliver\frontend\node_modules\react-dom\cjs\react-dom.development.js:14057:16)
    at reconcileChildren (C:\Projects\ma-saas-platform\M-S-SaaS-apex-deliver\frontend\node_modules\react-dom\cjs\react-dom.development.js:19186:28)
    at updateHostComponent (C:\Projects\ma-saas-platform\M-S-SaaS-apex-deliver\frontend\node_modules\react-dom\cjs\react-dom.development.js:19953:3)
    at beginWork (C:\Projects\ma-saas-platform\M-S-SaaS-apex-deliver\frontend\node_modules\react-dom\cjs\react-dom.development.js:21657:14)
    at HTMLUnknownElement.callCallback (C:\Projects\ma-saas-platform\M-S-SaaS-apex-deliver\frontend\node_modules\react-dom\cjs\react-dom.development.js:4164:14)
    at HTMLUnknownElement.callTheUserObjectsOperation (C:\Projects\ma-saas-platform\M-S-SaaS-apex-deliver\frontend\node_modules\jsdom\lib\jsdom\living\generated\EventListener.js:26:30)
The above error occurred in the <div> component:

    at div
    at div
    at GoalCard (C:/Projects/ma-saas-platform/M-S-SaaS-apex-deliver/frontend/src/components/master-admin/activity/GoalCard.tsx:13:71)
    at QueryClientProvider (file:///C:/Projects/ma-saas-platform/M-S-SaaS-apex-deliver/frontend/node_modules/@tanstack/react-query/build/modern/QueryClientProvider.js:20:3)

Consider adding an error boundary to your tree to customize error handling behavior.
Visit https://reactjs.org/link/error-boundaries to learn more about error boundaries.

[90mstderr[2m | src/components/master-admin/activity/GoalCard.test.tsx[2m > [22m[2mGoalCard[2m > [22m[2mDisplay Mode - No Goal[2m > [22m[2mshould display header with title and icon
[22m[39mWarning: React.jsx: type is invalid -- expected a string (for built-in components) or a class/function (for composite components) but got: undefined. You likely forgot to export your component from the file it's defined in, or you might have mixed up default and named imports.

Check the render method of `GoalCard`.
    at GoalCard (C:/Projects/ma-saas-platform/M-S-SaaS-apex-deliver/frontend/src/components/master-admin/activity/GoalCard.tsx:13:71)
    at QueryClientProvider (file:///C:/Projects/ma-saas-platform/M-S-SaaS-apex-deliver/frontend/node_modules/@tanstack/react-query/build/modern/QueryClientProvider.js:20:3)
Error: Element type is invalid: expected a string (for built-in components) or a class/function (for composite components) but got: undefined. You likely forgot to export your component from the file it's defined in, or you might have mixed up default and named imports.

Check the render method of `GoalCard`.
    at createFiberFromTypeAndProps (C:\Projects\ma-saas-platform\M-S-SaaS-apex-deliver\frontend\node_modules\react-dom\cjs\react-dom.development.js:28478:17)
    at createFiberFromElement (C:\Projects\ma-saas-platform\M-S-SaaS-apex-deliver\frontend\node_modules\react-dom\cjs\react-dom.development.js:28504:15)
    at createChild (C:\Projects\ma-saas-platform\M-S-SaaS-apex-deliver\frontend\node_modules\react-dom\cjs\react-dom.development.js:13345:28)
    at reconcileChildrenArray (C:\Projects\ma-saas-platform\M-S-SaaS-apex-deliver\frontend\node_modules\react-dom\cjs\react-dom.development.js:13640:25)
    at reconcileChildFibers (C:\Projects\ma-saas-platform\M-S-SaaS-apex-deliver\frontend\node_modules\react-dom\cjs\react-dom.development.js:14057:16)
    at reconcileChildren (C:\Projects\ma-saas-platform\M-S-SaaS-apex-deliver\frontend\node_modules\react-dom\cjs\react-dom.development.js:19186:28)
    at updateHostComponent (C:\Projects\ma-saas-platform\M-S-SaaS-apex-deliver\frontend\node_modules\react-dom\cjs\react-dom.development.js:19953:3)
    at beginWork (C:\Projects\ma-saas-platform\M-S-SaaS-apex-deliver\frontend\node_modules\react-dom\cjs\react-dom.development.js:21657:14)
    at HTMLUnknownElement.callCallback (C:\Projects\ma-saas-platform\M-S-SaaS-apex-deliver\frontend\node_modules\react-dom\cjs\react-dom.development.js:4164:14)
    at HTMLUnknownElement.callTheUserObjectsOperation (C:\Projects\ma-saas-platform\M-S-SaaS-apex-deliver\frontend\node_modules\jsdom\lib\jsdom\living\generated\EventListener.js:26:30)
Warning: React.jsx: type is invalid -- expected a string (for built-in components) or a class/function (for composite components) but got: undefined. You likely forgot to export your component from the file it's defined in, or you might have mixed up default and named imports.

Check the render method of `GoalCard`.
    at GoalCard (C:/Projects/ma-saas-platform/M-S-SaaS-apex-deliver/frontend/src/components/master-admin/activity/GoalCard.tsx:13:71)
    at QueryClientProvider (file:///C:/Projects/ma-saas-platform/M-S-SaaS-apex-deliver/frontend/node_modules/@tanstack/react-query/build/modern/QueryClientProvider.js:20:3)
Error: Element type is invalid: expected a string (for built-in components) or a class/function (for composite components) but got: undefined. You likely forgot to export your component from the file it's defined in, or you might have mixed up default and named imports.

Check the render method of `GoalCard`.
    at createFiberFromTypeAndProps (C:\Projects\ma-saas-platform\M-S-SaaS-apex-deliver\frontend\node_modules\react-dom\cjs\react-dom.development.js:28478:17)
    at createFiberFromElement (C:\Projects\ma-saas-platform\M-S-SaaS-apex-deliver\frontend\node_modules\react-dom\cjs\react-dom.development.js:28504:15)
    at createChild (C:\Projects\ma-saas-platform\M-S-SaaS-apex-deliver\frontend\node_modules\react-dom\cjs\react-dom.development.js:13345:28)
    at reconcileChildrenArray (C:\Projects\ma-saas-platform\M-S-SaaS-apex-deliver\frontend\node_modules\react-dom\cjs\react-dom.development.js:13640:25)
    at reconcileChildFibers (C:\Projects\ma-saas-platform\M-S-SaaS-apex-deliver\frontend\node_modules\react-dom\cjs\react-dom.development.js:14057:16)
    at reconcileChildren (C:\Projects\ma-saas-platform\M-S-SaaS-apex-deliver\frontend\node_modules\react-dom\cjs\react-dom.development.js:19186:28)
    at updateHostComponent (C:\Projects\ma-saas-platform\M-S-SaaS-apex-deliver\frontend\node_modules\react-dom\cjs\react-dom.development.js:19953:3)
    at beginWork (C:\Projects\ma-saas-platform\M-S-SaaS-apex-deliver\frontend\node_modules\react-dom\cjs\react-dom.development.js:21657:14)
    at HTMLUnknownElement.callCallback (C:\Projects\ma-saas-platform\M-S-SaaS-apex-deliver\frontend\node_modules\react-dom\cjs\react-dom.development.js:4164:14)
    at HTMLUnknownElement.callTheUserObjectsOperation (C:\Projects\ma-saas-platform\M-S-SaaS-apex-deliver\frontend\node_modules\jsdom\lib\jsdom\living\generated\EventListener.js:26:30)
The above error occurred in the <div> component:

    at div
    at div
    at GoalCard (C:/Projects/ma-saas-platform/M-S-SaaS-apex-deliver/frontend/src/components/master-admin/activity/GoalCard.tsx:13:71)
    at QueryClientProvider (file:///C:/Projects/ma-saas-platform/M-S-SaaS-apex-deliver/frontend/node_modules/@tanstack/react-query/build/modern/QueryClientProvider.js:20:3)

Consider adding an error boundary to your tree to customize error handling behavior.
Visit https://reactjs.org/link/error-boundaries to learn more about error boundaries.

[90mstderr[2m | src/components/master-admin/activity/GoalCard.test.tsx[2m > [22m[2mGoalCard[2m > [22m[2mDisplay Mode - No Goal[2m > [22m[2mshould show all goal categories with zero values
[22m[39mWarning: React.jsx: type is invalid -- expected a string (for built-in components) or a class/function (for composite components) but got: undefined. You likely forgot to export your component from the file it's defined in, or you might have mixed up default and named imports.

Check the render method of `GoalCard`.
    at GoalCard (C:/Projects/ma-saas-platform/M-S-SaaS-apex-deliver/frontend/src/components/master-admin/activity/GoalCard.tsx:13:71)
    at QueryClientProvider (file:///C:/Projects/ma-saas-platform/M-S-SaaS-apex-deliver/frontend/node_modules/@tanstack/react-query/build/modern/QueryClientProvider.js:20:3)
Error: Element type is invalid: expected a string (for built-in components) or a class/function (for composite components) but got: undefined. You likely forgot to export your component from the file it's defined in, or you might have mixed up default and named imports.

Check the render method of `GoalCard`.
    at createFiberFromTypeAndProps (C:\Projects\ma-saas-platform\M-S-SaaS-apex-deliver\frontend\node_modules\react-dom\cjs\react-dom.development.js:28478:17)
    at createFiberFromElement (C:\Projects\ma-saas-platform\M-S-SaaS-apex-deliver\frontend\node_modules\react-dom\cjs\react-dom.development.js:28504:15)
    at createChild (C:\Projects\ma-saas-platform\M-S-SaaS-apex-deliver\frontend\node_modules\react-dom\cjs\react-dom.development.js:13345:28)
    at reconcileChildrenArray (C:\Projects\ma-saas-platform\M-S-SaaS-apex-deliver\frontend\node_modules\react-dom\cjs\react-dom.development.js:13640:25)
    at reconcileChildFibers (C:\Projects\ma-saas-platform\M-S-SaaS-apex-deliver\frontend\node_modules\react-dom\cjs\react-dom.development.js:14057:16)
    at reconcileChildren (C:\Projects\ma-saas-platform\M-S-SaaS-apex-deliver\frontend\node_modules\react-dom\cjs\react-dom.development.js:19186:28)
    at updateHostComponent (C:\Projects\ma-saas-platform\M-S-SaaS-apex-deliver\frontend\node_modules\react-dom\cjs\react-dom.development.js:19953:3)
    at beginWork (C:\Projects\ma-saas-platform\M-S-SaaS-apex-deliver\frontend\node_modules\react-dom\cjs\react-dom.development.js:21657:14)
    at HTMLUnknownElement.callCallback (C:\Projects\ma-saas-platform\M-S-SaaS-apex-deliver\frontend\node_modules\react-dom\cjs\react-dom.development.js:4164:14)
    at HTMLUnknownElement.callTheUserObjectsOperation (C:\Projects\ma-saas-platform\M-S-SaaS-apex-deliver\frontend\node_modules\jsdom\lib\jsdom\living\generated\EventListener.js:26:30)
Warning: React.jsx: type is invalid -- expected a string (for built-in components) or a class/function (for composite components) but got: undefined. You likely forgot to export your component from the file it's defined in, or you might have mixed up default and named imports.

Check the render method of `GoalCard`.
    at GoalCard (C:/Projects/ma-saas-platform/M-S-SaaS-apex-deliver/frontend/src/components/master-admin/activity/GoalCard.tsx:13:71)
    at QueryClientProvider (file:///C:/Projects/ma-saas-platform/M-S-SaaS-apex-deliver/frontend/node_modules/@tanstack/react-query/build/modern/QueryClientProvider.js:20:3)
Error: Element type is invalid: expected a string (for built-in components) or a class/function (for composite components) but got: undefined. You likely forgot to export your component from the file it's defined in, or you might have mixed up default and named imports.

Check the render method of `GoalCard`.
    at createFiberFromTypeAndProps (C:\Projects\ma-saas-platform\M-S-SaaS-apex-deliver\frontend\node_modules\react-dom\cjs\react-dom.development.js:28478:17)
    at createFiberFromElement (C:\Projects\ma-saas-platform\M-S-SaaS-apex-deliver\frontend\node_modules\react-dom\cjs\react-dom.development.js:28504:15)
    at createChild (C:\Projects\ma-saas-platform\M-S-SaaS-apex-deliver\frontend\node_modules\react-dom\cjs\react-dom.development.js:13345:28)
    at reconcileChildrenArray (C:\Projects\ma-saas-platform\M-S-SaaS-apex-deliver\frontend\node_modules\react-dom\cjs\react-dom.development.js:13640:25)
    at reconcileChildFibers (C:\Projects\ma-saas-platform\M-S-SaaS-apex-deliver\frontend\node_modules\react-dom\cjs\react-dom.development.js:14057:16)
    at reconcileChildren (C:\Projects\ma-saas-platform\M-S-SaaS-apex-deliver\frontend\node_modules\react-dom\cjs\react-dom.development.js:19186:28)
    at updateHostComponent (C:\Projects\ma-saas-platform\M-S-SaaS-apex-deliver\frontend\node_modules\react-dom\cjs\react-dom.development.js:19953:3)
    at beginWork (C:\Projects\ma-saas-platform\M-S-SaaS-apex-deliver\frontend\node_modules\react-dom\cjs\react-dom.development.js:21657:14)
    at HTMLUnknownElement.callCallback (C:\Projects\ma-saas-platform\M-S-SaaS-apex-deliver\frontend\node_modules\react-dom\cjs\react-dom.development.js:4164:14)
    at HTMLUnknownElement.callTheUserObjectsOperation (C:\Projects\ma-saas-platform\M-S-SaaS-apex-deliver\frontend\node_modules\jsdom\lib\jsdom\living\generated\EventListener.js:26:30)
The above error occurred in the <div> component:

    at div
    at div
    at GoalCard (C:/Projects/ma-saas-platform/M-S-SaaS-apex-deliver/frontend/src/components/master-admin/activity/GoalCard.tsx:13:71)
    at QueryClientProvider (file:///C:/Projects/ma-saas-platform/M-S-SaaS-apex-deliver/frontend/node_modules/@tanstack/react-query/build/modern/QueryClientProvider.js:20:3)

Consider adding an error boundary to your tree to customize error handling behavior.
Visit https://reactjs.org/link/error-boundaries to learn more about error boundaries.

[90mstderr[2m | src/components/marketing/EnhancedHeroSection.test.tsx[2m > [22m[2mEnhancedHeroSection[2m > [22m[2mrenders without crashing
[22m[39mWarning: React.jsx: type is invalid -- expected a string (for built-in components) or a class/function (for composite components) but got: undefined. You likely forgot to export your component from the file it's defined in, or you might have mixed up default and named imports.

Check the render method of `EnhancedHeroSection`.
    at EnhancedHeroSection (C:/Projects/ma-saas-platform/M-S-SaaS-apex-deliver/frontend/src/components/marketing/EnhancedHeroSection.tsx:13:71)
    at Router (file:///C:/Projects/ma-saas-platform/M-S-SaaS-apex-deliver/frontend/node_modules/react-router/dist/development/chunk-OIYGIGL5.mjs:6066:13)
    at BrowserRouter (file:///C:/Projects/ma-saas-platform/M-S-SaaS-apex-deliver/frontend/node_modules/react-router/dist/development/chunk-OIYGIGL5.mjs:9209:3)
    at RouterWrapper (C:/Projects/ma-saas-platform/M-S-SaaS-apex-deliver/frontend/src/components/marketing/EnhancedHeroSection.test.tsx:11:26)
Warning: React.jsx: type is invalid -- expected a string (for built-in components) or a class/function (for composite components) but got: undefined. You likely forgot to export your component from the file it's defined in, or you might have mixed up default and named imports.

Check the render method of `EnhancedHeroSection`.
    at EnhancedHeroSection (C:/Projects/ma-saas-platform/M-S-SaaS-apex-deliver/frontend/src/components/marketing/EnhancedHeroSection.tsx:13:71)
    at Router (file:///C:/Projects/ma-saas-platform/M-S-SaaS-apex-deliver/frontend/node_modules/react-router/dist/development/chunk-OIYGIGL5.mjs:6066:13)
    at BrowserRouter (file:///C:/Projects/ma-saas-platform/M-S-SaaS-apex-deliver/frontend/node_modules/react-router/dist/development/chunk-OIYGIGL5.mjs:9209:3)
    at RouterWrapper (C:/Projects/ma-saas-platform/M-S-SaaS-apex-deliver/frontend/src/components/marketing/EnhancedHeroSection.test.tsx:11:26)
Error: Element type is invalid: expected a string (for built-in components) or a class/function (for composite components) but got: undefined. You likely forgot to export your component from the file it's defined in, or you might have mixed up default and named imports.

Check the render method of `EnhancedHeroSection`.
    at createFiberFromTypeAndProps (C:\Projects\ma-saas-platform\M-S-SaaS-apex-deliver\frontend\node_modules\react-dom\cjs\react-dom.development.js:28478:17)
    at createFiberFromElement (C:\Projects\ma-saas-platform\M-S-SaaS-apex-deliver\frontend\node_modules\react-dom\cjs\react-dom.development.js:28504:15)
    at reconcileSingleElement (C:\Projects\ma-saas-platform\M-S-SaaS-apex-deliver\frontend\node_modules\react-dom\cjs\react-dom.development.js:13986:23)
    at reconcileChildFibers (C:\Projects\ma-saas-platform\M-S-SaaS-apex-deliver\frontend\node_modules\react-dom\cjs\react-dom.development.js:14044:35)
    at reconcileChildren (C:\Projects\ma-saas-platform\M-S-SaaS-apex-deliver\frontend\node_modules\react-dom\cjs\react-dom.development.js:19186:28)
    at updateHostComponent (C:\Projects\ma-saas-platform\M-S-SaaS-apex-deliver\frontend\node_modules\react-dom\cjs\react-dom.development.js:19953:3)
    at beginWork (C:\Projects\ma-saas-platform\M-S-SaaS-apex-deliver\frontend\node_modules\react-dom\cjs\react-dom.development.js:21657:14)
    at HTMLUnknownElement.callCallback (C:\Projects\ma-saas-platform\M-S-SaaS-apex-deliver\frontend\node_modules\react-dom\cjs\react-dom.development.js:4164:14)
    at HTMLUnknownElement.callTheUserObjectsOperation (C:\Projects\ma-saas-platform\M-S-SaaS-apex-deliver\frontend\node_modules\jsdom\lib\jsdom\living\generated\EventListener.js:26:30)
    at innerInvokeEventListeners (C:\Projects\ma-saas-platform\M-S-SaaS-apex-deliver\frontend\node_modules\jsdom\lib\jsdom\living\events\EventTarget-impl.js:360:16)
Error: Element type is invalid: expected a string (for built-in components) or a class/function (for composite components) but got: undefined. You likely forgot to export your component from the file it's defined in, or you might have mixed up default and named imports.

Check the render method of `EnhancedHeroSection`.
    at createFiberFromTypeAndProps (C:\Projects\ma-saas-platform\M-S-SaaS-apex-deliver\frontend\node_modules\react-dom\cjs\react-dom.development.js:28478:17)
    at createFiberFromElement (C:\Projects\ma-saas-platform\M-S-SaaS-apex-deliver\frontend\node_modules\react-dom\cjs\react-dom.development.js:28504:15)
    at reconcileSingleElement (C:\Projects\ma-saas-platform\M-S-SaaS-apex-deliver\frontend\node_modules\react-dom\cjs\react-dom.development.js:13986:23)
    at reconcileChildFibers (C:\Projects\ma-saas-platform\M-S-SaaS-apex-deliver\frontend\node_modules\react-dom\cjs\react-dom.development.js:14044:35)
    at reconcileChildren (C:\Projects\ma-saas-platform\M-S-SaaS-apex-deliver\frontend\node_modules\react-dom\cjs\react-dom.development.js:19186:28)
    at updateHostComponent (C:\Projects\ma-saas-platform\M-S-SaaS-apex-deliver\frontend\node_modules\react-dom\cjs\react-dom.development.js:19953:3)
    at beginWork (C:\Projects\ma-saas-platform\M-S-SaaS-apex-deliver\frontend\node_modules\react-dom\cjs\react-dom.development.js:21657:14)
    at HTMLUnknownElement.callCallback (C:\Projects\ma-saas-platform\M-S-SaaS-apex-deliver\frontend\node_modules\react-dom\cjs\react-dom.development.js:4164:14)
    at HTMLUnknownElement.callTheUserObjectsOperation (C:\Projects\ma-saas-platform\M-S-SaaS-apex-deliver\frontend\node_modules\jsdom\lib\jsdom\living\generated\EventListener.js:26:30)
    at innerInvokeEventListeners (C:\Projects\ma-saas-platform\M-S-SaaS-apex-deliver\frontend\node_modules\jsdom\lib\jsdom\living\events\EventTarget-impl.js:360:16)
Warning: React.jsx: type is invalid -- expected a string (for built-in components) or a class/function (for composite components) but got: undefined. You likely forgot to export your component from the file it's defined in, or you might have mixed up default and named imports.

Check the render method of `EnhancedHeroSection`.
    at EnhancedHeroSection (C:/Projects/ma-saas-platform/M-S-SaaS-apex-deliver/frontend/src/components/marketing/EnhancedHeroSection.tsx:13:71)
    at Router (file:///C:/Projects/ma-saas-platform/M-S-SaaS-apex-deliver/frontend/node_modules/react-router/dist/development/chunk-OIYGIGL5.mjs:6066:13)
    at BrowserRouter (file:///C:/Projects/ma-saas-platform/M-S-SaaS-apex-deliver/frontend/node_modules/react-router/dist/development/chunk-OIYGIGL5.mjs:9209:3)
    at RouterWrapper (C:/Projects/ma-saas-platform/M-S-SaaS-apex-deliver/frontend/src/components/marketing/EnhancedHeroSection.test.tsx:11:26)
Warning: React.jsx: type is invalid -- expected a string (for built-in components) or a class/function (for composite components) but got: undefined. You likely forgot to export your component from the file it's defined in, or you might have mixed up default and named imports.

Check the render method of `EnhancedHeroSection`.
    at EnhancedHeroSection (C:/Projects/ma-saas-platform/M-S-SaaS-apex-deliver/frontend/src/components/marketing/EnhancedHeroSection.tsx:13:71)
    at Router (file:///C:/Projects/ma-saas-platform/M-S-SaaS-apex-deliver/frontend/node_modules/react-router/dist/development/chunk-OIYGIGL5.mjs:6066:13)
    at BrowserRouter (file:///C:/Projects/ma-saas-platform/M-S-SaaS-apex-deliver/frontend/node_modules/react-router/dist/development/chunk-OIYGIGL5.mjs:9209:3)
    at RouterWrapper (C:/Projects/ma-saas-platform/M-S-SaaS-apex-deliver/frontend/src/components/marketing/EnhancedHeroSection.test.tsx:11:26)
Error: Element type is invalid: expected a string (for built-in components) or a class/function (for composite components) but got: undefined. You likely forgot to export your component from the file it's defined in, or you might have mixed up default and named imports.

Check the render method of `EnhancedHeroSection`.
    at createFiberFromTypeAndProps (C:\Projects\ma-saas-platform\M-S-SaaS-apex-deliver\frontend\node_modules\react-dom\cjs\react-dom.development.js:28478:17)
    at createFiberFromElement (C:\Projects\ma-saas-platform\M-S-SaaS-apex-deliver\frontend\node_modules\react-dom\cjs\react-dom.development.js:28504:15)
    at reconcileSingleElement (C:\Projects\ma-saas-platform\M-S-SaaS-apex-deliver\frontend\node_modules\react-dom\cjs\react-dom.development.js:13986:23)
    at reconcileChildFibers (C:\Projects\ma-saas-platform\M-S-SaaS-apex-deliver\frontend\node_modules\react-dom\cjs\react-dom.development.js:14044:35)
    at reconcileChildren (C:\Projects\ma-saas-platform\M-S-SaaS-apex-deliver\frontend\node_modules\react-dom\cjs\react-dom.development.js:19186:28)
    at updateHostComponent (C:\Projects\ma-saas-platform\M-S-SaaS-apex-deliver\frontend\node_modules\react-dom\cjs\react-dom.development.js:19953:3)
    at beginWork (C:\Projects\ma-saas-platform\M-S-SaaS-apex-deliver\frontend\node_modules\react-dom\cjs\react-dom.development.js:21657:14)
    at HTMLUnknownElement.callCallback (C:\Projects\ma-saas-platform\M-S-SaaS-apex-deliver\frontend\node_modules\react-dom\cjs\react-dom.development.js:4164:14)
    at HTMLUnknownElement.callTheUserObjectsOperation (C:\Projects\ma-saas-platform\M-S-SaaS-apex-deliver\frontend\node_modules\jsdom\lib\jsdom\living\generated\EventListener.js:26:30)
    at innerInvokeEventListeners (C:\Projects\ma-saas-platform\M-S-SaaS-apex-deliver\frontend\node_modules\jsdom\lib\jsdom\living\events\EventTarget-impl.js:360:16)
Error: Element type is invalid: expected a string (for built-in components) or a class/function (for composite components) but got: undefined. You likely forgot to export your component from the file it's defined in, or you might have mixed up default and named imports.

Check the render method of `EnhancedHeroSection`.
    at createFiberFromTypeAndProps (C:\Projects\ma-saas-platform\M-S-SaaS-apex-deliver\frontend\node_modules\react-dom\cjs\react-dom.development.js:28478:17)
    at createFiberFromElement (C:\Projects\ma-saas-platform\M-S-SaaS-apex-deliver\frontend\node_modules\react-dom\cjs\react-dom.development.js:28504:15)
    at reconcileSingleElement (C:\Projects\ma-saas-platform\M-S-SaaS-apex-deliver\frontend\node_modules\react-dom\cjs\react-dom.development.js:13986:23)
    at reconcileChildFibers (C:\Projects\ma-saas-platform\M-S-SaaS-apex-deliver\frontend\node_modules\react-dom\cjs\react-dom.development.js:14044:35)
    at reconcileChildren (C:\Projects\ma-saas-platform\M-S-SaaS-apex-deliver\frontend\node_modules\react-dom\cjs\react-dom.development.js:19186:28)
    at updateHostComponent (C:\Projects\ma-saas-platform\M-S-SaaS-apex-deliver\frontend\node_modules\react-dom\cjs\react-dom.development.js:19953:3)
    at beginWork (C:\Projects\ma-saas-platform\M-S-SaaS-apex-deliver\frontend\node_modules\react-dom\cjs\react-dom.development.js:21657:14)
    at HTMLUnknownElement.callCallback (C:\Projects\ma-saas-platform\M-S-SaaS-apex-deliver\frontend\node_modules\react-dom\cjs\react-dom.development.js:4164:14)
    at HTMLUnknownElement.callTheUserObjectsOperation (C:\Projects\ma-saas-platform\M-S-SaaS-apex-deliver\frontend\node_modules\jsdom\lib\jsdom\living\generated\EventListener.js:26:30)
    at innerInvokeEventListeners (C:\Projects\ma-saas-platform\M-S-SaaS-apex-deliver\frontend\node_modules\jsdom\lib\jsdom\living\events\EventTarget-impl.js:360:16)
The above error occurred in the <a> component:

    at a
    at LinkWithRef (file:///C:/Projects/ma-saas-platform/M-S-SaaS-apex-deliver/frontend/node_modules/react-router/dist/development/chunk-OIYGIGL5.mjs:9299:5)
    at div
    at div
    at div
    at div
    at section
    at EnhancedHeroSection (C:/Projects/ma-saas-platform/M-S-SaaS-apex-deliver/frontend/src/components/marketing/EnhancedHeroSection.tsx:13:71)
    at Router (file:///C:/Projects/ma-saas-platform/M-S-SaaS-apex-deliver/frontend/node_modules/react-router/dist/development/chunk-OIYGIGL5.mjs:6066:13)
    at BrowserRouter (file:///C:/Projects/ma-saas-platform/M-S-SaaS-apex-deliver/frontend/node_modules/react-router/dist/development/chunk-OIYGIGL5.mjs:9209:3)
    at RouterWrapper (C:/Projects/ma-saas-platform/M-S-SaaS-apex-deliver/frontend/src/components/marketing/EnhancedHeroSection.test.tsx:11:26)

Consider adding an error boundary to your tree to customize error handling behavior.
Visit https://reactjs.org/link/error-boundaries to learn more about error boundaries.
The above error occurred in the <a> component:

    at a
    at LinkWithRef (file:///C:/Projects/ma-saas-platform/M-S-SaaS-apex-deliver/frontend/node_modules/react-router/dist/development/chunk-OIYGIGL5.mjs:9299:5)
    at div
    at div
    at div
    at div
    at section
    at EnhancedHeroSection (C:/Projects/ma-saas-platform/M-S-SaaS-apex-deliver/frontend/src/components/marketing/EnhancedHeroSection.tsx:13:71)
    at Router (file:///C:/Projects/ma-saas-platform/M-S-SaaS-apex-deliver/frontend/node_modules/react-router/dist/development/chunk-OIYGIGL5.mjs:6066:13)
    at BrowserRouter (file:///C:/Projects/ma-saas-platform/M-S-SaaS-apex-deliver/frontend/node_modules/react-router/dist/development/chunk-OIYGIGL5.mjs:9209:3)
    at RouterWrapper (C:/Projects/ma-saas-platform/M-S-SaaS-apex-deliver/frontend/src/components/marketing/EnhancedHeroSection.test.tsx:11:26)

Consider adding an error boundary to your tree to customize error handling behavior.
Visit https://reactjs.org/link/error-boundaries to learn more about error boundaries.

[90mstderr[2m | src/components/marketing/EnhancedHeroSection.test.tsx[2m > [22m[2mEnhancedHeroSection[2m > [22m[2mdisplays the main headline
[22m[39mWarning: React.jsx: type is invalid -- expected a string (for built-in components) or a class/function (for composite components) but got: undefined. You likely forgot to export your component from the file it's defined in, or you might have mixed up default and named imports.

Check the render method of `EnhancedHeroSection`.
    at EnhancedHeroSection (C:/Projects/ma-saas-platform/M-S-SaaS-apex-deliver/frontend/src/components/marketing/EnhancedHeroSection.tsx:13:71)
    at Router (file:///C:/Projects/ma-saas-platform/M-S-SaaS-apex-deliver/frontend/node_modules/react-router/dist/development/chunk-OIYGIGL5.mjs:6066:13)
    at BrowserRouter (file:///C:/Projects/ma-saas-platform/M-S-SaaS-apex-deliver/frontend/node_modules/react-router/dist/development/chunk-OIYGIGL5.mjs:9209:3)
    at RouterWrapper (C:/Projects/ma-saas-platform/M-S-SaaS-apex-deliver/frontend/src/components/marketing/EnhancedHeroSection.test.tsx:11:26)
Warning: React.jsx: type is invalid -- expected a string (for built-in components) or a class/function (for composite components) but got: undefined. You likely forgot to export your component from the file it's defined in, or you might have mixed up default and named imports.

Check the render method of `EnhancedHeroSection`.
    at EnhancedHeroSection (C:/Projects/ma-saas-platform/M-S-SaaS-apex-deliver/frontend/src/components/marketing/EnhancedHeroSection.tsx:13:71)
    at Router (file:///C:/Projects/ma-saas-platform/M-S-SaaS-apex-deliver/frontend/node_modules/react-router/dist/development/chunk-OIYGIGL5.mjs:6066:13)
    at BrowserRouter (file:///C:/Projects/ma-saas-platform/M-S-SaaS-apex-deliver/frontend/node_modules/react-router/dist/development/chunk-OIYGIGL5.mjs:9209:3)
    at RouterWrapper (C:/Projects/ma-saas-platform/M-S-SaaS-apex-deliver/frontend/src/components/marketing/EnhancedHeroSection.test.tsx:11:26)
Error: Element type is invalid: expected a string (for built-in components) or a class/function (for composite components) but got: undefined. You likely forgot to export your component from the file it's defined in, or you might have mixed up default and named imports.

Check the render method of `EnhancedHeroSection`.
    at createFiberFromTypeAndProps (C:\Projects\ma-saas-platform\M-S-SaaS-apex-deliver\frontend\node_modules\react-dom\cjs\react-dom.development.js:28478:17)
    at createFiberFromElement (C:\Projects\ma-saas-platform\M-S-SaaS-apex-deliver\frontend\node_modules\react-dom\cjs\react-dom.development.js:28504:15)
    at reconcileSingleElement (C:\Projects\ma-saas-platform\M-S-SaaS-apex-deliver\frontend\node_modules\react-dom\cjs\react-dom.development.js:13986:23)
    at reconcileChildFibers (C:\Projects\ma-saas-platform\M-S-SaaS-apex-deliver\frontend\node_modules\react-dom\cjs\react-dom.development.js:14044:35)
    at reconcileChildren (C:\Projects\ma-saas-platform\M-S-SaaS-apex-deliver\frontend\node_modules\react-dom\cjs\react-dom.development.js:19186:28)
    at updateHostComponent (C:\Projects\ma-saas-platform\M-S-SaaS-apex-deliver\frontend\node_modules\react-dom\cjs\react-dom.development.js:19953:3)
    at beginWork (C:\Projects\ma-saas-platform\M-S-SaaS-apex-deliver\frontend\node_modules\react-dom\cjs\react-dom.development.js:21657:14)
    at HTMLUnknownElement.callCallback (C:\Projects\ma-saas-platform\M-S-SaaS-apex-deliver\frontend\node_modules\react-dom\cjs\react-dom.development.js:4164:14)
    at HTMLUnknownElement.callTheUserObjectsOperation (C:\Projects\ma-saas-platform\M-S-SaaS-apex-deliver\frontend\node_modules\jsdom\lib\jsdom\living\generated\EventListener.js:26:30)
    at innerInvokeEventListeners (C:\Projects\ma-saas-platform\M-S-SaaS-apex-deliver\frontend\node_modules\jsdom\lib\jsdom\living\events\EventTarget-impl.js:360:16)
Error: Element type is invalid: expected a string (for built-in components) or a class/function (for composite components) but got: undefined. You likely forgot to export your component from the file it's defined in, or you might have mixed up default and named imports.

Check the render method of `EnhancedHeroSection`.
    at createFiberFromTypeAndProps (C:\Projects\ma-saas-platform\M-S-SaaS-apex-deliver\frontend\node_modules\react-dom\cjs\react-dom.development.js:28478:17)
    at createFiberFromElement (C:\Projects\ma-saas-platform\M-S-SaaS-apex-deliver\frontend\node_modules\react-dom\cjs\react-dom.development.js:28504:15)
    at reconcileSingleElement (C:\Projects\ma-saas-platform\M-S-SaaS-apex-deliver\frontend\node_modules\react-dom\cjs\react-dom.development.js:13986:23)
    at reconcileChildFibers (C:\Projects\ma-saas-platform\M-S-SaaS-apex-deliver\frontend\node_modules\react-dom\cjs\react-dom.development.js:14044:35)
    at reconcileChildren (C:\Projects\ma-saas-platform\M-S-SaaS-apex-deliver\frontend\node_modules\react-dom\cjs\react-dom.development.js:19186:28)
    at updateHostComponent (C:\Projects\ma-saas-platform\M-S-SaaS-apex-deliver\frontend\node_modules\react-dom\cjs\react-dom.development.js:19953:3)
    at beginWork (C:\Projects\ma-saas-platform\M-S-SaaS-apex-deliver\frontend\node_modules\react-dom\cjs\react-dom.development.js:21657:14)
    at HTMLUnknownElement.callCallback (C:\Projects\ma-saas-platform\M-S-SaaS-apex-deliver\frontend\node_modules\react-dom\cjs\react-dom.development.js:4164:14)
    at HTMLUnknownElement.callTheUserObjectsOperation (C:\Projects\ma-saas-platform\M-S-SaaS-apex-deliver\frontend\node_modules\jsdom\lib\jsdom\living\generated\EventListener.js:26:30)
    at innerInvokeEventListeners (C:\Projects\ma-saas-platform\M-S-SaaS-apex-deliver\frontend\node_modules\jsdom\lib\jsdom\living\events\EventTarget-impl.js:360:16)
Warning: React.jsx: type is invalid -- expected a string (for built-in components) or a class/function (for composite components) but got: undefined. You likely forgot to export your component from the file it's defined in, or you might have mixed up default and named imports.

Check the render method of `EnhancedHeroSection`.
    at EnhancedHeroSection (C:/Projects/ma-saas-platform/M-S-SaaS-apex-deliver/frontend/src/components/marketing/EnhancedHeroSection.tsx:13:71)
    at Router (file:///C:/Projects/ma-saas-platform/M-S-SaaS-apex-deliver/frontend/node_modules/react-router/dist/development/chunk-OIYGIGL5.mjs:6066:13)
    at BrowserRouter (file:///C:/Projects/ma-saas-platform/M-S-SaaS-apex-deliver/frontend/node_modules/react-router/dist/development/chunk-OIYGIGL5.mjs:9209:3)
    at RouterWrapper (C:/Projects/ma-saas-platform/M-S-SaaS-apex-deliver/frontend/src/components/marketing/EnhancedHeroSection.test.tsx:11:26)
Warning: React.jsx: type is invalid -- expected a string (for built-in components) or a class/function (for composite components) but got: undefined. You likely forgot to export your component from the file it's defined in, or you might have mixed up default and named imports.

Check the render method of `EnhancedHeroSection`.
    at EnhancedHeroSection (C:/Projects/ma-saas-platform/M-S-SaaS-apex-deliver/frontend/src/components/marketing/EnhancedHeroSection.tsx:13:71)
    at Router (file:///C:/Projects/ma-saas-platform/M-S-SaaS-apex-deliver/frontend/node_modules/react-router/dist/development/chunk-OIYGIGL5.mjs:6066:13)
    at BrowserRouter (file:///C:/Projects/ma-saas-platform/M-S-SaaS-apex-deliver/frontend/node_modules/react-router/dist/development/chunk-OIYGIGL5.mjs:9209:3)
    at RouterWrapper (C:/Projects/ma-saas-platform/M-S-SaaS-apex-deliver/frontend/src/components/marketing/EnhancedHeroSection.test.tsx:11:26)
Error: Element type is invalid: expected a string (for built-in components) or a class/function (for composite components) but got: undefined. You likely forgot to export your component from the file it's defined in, or you might have mixed up default and named imports.

Check the render method of `EnhancedHeroSection`.
    at createFiberFromTypeAndProps (C:\Projects\ma-saas-platform\M-S-SaaS-apex-deliver\frontend\node_modules\react-dom\cjs\react-dom.development.js:28478:17)
    at createFiberFromElement (C:\Projects\ma-saas-platform\M-S-SaaS-apex-deliver\frontend\node_modules\react-dom\cjs\react-dom.development.js:28504:15)
    at reconcileSingleElement (C:\Projects\ma-saas-platform\M-S-SaaS-apex-deliver\frontend\node_modules\react-dom\cjs\react-dom.development.js:13986:23)
    at reconcileChildFibers (C:\Projects\ma-saas-platform\M-S-SaaS-apex-deliver\frontend\node_modules\react-dom\cjs\react-dom.development.js:14044:35)
    at reconcileChildren (C:\Projects\ma-saas-platform\M-S-SaaS-apex-deliver\frontend\node_modules\react-dom\cjs\react-dom.development.js:19186:28)
    at updateHostComponent (C:\Projects\ma-saas-platform\M-S-SaaS-apex-deliver\frontend\node_modules\react-dom\cjs\react-dom.development.js:19953:3)
    at beginWork (C:\Projects\ma-saas-platform\M-S-SaaS-apex-deliver\frontend\node_modules\react-dom\cjs\react-dom.development.js:21657:14)
    at HTMLUnknownElement.callCallback (C:\Projects\ma-saas-platform\M-S-SaaS-apex-deliver\frontend\node_modules\react-dom\cjs\react-dom.development.js:4164:14)
    at HTMLUnknownElement.callTheUserObjectsOperation (C:\Projects\ma-saas-platform\M-S-SaaS-apex-deliver\frontend\node_modules\jsdom\lib\jsdom\living\generated\EventListener.js:26:30)
    at innerInvokeEventListeners (C:\Projects\ma-saas-platform\M-S-SaaS-apex-deliver\frontend\node_modules\jsdom\lib\jsdom\living\events\EventTarget-impl.js:360:16)
Error: Element type is invalid: expected a string (for built-in components) or a class/function (for composite components) but got: undefined. You likely forgot to export your component from the file it's defined in, or you might have mixed up default and named imports.

Check the render method of `EnhancedHeroSection`.
    at createFiberFromTypeAndProps (C:\Projects\ma-saas-platform\M-S-SaaS-apex-deliver\frontend\node_modules\react-dom\cjs\react-dom.development.js:28478:17)
    at createFiberFromElement (C:\Projects\ma-saas-platform\M-S-SaaS-apex-deliver\frontend\node_modules\react-dom\cjs\react-dom.development.js:28504:15)
    at reconcileSingleElement (C:\Projects\ma-saas-platform\M-S-SaaS-apex-deliver\frontend\node_modules\react-dom\cjs\react-dom.development.js:13986:23)
    at reconcileChildFibers (C:\Projects\ma-saas-platform\M-S-SaaS-apex-deliver\frontend\node_modules\react-dom\cjs\react-dom.development.js:14044:35)
    at reconcileChildren (C:\Projects\ma-saas-platform\M-S-SaaS-apex-deliver\frontend\node_modules\react-dom\cjs\react-dom.development.js:19186:28)
    at updateHostComponent (C:\Projects\ma-saas-platform\M-S-SaaS-apex-deliver\frontend\node_modules\react-dom\cjs\react-dom.development.js:19953:3)
    at beginWork (C:\Projects\ma-saas-platform\M-S-SaaS-apex-deliver\frontend\node_modules\react-dom\cjs\react-dom.development.js:21657:14)
    at HTMLUnknownElement.callCallback (C:\Projects\ma-saas-platform\M-S-SaaS-apex-deliver\frontend\node_modules\react-dom\cjs\react-dom.development.js:4164:14)
    at HTMLUnknownElement.callTheUserObjectsOperation (C:\Projects\ma-saas-platform\M-S-SaaS-apex-deliver\frontend\node_modules\jsdom\lib\jsdom\living\generated\EventListener.js:26:30)
    at innerInvokeEventListeners (C:\Projects\ma-saas-platform\M-S-SaaS-apex-deliver\frontend\node_modules\jsdom\lib\jsdom\living\events\EventTarget-impl.js:360:16)
The above error occurred in the <a> component:

    at a
    at LinkWithRef (file:///C:/Projects/ma-saas-platform/M-S-SaaS-apex-deliver/frontend/node_modules/react-router/dist/development/chunk-OIYGIGL5.mjs:9299:5)
    at div
    at div
    at div
    at div
    at section
    at EnhancedHeroSection (C:/Projects/ma-saas-platform/M-S-SaaS-apex-deliver/frontend/src/components/marketing/EnhancedHeroSection.tsx:13:71)
    at Router (file:///C:/Projects/ma-saas-platform/M-S-SaaS-apex-deliver/frontend/node_modules/react-router/dist/development/chunk-OIYGIGL5.mjs:6066:13)
    at BrowserRouter (file:///C:/Projects/ma-saas-platform/M-S-SaaS-apex-deliver/frontend/node_modules/react-router/dist/development/chunk-OIYGIGL5.mjs:9209:3)
    at RouterWrapper (C:/Projects/ma-saas-platform/M-S-SaaS-apex-deliver/frontend/src/components/marketing/EnhancedHeroSection.test.tsx:11:26)

Consider adding an error boundary to your tree to customize error handling behavior.
Visit https://reactjs.org/link/error-boundaries to learn more about error boundaries.
The above error occurred in the <a> component:

    at a
    at LinkWithRef (file:///C:/Projects/ma-saas-platform/M-S-SaaS-apex-deliver/frontend/node_modules/react-router/dist/development/chunk-OIYGIGL5.mjs:9299:5)
    at div
    at div
    at div
    at div
    at section
    at EnhancedHeroSection (C:/Projects/ma-saas-platform/M-S-SaaS-apex-deliver/frontend/src/components/marketing/EnhancedHeroSection.tsx:13:71)
    at Router (file:///C:/Projects/ma-saas-platform/M-S-SaaS-apex-deliver/frontend/node_modules/react-router/dist/development/chunk-OIYGIGL5.mjs:6066:13)
    at BrowserRouter (file:///C:/Projects/ma-saas-platform/M-S-SaaS-apex-deliver/frontend/node_modules/react-router/dist/development/chunk-OIYGIGL5.mjs:9209:3)
    at RouterWrapper (C:/Projects/ma-saas-platform/M-S-SaaS-apex-deliver/frontend/src/components/marketing/EnhancedHeroSection.test.tsx:11:26)

Consider adding an error boundary to your tree to customize error handling behavior.
Visit https://reactjs.org/link/error-boundaries to learn more about error boundaries.

[90mstderr[2m | src/components/marketing/EnhancedHeroSection.test.tsx[2m > [22m[2mEnhancedHeroSection[2m > [22m[2mdisplays the subheadline with pricing
[22m[39mWarning: React.jsx: type is invalid -- expected a string (for built-in components) or a class/function (for composite components) but got: undefined. You likely forgot to export your component from the file it's defined in, or you might have mixed up default and named imports.

Check the render method of `EnhancedHeroSection`.
    at EnhancedHeroSection (C:/Projects/ma-saas-platform/M-S-SaaS-apex-deliver/frontend/src/components/marketing/EnhancedHeroSection.tsx:13:71)
    at Router (file:///C:/Projects/ma-saas-platform/M-S-SaaS-apex-deliver/frontend/node_modules/react-router/dist/development/chunk-OIYGIGL5.mjs:6066:13)
    at BrowserRouter (file:///C:/Projects/ma-saas-platform/M-S-SaaS-apex-deliver/frontend/node_modules/react-router/dist/development/chunk-OIYGIGL5.mjs:9209:3)
    at RouterWrapper (C:/Projects/ma-saas-platform/M-S-SaaS-apex-deliver/frontend/src/components/marketing/EnhancedHeroSection.test.tsx:11:26)
Warning: React.jsx: type is invalid -- expected a string (for built-in components) or a class/function (for composite components) but got: undefined. You likely forgot to export your component from the file it's defined in, or you might have mixed up default and named imports.

Check the render method of `EnhancedHeroSection`.
    at EnhancedHeroSection (C:/Projects/ma-saas-platform/M-S-SaaS-apex-deliver/frontend/src/components/marketing/EnhancedHeroSection.tsx:13:71)
    at Router (file:///C:/Projects/ma-saas-platform/M-S-SaaS-apex-deliver/frontend/node_modules/react-router/dist/development/chunk-OIYGIGL5.mjs:6066:13)
    at BrowserRouter (file:///C:/Projects/ma-saas-platform/M-S-SaaS-apex-deliver/frontend/node_modules/react-router/dist/development/chunk-OIYGIGL5.mjs:9209:3)
    at RouterWrapper (C:/Projects/ma-saas-platform/M-S-SaaS-apex-deliver/frontend/src/components/marketing/EnhancedHeroSection.test.tsx:11:26)
Error: Element type is invalid: expected a string (for built-in components) or a class/function (for composite components) but got: undefined. You likely forgot to export your component from the file it's defined in, or you might have mixed up default and named imports.

Check the render method of `EnhancedHeroSection`.
    at createFiberFromTypeAndProps (C:\Projects\ma-saas-platform\M-S-SaaS-apex-deliver\frontend\node_modules\react-dom\cjs\react-dom.development.js:28478:17)
    at createFiberFromElement (C:\Projects\ma-saas-platform\M-S-SaaS-apex-deliver\frontend\node_modules\react-dom\cjs\react-dom.development.js:28504:15)
    at reconcileSingleElement (C:\Projects\ma-saas-platform\M-S-SaaS-apex-deliver\frontend\node_modules\react-dom\cjs\react-dom.development.js:13986:23)
    at reconcileChildFibers (C:\Projects\ma-saas-platform\M-S-SaaS-apex-deliver\frontend\node_modules\react-dom\cjs\react-dom.development.js:14044:35)
    at reconcileChildren (C:\Projects\ma-saas-platform\M-S-SaaS-apex-deliver\frontend\node_modules\react-dom\cjs\react-dom.development.js:19186:28)
    at updateHostComponent (C:\Projects\ma-saas-platform\M-S-SaaS-apex-deliver\frontend\node_modules\react-dom\cjs\react-dom.development.js:19953:3)
    at beginWork (C:\Projects\ma-saas-platform\M-S-SaaS-apex-deliver\frontend\node_modules\react-dom\cjs\react-dom.development.js:21657:14)
    at HTMLUnknownElement.callCallback (C:\Projects\ma-saas-platform\M-S-SaaS-apex-deliver\frontend\node_modules\react-dom\cjs\react-dom.development.js:4164:14)
    at HTMLUnknownElement.callTheUserObjectsOperation (C:\Projects\ma-saas-platform\M-S-SaaS-apex-deliver\frontend\node_modules\jsdom\lib\jsdom\living\generated\EventListener.js:26:30)
    at innerInvokeEventListeners (C:\Projects\ma-saas-platform\M-S-SaaS-apex-deliver\frontend\node_modules\jsdom\lib\jsdom\living\events\EventTarget-impl.js:360:16)
Error: Element type is invalid: expected a string (for built-in components) or a class/function (for composite components) but got: undefined. You likely forgot to export your component from the file it's defined in, or you might have mixed up default and named imports.

Check the render method of `EnhancedHeroSection`.
    at createFiberFromTypeAndProps (C:\Projects\ma-saas-platform\M-S-SaaS-apex-deliver\frontend\node_modules\react-dom\cjs\react-dom.development.js:28478:17)
    at createFiberFromElement (C:\Projects\ma-saas-platform\M-S-SaaS-apex-deliver\frontend\node_modules\react-dom\cjs\react-dom.development.js:28504:15)
    at reconcileSingleElement (C:\Projects\ma-saas-platform\M-S-SaaS-apex-deliver\frontend\node_modules\react-dom\cjs\react-dom.development.js:13986:23)
    at reconcileChildFibers (C:\Projects\ma-saas-platform\M-S-SaaS-apex-deliver\frontend\node_modules\react-dom\cjs\react-dom.development.js:14044:35)
    at reconcileChildren (C:\Projects\ma-saas-platform\M-S-SaaS-apex-deliver\frontend\node_modules\react-dom\cjs\react-dom.development.js:19186:28)
    at updateHostComponent (C:\Projects\ma-saas-platform\M-S-SaaS-apex-deliver\frontend\node_modules\react-dom\cjs\react-dom.development.js:19953:3)
    at beginWork (C:\Projects\ma-saas-platform\M-S-SaaS-apex-deliver\frontend\node_modules\react-dom\cjs\react-dom.development.js:21657:14)
    at HTMLUnknownElement.callCallback (C:\Projects\ma-saas-platform\M-S-SaaS-apex-deliver\frontend\node_modules\react-dom\cjs\react-dom.development.js:4164:14)
    at HTMLUnknownElement.callTheUserObjectsOperation (C:\Projects\ma-saas-platform\M-S-SaaS-apex-deliver\frontend\node_modules\jsdom\lib\jsdom\living\generated\EventListener.js:26:30)
    at innerInvokeEventListeners (C:\Projects\ma-saas-platform\M-S-SaaS-apex-deliver\frontend\node_modules\jsdom\lib\jsdom\living\events\EventTarget-impl.js:360:16)
Warning: React.jsx: type is invalid -- expected a string (for built-in components) or a class/function (for composite components) but got: undefined. You likely forgot to export your component from the file it's defined in, or you might have mixed up default and named imports.

Check the render method of `EnhancedHeroSection`.
    at EnhancedHeroSection (C:/Projects/ma-saas-platform/M-S-SaaS-apex-deliver/frontend/src/components/marketing/EnhancedHeroSection.tsx:13:71)
    at Router (file:///C:/Projects/ma-saas-platform/M-S-SaaS-apex-deliver/frontend/node_modules/react-router/dist/development/chunk-OIYGIGL5.mjs:6066:13)
    at BrowserRouter (file:///C:/Projects/ma-saas-platform/M-S-SaaS-apex-deliver/frontend/node_modules/react-router/dist/development/chunk-OIYGIGL5.mjs:9209:3)
    at RouterWrapper (C:/Projects/ma-saas-platform/M-S-SaaS-apex-deliver/frontend/src/components/marketing/EnhancedHeroSection.test.tsx:11:26)
Warning: React.jsx: type is invalid -- expected a string (for built-in components) or a class/function (for composite components) but got: undefined. You likely forgot to export your component from the file it's defined in, or you might have mixed up default and named imports.

Check the render method of `EnhancedHeroSection`.
    at EnhancedHeroSection (C:/Projects/ma-saas-platform/M-S-SaaS-apex-deliver/frontend/src/components/marketing/EnhancedHeroSection.tsx:13:71)
    at Router (file:///C:/Projects/ma-saas-platform/M-S-SaaS-apex-deliver/frontend/node_modules/react-router/dist/development/chunk-OIYGIGL5.mjs:6066:13)
    at BrowserRouter (file:///C:/Projects/ma-saas-platform/M-S-SaaS-apex-deliver/frontend/node_modules/react-router/dist/development/chunk-OIYGIGL5.mjs:9209:3)
    at RouterWrapper (C:/Projects/ma-saas-platform/M-S-SaaS-apex-deliver/frontend/src/components/marketing/EnhancedHeroSection.test.tsx:11:26)
Error: Element type is invalid: expected a string (for built-in components) or a class/function (for composite components) but got: undefined. You likely forgot to export your component from the file it's defined in, or you might have mixed up default and named imports.

Check the render method of `EnhancedHeroSection`.
    at createFiberFromTypeAndProps (C:\Projects\ma-saas-platform\M-S-SaaS-apex-deliver\frontend\node_modules\react-dom\cjs\react-dom.development.js:28478:17)
    at createFiberFromElement (C:\Projects\ma-saas-platform\M-S-SaaS-apex-deliver\frontend\node_modules\react-dom\cjs\react-dom.development.js:28504:15)
    at reconcileSingleElement (C:\Projects\ma-saas-platform\M-S-SaaS-apex-deliver\frontend\node_modules\react-dom\cjs\react-dom.development.js:13986:23)
    at reconcileChildFibers (C:\Projects\ma-saas-platform\M-S-SaaS-apex-deliver\frontend\node_modules\react-dom\cjs\react-dom.development.js:14044:35)
    at reconcileChildren (C:\Projects\ma-saas-platform\M-S-SaaS-apex-deliver\frontend\node_modules\react-dom\cjs\react-dom.development.js:19186:28)
    at updateHostComponent (C:\Projects\ma-saas-platform\M-S-SaaS-apex-deliver\frontend\node_modules\react-dom\cjs\react-dom.development.js:19953:3)
    at beginWork (C:\Projects\ma-saas-platform\M-S-SaaS-apex-deliver\frontend\node_modules\react-dom\cjs\react-dom.development.js:21657:14)
    at HTMLUnknownElement.callCallback (C:\Projects\ma-saas-platform\M-S-SaaS-apex-deliver\frontend\node_modules\react-dom\cjs\react-dom.development.js:4164:14)
    at HTMLUnknownElement.callTheUserObjectsOperation (C:\Projects\ma-saas-platform\M-S-SaaS-apex-deliver\frontend\node_modules\jsdom\lib\jsdom\living\generated\EventListener.js:26:30)
    at innerInvokeEventListeners (C:\Projects\ma-saas-platform\M-S-SaaS-apex-deliver\frontend\node_modules\jsdom\lib\jsdom\living\events\EventTarget-impl.js:360:16)
Error: Element type is invalid: expected a string (for built-in components) or a class/function (for composite components) but got: undefined. You likely forgot to export your component from the file it's defined in, or you might have mixed up default and named imports.

Check the render method of `EnhancedHeroSection`.
    at createFiberFromTypeAndProps (C:\Projects\ma-saas-platform\M-S-SaaS-apex-deliver\frontend\node_modules\react-dom\cjs\react-dom.development.js:28478:17)
    at createFiberFromElement (C:\Projects\ma-saas-platform\M-S-SaaS-apex-deliver\frontend\node_modules\react-dom\cjs\react-dom.development.js:28504:15)
    at reconcileSingleElement (C:\Projects\ma-saas-platform\M-S-SaaS-apex-deliver\frontend\node_modules\react-dom\cjs\react-dom.development.js:13986:23)
    at reconcileChildFibers (C:\Projects\ma-saas-platform\M-S-SaaS-apex-deliver\frontend\node_modules\react-dom\cjs\react-dom.development.js:14044:35)
    at reconcileChildren (C:\Projects\ma-saas-platform\M-S-SaaS-apex-deliver\frontend\node_modules\react-dom\cjs\react-dom.development.js:19186:28)
    at updateHostComponent (C:\Projects\ma-saas-platform\M-S-SaaS-apex-deliver\frontend\node_modules\react-dom\cjs\react-dom.development.js:19953:3)
    at beginWork (C:\Projects\ma-saas-platform\M-S-SaaS-apex-deliver\frontend\node_modules\react-dom\cjs\react-dom.development.js:21657:14)
    at HTMLUnknownElement.callCallback (C:\Projects\ma-saas-platform\M-S-SaaS-apex-deliver\frontend\node_modules\react-dom\cjs\react-dom.development.js:4164:14)
    at HTMLUnknownElement.callTheUserObjectsOperation (C:\Projects\ma-saas-platform\M-S-SaaS-apex-deliver\frontend\node_modules\jsdom\lib\jsdom\living\generated\EventListener.js:26:30)
    at innerInvokeEventListeners (C:\Projects\ma-saas-platform\M-S-SaaS-apex-deliver\frontend\node_modules\jsdom\lib\jsdom\living\events\EventTarget-impl.js:360:16)
The above error occurred in the <a> component:

    at a
    at LinkWithRef (file:///C:/Projects/ma-saas-platform/M-S-SaaS-apex-deliver/frontend/node_modules/react-router/dist/development/chunk-OIYGIGL5.mjs:9299:5)
    at div
    at div
    at div
    at div
    at section
    at EnhancedHeroSection (C:/Projects/ma-saas-platform/M-S-SaaS-apex-deliver/frontend/src/components/marketing/EnhancedHeroSection.tsx:13:71)
    at Router (file:///C:/Projects/ma-saas-platform/M-S-SaaS-apex-deliver/frontend/node_modules/react-router/dist/development/chunk-OIYGIGL5.mjs:6066:13)
    at BrowserRouter (file:///C:/Projects/ma-saas-platform/M-S-SaaS-apex-deliver/frontend/node_modules/react-router/dist/development/chunk-OIYGIGL5.mjs:9209:3)
    at RouterWrapper (C:/Projects/ma-saas-platform/M-S-SaaS-apex-deliver/frontend/src/components/marketing/EnhancedHeroSection.test.tsx:11:26)

Consider adding an error boundary to your tree to customize error handling behavior.
Visit https://reactjs.org/link/error-boundaries to learn more about error boundaries.
The above error occurred in the <a> component:

    at a
    at LinkWithRef (file:///C:/Projects/ma-saas-platform/M-S-SaaS-apex-deliver/frontend/node_modules/react-router/dist/development/chunk-OIYGIGL5.mjs:9299:5)
    at div
    at div
    at div
    at div
    at section
    at EnhancedHeroSection (C:/Projects/ma-saas-platform/M-S-SaaS-apex-deliver/frontend/src/components/marketing/EnhancedHeroSection.tsx:13:71)
    at Router (file:///C:/Projects/ma-saas-platform/M-S-SaaS-apex-deliver/frontend/node_modules/react-router/dist/development/chunk-OIYGIGL5.mjs:6066:13)
    at BrowserRouter (file:///C:/Projects/ma-saas-platform/M-S-SaaS-apex-deliver/frontend/node_modules/react-router/dist/development/chunk-OIYGIGL5.mjs:9209:3)
    at RouterWrapper (C:/Projects/ma-saas-platform/M-S-SaaS-apex-deliver/frontend/src/components/marketing/EnhancedHeroSection.test.tsx:11:26)

Consider adding an error boundary to your tree to customize error handling behavior.
Visit https://reactjs.org/link/error-boundaries to learn more about error boundaries.

[90mstderr[2m | src/components/marketing/EnhancedHeroSection.test.tsx[2m > [22m[2mEnhancedHeroSection[2m > [22m[2mdisplays trust badge with user count
[22m[39mWarning: React.jsx: type is invalid -- expected a string (for built-in components) or a class/function (for composite components) but got: undefined. You likely forgot to export your component from the file it's defined in, or you might have mixed up default and named imports.

Check the render method of `EnhancedHeroSection`.
    at EnhancedHeroSection (C:/Projects/ma-saas-platform/M-S-SaaS-apex-deliver/frontend/src/components/marketing/EnhancedHeroSection.tsx:13:71)
    at Router (file:///C:/Projects/ma-saas-platform/M-S-SaaS-apex-deliver/frontend/node_modules/react-router/dist/development/chunk-OIYGIGL5.mjs:6066:13)
    at BrowserRouter (file:///C:/Projects/ma-saas-platform/M-S-SaaS-apex-deliver/frontend/node_modules/react-router/dist/development/chunk-OIYGIGL5.mjs:9209:3)
    at RouterWrapper (C:/Projects/ma-saas-platform/M-S-SaaS-apex-deliver/frontend/src/components/marketing/EnhancedHeroSection.test.tsx:11:26)
Warning: React.jsx: type is invalid -- expected a string (for built-in components) or a class/function (for composite components) but got: undefined. You likely forgot to export your component from the file it's defined in, or you might have mixed up default and named imports.

Check the render method of `EnhancedHeroSection`.
    at EnhancedHeroSection (C:/Projects/ma-saas-platform/M-S-SaaS-apex-deliver/frontend/src/components/marketing/EnhancedHeroSection.tsx:13:71)
    at Router (file:///C:/Projects/ma-saas-platform/M-S-SaaS-apex-deliver/frontend/node_modules/react-router/dist/development/chunk-OIYGIGL5.mjs:6066:13)
    at BrowserRouter (file:///C:/Projects/ma-saas-platform/M-S-SaaS-apex-deliver/frontend/node_modules/react-router/dist/development/chunk-OIYGIGL5.mjs:9209:3)
    at RouterWrapper (C:/Projects/ma-saas-platform/M-S-SaaS-apex-deliver/frontend/src/components/marketing/EnhancedHeroSection.test.tsx:11:26)
Error: Element type is invalid: expected a string (for built-in components) or a class/function (for composite components) but got: undefined. You likely forgot to export your component from the file it's defined in, or you might have mixed up default and named imports.

Check the render method of `EnhancedHeroSection`.
    at createFiberFromTypeAndProps (C:\Projects\ma-saas-platform\M-S-SaaS-apex-deliver\frontend\node_modules\react-dom\cjs\react-dom.development.js:28478:17)
    at createFiberFromElement (C:\Projects\ma-saas-platform\M-S-SaaS-apex-deliver\frontend\node_modules\react-dom\cjs\react-dom.development.js:28504:15)
    at reconcileSingleElement (C:\Projects\ma-saas-platform\M-S-SaaS-apex-deliver\frontend\node_modules\react-dom\cjs\react-dom.development.js:13986:23)
    at reconcileChildFibers (C:\Projects\ma-saas-platform\M-S-SaaS-apex-deliver\frontend\node_modules\react-dom\cjs\react-dom.development.js:14044:35)
    at reconcileChildren (C:\Projects\ma-saas-platform\M-S-SaaS-apex-deliver\frontend\node_modules\react-dom\cjs\react-dom.development.js:19186:28)
    at updateHostComponent (C:\Projects\ma-saas-platform\M-S-SaaS-apex-deliver\frontend\node_modules\react-dom\cjs\react-dom.development.js:19953:3)
    at beginWork (C:\Projects\ma-saas-platform\M-S-SaaS-apex-deliver\frontend\node_modules\react-dom\cjs\react-dom.development.js:21657:14)
    at HTMLUnknownElement.callCallback (C:\Projects\ma-saas-platform\M-S-SaaS-apex-deliver\frontend\node_modules\react-dom\cjs\react-dom.development.js:4164:14)
    at HTMLUnknownElement.callTheUserObjectsOperation (C:\Projects\ma-saas-platform\M-S-SaaS-apex-deliver\frontend\node_modules\jsdom\lib\jsdom\living\generated\EventListener.js:26:30)
    at innerInvokeEventListeners (C:\Projects\ma-saas-platform\M-S-SaaS-apex-deliver\frontend\node_modules\jsdom\lib\jsdom\living\events\EventTarget-impl.js:360:16)
Error: Element type is invalid: expected a string (for built-in components) or a class/function (for composite components) but got: undefined. You likely forgot to export your component from the file it's defined in, or you might have mixed up default and named imports.

Check the render method of `EnhancedHeroSection`.
    at createFiberFromTypeAndProps (C:\Projects\ma-saas-platform\M-S-SaaS-apex-deliver\frontend\node_modules\react-dom\cjs\react-dom.development.js:28478:17)
    at createFiberFromElement (C:\Projects\ma-saas-platform\M-S-SaaS-apex-deliver\frontend\node_modules\react-dom\cjs\react-dom.development.js:28504:15)
    at reconcileSingleElement (C:\Projects\ma-saas-platform\M-S-SaaS-apex-deliver\frontend\node_modules\react-dom\cjs\react-dom.development.js:13986:23)
    at reconcileChildFibers (C:\Projects\ma-saas-platform\M-S-SaaS-apex-deliver\frontend\node_modules\react-dom\cjs\react-dom.development.js:14044:35)
    at reconcileChildren (C:\Projects\ma-saas-platform\M-S-SaaS-apex-deliver\frontend\node_modules\react-dom\cjs\react-dom.development.js:19186:28)
    at updateHostComponent (C:\Projects\ma-saas-platform\M-S-SaaS-apex-deliver\frontend\node_modules\react-dom\cjs\react-dom.development.js:19953:3)
    at beginWork (C:\Projects\ma-saas-platform\M-S-SaaS-apex-deliver\frontend\node_modules\react-dom\cjs\react-dom.development.js:21657:14)
    at HTMLUnknownElement.callCallback (C:\Projects\ma-saas-platform\M-S-SaaS-apex-deliver\frontend\node_modules\react-dom\cjs\react-dom.development.js:4164:14)
    at HTMLUnknownElement.callTheUserObjectsOperation (C:\Projects\ma-saas-platform\M-S-SaaS-apex-deliver\frontend\node_modules\jsdom\lib\jsdom\living\generated\EventListener.js:26:30)
    at innerInvokeEventListeners (C:\Projects\ma-saas-platform\M-S-SaaS-apex-deliver\frontend\node_modules\jsdom\lib\jsdom\living\events\EventTarget-impl.js:360:16)
Warning: React.jsx: type is invalid -- expected a string (for built-in components) or a class/function (for composite components) but got: undefined. You likely forgot to export your component from the file it's defined in, or you might have mixed up default and named imports.

Check the render method of `EnhancedHeroSection`.
    at EnhancedHeroSection (C:/Projects/ma-saas-platform/M-S-SaaS-apex-deliver/frontend/src/components/marketing/EnhancedHeroSection.tsx:13:71)
    at Router (file:///C:/Projects/ma-saas-platform/M-S-SaaS-apex-deliver/frontend/node_modules/react-router/dist/development/chunk-OIYGIGL5.mjs:6066:13)
    at BrowserRouter (file:///C:/Projects/ma-saas-platform/M-S-SaaS-apex-deliver/frontend/node_modules/react-router/dist/development/chunk-OIYGIGL5.mjs:9209:3)
    at RouterWrapper (C:/Projects/ma-saas-platform/M-S-SaaS-apex-deliver/frontend/src/components/marketing/EnhancedHeroSection.test.tsx:11:26)
Warning: React.jsx: type is invalid -- expected a string (for built-in components) or a class/function (for composite components) but got: undefined. You likely forgot to export your component from the file it's defined in, or you might have mixed up default and named imports.

Check the render method of `EnhancedHeroSection`.
    at EnhancedHeroSection (C:/Projects/ma-saas-platform/M-S-SaaS-apex-deliver/frontend/src/components/marketing/EnhancedHeroSection.tsx:13:71)
    at Router (file:///C:/Projects/ma-saas-platform/M-S-SaaS-apex-deliver/frontend/node_modules/react-router/dist/development/chunk-OIYGIGL5.mjs:6066:13)
    at BrowserRouter (file:///C:/Projects/ma-saas-platform/M-S-SaaS-apex-deliver/frontend/node_modules/react-router/dist/development/chunk-OIYGIGL5.mjs:9209:3)
    at RouterWrapper (C:/Projects/ma-saas-platform/M-S-SaaS-apex-deliver/frontend/src/components/marketing/EnhancedHeroSection.test.tsx:11:26)
Error: Element type is invalid: expected a string (for built-in components) or a class/function (for composite components) but got: undefined. You likely forgot to export your component from the file it's defined in, or you might have mixed up default and named imports.

Check the render method of `EnhancedHeroSection`.
    at createFiberFromTypeAndProps (C:\Projects\ma-saas-platform\M-S-SaaS-apex-deliver\frontend\node_modules\react-dom\cjs\react-dom.development.js:28478:17)
    at createFiberFromElement (C:\Projects\ma-saas-platform\M-S-SaaS-apex-deliver\frontend\node_modules\react-dom\cjs\react-dom.development.js:28504:15)
    at reconcileSingleElement (C:\Projects\ma-saas-platform\M-S-SaaS-apex-deliver\frontend\node_modules\react-dom\cjs\react-dom.development.js:13986:23)
    at reconcileChildFibers (C:\Projects\ma-saas-platform\M-S-SaaS-apex-deliver\frontend\node_modules\react-dom\cjs\react-dom.development.js:14044:35)
    at reconcileChildren (C:\Projects\ma-saas-platform\M-S-SaaS-apex-deliver\frontend\node_modules\react-dom\cjs\react-dom.development.js:19186:28)
    at updateHostComponent (C:\Projects\ma-saas-platform\M-S-SaaS-apex-deliver\frontend\node_modules\react-dom\cjs\react-dom.development.js:19953:3)
    at beginWork (C:\Projects\ma-saas-platform\M-S-SaaS-apex-deliver\frontend\node_modules\react-dom\cjs\react-dom.development.js:21657:14)
    at HTMLUnknownElement.callCallback (C:\Projects\ma-saas-platform\M-S-SaaS-apex-deliver\frontend\node_modules\react-dom\cjs\react-dom.development.js:4164:14)
    at HTMLUnknownElement.callTheUserObjectsOperation (C:\Projects\ma-saas-platform\M-S-SaaS-apex-deliver\frontend\node_modules\jsdom\lib\jsdom\living\generated\EventListener.js:26:30)
    at innerInvokeEventListeners (C:\Projects\ma-saas-platform\M-S-SaaS-apex-deliver\frontend\node_modules\jsdom\lib\jsdom\living\events\EventTarget-impl.js:360:16)
Error: Element type is invalid: expected a string (for built-in components) or a class/function (for composite components) but got: undefined. You likely forgot to export your component from the file it's defined in, or you might have mixed up default and named imports.

Check the render method of `EnhancedHeroSection`.
    at createFiberFromTypeAndProps (C:\Projects\ma-saas-platform\M-S-SaaS-apex-deliver\frontend\node_modules\react-dom\cjs\react-dom.development.js:28478:17)
    at createFiberFromElement (C:\Projects\ma-saas-platform\M-S-SaaS-apex-deliver\frontend\node_modules\react-dom\cjs\react-dom.development.js:28504:15)
    at reconcileSingleElement (C:\Projects\ma-saas-platform\M-S-SaaS-apex-deliver\frontend\node_modules\react-dom\cjs\react-dom.development.js:13986:23)
    at reconcileChildFibers (C:\Projects\ma-saas-platform\M-S-SaaS-apex-deliver\frontend\node_modules\react-dom\cjs\react-dom.development.js:14044:35)
    at reconcileChildren (C:\Projects\ma-saas-platform\M-S-SaaS-apex-deliver\frontend\node_modules\react-dom\cjs\react-dom.development.js:19186:28)
    at updateHostComponent (C:\Projects\ma-saas-platform\M-S-SaaS-apex-deliver\frontend\node_modules\react-dom\cjs\react-dom.development.js:19953:3)
    at beginWork (C:\Projects\ma-saas-platform\M-S-SaaS-apex-deliver\frontend\node_modules\react-dom\cjs\react-dom.development.js:21657:14)
    at HTMLUnknownElement.callCallback (C:\Projects\ma-saas-platform\M-S-SaaS-apex-deliver\frontend\node_modules\react-dom\cjs\react-dom.development.js:4164:14)
    at HTMLUnknownElement.callTheUserObjectsOperation (C:\Projects\ma-saas-platform\M-S-SaaS-apex-deliver\frontend\node_modules\jsdom\lib\jsdom\living\generated\EventListener.js:26:30)
    at innerInvokeEventListeners (C:\Projects\ma-saas-platform\M-S-SaaS-apex-deliver\frontend\node_modules\jsdom\lib\jsdom\living\events\EventTarget-impl.js:360:16)
The above error occurred in the <a> component:

    at a
    at LinkWithRef (file:///C:/Projects/ma-saas-platform/M-S-SaaS-apex-deliver/frontend/node_modules/react-router/dist/development/chunk-OIYGIGL5.mjs:9299:5)
    at div
    at div
    at div
    at div
    at section
    at EnhancedHeroSection (C:/Projects/ma-saas-platform/M-S-SaaS-apex-deliver/frontend/src/components/marketing/EnhancedHeroSection.tsx:13:71)
    at Router (file:///C:/Projects/ma-saas-platform/M-S-SaaS-apex-deliver/frontend/node_modules/react-router/dist/development/chunk-OIYGIGL5.mjs:6066:13)
    at BrowserRouter (file:///C:/Projects/ma-saas-platform/M-S-SaaS-apex-deliver/frontend/node_modules/react-router/dist/development/chunk-OIYGIGL5.mjs:9209:3)
    at RouterWrapper (C:/Projects/ma-saas-platform/M-S-SaaS-apex-deliver/frontend/src/components/marketing/EnhancedHeroSection.test.tsx:11:26)

Consider adding an error boundary to your tree to customize error handling behavior.
Visit https://reactjs.org/link/error-boundaries to learn more about error boundaries.
The above error occurred in the <a> component:

    at a
    at LinkWithRef (file:///C:/Projects/ma-saas-platform/M-S-SaaS-apex-deliver/frontend/node_modules/react-router/dist/development/chunk-OIYGIGL5.mjs:9299:5)
    at div
    at div
    at div
    at div
    at section
    at EnhancedHeroSection (C:/Projects/ma-saas-platform/M-S-SaaS-apex-deliver/frontend/src/components/marketing/EnhancedHeroSection.tsx:13:71)
    at Router (file:///C:/Projects/ma-saas-platform/M-S-SaaS-apex-deliver/frontend/node_modules/react-router/dist/development/chunk-OIYGIGL5.mjs:6066:13)
    at BrowserRouter (file:///C:/Projects/ma-saas-platform/M-S-SaaS-apex-deliver/frontend/node_modules/react-router/dist/development/chunk-OIYGIGL5.mjs:9209:3)
    at RouterWrapper (C:/Projects/ma-saas-platform/M-S-SaaS-apex-deliver/frontend/src/components/marketing/EnhancedHeroSection.test.tsx:11:26)

Consider adding an error boundary to your tree to customize error handling behavior.
Visit https://reactjs.org/link/error-boundaries to learn more about error boundaries.

[90mstderr[2m | src/components/marketing/EnhancedHeroSection.test.tsx[2m > [22m[2mEnhancedHeroSection[2m > [22m[2mrenders primary CTA button
[22m[39mWarning: React.jsx: type is invalid -- expected a string (for built-in components) or a class/function (for composite components) but got: undefined. You likely forgot to export your component from the file it's defined in, or you might have mixed up default and named imports.

Check the render method of `EnhancedHeroSection`.
    at EnhancedHeroSection (C:/Projects/ma-saas-platform/M-S-SaaS-apex-deliver/frontend/src/components/marketing/EnhancedHeroSection.tsx:13:71)
    at Router (file:///C:/Projects/ma-saas-platform/M-S-SaaS-apex-deliver/frontend/node_modules/react-router/dist/development/chunk-OIYGIGL5.mjs:6066:13)
    at BrowserRouter (file:///C:/Projects/ma-saas-platform/M-S-SaaS-apex-deliver/frontend/node_modules/react-router/dist/development/chunk-OIYGIGL5.mjs:9209:3)
    at RouterWrapper (C:/Projects/ma-saas-platform/M-S-SaaS-apex-deliver/frontend/src/components/marketing/EnhancedHeroSection.test.tsx:11:26)
Warning: React.jsx: type is invalid -- expected a string (for built-in components) or a class/function (for composite components) but got: undefined. You likely forgot to export your component from the file it's defined in, or you might have mixed up default and named imports.

Check the render method of `EnhancedHeroSection`.
    at EnhancedHeroSection (C:/Projects/ma-saas-platform/M-S-SaaS-apex-deliver/frontend/src/components/marketing/EnhancedHeroSection.tsx:13:71)
    at Router (file:///C:/Projects/ma-saas-platform/M-S-SaaS-apex-deliver/frontend/node_modules/react-router/dist/development/chunk-OIYGIGL5.mjs:6066:13)
    at BrowserRouter (file:///C:/Projects/ma-saas-platform/M-S-SaaS-apex-deliver/frontend/node_modules/react-router/dist/development/chunk-OIYGIGL5.mjs:9209:3)
    at RouterWrapper (C:/Projects/ma-saas-platform/M-S-SaaS-apex-deliver/frontend/src/components/marketing/EnhancedHeroSection.test.tsx:11:26)
Error: Element type is invalid: expected a string (for built-in components) or a class/function (for composite components) but got: undefined. You likely forgot to export your component from the file it's defined in, or you might have mixed up default and named imports.

Check the render method of `EnhancedHeroSection`.
    at createFiberFromTypeAndProps (C:\Projects\ma-saas-platform\M-S-SaaS-apex-deliver\frontend\node_modules\react-dom\cjs\react-dom.development.js:28478:17)
    at createFiberFromElement (C:\Projects\ma-saas-platform\M-S-SaaS-apex-deliver\frontend\node_modules\react-dom\cjs\react-dom.development.js:28504:15)
    at reconcileSingleElement (C:\Projects\ma-saas-platform\M-S-SaaS-apex-deliver\frontend\node_modules\react-dom\cjs\react-dom.development.js:13986:23)
    at reconcileChildFibers (C:\Projects\ma-saas-platform\M-S-SaaS-apex-deliver\frontend\node_modules\react-dom\cjs\react-dom.development.js:14044:35)
    at reconcileChildren (C:\Projects\ma-saas-platform\M-S-SaaS-apex-deliver\frontend\node_modules\react-dom\cjs\react-dom.development.js:19186:28)
    at updateHostComponent (C:\Projects\ma-saas-platform\M-S-SaaS-apex-deliver\frontend\node_modules\react-dom\cjs\react-dom.development.js:19953:3)
    at beginWork (C:\Projects\ma-saas-platform\M-S-SaaS-apex-deliver\frontend\node_modules\react-dom\cjs\react-dom.development.js:21657:14)
    at HTMLUnknownElement.callCallback (C:\Projects\ma-saas-platform\M-S-SaaS-apex-deliver\frontend\node_modules\react-dom\cjs\react-dom.development.js:4164:14)
    at HTMLUnknownElement.callTheUserObjectsOperation (C:\Projects\ma-saas-platform\M-S-SaaS-apex-deliver\frontend\node_modules\jsdom\lib\jsdom\living\generated\EventListener.js:26:30)
    at innerInvokeEventListeners (C:\Projects\ma-saas-platform\M-S-SaaS-apex-deliver\frontend\node_modules\jsdom\lib\jsdom\living\events\EventTarget-impl.js:360:16)
Error: Element type is invalid: expected a string (for built-in components) or a class/function (for composite components) but got: undefined. You likely forgot to export your component from the file it's defined in, or you might have mixed up default and named imports.

Check the render method of `EnhancedHeroSection`.
    at createFiberFromTypeAndProps (C:\Projects\ma-saas-platform\M-S-SaaS-apex-deliver\frontend\node_modules\react-dom\cjs\react-dom.development.js:28478:17)
    at createFiberFromElement (C:\Projects\ma-saas-platform\M-S-SaaS-apex-deliver\frontend\node_modules\react-dom\cjs\react-dom.development.js:28504:15)
    at reconcileSingleElement (C:\Projects\ma-saas-platform\M-S-SaaS-apex-deliver\frontend\node_modules\react-dom\cjs\react-dom.development.js:13986:23)
    at reconcileChildFibers (C:\Projects\ma-saas-platform\M-S-SaaS-apex-deliver\frontend\node_modules\react-dom\cjs\react-dom.development.js:14044:35)
    at reconcileChildren (C:\Projects\ma-saas-platform\M-S-SaaS-apex-deliver\frontend\node_modules\react-dom\cjs\react-dom.development.js:19186:28)
    at updateHostComponent (C:\Projects\ma-saas-platform\M-S-SaaS-apex-deliver\frontend\node_modules\react-dom\cjs\react-dom.development.js:19953:3)
    at beginWork (C:\Projects\ma-saas-platform\M-S-SaaS-apex-deliver\frontend\node_modules\react-dom\cjs\react-dom.development.js:21657:14)
    at HTMLUnknownElement.callCallback (C:\Projects\ma-saas-platform\M-S-SaaS-apex-deliver\frontend\node_modules\react-dom\cjs\react-dom.development.js:4164:14)
    at HTMLUnknownElement.callTheUserObjectsOperation (C:\Projects\ma-saas-platform\M-S-SaaS-apex-deliver\frontend\node_modules\jsdom\lib\jsdom\living\generated\EventListener.js:26:30)
    at innerInvokeEventListeners (C:\Projects\ma-saas-platform\M-S-SaaS-apex-deliver\frontend\node_modules\jsdom\lib\jsdom\living\events\EventTarget-impl.js:360:16)
Warning: React.jsx: type is invalid -- expected a string (for built-in components) or a class/function (for composite components) but got: undefined. You likely forgot to export your component from the file it's defined in, or you might have mixed up default and named imports.

Check the render method of `EnhancedHeroSection`.
    at EnhancedHeroSection (C:/Projects/ma-saas-platform/M-S-SaaS-apex-deliver/frontend/src/components/marketing/EnhancedHeroSection.tsx:13:71)
    at Router (file:///C:/Projects/ma-saas-platform/M-S-SaaS-apex-deliver/frontend/node_modules/react-router/dist/development/chunk-OIYGIGL5.mjs:6066:13)
    at BrowserRouter (file:///C:/Projects/ma-saas-platform/M-S-SaaS-apex-deliver/frontend/node_modules/react-router/dist/development/chunk-OIYGIGL5.mjs:9209:3)
    at RouterWrapper (C:/Projects/ma-saas-platform/M-S-SaaS-apex-deliver/frontend/src/components/marketing/EnhancedHeroSection.test.tsx:11:26)
Warning: React.jsx: type is invalid -- expected a string (for built-in components) or a class/function (for composite components) but got: undefined. You likely forgot to export your component from the file it's defined in, or you might have mixed up default and named imports.

Check the render method of `EnhancedHeroSection`.
    at EnhancedHeroSection (C:/Projects/ma-saas-platform/M-S-SaaS-apex-deliver/frontend/src/components/marketing/EnhancedHeroSection.tsx:13:71)
    at Router (file:///C:/Projects/ma-saas-platform/M-S-SaaS-apex-deliver/frontend/node_modules/react-router/dist/development/chunk-OIYGIGL5.mjs:6066:13)
    at BrowserRouter (file:///C:/Projects/ma-saas-platform/M-S-SaaS-apex-deliver/frontend/node_modules/react-router/dist/development/chunk-OIYGIGL5.mjs:9209:3)
    at RouterWrapper (C:/Projects/ma-saas-platform/M-S-SaaS-apex-deliver/frontend/src/components/marketing/EnhancedHeroSection.test.tsx:11:26)
Error: Element type is invalid: expected a string (for built-in components) or a class/function (for composite components) but got: undefined. You likely forgot to export your component from the file it's defined in, or you might have mixed up default and named imports.

Check the render method of `EnhancedHeroSection`.
    at createFiberFromTypeAndProps (C:\Projects\ma-saas-platform\M-S-SaaS-apex-deliver\frontend\node_modules\react-dom\cjs\react-dom.development.js:28478:17)
    at createFiberFromElement (C:\Projects\ma-saas-platform\M-S-SaaS-apex-deliver\frontend\node_modules\react-dom\cjs\react-dom.development.js:28504:15)
    at reconcileSingleElement (C:\Projects\ma-saas-platform\M-S-SaaS-apex-deliver\frontend\node_modules\react-dom\cjs\react-dom.development.js:13986:23)
    at reconcileChildFibers (C:\Projects\ma-saas-platform\M-S-SaaS-apex-deliver\frontend\node_modules\react-dom\cjs\react-dom.development.js:14044:35)
    at reconcileChildren (C:\Projects\ma-saas-platform\M-S-SaaS-apex-deliver\frontend\node_modules\react-dom\cjs\react-dom.development.js:19186:28)
    at updateHostComponent (C:\Projects\ma-saas-platform\M-S-SaaS-apex-deliver\frontend\node_modules\react-dom\cjs\react-dom.development.js:19953:3)
    at beginWork (C:\Projects\ma-saas-platform\M-S-SaaS-apex-deliver\frontend\node_modules\react-dom\cjs\react-dom.development.js:21657:14)
    at HTMLUnknownElement.callCallback (C:\Projects\ma-saas-platform\M-S-SaaS-apex-deliver\frontend\node_modules\react-dom\cjs\react-dom.development.js:4164:14)
    at HTMLUnknownElement.callTheUserObjectsOperation (C:\Projects\ma-saas-platform\M-S-SaaS-apex-deliver\frontend\node_modules\jsdom\lib\jsdom\living\generated\EventListener.js:26:30)
    at innerInvokeEventListeners (C:\Projects\ma-saas-platform\M-S-SaaS-apex-deliver\frontend\node_modules\jsdom\lib\jsdom\living\events\EventTarget-impl.js:360:16)
Error: Element type is invalid: expected a string (for built-in components) or a class/function (for composite components) but got: undefined. You likely forgot to export your component from the file it's defined in, or you might have mixed up default and named imports.

Check the render method of `EnhancedHeroSection`.
    at createFiberFromTypeAndProps (C:\Projects\ma-saas-platform\M-S-SaaS-apex-deliver\frontend\node_modules\react-dom\cjs\react-dom.development.js:28478:17)
    at createFiberFromElement (C:\Projects\ma-saas-platform\M-S-SaaS-apex-deliver\frontend\node_modules\react-dom\cjs\react-dom.development.js:28504:15)
    at reconcileSingleElement (C:\Projects\ma-saas-platform\M-S-SaaS-apex-deliver\frontend\node_modules\react-dom\cjs\react-dom.development.js:13986:23)
    at reconcileChildFibers (C:\Projects\ma-saas-platform\M-S-SaaS-apex-deliver\frontend\node_modules\react-dom\cjs\react-dom.development.js:14044:35)
    at reconcileChildren (C:\Projects\ma-saas-platform\M-S-SaaS-apex-deliver\frontend\node_modules\react-dom\cjs\react-dom.development.js:19186:28)
    at updateHostComponent (C:\Projects\ma-saas-platform\M-S-SaaS-apex-deliver\frontend\node_modules\react-dom\cjs\react-dom.development.js:19953:3)
    at beginWork (C:\Projects\ma-saas-platform\M-S-SaaS-apex-deliver\frontend\node_modules\react-dom\cjs\react-dom.development.js:21657:14)
    at HTMLUnknownElement.callCallback (C:\Projects\ma-saas-platform\M-S-SaaS-apex-deliver\frontend\node_modules\react-dom\cjs\react-dom.development.js:4164:14)
    at HTMLUnknownElement.callTheUserObjectsOperation (C:\Projects\ma-saas-platform\M-S-SaaS-apex-deliver\frontend\node_modules\jsdom\lib\jsdom\living\generated\EventListener.js:26:30)
    at innerInvokeEventListeners (C:\Projects\ma-saas-platform\M-S-SaaS-apex-deliver\frontend\node_modules\jsdom\lib\jsdom\living\events\EventTarget-impl.js:360:16)
The above error occurred in the <a> component:

    at a
    at LinkWithRef (file:///C:/Projects/ma-saas-platform/M-S-SaaS-apex-deliver/frontend/node_modules/react-router/dist/development/chunk-OIYGIGL5.mjs:9299:5)
    at div
    at div
    at div
    at div
    at section
    at EnhancedHeroSection (C:/Projects/ma-saas-platform/M-S-SaaS-apex-deliver/frontend/src/components/marketing/EnhancedHeroSection.tsx:13:71)
    at Router (file:///C:/Projects/ma-saas-platform/M-S-SaaS-apex-deliver/frontend/node_modules/react-router/dist/development/chunk-OIYGIGL5.mjs:6066:13)
    at BrowserRouter (file:///C:/Projects/ma-saas-platform/M-S-SaaS-apex-deliver/frontend/node_modules/react-router/dist/development/chunk-OIYGIGL5.mjs:9209:3)
    at RouterWrapper (C:/Projects/ma-saas-platform/M-S-SaaS-apex-deliver/frontend/src/components/marketing/EnhancedHeroSection.test.tsx:11:26)

Consider adding an error boundary to your tree to customize error handling behavior.
Visit https://reactjs.org/link/error-boundaries to learn more about error boundaries.
The above error occurred in the <a> component:

    at a
    at LinkWithRef (file:///C:/Projects/ma-saas-platform/M-S-SaaS-apex-deliver/frontend/node_modules/react-router/dist/development/chunk-OIYGIGL5.mjs:9299:5)
    at div
    at div
    at div
    at div
    at section
    at EnhancedHeroSection (C:/Projects/ma-saas-platform/M-S-SaaS-apex-deliver/frontend/src/components/marketing/EnhancedHeroSection.tsx:13:71)
    at Router (file:///C:/Projects/ma-saas-platform/M-S-SaaS-apex-deliver/frontend/node_modules/react-router/dist/development/chunk-OIYGIGL5.mjs:6066:13)
    at BrowserRouter (file:///C:/Projects/ma-saas-platform/M-S-SaaS-apex-deliver/frontend/node_modules/react-router/dist/development/chunk-OIYGIGL5.mjs:9209:3)
    at RouterWrapper (C:/Projects/ma-saas-platform/M-S-SaaS-apex-deliver/frontend/src/components/marketing/EnhancedHeroSection.test.tsx:11:26)

Consider adding an error boundary to your tree to customize error handling behavior.
Visit https://reactjs.org/link/error-boundaries to learn more about error boundaries.

[90mstderr[2m | src/components/marketing/EnhancedHeroSection.test.tsx[2m > [22m[2mEnhancedHeroSection[2m > [22m[2mrenders secondary CTA button
[22m[39mWarning: React.jsx: type is invalid -- expected a string (for built-in components) or a class/function (for composite components) but got: undefined. You likely forgot to export your component from the file it's defined in, or you might have mixed up default and named imports.

Check the render method of `EnhancedHeroSection`.
    at EnhancedHeroSection (C:/Projects/ma-saas-platform/M-S-SaaS-apex-deliver/frontend/src/components/marketing/EnhancedHeroSection.tsx:13:71)
    at Router (file:///C:/Projects/ma-saas-platform/M-S-SaaS-apex-deliver/frontend/node_modules/react-router/dist/development/chunk-OIYGIGL5.mjs:6066:13)
    at BrowserRouter (file:///C:/Projects/ma-saas-platform/M-S-SaaS-apex-deliver/frontend/node_modules/react-router/dist/development/chunk-OIYGIGL5.mjs:9209:3)
    at RouterWrapper (C:/Projects/ma-saas-platform/M-S-SaaS-apex-deliver/frontend/src/components/marketing/EnhancedHeroSection.test.tsx:11:26)
Warning: React.jsx: type is invalid -- expected a string (for built-in components) or a class/function (for composite components) but got: undefined. You likely forgot to export your component from the file it's defined in, or you might have mixed up default and named imports.

Check the render method of `EnhancedHeroSection`.
    at EnhancedHeroSection (C:/Projects/ma-saas-platform/M-S-SaaS-apex-deliver/frontend/src/components/marketing/EnhancedHeroSection.tsx:13:71)
    at Router (file:///C:/Projects/ma-saas-platform/M-S-SaaS-apex-deliver/frontend/node_modules/react-router/dist/development/chunk-OIYGIGL5.mjs:6066:13)
    at BrowserRouter (file:///C:/Projects/ma-saas-platform/M-S-SaaS-apex-deliver/frontend/node_modules/react-router/dist/development/chunk-OIYGIGL5.mjs:9209:3)
    at RouterWrapper (C:/Projects/ma-saas-platform/M-S-SaaS-apex-deliver/frontend/src/components/marketing/EnhancedHeroSection.test.tsx:11:26)
Error: Element type is invalid: expected a string (for built-in components) or a class/function (for composite components) but got: undefined. You likely forgot to export your component from the file it's defined in, or you might have mixed up default and named imports.

Check the render method of `EnhancedHeroSection`.
    at createFiberFromTypeAndProps (C:\Projects\ma-saas-platform\M-S-SaaS-apex-deliver\frontend\node_modules\react-dom\cjs\react-dom.development.js:28478:17)
    at createFiberFromElement (C:\Projects\ma-saas-platform\M-S-SaaS-apex-deliver\frontend\node_modules\react-dom\cjs\react-dom.development.js:28504:15)
    at reconcileSingleElement (C:\Projects\ma-saas-platform\M-S-SaaS-apex-deliver\frontend\node_modules\react-dom\cjs\react-dom.development.js:13986:23)
    at reconcileChildFibers (C:\Projects\ma-saas-platform\M-S-SaaS-apex-deliver\frontend\node_modules\react-dom\cjs\react-dom.development.js:14044:35)
    at reconcileChildren (C:\Projects\ma-saas-platform\M-S-SaaS-apex-deliver\frontend\node_modules\react-dom\cjs\react-dom.development.js:19186:28)
    at updateHostComponent (C:\Projects\ma-saas-platform\M-S-SaaS-apex-deliver\frontend\node_modules\react-dom\cjs\react-dom.development.js:19953:3)
    at beginWork (C:\Projects\ma-saas-platform\M-S-SaaS-apex-deliver\frontend\node_modules\react-dom\cjs\react-dom.development.js:21657:14)
    at HTMLUnknownElement.callCallback (C:\Projects\ma-saas-platform\M-S-SaaS-apex-deliver\frontend\node_modules\react-dom\cjs\react-dom.development.js:4164:14)
    at HTMLUnknownElement.callTheUserObjectsOperation (C:\Projects\ma-saas-platform\M-S-SaaS-apex-deliver\frontend\node_modules\jsdom\lib\jsdom\living\generated\EventListener.js:26:30)
    at innerInvokeEventListeners (C:\Projects\ma-saas-platform\M-S-SaaS-apex-deliver\frontend\node_modules\jsdom\lib\jsdom\living\events\EventTarget-impl.js:360:16)
Error: Element type is invalid: expected a string (for built-in components) or a class/function (for composite components) but got: undefined. You likely forgot to export your component from the file it's defined in, or you might have mixed up default and named imports.

Check the render method of `EnhancedHeroSection`.
    at createFiberFromTypeAndProps (C:\Projects\ma-saas-platform\M-S-SaaS-apex-deliver\frontend\node_modules\react-dom\cjs\react-dom.development.js:28478:17)
    at createFiberFromElement (C:\Projects\ma-saas-platform\M-S-SaaS-apex-deliver\frontend\node_modules\react-dom\cjs\react-dom.development.js:28504:15)
    at reconcileSingleElement (C:\Projects\ma-saas-platform\M-S-SaaS-apex-deliver\frontend\node_modules\react-dom\cjs\react-dom.development.js:13986:23)
    at reconcileChildFibers (C:\Projects\ma-saas-platform\M-S-SaaS-apex-deliver\frontend\node_modules\react-dom\cjs\react-dom.development.js:14044:35)
    at reconcileChildren (C:\Projects\ma-saas-platform\M-S-SaaS-apex-deliver\frontend\node_modules\react-dom\cjs\react-dom.development.js:19186:28)
    at updateHostComponent (C:\Projects\ma-saas-platform\M-S-SaaS-apex-deliver\frontend\node_modules\react-dom\cjs\react-dom.development.js:19953:3)
    at beginWork (C:\Projects\ma-saas-platform\M-S-SaaS-apex-deliver\frontend\node_modules\react-dom\cjs\react-dom.development.js:21657:14)
    at HTMLUnknownElement.callCallback (C:\Projects\ma-saas-platform\M-S-SaaS-apex-deliver\frontend\node_modules\react-dom\cjs\react-dom.development.js:4164:14)
    at HTMLUnknownElement.callTheUserObjectsOperation (C:\Projects\ma-saas-platform\M-S-SaaS-apex-deliver\frontend\node_modules\jsdom\lib\jsdom\living\generated\EventListener.js:26:30)
    at innerInvokeEventListeners (C:\Projects\ma-saas-platform\M-S-SaaS-apex-deliver\frontend\node_modules\jsdom\lib\jsdom\living\events\EventTarget-impl.js:360:16)
Warning: React.jsx: type is invalid -- expected a string (for built-in components) or a class/function (for composite components) but got: undefined. You likely forgot to export your component from the file it's defined in, or you might have mixed up default and named imports.

Check the render method of `EnhancedHeroSection`.
    at EnhancedHeroSection (C:/Projects/ma-saas-platform/M-S-SaaS-apex-deliver/frontend/src/components/marketing/EnhancedHeroSection.tsx:13:71)
    at Router (file:///C:/Projects/ma-saas-platform/M-S-SaaS-apex-deliver/frontend/node_modules/react-router/dist/development/chunk-OIYGIGL5.mjs:6066:13)
    at BrowserRouter (file:///C:/Projects/ma-saas-platform/M-S-SaaS-apex-deliver/frontend/node_modules/react-router/dist/development/chunk-OIYGIGL5.mjs:9209:3)
    at RouterWrapper (C:/Projects/ma-saas-platform/M-S-SaaS-apex-deliver/frontend/src/components/marketing/EnhancedHeroSection.test.tsx:11:26)
Warning: React.jsx: type is invalid -- expected a string (for built-in components) or a class/function (for composite components) but got: undefined. You likely forgot to export your component from the file it's defined in, or you might have mixed up default and named imports.

Check the render method of `EnhancedHeroSection`.
    at EnhancedHeroSection (C:/Projects/ma-saas-platform/M-S-SaaS-apex-deliver/frontend/src/components/marketing/EnhancedHeroSection.tsx:13:71)
    at Router (file:///C:/Projects/ma-saas-platform/M-S-SaaS-apex-deliver/frontend/node_modules/react-router/dist/development/chunk-OIYGIGL5.mjs:6066:13)
    at BrowserRouter (file:///C:/Projects/ma-saas-platform/M-S-SaaS-apex-deliver/frontend/node_modules/react-router/dist/development/chunk-OIYGIGL5.mjs:9209:3)
    at RouterWrapper (C:/Projects/ma-saas-platform/M-S-SaaS-apex-deliver/frontend/src/components/marketing/EnhancedHeroSection.test.tsx:11:26)
Error: Element type is invalid: expected a string (for built-in components) or a class/function (for composite components) but got: undefined. You likely forgot to export your component from the file it's defined in, or you might have mixed up default and named imports.

Check the render method of `EnhancedHeroSection`.
    at createFiberFromTypeAndProps (C:\Projects\ma-saas-platform\M-S-SaaS-apex-deliver\frontend\node_modules\react-dom\cjs\react-dom.development.js:28478:17)
    at createFiberFromElement (C:\Projects\ma-saas-platform\M-S-SaaS-apex-deliver\frontend\node_modules\react-dom\cjs\react-dom.development.js:28504:15)
    at reconcileSingleElement (C:\Projects\ma-saas-platform\M-S-SaaS-apex-deliver\frontend\node_modules\react-dom\cjs\react-dom.development.js:13986:23)
    at reconcileChildFibers (C:\Projects\ma-saas-platform\M-S-SaaS-apex-deliver\frontend\node_modules\react-dom\cjs\react-dom.development.js:14044:35)
    at reconcileChildren (C:\Projects\ma-saas-platform\M-S-SaaS-apex-deliver\frontend\node_modules\react-dom\cjs\react-dom.development.js:19186:28)
    at updateHostComponent (C:\Projects\ma-saas-platform\M-S-SaaS-apex-deliver\frontend\node_modules\react-dom\cjs\react-dom.development.js:19953:3)
    at beginWork (C:\Projects\ma-saas-platform\M-S-SaaS-apex-deliver\frontend\node_modules\react-dom\cjs\react-dom.development.js:21657:14)
    at HTMLUnknownElement.callCallback (C:\Projects\ma-saas-platform\M-S-SaaS-apex-deliver\frontend\node_modules\react-dom\cjs\react-dom.development.js:4164:14)
    at HTMLUnknownElement.callTheUserObjectsOperation (C:\Projects\ma-saas-platform\M-S-SaaS-apex-deliver\frontend\node_modules\jsdom\lib\jsdom\living\generated\EventListener.js:26:30)
    at innerInvokeEventListeners (C:\Projects\ma-saas-platform\M-S-SaaS-apex-deliver\frontend\node_modules\jsdom\lib\jsdom\living\events\EventTarget-impl.js:360:16)
Error: Element type is invalid: expected a string (for built-in components) or a class/function (for composite components) but got: undefined. You likely forgot to export your component from the file it's defined in, or you might have mixed up default and named imports.

Check the render method of `EnhancedHeroSection`.
    at createFiberFromTypeAndProps (C:\Projects\ma-saas-platform\M-S-SaaS-apex-deliver\frontend\node_modules\react-dom\cjs\react-dom.development.js:28478:17)
    at createFiberFromElement (C:\Projects\ma-saas-platform\M-S-SaaS-apex-deliver\frontend\node_modules\react-dom\cjs\react-dom.development.js:28504:15)
    at reconcileSingleElement (C:\Projects\ma-saas-platform\M-S-SaaS-apex-deliver\frontend\node_modules\react-dom\cjs\react-dom.development.js:13986:23)
    at reconcileChildFibers (C:\Projects\ma-saas-platform\M-S-SaaS-apex-deliver\frontend\node_modules\react-dom\cjs\react-dom.development.js:14044:35)
    at reconcileChildren (C:\Projects\ma-saas-platform\M-S-SaaS-apex-deliver\frontend\node_modules\react-dom\cjs\react-dom.development.js:19186:28)
    at updateHostComponent (C:\Projects\ma-saas-platform\M-S-SaaS-apex-deliver\frontend\node_modules\react-dom\cjs\react-dom.development.js:19953:3)
    at beginWork (C:\Projects\ma-saas-platform\M-S-SaaS-apex-deliver\frontend\node_modules\react-dom\cjs\react-dom.development.js:21657:14)
    at HTMLUnknownElement.callCallback (C:\Projects\ma-saas-platform\M-S-SaaS-apex-deliver\frontend\node_modules\react-dom\cjs\react-dom.development.js:4164:14)
    at HTMLUnknownElement.callTheUserObjectsOperation (C:\Projects\ma-saas-platform\M-S-SaaS-apex-deliver\frontend\node_modules\jsdom\lib\jsdom\living\generated\EventListener.js:26:30)
    at innerInvokeEventListeners (C:\Projects\ma-saas-platform\M-S-SaaS-apex-deliver\frontend\node_modules\jsdom\lib\jsdom\living\events\EventTarget-impl.js:360:16)
The above error occurred in the <a> component:

    at a
    at LinkWithRef (file:///C:/Projects/ma-saas-platform/M-S-SaaS-apex-deliver/frontend/node_modules/react-router/dist/development/chunk-OIYGIGL5.mjs:9299:5)
    at div
    at div
    at div
    at div
    at section
    at EnhancedHeroSection (C:/Projects/ma-saas-platform/M-S-SaaS-apex-deliver/frontend/src/components/marketing/EnhancedHeroSection.tsx:13:71)
    at Router (file:///C:/Projects/ma-saas-platform/M-S-SaaS-apex-deliver/frontend/node_modules/react-router/dist/development/chunk-OIYGIGL5.mjs:6066:13)
    at BrowserRouter (file:///C:/Projects/ma-saas-platform/M-S-SaaS-apex-deliver/frontend/node_modules/react-router/dist/development/chunk-OIYGIGL5.mjs:9209:3)
    at RouterWrapper (C:/Projects/ma-saas-platform/M-S-SaaS-apex-deliver/frontend/src/components/marketing/EnhancedHeroSection.test.tsx:11:26)

Consider adding an error boundary to your tree to customize error handling behavior.
Visit https://reactjs.org/link/error-boundaries to learn more about error boundaries.
The above error occurred in the <a> component:

    at a
    at LinkWithRef (file:///C:/Projects/ma-saas-platform/M-S-SaaS-apex-deliver/frontend/node_modules/react-router/dist/development/chunk-OIYGIGL5.mjs:9299:5)
    at div
    at div
    at div
    at div
    at section
    at EnhancedHeroSection (C:/Projects/ma-saas-platform/M-S-SaaS-apex-deliver/frontend/src/components/marketing/EnhancedHeroSection.tsx:13:71)
    at Router (file:///C:/Projects/ma-saas-platform/M-S-SaaS-apex-deliver/frontend/node_modules/react-router/dist/development/chunk-OIYGIGL5.mjs:6066:13)
    at BrowserRouter (file:///C:/Projects/ma-saas-platform/M-S-SaaS-apex-deliver/frontend/node_modules/react-router/dist/development/chunk-OIYGIGL5.mjs:9209:3)
    at RouterWrapper (C:/Projects/ma-saas-platform/M-S-SaaS-apex-deliver/frontend/src/components/marketing/EnhancedHeroSection.test.tsx:11:26)

Consider adding an error boundary to your tree to customize error handling behavior.
Visit https://reactjs.org/link/error-boundaries to learn more about error boundaries.

[90mstderr[2m | src/components/marketing/EnhancedHeroSection.test.tsx[2m > [22m[2mEnhancedHeroSection[2m > [22m[2mdisplays trust indicators
[22m[39mWarning: React.jsx: type is invalid -- expected a string (for built-in components) or a class/function (for composite components) but got: undefined. You likely forgot to export your component from the file it's defined in, or you might have mixed up default and named imports.

Check the render method of `EnhancedHeroSection`.
    at EnhancedHeroSection (C:/Projects/ma-saas-platform/M-S-SaaS-apex-deliver/frontend/src/components/marketing/EnhancedHeroSection.tsx:13:71)
    at Router (file:///C:/Projects/ma-saas-platform/M-S-SaaS-apex-deliver/frontend/node_modules/react-router/dist/development/chunk-OIYGIGL5.mjs:6066:13)
    at BrowserRouter (file:///C:/Projects/ma-saas-platform/M-S-SaaS-apex-deliver/frontend/node_modules/react-router/dist/development/chunk-OIYGIGL5.mjs:9209:3)
    at RouterWrapper (C:/Projects/ma-saas-platform/M-S-SaaS-apex-deliver/frontend/src/components/marketing/EnhancedHeroSection.test.tsx:11:26)
Warning: React.jsx: type is invalid -- expected a string (for built-in components) or a class/function (for composite components) but got: undefined. You likely forgot to export your component from the file it's defined in, or you might have mixed up default and named imports.

Check the render method of `EnhancedHeroSection`.
    at EnhancedHeroSection (C:/Projects/ma-saas-platform/M-S-SaaS-apex-deliver/frontend/src/components/marketing/EnhancedHeroSection.tsx:13:71)
    at Router (file:///C:/Projects/ma-saas-platform/M-S-SaaS-apex-deliver/frontend/node_modules/react-router/dist/development/chunk-OIYGIGL5.mjs:6066:13)
    at BrowserRouter (file:///C:/Projects/ma-saas-platform/M-S-SaaS-apex-deliver/frontend/node_modules/react-router/dist/development/chunk-OIYGIGL5.mjs:9209:3)
    at RouterWrapper (C:/Projects/ma-saas-platform/M-S-SaaS-apex-deliver/frontend/src/components/marketing/EnhancedHeroSection.test.tsx:11:26)
Error: Element type is invalid: expected a string (for built-in components) or a class/function (for composite components) but got: undefined. You likely forgot to export your component from the file it's defined in, or you might have mixed up default and named imports.

Check the render method of `EnhancedHeroSection`.
    at createFiberFromTypeAndProps (C:\Projects\ma-saas-platform\M-S-SaaS-apex-deliver\frontend\node_modules\react-dom\cjs\react-dom.development.js:28478:17)
    at createFiberFromElement (C:\Projects\ma-saas-platform\M-S-SaaS-apex-deliver\frontend\node_modules\react-dom\cjs\react-dom.development.js:28504:15)
    at reconcileSingleElement (C:\Projects\ma-saas-platform\M-S-SaaS-apex-deliver\frontend\node_modules\react-dom\cjs\react-dom.development.js:13986:23)
    at reconcileChildFibers (C:\Projects\ma-saas-platform\M-S-SaaS-apex-deliver\frontend\node_modules\react-dom\cjs\react-dom.development.js:14044:35)
    at reconcileChildren (C:\Projects\ma-saas-platform\M-S-SaaS-apex-deliver\frontend\node_modules\react-dom\cjs\react-dom.development.js:19186:28)
    at updateHostComponent (C:\Projects\ma-saas-platform\M-S-SaaS-apex-deliver\frontend\node_modules\react-dom\cjs\react-dom.development.js:19953:3)
    at beginWork (C:\Projects\ma-saas-platform\M-S-SaaS-apex-deliver\frontend\node_modules\react-dom\cjs\react-dom.development.js:21657:14)
    at HTMLUnknownElement.callCallback (C:\Projects\ma-saas-platform\M-S-SaaS-apex-deliver\frontend\node_modules\react-dom\cjs\react-dom.development.js:4164:14)
    at HTMLUnknownElement.callTheUserObjectsOperation (C:\Projects\ma-saas-platform\M-S-SaaS-apex-deliver\frontend\node_modules\jsdom\lib\jsdom\living\generated\EventListener.js:26:30)
    at innerInvokeEventListeners (C:\Projects\ma-saas-platform\M-S-SaaS-apex-deliver\frontend\node_modules\jsdom\lib\jsdom\living\events\EventTarget-impl.js:360:16)
Error: Element type is invalid: expected a string (for built-in components) or a class/function (for composite components) but got: undefined. You likely forgot to export your component from the file it's defined in, or you might have mixed up default and named imports.

Check the render method of `EnhancedHeroSection`.
    at createFiberFromTypeAndProps (C:\Projects\ma-saas-platform\M-S-SaaS-apex-deliver\frontend\node_modules\react-dom\cjs\react-dom.development.js:28478:17)
    at createFiberFromElement (C:\Projects\ma-saas-platform\M-S-SaaS-apex-deliver\frontend\node_modules\react-dom\cjs\react-dom.development.js:28504:15)
    at reconcileSingleElement (C:\Projects\ma-saas-platform\M-S-SaaS-apex-deliver\frontend\node_modules\react-dom\cjs\react-dom.development.js:13986:23)
    at reconcileChildFibers (C:\Projects\ma-saas-platform\M-S-SaaS-apex-deliver\frontend\node_modules\react-dom\cjs\react-dom.development.js:14044:35)
    at reconcileChildren (C:\Projects\ma-saas-platform\M-S-SaaS-apex-deliver\frontend\node_modules\react-dom\cjs\react-dom.development.js:19186:28)
    at updateHostComponent (C:\Projects\ma-saas-platform\M-S-SaaS-apex-deliver\frontend\node_modules\react-dom\cjs\react-dom.development.js:19953:3)
    at beginWork (C:\Projects\ma-saas-platform\M-S-SaaS-apex-deliver\frontend\node_modules\react-dom\cjs\react-dom.development.js:21657:14)
    at HTMLUnknownElement.callCallback (C:\Projects\ma-saas-platform\M-S-SaaS-apex-deliver\frontend\node_modules\react-dom\cjs\react-dom.development.js:4164:14)
    at HTMLUnknownElement.callTheUserObjectsOperation (C:\Projects\ma-saas-platform\M-S-SaaS-apex-deliver\frontend\node_modules\jsdom\lib\jsdom\living\generated\EventListener.js:26:30)
    at innerInvokeEventListeners (C:\Projects\ma-saas-platform\M-S-SaaS-apex-deliver\frontend\node_modules\jsdom\lib\jsdom\living\events\EventTarget-impl.js:360:16)
Warning: React.jsx: type is invalid -- expected a string (for built-in components) or a class/function (for composite components) but got: undefined. You likely forgot to export your component from the file it's defined in, or you might have mixed up default and named imports.

Check the render method of `EnhancedHeroSection`.
    at EnhancedHeroSection (C:/Projects/ma-saas-platform/M-S-SaaS-apex-deliver/frontend/src/components/marketing/EnhancedHeroSection.tsx:13:71)
    at Router (file:///C:/Projects/ma-saas-platform/M-S-SaaS-apex-deliver/frontend/node_modules/react-router/dist/development/chunk-OIYGIGL5.mjs:6066:13)
    at BrowserRouter (file:///C:/Projects/ma-saas-platform/M-S-SaaS-apex-deliver/frontend/node_modules/react-router/dist/development/chunk-OIYGIGL5.mjs:9209:3)
    at RouterWrapper (C:/Projects/ma-saas-platform/M-S-SaaS-apex-deliver/frontend/src/components/marketing/EnhancedHeroSection.test.tsx:11:26)
Warning: React.jsx: type is invalid -- expected a string (for built-in components) or a class/function (for composite components) but got: undefined. You likely forgot to export your component from the file it's defined in, or you might have mixed up default and named imports.

Check the render method of `EnhancedHeroSection`.
    at EnhancedHeroSection (C:/Projects/ma-saas-platform/M-S-SaaS-apex-deliver/frontend/src/components/marketing/EnhancedHeroSection.tsx:13:71)
    at Router (file:///C:/Projects/ma-saas-platform/M-S-SaaS-apex-deliver/frontend/node_modules/react-router/dist/development/chunk-OIYGIGL5.mjs:6066:13)
    at BrowserRouter (file:///C:/Projects/ma-saas-platform/M-S-SaaS-apex-deliver/frontend/node_modules/react-router/dist/development/chunk-OIYGIGL5.mjs:9209:3)
    at RouterWrapper (C:/Projects/ma-saas-platform/M-S-SaaS-apex-deliver/frontend/src/components/marketing/EnhancedHeroSection.test.tsx:11:26)
Error: Element type is invalid: expected a string (for built-in components) or a class/function (for composite components) but got: undefined. You likely forgot to export your component from the file it's defined in, or you might have mixed up default and named imports.

Check the render method of `EnhancedHeroSection`.
    at createFiberFromTypeAndProps (C:\Projects\ma-saas-platform\M-S-SaaS-apex-deliver\frontend\node_modules\react-dom\cjs\react-dom.development.js:28478:17)
    at createFiberFromElement (C:\Projects\ma-saas-platform\M-S-SaaS-apex-deliver\frontend\node_modules\react-dom\cjs\react-dom.development.js:28504:15)
    at reconcileSingleElement (C:\Projects\ma-saas-platform\M-S-SaaS-apex-deliver\frontend\node_modules\react-dom\cjs\react-dom.development.js:13986:23)
    at reconcileChildFibers (C:\Projects\ma-saas-platform\M-S-SaaS-apex-deliver\frontend\node_modules\react-dom\cjs\react-dom.development.js:14044:35)
    at reconcileChildren (C:\Projects\ma-saas-platform\M-S-SaaS-apex-deliver\frontend\node_modules\react-dom\cjs\react-dom.development.js:19186:28)
    at updateHostComponent (C:\Projects\ma-saas-platform\M-S-SaaS-apex-deliver\frontend\node_modules\react-dom\cjs\react-dom.development.js:19953:3)
    at beginWork (C:\Projects\ma-saas-platform\M-S-SaaS-apex-deliver\frontend\node_modules\react-dom\cjs\react-dom.development.js:21657:14)
    at HTMLUnknownElement.callCallback (C:\Projects\ma-saas-platform\M-S-SaaS-apex-deliver\frontend\node_modules\react-dom\cjs\react-dom.development.js:4164:14)
    at HTMLUnknownElement.callTheUserObjectsOperation (C:\Projects\ma-saas-platform\M-S-SaaS-apex-deliver\frontend\node_modules\jsdom\lib\jsdom\living\generated\EventListener.js:26:30)
    at innerInvokeEventListeners (C:\Projects\ma-saas-platform\M-S-SaaS-apex-deliver\frontend\node_modules\jsdom\lib\jsdom\living\events\EventTarget-impl.js:360:16)
Error: Element type is invalid: expected a string (for built-in components) or a class/function (for composite components) but got: undefined. You likely forgot to export your component from the file it's defined in, or you might have mixed up default and named imports.

Check the render method of `EnhancedHeroSection`.
    at createFiberFromTypeAndProps (C:\Projects\ma-saas-platform\M-S-SaaS-apex-deliver\frontend\node_modules\react-dom\cjs\react-dom.development.js:28478:17)
    at createFiberFromElement (C:\Projects\ma-saas-platform\M-S-SaaS-apex-deliver\frontend\node_modules\react-dom\cjs\react-dom.development.js:28504:15)
    at reconcileSingleElement (C:\Projects\ma-saas-platform\M-S-SaaS-apex-deliver\frontend\node_modules\react-dom\cjs\react-dom.development.js:13986:23)
    at reconcileChildFibers (C:\Projects\ma-saas-platform\M-S-SaaS-apex-deliver\frontend\node_modules\react-dom\cjs\react-dom.development.js:14044:35)
    at reconcileChildren (C:\Projects\ma-saas-platform\M-S-SaaS-apex-deliver\frontend\node_modules\react-dom\cjs\react-dom.development.js:19186:28)
    at updateHostComponent (C:\Projects\ma-saas-platform\M-S-SaaS-apex-deliver\frontend\node_modules\react-dom\cjs\react-dom.development.js:19953:3)
    at beginWork (C:\Projects\ma-saas-platform\M-S-SaaS-apex-deliver\frontend\node_modules\react-dom\cjs\react-dom.development.js:21657:14)
    at HTMLUnknownElement.callCallback (C:\Projects\ma-saas-platform\M-S-SaaS-apex-deliver\frontend\node_modules\react-dom\cjs\react-dom.development.js:4164:14)
    at HTMLUnknownElement.callTheUserObjectsOperation (C:\Projects\ma-saas-platform\M-S-SaaS-apex-deliver\frontend\node_modules\jsdom\lib\jsdom\living\generated\EventListener.js:26:30)
    at innerInvokeEventListeners (C:\Projects\ma-saas-platform\M-S-SaaS-apex-deliver\frontend\node_modules\jsdom\lib\jsdom\living\events\EventTarget-impl.js:360:16)
The above error occurred in the <a> component:

    at a
    at LinkWithRef (file:///C:/Projects/ma-saas-platform/M-S-SaaS-apex-deliver/frontend/node_modules/react-router/dist/development/chunk-OIYGIGL5.mjs:9299:5)
    at div
    at div
    at div
    at div
    at section
    at EnhancedHeroSection (C:/Projects/ma-saas-platform/M-S-SaaS-apex-deliver/frontend/src/components/marketing/EnhancedHeroSection.tsx:13:71)
    at Router (file:///C:/Projects/ma-saas-platform/M-S-SaaS-apex-deliver/frontend/node_modules/react-router/dist/development/chunk-OIYGIGL5.mjs:6066:13)
    at BrowserRouter (file:///C:/Projects/ma-saas-platform/M-S-SaaS-apex-deliver/frontend/node_modules/react-router/dist/development/chunk-OIYGIGL5.mjs:9209:3)
    at RouterWrapper (C:/Projects/ma-saas-platform/M-S-SaaS-apex-deliver/frontend/src/components/marketing/EnhancedHeroSection.test.tsx:11:26)

Consider adding an error boundary to your tree to customize error handling behavior.
Visit https://reactjs.org/link/error-boundaries to learn more about error boundaries.
The above error occurred in the <a> component:

    at a
    at LinkWithRef (file:///C:/Projects/ma-saas-platform/M-S-SaaS-apex-deliver/frontend/node_modules/react-router/dist/development/chunk-OIYGIGL5.mjs:9299:5)
    at div
    at div
    at div
    at div
    at section
    at EnhancedHeroSection (C:/Projects/ma-saas-platform/M-S-SaaS-apex-deliver/frontend/src/components/marketing/EnhancedHeroSection.tsx:13:71)
    at Router (file:///C:/Projects/ma-saas-platform/M-S-SaaS-apex-deliver/frontend/node_modules/react-router/dist/development/chunk-OIYGIGL5.mjs:6066:13)
    at BrowserRouter (file:///C:/Projects/ma-saas-platform/M-S-SaaS-apex-deliver/frontend/node_modules/react-router/dist/development/chunk-OIYGIGL5.mjs:9209:3)
    at RouterWrapper (C:/Projects/ma-saas-platform/M-S-SaaS-apex-deliver/frontend/src/components/marketing/EnhancedHeroSection.test.tsx:11:26)

Consider adding an error boundary to your tree to customize error handling behavior.
Visit https://reactjs.org/link/error-boundaries to learn more about error boundaries.

[90mstderr[2m | src/components/marketing/EnhancedHeroSection.test.tsx[2m > [22m[2mEnhancedHeroSection[2m > [22m[2mdisplays deal count of 847
[22m[39mWarning: React.jsx: type is invalid -- expected a string (for built-in components) or a class/function (for composite components) but got: undefined. You likely forgot to export your component from the file it's defined in, or you might have mixed up default and named imports.

Check the render method of `EnhancedHeroSection`.
    at EnhancedHeroSection (C:/Projects/ma-saas-platform/M-S-SaaS-apex-deliver/frontend/src/components/marketing/EnhancedHeroSection.tsx:13:71)
    at Router (file:///C:/Projects/ma-saas-platform/M-S-SaaS-apex-deliver/frontend/node_modules/react-router/dist/development/chunk-OIYGIGL5.mjs:6066:13)
    at BrowserRouter (file:///C:/Projects/ma-saas-platform/M-S-SaaS-apex-deliver/frontend/node_modules/react-router/dist/development/chunk-OIYGIGL5.mjs:9209:3)
    at RouterWrapper (C:/Projects/ma-saas-platform/M-S-SaaS-apex-deliver/frontend/src/components/marketing/EnhancedHeroSection.test.tsx:11:26)
Warning: React.jsx: type is invalid -- expected a string (for built-in components) or a class/function (for composite components) but got: undefined. You likely forgot to export your component from the file it's defined in, or you might have mixed up default and named imports.

Check the render method of `EnhancedHeroSection`.
    at EnhancedHeroSection (C:/Projects/ma-saas-platform/M-S-SaaS-apex-deliver/frontend/src/components/marketing/EnhancedHeroSection.tsx:13:71)
    at Router (file:///C:/Projects/ma-saas-platform/M-S-SaaS-apex-deliver/frontend/node_modules/react-router/dist/development/chunk-OIYGIGL5.mjs:6066:13)
    at BrowserRouter (file:///C:/Projects/ma-saas-platform/M-S-SaaS-apex-deliver/frontend/node_modules/react-router/dist/development/chunk-OIYGIGL5.mjs:9209:3)
    at RouterWrapper (C:/Projects/ma-saas-platform/M-S-SaaS-apex-deliver/frontend/src/components/marketing/EnhancedHeroSection.test.tsx:11:26)
Error: Element type is invalid: expected a string (for built-in components) or a class/function (for composite components) but got: undefined. You likely forgot to export your component from the file it's defined in, or you might have mixed up default and named imports.

Check the render method of `EnhancedHeroSection`.
    at createFiberFromTypeAndProps (C:\Projects\ma-saas-platform\M-S-SaaS-apex-deliver\frontend\node_modules\react-dom\cjs\react-dom.development.js:28478:17)
    at createFiberFromElement (C:\Projects\ma-saas-platform\M-S-SaaS-apex-deliver\frontend\node_modules\react-dom\cjs\react-dom.development.js:28504:15)
    at reconcileSingleElement (C:\Projects\ma-saas-platform\M-S-SaaS-apex-deliver\frontend\node_modules\react-dom\cjs\react-dom.development.js:13986:23)
    at reconcileChildFibers (C:\Projects\ma-saas-platform\M-S-SaaS-apex-deliver\frontend\node_modules\react-dom\cjs\react-dom.development.js:14044:35)
    at reconcileChildren (C:\Projects\ma-saas-platform\M-S-SaaS-apex-deliver\frontend\node_modules\react-dom\cjs\react-dom.development.js:19186:28)
    at updateHostComponent (C:\Projects\ma-saas-platform\M-S-SaaS-apex-deliver\frontend\node_modules\react-dom\cjs\react-dom.development.js:19953:3)
    at beginWork (C:\Projects\ma-saas-platform\M-S-SaaS-apex-deliver\frontend\node_modules\react-dom\cjs\react-dom.development.js:21657:14)
    at HTMLUnknownElement.callCallback (C:\Projects\ma-saas-platform\M-S-SaaS-apex-deliver\frontend\node_modules\react-dom\cjs\react-dom.development.js:4164:14)
    at HTMLUnknownElement.callTheUserObjectsOperation (C:\Projects\ma-saas-platform\M-S-SaaS-apex-deliver\frontend\node_modules\jsdom\lib\jsdom\living\generated\EventListener.js:26:30)
    at innerInvokeEventListeners (C:\Projects\ma-saas-platform\M-S-SaaS-apex-deliver\frontend\node_modules\jsdom\lib\jsdom\living\events\EventTarget-impl.js:360:16)
Error: Element type is invalid: expected a string (for built-in components) or a class/function (for composite components) but got: undefined. You likely forgot to export your component from the file it's defined in, or you might have mixed up default and named imports.

Check the render method of `EnhancedHeroSection`.
    at createFiberFromTypeAndProps (C:\Projects\ma-saas-platform\M-S-SaaS-apex-deliver\frontend\node_modules\react-dom\cjs\react-dom.development.js:28478:17)
    at createFiberFromElement (C:\Projects\ma-saas-platform\M-S-SaaS-apex-deliver\frontend\node_modules\react-dom\cjs\react-dom.development.js:28504:15)
    at reconcileSingleElement (C:\Projects\ma-saas-platform\M-S-SaaS-apex-deliver\frontend\node_modules\react-dom\cjs\react-dom.development.js:13986:23)
    at reconcileChildFibers (C:\Projects\ma-saas-platform\M-S-SaaS-apex-deliver\frontend\node_modules\react-dom\cjs\react-dom.development.js:14044:35)
    at reconcileChildren (C:\Projects\ma-saas-platform\M-S-SaaS-apex-deliver\frontend\node_modules\react-dom\cjs\react-dom.development.js:19186:28)
    at updateHostComponent (C:\Projects\ma-saas-platform\M-S-SaaS-apex-deliver\frontend\node_modules\react-dom\cjs\react-dom.development.js:19953:3)
    at beginWork (C:\Projects\ma-saas-platform\M-S-SaaS-apex-deliver\frontend\node_modules\react-dom\cjs\react-dom.development.js:21657:14)
    at HTMLUnknownElement.callCallback (C:\Projects\ma-saas-platform\M-S-SaaS-apex-deliver\frontend\node_modules\react-dom\cjs\react-dom.development.js:4164:14)
    at HTMLUnknownElement.callTheUserObjectsOperation (C:\Projects\ma-saas-platform\M-S-SaaS-apex-deliver\frontend\node_modules\jsdom\lib\jsdom\living\generated\EventListener.js:26:30)
    at innerInvokeEventListeners (C:\Projects\ma-saas-platform\M-S-SaaS-apex-deliver\frontend\node_modules\jsdom\lib\jsdom\living\events\EventTarget-impl.js:360:16)
Warning: React.jsx: type is invalid -- expected a string (for built-in components) or a class/function (for composite components) but got: undefined. You likely forgot to export your component from the file it's defined in, or you might have mixed up default and named imports.

Check the render method of `EnhancedHeroSection`.
    at EnhancedHeroSection (C:/Projects/ma-saas-platform/M-S-SaaS-apex-deliver/frontend/src/components/marketing/EnhancedHeroSection.tsx:13:71)
    at Router (file:///C:/Projects/ma-saas-platform/M-S-SaaS-apex-deliver/frontend/node_modules/react-router/dist/development/chunk-OIYGIGL5.mjs:6066:13)
    at BrowserRouter (file:///C:/Projects/ma-saas-platform/M-S-SaaS-apex-deliver/frontend/node_modules/react-router/dist/development/chunk-OIYGIGL5.mjs:9209:3)
    at RouterWrapper (C:/Projects/ma-saas-platform/M-S-SaaS-apex-deliver/frontend/src/components/marketing/EnhancedHeroSection.test.tsx:11:26)
Warning: React.jsx: type is invalid -- expected a string (for built-in components) or a class/function (for composite components) but got: undefined. You likely forgot to export your component from the file it's defined in, or you might have mixed up default and named imports.

Check the render method of `EnhancedHeroSection`.
    at EnhancedHeroSection (C:/Projects/ma-saas-platform/M-S-SaaS-apex-deliver/frontend/src/components/marketing/EnhancedHeroSection.tsx:13:71)
    at Router (file:///C:/Projects/ma-saas-platform/M-S-SaaS-apex-deliver/frontend/node_modules/react-router/dist/development/chunk-OIYGIGL5.mjs:6066:13)
    at BrowserRouter (file:///C:/Projects/ma-saas-platform/M-S-SaaS-apex-deliver/frontend/node_modules/react-router/dist/development/chunk-OIYGIGL5.mjs:9209:3)
    at RouterWrapper (C:/Projects/ma-saas-platform/M-S-SaaS-apex-deliver/frontend/src/components/marketing/EnhancedHeroSection.test.tsx:11:26)
Error: Element type is invalid: expected a string (for built-in components) or a class/function (for composite components) but got: undefined. You likely forgot to export your component from the file it's defined in, or you might have mixed up default and named imports.

Check the render method of `EnhancedHeroSection`.
    at createFiberFromTypeAndProps (C:\Projects\ma-saas-platform\M-S-SaaS-apex-deliver\frontend\node_modules\react-dom\cjs\react-dom.development.js:28478:17)
    at createFiberFromElement (C:\Projects\ma-saas-platform\M-S-SaaS-apex-deliver\frontend\node_modules\react-dom\cjs\react-dom.development.js:28504:15)
    at reconcileSingleElement (C:\Projects\ma-saas-platform\M-S-SaaS-apex-deliver\frontend\node_modules\react-dom\cjs\react-dom.development.js:13986:23)
    at reconcileChildFibers (C:\Projects\ma-saas-platform\M-S-SaaS-apex-deliver\frontend\node_modules\react-dom\cjs\react-dom.development.js:14044:35)
    at reconcileChildren (C:\Projects\ma-saas-platform\M-S-SaaS-apex-deliver\frontend\node_modules\react-dom\cjs\react-dom.development.js:19186:28)
    at updateHostComponent (C:\Projects\ma-saas-platform\M-S-SaaS-apex-deliver\frontend\node_modules\react-dom\cjs\react-dom.development.js:19953:3)
    at beginWork (C:\Projects\ma-saas-platform\M-S-SaaS-apex-deliver\frontend\node_modules\react-dom\cjs\react-dom.development.js:21657:14)
    at HTMLUnknownElement.callCallback (C:\Projects\ma-saas-platform\M-S-SaaS-apex-deliver\frontend\node_modules\react-dom\cjs\react-dom.development.js:4164:14)
    at HTMLUnknownElement.callTheUserObjectsOperation (C:\Projects\ma-saas-platform\M-S-SaaS-apex-deliver\frontend\node_modules\jsdom\lib\jsdom\living\generated\EventListener.js:26:30)
    at innerInvokeEventListeners (C:\Projects\ma-saas-platform\M-S-SaaS-apex-deliver\frontend\node_modules\jsdom\lib\jsdom\living\events\EventTarget-impl.js:360:16)
Error: Element type is invalid: expected a string (for built-in components) or a class/function (for composite components) but got: undefined. You likely forgot to export your component from the file it's defined in, or you might have mixed up default and named imports.

Check the render method of `EnhancedHeroSection`.
    at createFiberFromTypeAndProps (C:\Projects\ma-saas-platform\M-S-SaaS-apex-deliver\frontend\node_modules\react-dom\cjs\react-dom.development.js:28478:17)
    at createFiberFromElement (C:\Projects\ma-saas-platform\M-S-SaaS-apex-deliver\frontend\node_modules\react-dom\cjs\react-dom.development.js:28504:15)
    at reconcileSingleElement (C:\Projects\ma-saas-platform\M-S-SaaS-apex-deliver\frontend\node_modules\react-dom\cjs\react-dom.development.js:13986:23)
    at reconcileChildFibers (C:\Projects\ma-saas-platform\M-S-SaaS-apex-deliver\frontend\node_modules\react-dom\cjs\react-dom.development.js:14044:35)
    at reconcileChildren (C:\Projects\ma-saas-platform\M-S-SaaS-apex-deliver\frontend\node_modules\react-dom\cjs\react-dom.development.js:19186:28)
    at updateHostComponent (C:\Projects\ma-saas-platform\M-S-SaaS-apex-deliver\frontend\node_modules\react-dom\cjs\react-dom.development.js:19953:3)
    at beginWork (C:\Projects\ma-saas-platform\M-S-SaaS-apex-deliver\frontend\node_modules\react-dom\cjs\react-dom.development.js:21657:14)
    at HTMLUnknownElement.callCallback (C:\Projects\ma-saas-platform\M-S-SaaS-apex-deliver\frontend\node_modules\react-dom\cjs\react-dom.development.js:4164:14)
    at HTMLUnknownElement.callTheUserObjectsOperation (C:\Projects\ma-saas-platform\M-S-SaaS-apex-deliver\frontend\node_modules\jsdom\lib\jsdom\living\generated\EventListener.js:26:30)
    at innerInvokeEventListeners (C:\Projects\ma-saas-platform\M-S-SaaS-apex-deliver\frontend\node_modules\jsdom\lib\jsdom\living\events\EventTarget-impl.js:360:16)
The above error occurred in the <a> component:

    at a
    at LinkWithRef (file:///C:/Projects/ma-saas-platform/M-S-SaaS-apex-deliver/frontend/node_modules/react-router/dist/development/chunk-OIYGIGL5.mjs:9299:5)
    at div
    at div
    at div
    at div
    at section
    at EnhancedHeroSection (C:/Projects/ma-saas-platform/M-S-SaaS-apex-deliver/frontend/src/components/marketing/EnhancedHeroSection.tsx:13:71)
    at Router (file:///C:/Projects/ma-saas-platform/M-S-SaaS-apex-deliver/frontend/node_modules/react-router/dist/development/chunk-OIYGIGL5.mjs:6066:13)
    at BrowserRouter (file:///C:/Projects/ma-saas-platform/M-S-SaaS-apex-deliver/frontend/node_modules/react-router/dist/development/chunk-OIYGIGL5.mjs:9209:3)
    at RouterWrapper (C:/Projects/ma-saas-platform/M-S-SaaS-apex-deliver/frontend/src/components/marketing/EnhancedHeroSection.test.tsx:11:26)

Consider adding an error boundary to your tree to customize error handling behavior.
Visit https://reactjs.org/link/error-boundaries to learn more about error boundaries.
The above error occurred in the <a> component:

    at a
    at LinkWithRef (file:///C:/Projects/ma-saas-platform/M-S-SaaS-apex-deliver/frontend/node_modules/react-router/dist/development/chunk-OIYGIGL5.mjs:9299:5)
    at div
    at div
    at div
    at div
    at section
    at EnhancedHeroSection (C:/Projects/ma-saas-platform/M-S-SaaS-apex-deliver/frontend/src/components/marketing/EnhancedHeroSection.tsx:13:71)
    at Router (file:///C:/Projects/ma-saas-platform/M-S-SaaS-apex-deliver/frontend/node_modules/react-router/dist/development/chunk-OIYGIGL5.mjs:6066:13)
    at BrowserRouter (file:///C:/Projects/ma-saas-platform/M-S-SaaS-apex-deliver/frontend/node_modules/react-router/dist/development/chunk-OIYGIGL5.mjs:9209:3)
    at RouterWrapper (C:/Projects/ma-saas-platform/M-S-SaaS-apex-deliver/frontend/src/components/marketing/EnhancedHeroSection.test.tsx:11:26)

Consider adding an error boundary to your tree to customize error handling behavior.
Visit https://reactjs.org/link/error-boundaries to learn more about error boundaries.

[90mstderr[2m | src/components/marketing/EnhancedHeroSection.test.tsx[2m > [22m[2mEnhancedHeroSection[2m > [22m[2manimates user count from 0 to 500
[22m[39mWarning: React.jsx: type is invalid -- expected a string (for built-in components) or a class/function (for composite components) but got: undefined. You likely forgot to export your component from the file it's defined in, or you might have mixed up default and named imports.

Check the render method of `EnhancedHeroSection`.
    at EnhancedHeroSection (C:/Projects/ma-saas-platform/M-S-SaaS-apex-deliver/frontend/src/components/marketing/EnhancedHeroSection.tsx:13:71)
    at Router (file:///C:/Projects/ma-saas-platform/M-S-SaaS-apex-deliver/frontend/node_modules/react-router/dist/development/chunk-OIYGIGL5.mjs:6066:13)
    at BrowserRouter (file:///C:/Projects/ma-saas-platform/M-S-SaaS-apex-deliver/frontend/node_modules/react-router/dist/development/chunk-OIYGIGL5.mjs:9209:3)
    at RouterWrapper (C:/Projects/ma-saas-platform/M-S-SaaS-apex-deliver/frontend/src/components/marketing/EnhancedHeroSection.test.tsx:11:26)
Warning: React.jsx: type is invalid -- expected a string (for built-in components) or a class/function (for composite components) but got: undefined. You likely forgot to export your component from the file it's defined in, or you might have mixed up default and named imports.

Check the render method of `EnhancedHeroSection`.
    at EnhancedHeroSection (C:/Projects/ma-saas-platform/M-S-SaaS-apex-deliver/frontend/src/components/marketing/EnhancedHeroSection.tsx:13:71)
    at Router (file:///C:/Projects/ma-saas-platform/M-S-SaaS-apex-deliver/frontend/node_modules/react-router/dist/development/chunk-OIYGIGL5.mjs:6066:13)
    at BrowserRouter (file:///C:/Projects/ma-saas-platform/M-S-SaaS-apex-deliver/frontend/node_modules/react-router/dist/development/chunk-OIYGIGL5.mjs:9209:3)
    at RouterWrapper (C:/Projects/ma-saas-platform/M-S-SaaS-apex-deliver/frontend/src/components/marketing/EnhancedHeroSection.test.tsx:11:26)
Error: Element type is invalid: expected a string (for built-in components) or a class/function (for composite components) but got: undefined. You likely forgot to export your component from the file it's defined in, or you might have mixed up default and named imports.

Check the render method of `EnhancedHeroSection`.
    at createFiberFromTypeAndProps (C:\Projects\ma-saas-platform\M-S-SaaS-apex-deliver\frontend\node_modules\react-dom\cjs\react-dom.development.js:28478:17)
    at createFiberFromElement (C:\Projects\ma-saas-platform\M-S-SaaS-apex-deliver\frontend\node_modules\react-dom\cjs\react-dom.development.js:28504:15)
    at reconcileSingleElement (C:\Projects\ma-saas-platform\M-S-SaaS-apex-deliver\frontend\node_modules\react-dom\cjs\react-dom.development.js:13986:23)
    at reconcileChildFibers (C:\Projects\ma-saas-platform\M-S-SaaS-apex-deliver\frontend\node_modules\react-dom\cjs\react-dom.development.js:14044:35)
    at reconcileChildren (C:\Projects\ma-saas-platform\M-S-SaaS-apex-deliver\frontend\node_modules\react-dom\cjs\react-dom.development.js:19186:28)
    at updateHostComponent (C:\Projects\ma-saas-platform\M-S-SaaS-apex-deliver\frontend\node_modules\react-dom\cjs\react-dom.development.js:19953:3)
    at beginWork (C:\Projects\ma-saas-platform\M-S-SaaS-apex-deliver\frontend\node_modules\react-dom\cjs\react-dom.development.js:21657:14)
    at HTMLUnknownElement.callCallback (C:\Projects\ma-saas-platform\M-S-SaaS-apex-deliver\frontend\node_modules\react-dom\cjs\react-dom.development.js:4164:14)
    at HTMLUnknownElement.callTheUserObjectsOperation (C:\Projects\ma-saas-platform\M-S-SaaS-apex-deliver\frontend\node_modules\jsdom\lib\jsdom\living\generated\EventListener.js:26:30)
    at innerInvokeEventListeners (C:\Projects\ma-saas-platform\M-S-SaaS-apex-deliver\frontend\node_modules\jsdom\lib\jsdom\living\events\EventTarget-impl.js:360:16)
Error: Element type is invalid: expected a string (for built-in components) or a class/function (for composite components) but got: undefined. You likely forgot to export your component from the file it's defined in, or you might have mixed up default and named imports.

Check the render method of `EnhancedHeroSection`.
    at createFiberFromTypeAndProps (C:\Projects\ma-saas-platform\M-S-SaaS-apex-deliver\frontend\node_modules\react-dom\cjs\react-dom.development.js:28478:17)
    at createFiberFromElement (C:\Projects\ma-saas-platform\M-S-SaaS-apex-deliver\frontend\node_modules\react-dom\cjs\react-dom.development.js:28504:15)
    at reconcileSingleElement (C:\Projects\ma-saas-platform\M-S-SaaS-apex-deliver\frontend\node_modules\react-dom\cjs\react-dom.development.js:13986:23)
    at reconcileChildFibers (C:\Projects\ma-saas-platform\M-S-SaaS-apex-deliver\frontend\node_modules\react-dom\cjs\react-dom.development.js:14044:35)
    at reconcileChildren (C:\Projects\ma-saas-platform\M-S-SaaS-apex-deliver\frontend\node_modules\react-dom\cjs\react-dom.development.js:19186:28)
    at updateHostComponent (C:\Projects\ma-saas-platform\M-S-SaaS-apex-deliver\frontend\node_modules\react-dom\cjs\react-dom.development.js:19953:3)
    at beginWork (C:\Projects\ma-saas-platform\M-S-SaaS-apex-deliver\frontend\node_modules\react-dom\cjs\react-dom.development.js:21657:14)
    at HTMLUnknownElement.callCallback (C:\Projects\ma-saas-platform\M-S-SaaS-apex-deliver\frontend\node_modules\react-dom\cjs\react-dom.development.js:4164:14)
    at HTMLUnknownElement.callTheUserObjectsOperation (C:\Projects\ma-saas-platform\M-S-SaaS-apex-deliver\frontend\node_modules\jsdom\lib\jsdom\living\generated\EventListener.js:26:30)
    at innerInvokeEventListeners (C:\Projects\ma-saas-platform\M-S-SaaS-apex-deliver\frontend\node_modules\jsdom\lib\jsdom\living\events\EventTarget-impl.js:360:16)
Warning: React.jsx: type is invalid -- expected a string (for built-in components) or a class/function (for composite components) but got: undefined. You likely forgot to export your component from the file it's defined in, or you might have mixed up default and named imports.

Check the render method of `EnhancedHeroSection`.
    at EnhancedHeroSection (C:/Projects/ma-saas-platform/M-S-SaaS-apex-deliver/frontend/src/components/marketing/EnhancedHeroSection.tsx:13:71)
    at Router (file:///C:/Projects/ma-saas-platform/M-S-SaaS-apex-deliver/frontend/node_modules/react-router/dist/development/chunk-OIYGIGL5.mjs:6066:13)
    at BrowserRouter (file:///C:/Projects/ma-saas-platform/M-S-SaaS-apex-deliver/frontend/node_modules/react-router/dist/development/chunk-OIYGIGL5.mjs:9209:3)
    at RouterWrapper (C:/Projects/ma-saas-platform/M-S-SaaS-apex-deliver/frontend/src/components/marketing/EnhancedHeroSection.test.tsx:11:26)
Warning: React.jsx: type is invalid -- expected a string (for built-in components) or a class/function (for composite components) but got: undefined. You likely forgot to export your component from the file it's defined in, or you might have mixed up default and named imports.

Check the render method of `EnhancedHeroSection`.
    at EnhancedHeroSection (C:/Projects/ma-saas-platform/M-S-SaaS-apex-deliver/frontend/src/components/marketing/EnhancedHeroSection.tsx:13:71)
    at Router (file:///C:/Projects/ma-saas-platform/M-S-SaaS-apex-deliver/frontend/node_modules/react-router/dist/development/chunk-OIYGIGL5.mjs:6066:13)
    at BrowserRouter (file:///C:/Projects/ma-saas-platform/M-S-SaaS-apex-deliver/frontend/node_modules/react-router/dist/development/chunk-OIYGIGL5.mjs:9209:3)
    at RouterWrapper (C:/Projects/ma-saas-platform/M-S-SaaS-apex-deliver/frontend/src/components/marketing/EnhancedHeroSection.test.tsx:11:26)
Error: Element type is invalid: expected a string (for built-in components) or a class/function (for composite components) but got: undefined. You likely forgot to export your component from the file it's defined in, or you might have mixed up default and named imports.

Check the render method of `EnhancedHeroSection`.
    at createFiberFromTypeAndProps (C:\Projects\ma-saas-platform\M-S-SaaS-apex-deliver\frontend\node_modules\react-dom\cjs\react-dom.development.js:28478:17)
    at createFiberFromElement (C:\Projects\ma-saas-platform\M-S-SaaS-apex-deliver\frontend\node_modules\react-dom\cjs\react-dom.development.js:28504:15)
    at reconcileSingleElement (C:\Projects\ma-saas-platform\M-S-SaaS-apex-deliver\frontend\node_modules\react-dom\cjs\react-dom.development.js:13986:23)
    at reconcileChildFibers (C:\Projects\ma-saas-platform\M-S-SaaS-apex-deliver\frontend\node_modules\react-dom\cjs\react-dom.development.js:14044:35)
    at reconcileChildren (C:\Projects\ma-saas-platform\M-S-SaaS-apex-deliver\frontend\node_modules\react-dom\cjs\react-dom.development.js:19186:28)
    at updateHostComponent (C:\Projects\ma-saas-platform\M-S-SaaS-apex-deliver\frontend\node_modules\react-dom\cjs\react-dom.development.js:19953:3)
    at beginWork (C:\Projects\ma-saas-platform\M-S-SaaS-apex-deliver\frontend\node_modules\react-dom\cjs\react-dom.development.js:21657:14)
    at HTMLUnknownElement.callCallback (C:\Projects\ma-saas-platform\M-S-SaaS-apex-deliver\frontend\node_modules\react-dom\cjs\react-dom.development.js:4164:14)
    at HTMLUnknownElement.callTheUserObjectsOperation (C:\Projects\ma-saas-platform\M-S-SaaS-apex-deliver\frontend\node_modules\jsdom\lib\jsdom\living\generated\EventListener.js:26:30)
    at innerInvokeEventListeners (C:\Projects\ma-saas-platform\M-S-SaaS-apex-deliver\frontend\node_modules\jsdom\lib\jsdom\living\events\EventTarget-impl.js:360:16)
Error: Element type is invalid: expected a string (for built-in components) or a class/function (for composite components) but got: undefined. You likely forgot to export your component from the file it's defined in, or you might have mixed up default and named imports.

Check the render method of `EnhancedHeroSection`.
    at createFiberFromTypeAndProps (C:\Projects\ma-saas-platform\M-S-SaaS-apex-deliver\frontend\node_modules\react-dom\cjs\react-dom.development.js:28478:17)
    at createFiberFromElement (C:\Projects\ma-saas-platform\M-S-SaaS-apex-deliver\frontend\node_modules\react-dom\cjs\react-dom.development.js:28504:15)
    at reconcileSingleElement (C:\Projects\ma-saas-platform\M-S-SaaS-apex-deliver\frontend\node_modules\react-dom\cjs\react-dom.development.js:13986:23)
    at reconcileChildFibers (C:\Projects\ma-saas-platform\M-S-SaaS-apex-deliver\frontend\node_modules\react-dom\cjs\react-dom.development.js:14044:35)
    at reconcileChildren (C:\Projects\ma-saas-platform\M-S-SaaS-apex-deliver\frontend\node_modules\react-dom\cjs\react-dom.development.js:19186:28)
    at updateHostComponent (C:\Projects\ma-saas-platform\M-S-SaaS-apex-deliver\frontend\node_modules\react-dom\cjs\react-dom.development.js:19953:3)
    at beginWork (C:\Projects\ma-saas-platform\M-S-SaaS-apex-deliver\frontend\node_modules\react-dom\cjs\react-dom.development.js:21657:14)
    at HTMLUnknownElement.callCallback (C:\Projects\ma-saas-platform\M-S-SaaS-apex-deliver\frontend\node_modules\react-dom\cjs\react-dom.development.js:4164:14)
    at HTMLUnknownElement.callTheUserObjectsOperation (C:\Projects\ma-saas-platform\M-S-SaaS-apex-deliver\frontend\node_modules\jsdom\lib\jsdom\living\generated\EventListener.js:26:30)
    at innerInvokeEventListeners (C:\Projects\ma-saas-platform\M-S-SaaS-apex-deliver\frontend\node_modules\jsdom\lib\jsdom\living\events\EventTarget-impl.js:360:16)
The above error occurred in the <a> component:

    at a
    at LinkWithRef (file:///C:/Projects/ma-saas-platform/M-S-SaaS-apex-deliver/frontend/node_modules/react-router/dist/development/chunk-OIYGIGL5.mjs:9299:5)
    at div
    at div
    at div
    at div
    at section
    at EnhancedHeroSection (C:/Projects/ma-saas-platform/M-S-SaaS-apex-deliver/frontend/src/components/marketing/EnhancedHeroSection.tsx:13:71)
    at Router (file:///C:/Projects/ma-saas-platform/M-S-SaaS-apex-deliver/frontend/node_modules/react-router/dist/development/chunk-OIYGIGL5.mjs:6066:13)
    at BrowserRouter (file:///C:/Projects/ma-saas-platform/M-S-SaaS-apex-deliver/frontend/node_modules/react-router/dist/development/chunk-OIYGIGL5.mjs:9209:3)
    at RouterWrapper (C:/Projects/ma-saas-platform/M-S-SaaS-apex-deliver/frontend/src/components/marketing/EnhancedHeroSection.test.tsx:11:26)

Consider adding an error boundary to your tree to customize error handling behavior.
Visit https://reactjs.org/link/error-boundaries to learn more about error boundaries.
The above error occurred in the <a> component:

    at a
    at LinkWithRef (file:///C:/Projects/ma-saas-platform/M-S-SaaS-apex-deliver/frontend/node_modules/react-router/dist/development/chunk-OIYGIGL5.mjs:9299:5)
    at div
    at div
    at div
    at div
    at section
    at EnhancedHeroSection (C:/Projects/ma-saas-platform/M-S-SaaS-apex-deliver/frontend/src/components/marketing/EnhancedHeroSection.tsx:13:71)
    at Router (file:///C:/Projects/ma-saas-platform/M-S-SaaS-apex-deliver/frontend/node_modules/react-router/dist/development/chunk-OIYGIGL5.mjs:6066:13)
    at BrowserRouter (file:///C:/Projects/ma-saas-platform/M-S-SaaS-apex-deliver/frontend/node_modules/react-router/dist/development/chunk-OIYGIGL5.mjs:9209:3)
    at RouterWrapper (C:/Projects/ma-saas-platform/M-S-SaaS-apex-deliver/frontend/src/components/marketing/EnhancedHeroSection.test.tsx:11:26)

Consider adding an error boundary to your tree to customize error handling behavior.
Visit https://reactjs.org/link/error-boundaries to learn more about error boundaries.

[90mstderr[2m | src/components/marketing/EnhancedHeroSection.test.tsx[2m > [22m[2mEnhancedHeroSection[2m > [22m[2mdisplays dashboard preview stats
[22m[39mWarning: React.jsx: type is invalid -- expected a string (for built-in components) or a class/function (for composite components) but got: undefined. You likely forgot to export your component from the file it's defined in, or you might have mixed up default and named imports.

Check the render method of `EnhancedHeroSection`.
    at EnhancedHeroSection (C:/Projects/ma-saas-platform/M-S-SaaS-apex-deliver/frontend/src/components/marketing/EnhancedHeroSection.tsx:13:71)
    at Router (file:///C:/Projects/ma-saas-platform/M-S-SaaS-apex-deliver/frontend/node_modules/react-router/dist/development/chunk-OIYGIGL5.mjs:6066:13)
    at BrowserRouter (file:///C:/Projects/ma-saas-platform/M-S-SaaS-apex-deliver/frontend/node_modules/react-router/dist/development/chunk-OIYGIGL5.mjs:9209:3)
    at RouterWrapper (C:/Projects/ma-saas-platform/M-S-SaaS-apex-deliver/frontend/src/components/marketing/EnhancedHeroSection.test.tsx:11:26)
Warning: React.jsx: type is invalid -- expected a string (for built-in components) or a class/function (for composite components) but got: undefined. You likely forgot to export your component from the file it's defined in, or you might have mixed up default and named imports.

Check the render method of `EnhancedHeroSection`.
    at EnhancedHeroSection (C:/Projects/ma-saas-platform/M-S-SaaS-apex-deliver/frontend/src/components/marketing/EnhancedHeroSection.tsx:13:71)
    at Router (file:///C:/Projects/ma-saas-platform/M-S-SaaS-apex-deliver/frontend/node_modules/react-router/dist/development/chunk-OIYGIGL5.mjs:6066:13)
    at BrowserRouter (file:///C:/Projects/ma-saas-platform/M-S-SaaS-apex-deliver/frontend/node_modules/react-router/dist/development/chunk-OIYGIGL5.mjs:9209:3)
    at RouterWrapper (C:/Projects/ma-saas-platform/M-S-SaaS-apex-deliver/frontend/src/components/marketing/EnhancedHeroSection.test.tsx:11:26)
Error: Element type is invalid: expected a string (for built-in components) or a class/function (for composite components) but got: undefined. You likely forgot to export your component from the file it's defined in, or you might have mixed up default and named imports.

Check the render method of `EnhancedHeroSection`.
    at createFiberFromTypeAndProps (C:\Projects\ma-saas-platform\M-S-SaaS-apex-deliver\frontend\node_modules\react-dom\cjs\react-dom.development.js:28478:17)
    at createFiberFromElement (C:\Projects\ma-saas-platform\M-S-SaaS-apex-deliver\frontend\node_modules\react-dom\cjs\react-dom.development.js:28504:15)
    at reconcileSingleElement (C:\Projects\ma-saas-platform\M-S-SaaS-apex-deliver\frontend\node_modules\react-dom\cjs\react-dom.development.js:13986:23)
    at reconcileChildFibers (C:\Projects\ma-saas-platform\M-S-SaaS-apex-deliver\frontend\node_modules\react-dom\cjs\react-dom.development.js:14044:35)
    at reconcileChildren (C:\Projects\ma-saas-platform\M-S-SaaS-apex-deliver\frontend\node_modules\react-dom\cjs\react-dom.development.js:19186:28)
    at updateHostComponent (C:\Projects\ma-saas-platform\M-S-SaaS-apex-deliver\frontend\node_modules\react-dom\cjs\react-dom.development.js:19953:3)
    at beginWork (C:\Projects\ma-saas-platform\M-S-SaaS-apex-deliver\frontend\node_modules\react-dom\cjs\react-dom.development.js:21657:14)
    at HTMLUnknownElement.callCallback (C:\Projects\ma-saas-platform\M-S-SaaS-apex-deliver\frontend\node_modules\react-dom\cjs\react-dom.development.js:4164:14)
    at HTMLUnknownElement.callTheUserObjectsOperation (C:\Projects\ma-saas-platform\M-S-SaaS-apex-deliver\frontend\node_modules\jsdom\lib\jsdom\living\generated\EventListener.js:26:30)
    at innerInvokeEventListeners (C:\Projects\ma-saas-platform\M-S-SaaS-apex-deliver\frontend\node_modules\jsdom\lib\jsdom\living\events\EventTarget-impl.js:360:16)
Error: Element type is invalid: expected a string (for built-in components) or a class/function (for composite components) but got: undefined. You likely forgot to export your component from the file it's defined in, or you might have mixed up default and named imports.

Check the render method of `EnhancedHeroSection`.
    at createFiberFromTypeAndProps (C:\Projects\ma-saas-platform\M-S-SaaS-apex-deliver\frontend\node_modules\react-dom\cjs\react-dom.development.js:28478:17)
    at createFiberFromElement (C:\Projects\ma-saas-platform\M-S-SaaS-apex-deliver\frontend\node_modules\react-dom\cjs\react-dom.development.js:28504:15)
    at reconcileSingleElement (C:\Projects\ma-saas-platform\M-S-SaaS-apex-deliver\frontend\node_modules\react-dom\cjs\react-dom.development.js:13986:23)
    at reconcileChildFibers (C:\Projects\ma-saas-platform\M-S-SaaS-apex-deliver\frontend\node_modules\react-dom\cjs\react-dom.development.js:14044:35)
    at reconcileChildren (C:\Projects\ma-saas-platform\M-S-SaaS-apex-deliver\frontend\node_modules\react-dom\cjs\react-dom.development.js:19186:28)
    at updateHostComponent (C:\Projects\ma-saas-platform\M-S-SaaS-apex-deliver\frontend\node_modules\react-dom\cjs\react-dom.development.js:19953:3)
    at beginWork (C:\Projects\ma-saas-platform\M-S-SaaS-apex-deliver\frontend\node_modules\react-dom\cjs\react-dom.development.js:21657:14)
    at HTMLUnknownElement.callCallback (C:\Projects\ma-saas-platform\M-S-SaaS-apex-deliver\frontend\node_modules\react-dom\cjs\react-dom.development.js:4164:14)
    at HTMLUnknownElement.callTheUserObjectsOperation (C:\Projects\ma-saas-platform\M-S-SaaS-apex-deliver\frontend\node_modules\jsdom\lib\jsdom\living\generated\EventListener.js:26:30)
    at innerInvokeEventListeners (C:\Projects\ma-saas-platform\M-S-SaaS-apex-deliver\frontend\node_modules\jsdom\lib\jsdom\living\events\EventTarget-impl.js:360:16)
Warning: React.jsx: type is invalid -- expected a string (for built-in components) or a class/function (for composite components) but got: undefined. You likely forgot to export your component from the file it's defined in, or you might have mixed up default and named imports.

Check the render method of `EnhancedHeroSection`.
    at EnhancedHeroSection (C:/Projects/ma-saas-platform/M-S-SaaS-apex-deliver/frontend/src/components/marketing/EnhancedHeroSection.tsx:13:71)
    at Router (file:///C:/Projects/ma-saas-platform/M-S-SaaS-apex-deliver/frontend/node_modules/react-router/dist/development/chunk-OIYGIGL5.mjs:6066:13)
    at BrowserRouter (file:///C:/Projects/ma-saas-platform/M-S-SaaS-apex-deliver/frontend/node_modules/react-router/dist/development/chunk-OIYGIGL5.mjs:9209:3)
    at RouterWrapper (C:/Projects/ma-saas-platform/M-S-SaaS-apex-deliver/frontend/src/components/marketing/EnhancedHeroSection.test.tsx:11:26)
Warning: React.jsx: type is invalid -- expected a string (for built-in components) or a class/function (for composite components) but got: undefined. You likely forgot to export your component from the file it's defined in, or you might have mixed up default and named imports.

Check the render method of `EnhancedHeroSection`.
    at EnhancedHeroSection (C:/Projects/ma-saas-platform/M-S-SaaS-apex-deliver/frontend/src/components/marketing/EnhancedHeroSection.tsx:13:71)
    at Router (file:///C:/Projects/ma-saas-platform/M-S-SaaS-apex-deliver/frontend/node_modules/react-router/dist/development/chunk-OIYGIGL5.mjs:6066:13)
    at BrowserRouter (file:///C:/Projects/ma-saas-platform/M-S-SaaS-apex-deliver/frontend/node_modules/react-router/dist/development/chunk-OIYGIGL5.mjs:9209:3)
    at RouterWrapper (C:/Projects/ma-saas-platform/M-S-SaaS-apex-deliver/frontend/src/components/marketing/EnhancedHeroSection.test.tsx:11:26)
Error: Element type is invalid: expected a string (for built-in components) or a class/function (for composite components) but got: undefined. You likely forgot to export your component from the file it's defined in, or you might have mixed up default and named imports.

Check the render method of `EnhancedHeroSection`.
    at createFiberFromTypeAndProps (C:\Projects\ma-saas-platform\M-S-SaaS-apex-deliver\frontend\node_modules\react-dom\cjs\react-dom.development.js:28478:17)
    at createFiberFromElement (C:\Projects\ma-saas-platform\M-S-SaaS-apex-deliver\frontend\node_modules\react-dom\cjs\react-dom.development.js:28504:15)
    at reconcileSingleElement (C:\Projects\ma-saas-platform\M-S-SaaS-apex-deliver\frontend\node_modules\react-dom\cjs\react-dom.development.js:13986:23)
    at reconcileChildFibers (C:\Projects\ma-saas-platform\M-S-SaaS-apex-deliver\frontend\node_modules\react-dom\cjs\react-dom.development.js:14044:35)
    at reconcileChildren (C:\Projects\ma-saas-platform\M-S-SaaS-apex-deliver\frontend\node_modules\react-dom\cjs\react-dom.development.js:19186:28)
    at updateHostComponent (C:\Projects\ma-saas-platform\M-S-SaaS-apex-deliver\frontend\node_modules\react-dom\cjs\react-dom.development.js:19953:3)
    at beginWork (C:\Projects\ma-saas-platform\M-S-SaaS-apex-deliver\frontend\node_modules\react-dom\cjs\react-dom.development.js:21657:14)
    at HTMLUnknownElement.callCallback (C:\Projects\ma-saas-platform\M-S-SaaS-apex-deliver\frontend\node_modules\react-dom\cjs\react-dom.development.js:4164:14)
    at HTMLUnknownElement.callTheUserObjectsOperation (C:\Projects\ma-saas-platform\M-S-SaaS-apex-deliver\frontend\node_modules\jsdom\lib\jsdom\living\generated\EventListener.js:26:30)
    at innerInvokeEventListeners (C:\Projects\ma-saas-platform\M-S-SaaS-apex-deliver\frontend\node_modules\jsdom\lib\jsdom\living\events\EventTarget-impl.js:360:16)
Error: Element type is invalid: expected a string (for built-in components) or a class/function (for composite components) but got: undefined. You likely forgot to export your component from the file it's defined in, or you might have mixed up default and named imports.

Check the render method of `EnhancedHeroSection`.
    at createFiberFromTypeAndProps (C:\Projects\ma-saas-platform\M-S-SaaS-apex-deliver\frontend\node_modules\react-dom\cjs\react-dom.development.js:28478:17)
    at createFiberFromElement (C:\Projects\ma-saas-platform\M-S-SaaS-apex-deliver\frontend\node_modules\react-dom\cjs\react-dom.development.js:28504:15)
    at reconcileSingleElement (C:\Projects\ma-saas-platform\M-S-SaaS-apex-deliver\frontend\node_modules\react-dom\cjs\react-dom.development.js:13986:23)
    at reconcileChildFibers (C:\Projects\ma-saas-platform\M-S-SaaS-apex-deliver\frontend\node_modules\react-dom\cjs\react-dom.development.js:14044:35)
    at reconcileChildren (C:\Projects\ma-saas-platform\M-S-SaaS-apex-deliver\frontend\node_modules\react-dom\cjs\react-dom.development.js:19186:28)
    at updateHostComponent (C:\Projects\ma-saas-platform\M-S-SaaS-apex-deliver\frontend\node_modules\react-dom\cjs\react-dom.development.js:19953:3)
    at beginWork (C:\Projects\ma-saas-platform\M-S-SaaS-apex-deliver\frontend\node_modules\react-dom\cjs\react-dom.development.js:21657:14)
    at HTMLUnknownElement.callCallback (C:\Projects\ma-saas-platform\M-S-SaaS-apex-deliver\frontend\node_modules\react-dom\cjs\react-dom.development.js:4164:14)
    at HTMLUnknownElement.callTheUserObjectsOperation (C:\Projects\ma-saas-platform\M-S-SaaS-apex-deliver\frontend\node_modules\jsdom\lib\jsdom\living\generated\EventListener.js:26:30)
    at innerInvokeEventListeners (C:\Projects\ma-saas-platform\M-S-SaaS-apex-deliver\frontend\node_modules\jsdom\lib\jsdom\living\events\EventTarget-impl.js:360:16)
The above error occurred in the <a> component:

    at a
    at LinkWithRef (file:///C:/Projects/ma-saas-platform/M-S-SaaS-apex-deliver/frontend/node_modules/react-router/dist/development/chunk-OIYGIGL5.mjs:9299:5)
    at div
    at div
    at div
    at div
    at section
    at EnhancedHeroSection (C:/Projects/ma-saas-platform/M-S-SaaS-apex-deliver/frontend/src/components/marketing/EnhancedHeroSection.tsx:13:71)
    at Router (file:///C:/Projects/ma-saas-platform/M-S-SaaS-apex-deliver/frontend/node_modules/react-router/dist/development/chunk-OIYGIGL5.mjs:6066:13)
    at BrowserRouter (file:///C:/Projects/ma-saas-platform/M-S-SaaS-apex-deliver/frontend/node_modules/react-router/dist/development/chunk-OIYGIGL5.mjs:9209:3)
    at RouterWrapper (C:/Projects/ma-saas-platform/M-S-SaaS-apex-deliver/frontend/src/components/marketing/EnhancedHeroSection.test.tsx:11:26)

Consider adding an error boundary to your tree to customize error handling behavior.
Visit https://reactjs.org/link/error-boundaries to learn more about error boundaries.
The above error occurred in the <a> component:

    at a
    at LinkWithRef (file:///C:/Projects/ma-saas-platform/M-S-SaaS-apex-deliver/frontend/node_modules/react-router/dist/development/chunk-OIYGIGL5.mjs:9299:5)
    at div
    at div
    at div
    at div
    at section
    at EnhancedHeroSection (C:/Projects/ma-saas-platform/M-S-SaaS-apex-deliver/frontend/src/components/marketing/EnhancedHeroSection.tsx:13:71)
    at Router (file:///C:/Projects/ma-saas-platform/M-S-SaaS-apex-deliver/frontend/node_modules/react-router/dist/development/chunk-OIYGIGL5.mjs:6066:13)
    at BrowserRouter (file:///C:/Projects/ma-saas-platform/M-S-SaaS-apex-deliver/frontend/node_modules/react-router/dist/development/chunk-OIYGIGL5.mjs:9209:3)
    at RouterWrapper (C:/Projects/ma-saas-platform/M-S-SaaS-apex-deliver/frontend/src/components/marketing/EnhancedHeroSection.test.tsx:11:26)

Consider adding an error boundary to your tree to customize error handling behavior.
Visit https://reactjs.org/link/error-boundaries to learn more about error boundaries.

[90mstderr[2m | src/components/marketing/EnhancedHeroSection.test.tsx[2m > [22m[2mEnhancedHeroSection[2m > [22m[2mdisplays deal pipeline stages
[22m[39mWarning: React.jsx: type is invalid -- expected a string (for built-in components) or a class/function (for composite components) but got: undefined. You likely forgot to export your component from the file it's defined in, or you might have mixed up default and named imports.

Check the render method of `EnhancedHeroSection`.
    at EnhancedHeroSection (C:/Projects/ma-saas-platform/M-S-SaaS-apex-deliver/frontend/src/components/marketing/EnhancedHeroSection.tsx:13:71)
    at Router (file:///C:/Projects/ma-saas-platform/M-S-SaaS-apex-deliver/frontend/node_modules/react-router/dist/development/chunk-OIYGIGL5.mjs:6066:13)
    at BrowserRouter (file:///C:/Projects/ma-saas-platform/M-S-SaaS-apex-deliver/frontend/node_modules/react-router/dist/development/chunk-OIYGIGL5.mjs:9209:3)
    at RouterWrapper (C:/Projects/ma-saas-platform/M-S-SaaS-apex-deliver/frontend/src/components/marketing/EnhancedHeroSection.test.tsx:11:26)
Warning: React.jsx: type is invalid -- expected a string (for built-in components) or a class/function (for composite components) but got: undefined. You likely forgot to export your component from the file it's defined in, or you might have mixed up default and named imports.

Check the render method of `EnhancedHeroSection`.
    at EnhancedHeroSection (C:/Projects/ma-saas-platform/M-S-SaaS-apex-deliver/frontend/src/components/marketing/EnhancedHeroSection.tsx:13:71)
    at Router (file:///C:/Projects/ma-saas-platform/M-S-SaaS-apex-deliver/frontend/node_modules/react-router/dist/development/chunk-OIYGIGL5.mjs:6066:13)
    at BrowserRouter (file:///C:/Projects/ma-saas-platform/M-S-SaaS-apex-deliver/frontend/node_modules/react-router/dist/development/chunk-OIYGIGL5.mjs:9209:3)
    at RouterWrapper (C:/Projects/ma-saas-platform/M-S-SaaS-apex-deliver/frontend/src/components/marketing/EnhancedHeroSection.test.tsx:11:26)
Error: Element type is invalid: expected a string (for built-in components) or a class/function (for composite components) but got: undefined. You likely forgot to export your component from the file it's defined in, or you might have mixed up default and named imports.

Check the render method of `EnhancedHeroSection`.
    at createFiberFromTypeAndProps (C:\Projects\ma-saas-platform\M-S-SaaS-apex-deliver\frontend\node_modules\react-dom\cjs\react-dom.development.js:28478:17)
    at createFiberFromElement (C:\Projects\ma-saas-platform\M-S-SaaS-apex-deliver\frontend\node_modules\react-dom\cjs\react-dom.development.js:28504:15)
    at reconcileSingleElement (C:\Projects\ma-saas-platform\M-S-SaaS-apex-deliver\frontend\node_modules\react-dom\cjs\react-dom.development.js:13986:23)
    at reconcileChildFibers (C:\Projects\ma-saas-platform\M-S-SaaS-apex-deliver\frontend\node_modules\react-dom\cjs\react-dom.development.js:14044:35)
    at reconcileChildren (C:\Projects\ma-saas-platform\M-S-SaaS-apex-deliver\frontend\node_modules\react-dom\cjs\react-dom.development.js:19186:28)
    at updateHostComponent (C:\Projects\ma-saas-platform\M-S-SaaS-apex-deliver\frontend\node_modules\react-dom\cjs\react-dom.development.js:19953:3)
    at beginWork (C:\Projects\ma-saas-platform\M-S-SaaS-apex-deliver\frontend\node_modules\react-dom\cjs\react-dom.development.js:21657:14)
    at HTMLUnknownElement.callCallback (C:\Projects\ma-saas-platform\M-S-SaaS-apex-deliver\frontend\node_modules\react-dom\cjs\react-dom.development.js:4164:14)
    at HTMLUnknownElement.callTheUserObjectsOperation (C:\Projects\ma-saas-platform\M-S-SaaS-apex-deliver\frontend\node_modules\jsdom\lib\jsdom\living\generated\EventListener.js:26:30)
    at innerInvokeEventListeners (C:\Projects\ma-saas-platform\M-S-SaaS-apex-deliver\frontend\node_modules\jsdom\lib\jsdom\living\events\EventTarget-impl.js:360:16)
Error: Element type is invalid: expected a string (for built-in components) or a class/function (for composite components) but got: undefined. You likely forgot to export your component from the file it's defined in, or you might have mixed up default and named imports.

Check the render method of `EnhancedHeroSection`.
    at createFiberFromTypeAndProps (C:\Projects\ma-saas-platform\M-S-SaaS-apex-deliver\frontend\node_modules\react-dom\cjs\react-dom.development.js:28478:17)
    at createFiberFromElement (C:\Projects\ma-saas-platform\M-S-SaaS-apex-deliver\frontend\node_modules\react-dom\cjs\react-dom.development.js:28504:15)
    at reconcileSingleElement (C:\Projects\ma-saas-platform\M-S-SaaS-apex-deliver\frontend\node_modules\react-dom\cjs\react-dom.development.js:13986:23)
    at reconcileChildFibers (C:\Projects\ma-saas-platform\M-S-SaaS-apex-deliver\frontend\node_modules\react-dom\cjs\react-dom.development.js:14044:35)
    at reconcileChildren (C:\Projects\ma-saas-platform\M-S-SaaS-apex-deliver\frontend\node_modules\react-dom\cjs\react-dom.development.js:19186:28)
    at updateHostComponent (C:\Projects\ma-saas-platform\M-S-SaaS-apex-deliver\frontend\node_modules\react-dom\cjs\react-dom.development.js:19953:3)
    at beginWork (C:\Projects\ma-saas-platform\M-S-SaaS-apex-deliver\frontend\node_modules\react-dom\cjs\react-dom.development.js:21657:14)
    at HTMLUnknownElement.callCallback (C:\Projects\ma-saas-platform\M-S-SaaS-apex-deliver\frontend\node_modules\react-dom\cjs\react-dom.development.js:4164:14)
    at HTMLUnknownElement.callTheUserObjectsOperation (C:\Projects\ma-saas-platform\M-S-SaaS-apex-deliver\frontend\node_modules\jsdom\lib\jsdom\living\generated\EventListener.js:26:30)
    at innerInvokeEventListeners (C:\Projects\ma-saas-platform\M-S-SaaS-apex-deliver\frontend\node_modules\jsdom\lib\jsdom\living\events\EventTarget-impl.js:360:16)
Warning: React.jsx: type is invalid -- expected a string (for built-in components) or a class/function (for composite components) but got: undefined. You likely forgot to export your component from the file it's defined in, or you might have mixed up default and named imports.

Check the render method of `EnhancedHeroSection`.
    at EnhancedHeroSection (C:/Projects/ma-saas-platform/M-S-SaaS-apex-deliver/frontend/src/components/marketing/EnhancedHeroSection.tsx:13:71)
    at Router (file:///C:/Projects/ma-saas-platform/M-S-SaaS-apex-deliver/frontend/node_modules/react-router/dist/development/chunk-OIYGIGL5.mjs:6066:13)
    at BrowserRouter (file:///C:/Projects/ma-saas-platform/M-S-SaaS-apex-deliver/frontend/node_modules/react-router/dist/development/chunk-OIYGIGL5.mjs:9209:3)
    at RouterWrapper (C:/Projects/ma-saas-platform/M-S-SaaS-apex-deliver/frontend/src/components/marketing/EnhancedHeroSection.test.tsx:11:26)
Warning: React.jsx: type is invalid -- expected a string (for built-in components) or a class/function (for composite components) but got: undefined. You likely forgot to export your component from the file it's defined in, or you might have mixed up default and named imports.

Check the render method of `EnhancedHeroSection`.
    at EnhancedHeroSection (C:/Projects/ma-saas-platform/M-S-SaaS-apex-deliver/frontend/src/components/marketing/EnhancedHeroSection.tsx:13:71)
    at Router (file:///C:/Projects/ma-saas-platform/M-S-SaaS-apex-deliver/frontend/node_modules/react-router/dist/development/chunk-OIYGIGL5.mjs:6066:13)
    at BrowserRouter (file:///C:/Projects/ma-saas-platform/M-S-SaaS-apex-deliver/frontend/node_modules/react-router/dist/development/chunk-OIYGIGL5.mjs:9209:3)
    at RouterWrapper (C:/Projects/ma-saas-platform/M-S-SaaS-apex-deliver/frontend/src/components/marketing/EnhancedHeroSection.test.tsx:11:26)
Error: Element type is invalid: expected a string (for built-in components) or a class/function (for composite components) but got: undefined. You likely forgot to export your component from the file it's defined in, or you might have mixed up default and named imports.

Check the render method of `EnhancedHeroSection`.
    at createFiberFromTypeAndProps (C:\Projects\ma-saas-platform\M-S-SaaS-apex-deliver\frontend\node_modules\react-dom\cjs\react-dom.development.js:28478:17)
    at createFiberFromElement (C:\Projects\ma-saas-platform\M-S-SaaS-apex-deliver\frontend\node_modules\react-dom\cjs\react-dom.development.js:28504:15)
    at reconcileSingleElement (C:\Projects\ma-saas-platform\M-S-SaaS-apex-deliver\frontend\node_modules\react-dom\cjs\react-dom.development.js:13986:23)
    at reconcileChildFibers (C:\Projects\ma-saas-platform\M-S-SaaS-apex-deliver\frontend\node_modules\react-dom\cjs\react-dom.development.js:14044:35)
    at reconcileChildren (C:\Projects\ma-saas-platform\M-S-SaaS-apex-deliver\frontend\node_modules\react-dom\cjs\react-dom.development.js:19186:28)
    at updateHostComponent (C:\Projects\ma-saas-platform\M-S-SaaS-apex-deliver\frontend\node_modules\react-dom\cjs\react-dom.development.js:19953:3)
    at beginWork (C:\Projects\ma-saas-platform\M-S-SaaS-apex-deliver\frontend\node_modules\react-dom\cjs\react-dom.development.js:21657:14)
    at HTMLUnknownElement.callCallback (C:\Projects\ma-saas-platform\M-S-SaaS-apex-deliver\frontend\node_modules\react-dom\cjs\react-dom.development.js:4164:14)
    at HTMLUnknownElement.callTheUserObjectsOperation (C:\Projects\ma-saas-platform\M-S-SaaS-apex-deliver\frontend\node_modules\jsdom\lib\jsdom\living\generated\EventListener.js:26:30)
    at innerInvokeEventListeners (C:\Projects\ma-saas-platform\M-S-SaaS-apex-deliver\frontend\node_modules\jsdom\lib\jsdom\living\events\EventTarget-impl.js:360:16)
Error: Element type is invalid: expected a string (for built-in components) or a class/function (for composite components) but got: undefined. You likely forgot to export your component from the file it's defined in, or you might have mixed up default and named imports.

Check the render method of `EnhancedHeroSection`.
    at createFiberFromTypeAndProps (C:\Projects\ma-saas-platform\M-S-SaaS-apex-deliver\frontend\node_modules\react-dom\cjs\react-dom.development.js:28478:17)
    at createFiberFromElement (C:\Projects\ma-saas-platform\M-S-SaaS-apex-deliver\frontend\node_modules\react-dom\cjs\react-dom.development.js:28504:15)
    at reconcileSingleElement (C:\Projects\ma-saas-platform\M-S-SaaS-apex-deliver\frontend\node_modules\react-dom\cjs\react-dom.development.js:13986:23)
    at reconcileChildFibers (C:\Projects\ma-saas-platform\M-S-SaaS-apex-deliver\frontend\node_modules\react-dom\cjs\react-dom.development.js:14044:35)
    at reconcileChildren (C:\Projects\ma-saas-platform\M-S-SaaS-apex-deliver\frontend\node_modules\react-dom\cjs\react-dom.development.js:19186:28)
    at updateHostComponent (C:\Projects\ma-saas-platform\M-S-SaaS-apex-deliver\frontend\node_modules\react-dom\cjs\react-dom.development.js:19953:3)
    at beginWork (C:\Projects\ma-saas-platform\M-S-SaaS-apex-deliver\frontend\node_modules\react-dom\cjs\react-dom.development.js:21657:14)
    at HTMLUnknownElement.callCallback (C:\Projects\ma-saas-platform\M-S-SaaS-apex-deliver\frontend\node_modules\react-dom\cjs\react-dom.development.js:4164:14)
    at HTMLUnknownElement.callTheUserObjectsOperation (C:\Projects\ma-saas-platform\M-S-SaaS-apex-deliver\frontend\node_modules\jsdom\lib\jsdom\living\generated\EventListener.js:26:30)
    at innerInvokeEventListeners (C:\Projects\ma-saas-platform\M-S-SaaS-apex-deliver\frontend\node_modules\jsdom\lib\jsdom\living\events\EventTarget-impl.js:360:16)
The above error occurred in the <a> component:

    at a
    at LinkWithRef (file:///C:/Projects/ma-saas-platform/M-S-SaaS-apex-deliver/frontend/node_modules/react-router/dist/development/chunk-OIYGIGL5.mjs:9299:5)
    at div
    at div
    at div
    at div
    at section
    at EnhancedHeroSection (C:/Projects/ma-saas-platform/M-S-SaaS-apex-deliver/frontend/src/components/marketing/EnhancedHeroSection.tsx:13:71)
    at Router (file:///C:/Projects/ma-saas-platform/M-S-SaaS-apex-deliver/frontend/node_modules/react-router/dist/development/chunk-OIYGIGL5.mjs:6066:13)
    at BrowserRouter (file:///C:/Projects/ma-saas-platform/M-S-SaaS-apex-deliver/frontend/node_modules/react-router/dist/development/chunk-OIYGIGL5.mjs:9209:3)
    at RouterWrapper (C:/Projects/ma-saas-platform/M-S-SaaS-apex-deliver/frontend/src/components/marketing/EnhancedHeroSection.test.tsx:11:26)

Consider adding an error boundary to your tree to customize error handling behavior.
Visit https://reactjs.org/link/error-boundaries to learn more about error boundaries.
The above error occurred in the <a> component:

    at a
    at LinkWithRef (file:///C:/Projects/ma-saas-platform/M-S-SaaS-apex-deliver/frontend/node_modules/react-router/dist/development/chunk-OIYGIGL5.mjs:9299:5)
    at div
    at div
    at div
    at div
    at section
    at EnhancedHeroSection (C:/Projects/ma-saas-platform/M-S-SaaS-apex-deliver/frontend/src/components/marketing/EnhancedHeroSection.tsx:13:71)
    at Router (file:///C:/Projects/ma-saas-platform/M-S-SaaS-apex-deliver/frontend/node_modules/react-router/dist/development/chunk-OIYGIGL5.mjs:6066:13)
    at BrowserRouter (file:///C:/Projects/ma-saas-platform/M-S-SaaS-apex-deliver/frontend/node_modules/react-router/dist/development/chunk-OIYGIGL5.mjs:9209:3)
    at RouterWrapper (C:/Projects/ma-saas-platform/M-S-SaaS-apex-deliver/frontend/src/components/marketing/EnhancedHeroSection.test.tsx:11:26)

Consider adding an error boundary to your tree to customize error handling behavior.
Visit https://reactjs.org/link/error-boundaries to learn more about error boundaries.

[90mstderr[2m | src/components/master-admin/activity/GoalCard.test.tsx[2m > [22m[2mGoalCard[2m > [22m[2mEdit Mode[2m > [22m[2mshould enter edit mode when edit button is clicked
[22m[39mWarning: React.jsx: type is invalid -- expected a string (for built-in components) or a class/function (for composite components) but got: undefined. You likely forgot to export your component from the file it's defined in, or you might have mixed up default and named imports.

Check the render method of `GoalCard`.
    at GoalCard (C:/Projects/ma-saas-platform/M-S-SaaS-apex-deliver/frontend/src/components/master-admin/activity/GoalCard.tsx:13:71)
    at QueryClientProvider (file:///C:/Projects/ma-saas-platform/M-S-SaaS-apex-deliver/frontend/node_modules/@tanstack/react-query/build/modern/QueryClientProvider.js:20:3)
Warning: React.jsx: type is invalid -- expected a string (for built-in components) or a class/function (for composite components) but got: undefined. You likely forgot to export your component from the file it's defined in, or you might have mixed up default and named imports.

Check the render method of `GoalCard`.
    at GoalCard (C:/Projects/ma-saas-platform/M-S-SaaS-apex-deliver/frontend/src/components/master-admin/activity/GoalCard.tsx:13:71)
    at QueryClientProvider (file:///C:/Projects/ma-saas-platform/M-S-SaaS-apex-deliver/frontend/node_modules/@tanstack/react-query/build/modern/QueryClientProvider.js:20:3)
Error: Element type is invalid: expected a string (for built-in components) or a class/function (for composite components) but got: undefined. You likely forgot to export your component from the file it's defined in, or you might have mixed up default and named imports.

Check the render method of `GoalCard`.
    at createFiberFromTypeAndProps (C:\Projects\ma-saas-platform\M-S-SaaS-apex-deliver\frontend\node_modules\react-dom\cjs\react-dom.development.js:28478:17)
    at createFiberFromElement (C:\Projects\ma-saas-platform\M-S-SaaS-apex-deliver\frontend\node_modules\react-dom\cjs\react-dom.development.js:28504:15)
    at createChild (C:\Projects\ma-saas-platform\M-S-SaaS-apex-deliver\frontend\node_modules\react-dom\cjs\react-dom.development.js:13345:28)
    at reconcileChildrenArray (C:\Projects\ma-saas-platform\M-S-SaaS-apex-deliver\frontend\node_modules\react-dom\cjs\react-dom.development.js:13640:25)
    at reconcileChildFibers (C:\Projects\ma-saas-platform\M-S-SaaS-apex-deliver\frontend\node_modules\react-dom\cjs\react-dom.development.js:14057:16)
    at reconcileChildren (C:\Projects\ma-saas-platform\M-S-SaaS-apex-deliver\frontend\node_modules\react-dom\cjs\react-dom.development.js:19186:28)
    at updateHostComponent (C:\Projects\ma-saas-platform\M-S-SaaS-apex-deliver\frontend\node_modules\react-dom\cjs\react-dom.development.js:19953:3)
    at beginWork (C:\Projects\ma-saas-platform\M-S-SaaS-apex-deliver\frontend\node_modules\react-dom\cjs\react-dom.development.js:21657:14)
    at HTMLUnknownElement.callCallback (C:\Projects\ma-saas-platform\M-S-SaaS-apex-deliver\frontend\node_modules\react-dom\cjs\react-dom.development.js:4164:14)
    at HTMLUnknownElement.callTheUserObjectsOperation (C:\Projects\ma-saas-platform\M-S-SaaS-apex-deliver\frontend\node_modules\jsdom\lib\jsdom\living\generated\EventListener.js:26:30)
Warning: React.jsx: type is invalid -- expected a string (for built-in components) or a class/function (for composite components) but got: undefined. You likely forgot to export your component from the file it's defined in, or you might have mixed up default and named imports.

Check the render method of `GoalCard`.
    at GoalCard (C:/Projects/ma-saas-platform/M-S-SaaS-apex-deliver/frontend/src/components/master-admin/activity/GoalCard.tsx:13:71)
    at QueryClientProvider (file:///C:/Projects/ma-saas-platform/M-S-SaaS-apex-deliver/frontend/node_modules/@tanstack/react-query/build/modern/QueryClientProvider.js:20:3)
Warning: React.jsx: type is invalid -- expected a string (for built-in components) or a class/function (for composite components) but got: undefined. You likely forgot to export your component from the file it's defined in, or you might have mixed up default and named imports.

Check the render method of `GoalCard`.
    at GoalCard (C:/Projects/ma-saas-platform/M-S-SaaS-apex-deliver/frontend/src/components/master-admin/activity/GoalCard.tsx:13:71)
    at QueryClientProvider (file:///C:/Projects/ma-saas-platform/M-S-SaaS-apex-deliver/frontend/node_modules/@tanstack/react-query/build/modern/QueryClientProvider.js:20:3)
Error: Element type is invalid: expected a string (for built-in components) or a class/function (for composite components) but got: undefined. You likely forgot to export your component from the file it's defined in, or you might have mixed up default and named imports.

Check the render method of `GoalCard`.
    at createFiberFromTypeAndProps (C:\Projects\ma-saas-platform\M-S-SaaS-apex-deliver\frontend\node_modules\react-dom\cjs\react-dom.development.js:28478:17)
    at createFiberFromElement (C:\Projects\ma-saas-platform\M-S-SaaS-apex-deliver\frontend\node_modules\react-dom\cjs\react-dom.development.js:28504:15)
    at createChild (C:\Projects\ma-saas-platform\M-S-SaaS-apex-deliver\frontend\node_modules\react-dom\cjs\react-dom.development.js:13345:28)
    at reconcileChildrenArray (C:\Projects\ma-saas-platform\M-S-SaaS-apex-deliver\frontend\node_modules\react-dom\cjs\react-dom.development.js:13640:25)
    at reconcileChildFibers (C:\Projects\ma-saas-platform\M-S-SaaS-apex-deliver\frontend\node_modules\react-dom\cjs\react-dom.development.js:14057:16)
    at reconcileChildren (C:\Projects\ma-saas-platform\M-S-SaaS-apex-deliver\frontend\node_modules\react-dom\cjs\react-dom.development.js:19186:28)
    at updateHostComponent (C:\Projects\ma-saas-platform\M-S-SaaS-apex-deliver\frontend\node_modules\react-dom\cjs\react-dom.development.js:19953:3)
    at beginWork (C:\Projects\ma-saas-platform\M-S-SaaS-apex-deliver\frontend\node_modules\react-dom\cjs\react-dom.development.js:21657:14)
    at HTMLUnknownElement.callCallback (C:\Projects\ma-saas-platform\M-S-SaaS-apex-deliver\frontend\node_modules\react-dom\cjs\react-dom.development.js:4164:14)
    at HTMLUnknownElement.callTheUserObjectsOperation (C:\Projects\ma-saas-platform\M-S-SaaS-apex-deliver\frontend\node_modules\jsdom\lib\jsdom\living\generated\EventListener.js:26:30)
The above error occurred in the <div> component:

    at div
    at div
    at GoalCard (C:/Projects/ma-saas-platform/M-S-SaaS-apex-deliver/frontend/src/components/master-admin/activity/GoalCard.tsx:13:71)
    at QueryClientProvider (file:///C:/Projects/ma-saas-platform/M-S-SaaS-apex-deliver/frontend/node_modules/@tanstack/react-query/build/modern/QueryClientProvider.js:20:3)

Consider adding an error boundary to your tree to customize error handling behavior.
Visit https://reactjs.org/link/error-boundaries to learn more about error boundaries.

 [31m❯[39m src/components/deal-matching/MatchCard.test.tsx [2m([22m[2m8 tests[22m[2m | [22m[31m1 failed[39m[2m)[22m[33m 3134[2mms[22m[39m
     [32m✓[39m renders match data correctly[32m 99[2mms[22m[39m
     [32m✓[39m displays score badge with correct confidence[32m 15[2mms[22m[39m
     [33m[2m✓[22m[39m shows truncated explanation with View More button [33m 851[2mms[22m[39m
     [32m✓[39m calls onViewDetails when View Details clicked[32m 80[2mms[22m[39m
     [32m✓[39m calls onSave when Save button clicked[32m 226[2mms[22m[39m
     [32m✓[39m calls onPass when Pass button clicked[32m 271[2mms[22m[39m
[31m     [31m×[31m shows loading state during actions[39m[33m 1562[2mms[22m[39m
     [32m✓[39m applies hover styles with transition[32m 26[2mms[22m[39m
[90mstderr[2m | src/components/marketing/EnhancedHeroSection.test.tsx[2m > [22m[2mEnhancedHeroSection[2m > [22m[2mdisplays feature highlights
[22m[39mWarning: React.jsx: type is invalid -- expected a string (for built-in components) or a class/function (for composite components) but got: undefined. You likely forgot to export your component from the file it's defined in, or you might have mixed up default and named imports.

Check the render method of `EnhancedHeroSection`.
    at EnhancedHeroSection (C:/Projects/ma-saas-platform/M-S-SaaS-apex-deliver/frontend/src/components/marketing/EnhancedHeroSection.tsx:13:71)
    at Router (file:///C:/Projects/ma-saas-platform/M-S-SaaS-apex-deliver/frontend/node_modules/react-router/dist/development/chunk-OIYGIGL5.mjs:6066:13)
    at BrowserRouter (file:///C:/Projects/ma-saas-platform/M-S-SaaS-apex-deliver/frontend/node_modules/react-router/dist/development/chunk-OIYGIGL5.mjs:9209:3)
    at RouterWrapper (C:/Projects/ma-saas-platform/M-S-SaaS-apex-deliver/frontend/src/components/marketing/EnhancedHeroSection.test.tsx:11:26)
Warning: React.jsx: type is invalid -- expected a string (for built-in components) or a class/function (for composite components) but got: undefined. You likely forgot to export your component from the file it's defined in, or you might have mixed up default and named imports.

Check the render method of `EnhancedHeroSection`.
    at EnhancedHeroSection (C:/Projects/ma-saas-platform/M-S-SaaS-apex-deliver/frontend/src/components/marketing/EnhancedHeroSection.tsx:13:71)
    at Router (file:///C:/Projects/ma-saas-platform/M-S-SaaS-apex-deliver/frontend/node_modules/react-router/dist/development/chunk-OIYGIGL5.mjs:6066:13)
    at BrowserRouter (file:///C:/Projects/ma-saas-platform/M-S-SaaS-apex-deliver/frontend/node_modules/react-router/dist/development/chunk-OIYGIGL5.mjs:9209:3)
    at RouterWrapper (C:/Projects/ma-saas-platform/M-S-SaaS-apex-deliver/frontend/src/components/marketing/EnhancedHeroSection.test.tsx:11:26)
Error: Element type is invalid: expected a string (for built-in components) or a class/function (for composite components) but got: undefined. You likely forgot to export your component from the file it's defined in, or you might have mixed up default and named imports.

Check the render method of `EnhancedHeroSection`.
    at createFiberFromTypeAndProps (C:\Projects\ma-saas-platform\M-S-SaaS-apex-deliver\frontend\node_modules\react-dom\cjs\react-dom.development.js:28478:17)
    at createFiberFromElement (C:\Projects\ma-saas-platform\M-S-SaaS-apex-deliver\frontend\node_modules\react-dom\cjs\react-dom.development.js:28504:15)
    at reconcileSingleElement (C:\Projects\ma-saas-platform\M-S-SaaS-apex-deliver\frontend\node_modules\react-dom\cjs\react-dom.development.js:13986:23)
    at reconcileChildFibers (C:\Projects\ma-saas-platform\M-S-SaaS-apex-deliver\frontend\node_modules\react-dom\cjs\react-dom.development.js:14044:35)
    at reconcileChildren (C:\Projects\ma-saas-platform\M-S-SaaS-apex-deliver\frontend\node_modules\react-dom\cjs\react-dom.development.js:19186:28)
    at updateHostComponent (C:\Projects\ma-saas-platform\M-S-SaaS-apex-deliver\frontend\node_modules\react-dom\cjs\react-dom.development.js:19953:3)
    at beginWork (C:\Projects\ma-saas-platform\M-S-SaaS-apex-deliver\frontend\node_modules\react-dom\cjs\react-dom.development.js:21657:14)
    at HTMLUnknownElement.callCallback (C:\Projects\ma-saas-platform\M-S-SaaS-apex-deliver\frontend\node_modules\react-dom\cjs\react-dom.development.js:4164:14)
    at HTMLUnknownElement.callTheUserObjectsOperation (C:\Projects\ma-saas-platform\M-S-SaaS-apex-deliver\frontend\node_modules\jsdom\lib\jsdom\living\generated\EventListener.js:26:30)
    at innerInvokeEventListeners (C:\Projects\ma-saas-platform\M-S-SaaS-apex-deliver\frontend\node_modules\jsdom\lib\jsdom\living\events\EventTarget-impl.js:360:16)
Error: Element type is invalid: expected a string (for built-in components) or a class/function (for composite components) but got: undefined. You likely forgot to export your component from the file it's defined in, or you might have mixed up default and named imports.

Check the render method of `EnhancedHeroSection`.
    at createFiberFromTypeAndProps (C:\Projects\ma-saas-platform\M-S-SaaS-apex-deliver\frontend\node_modules\react-dom\cjs\react-dom.development.js:28478:17)
    at createFiberFromElement (C:\Projects\ma-saas-platform\M-S-SaaS-apex-deliver\frontend\node_modules\react-dom\cjs\react-dom.development.js:28504:15)
    at reconcileSingleElement (C:\Projects\ma-saas-platform\M-S-SaaS-apex-deliver\frontend\node_modules\react-dom\cjs\react-dom.development.js:13986:23)
    at reconcileChildFibers (C:\Projects\ma-saas-platform\M-S-SaaS-apex-deliver\frontend\node_modules\react-dom\cjs\react-dom.development.js:14044:35)
    at reconcileChildren (C:\Projects\ma-saas-platform\M-S-SaaS-apex-deliver\frontend\node_modules\react-dom\cjs\react-dom.development.js:19186:28)
    at updateHostComponent (C:\Projects\ma-saas-platform\M-S-SaaS-apex-deliver\frontend\node_modules\react-dom\cjs\react-dom.development.js:19953:3)
    at beginWork (C:\Projects\ma-saas-platform\M-S-SaaS-apex-deliver\frontend\node_modules\react-dom\cjs\react-dom.development.js:21657:14)
    at HTMLUnknownElement.callCallback (C:\Projects\ma-saas-platform\M-S-SaaS-apex-deliver\frontend\node_modules\react-dom\cjs\react-dom.development.js:4164:14)
    at HTMLUnknownElement.callTheUserObjectsOperation (C:\Projects\ma-saas-platform\M-S-SaaS-apex-deliver\frontend\node_modules\jsdom\lib\jsdom\living\generated\EventListener.js:26:30)
    at innerInvokeEventListeners (C:\Projects\ma-saas-platform\M-S-SaaS-apex-deliver\frontend\node_modules\jsdom\lib\jsdom\living\events\EventTarget-impl.js:360:16)
Warning: React.jsx: type is invalid -- expected a string (for built-in components) or a class/function (for composite components) but got: undefined. You likely forgot to export your component from the file it's defined in, or you might have mixed up default and named imports.

Check the render method of `EnhancedHeroSection`.
    at EnhancedHeroSection (C:/Projects/ma-saas-platform/M-S-SaaS-apex-deliver/frontend/src/components/marketing/EnhancedHeroSection.tsx:13:71)
    at Router (file:///C:/Projects/ma-saas-platform/M-S-SaaS-apex-deliver/frontend/node_modules/react-router/dist/development/chunk-OIYGIGL5.mjs:6066:13)
    at BrowserRouter (file:///C:/Projects/ma-saas-platform/M-S-SaaS-apex-deliver/frontend/node_modules/react-router/dist/development/chunk-OIYGIGL5.mjs:9209:3)
    at RouterWrapper (C:/Projects/ma-saas-platform/M-S-SaaS-apex-deliver/frontend/src/components/marketing/EnhancedHeroSection.test.tsx:11:26)
Warning: React.jsx: type is invalid -- expected a string (for built-in components) or a class/function (for composite components) but got: undefined. You likely forgot to export your component from the file it's defined in, or you might have mixed up default and named imports.

Check the render method of `EnhancedHeroSection`.
    at EnhancedHeroSection (C:/Projects/ma-saas-platform/M-S-SaaS-apex-deliver/frontend/src/components/marketing/EnhancedHeroSection.tsx:13:71)
    at Router (file:///C:/Projects/ma-saas-platform/M-S-SaaS-apex-deliver/frontend/node_modules/react-router/dist/development/chunk-OIYGIGL5.mjs:6066:13)
    at BrowserRouter (file:///C:/Projects/ma-saas-platform/M-S-SaaS-apex-deliver/frontend/node_modules/react-router/dist/development/chunk-OIYGIGL5.mjs:9209:3)
    at RouterWrapper (C:/Projects/ma-saas-platform/M-S-SaaS-apex-deliver/frontend/src/components/marketing/EnhancedHeroSection.test.tsx:11:26)
Error: Element type is invalid: expected a string (for built-in components) or a class/function (for composite components) but got: undefined. You likely forgot to export your component from the file it's defined in, or you might have mixed up default and named imports.

Check the render method of `EnhancedHeroSection`.
    at createFiberFromTypeAndProps (C:\Projects\ma-saas-platform\M-S-SaaS-apex-deliver\frontend\node_modules\react-dom\cjs\react-dom.development.js:28478:17)
    at createFiberFromElement (C:\Projects\ma-saas-platform\M-S-SaaS-apex-deliver\frontend\node_modules\react-dom\cjs\react-dom.development.js:28504:15)
    at reconcileSingleElement (C:\Projects\ma-saas-platform\M-S-SaaS-apex-deliver\frontend\node_modules\react-dom\cjs\react-dom.development.js:13986:23)
    at reconcileChildFibers (C:\Projects\ma-saas-platform\M-S-SaaS-apex-deliver\frontend\node_modules\react-dom\cjs\react-dom.development.js:14044:35)
    at reconcileChildren (C:\Projects\ma-saas-platform\M-S-SaaS-apex-deliver\frontend\node_modules\react-dom\cjs\react-dom.development.js:19186:28)
    at updateHostComponent (C:\Projects\ma-saas-platform\M-S-SaaS-apex-deliver\frontend\node_modules\react-dom\cjs\react-dom.development.js:19953:3)
    at beginWork (C:\Projects\ma-saas-platform\M-S-SaaS-apex-deliver\frontend\node_modules\react-dom\cjs\react-dom.development.js:21657:14)
    at HTMLUnknownElement.callCallback (C:\Projects\ma-saas-platform\M-S-SaaS-apex-deliver\frontend\node_modules\react-dom\cjs\react-dom.development.js:4164:14)
    at HTMLUnknownElement.callTheUserObjectsOperation (C:\Projects\ma-saas-platform\M-S-SaaS-apex-deliver\frontend\node_modules\jsdom\lib\jsdom\living\generated\EventListener.js:26:30)
    at innerInvokeEventListeners (C:\Projects\ma-saas-platform\M-S-SaaS-apex-deliver\frontend\node_modules\jsdom\lib\jsdom\living\events\EventTarget-impl.js:360:16)
Error: Element type is invalid: expected a string (for built-in components) or a class/function (for composite components) but got: undefined. You likely forgot to export your component from the file it's defined in, or you might have mixed up default and named imports.

Check the render method of `EnhancedHeroSection`.
    at createFiberFromTypeAndProps (C:\Projects\ma-saas-platform\M-S-SaaS-apex-deliver\frontend\node_modules\react-dom\cjs\react-dom.development.js:28478:17)
    at createFiberFromElement (C:\Projects\ma-saas-platform\M-S-SaaS-apex-deliver\frontend\node_modules\react-dom\cjs\react-dom.development.js:28504:15)
    at reconcileSingleElement (C:\Projects\ma-saas-platform\M-S-SaaS-apex-deliver\frontend\node_modules\react-dom\cjs\react-dom.development.js:13986:23)
    at reconcileChildFibers (C:\Projects\ma-saas-platform\M-S-SaaS-apex-deliver\frontend\node_modules\react-dom\cjs\react-dom.development.js:14044:35)
    at reconcileChildren (C:\Projects\ma-saas-platform\M-S-SaaS-apex-deliver\frontend\node_modules\react-dom\cjs\react-dom.development.js:19186:28)
    at updateHostComponent (C:\Projects\ma-saas-platform\M-S-SaaS-apex-deliver\frontend\node_modules\react-dom\cjs\react-dom.development.js:19953:3)
    at beginWork (C:\Projects\ma-saas-platform\M-S-SaaS-apex-deliver\frontend\node_modules\react-dom\cjs\react-dom.development.js:21657:14)
    at HTMLUnknownElement.callCallback (C:\Projects\ma-saas-platform\M-S-SaaS-apex-deliver\frontend\node_modules\react-dom\cjs\react-dom.development.js:4164:14)
    at HTMLUnknownElement.callTheUserObjectsOperation (C:\Projects\ma-saas-platform\M-S-SaaS-apex-deliver\frontend\node_modules\jsdom\lib\jsdom\living\generated\EventListener.js:26:30)
    at innerInvokeEventListeners (C:\Projects\ma-saas-platform\M-S-SaaS-apex-deliver\frontend\node_modules\jsdom\lib\jsdom\living\events\EventTarget-impl.js:360:16)
The above error occurred in the <a> component:

    at a
    at LinkWithRef (file:///C:/Projects/ma-saas-platform/M-S-SaaS-apex-deliver/frontend/node_modules/react-router/dist/development/chunk-OIYGIGL5.mjs:9299:5)
    at div
    at div
    at div
    at div
    at section
    at EnhancedHeroSection (C:/Projects/ma-saas-platform/M-S-SaaS-apex-deliver/frontend/src/components/marketing/EnhancedHeroSection.tsx:13:71)
    at Router (file:///C:/Projects/ma-saas-platform/M-S-SaaS-apex-deliver/frontend/node_modules/react-router/dist/development/chunk-OIYGIGL5.mjs:6066:13)
    at BrowserRouter (file:///C:/Projects/ma-saas-platform/M-S-SaaS-apex-deliver/frontend/node_modules/react-router/dist/development/chunk-OIYGIGL5.mjs:9209:3)
    at RouterWrapper (C:/Projects/ma-saas-platform/M-S-SaaS-apex-deliver/frontend/src/components/marketing/EnhancedHeroSection.test.tsx:11:26)

Consider adding an error boundary to your tree to customize error handling behavior.
Visit https://reactjs.org/link/error-boundaries to learn more about error boundaries.
The above error occurred in the <a> component:

    at a
    at LinkWithRef (file:///C:/Projects/ma-saas-platform/M-S-SaaS-apex-deliver/frontend/node_modules/react-router/dist/development/chunk-OIYGIGL5.mjs:9299:5)
    at div
    at div
    at div
    at div
    at section
    at EnhancedHeroSection (C:/Projects/ma-saas-platform/M-S-SaaS-apex-deliver/frontend/src/components/marketing/EnhancedHeroSection.tsx:13:71)
    at Router (file:///C:/Projects/ma-saas-platform/M-S-SaaS-apex-deliver/frontend/node_modules/react-router/dist/development/chunk-OIYGIGL5.mjs:6066:13)
    at BrowserRouter (file:///C:/Projects/ma-saas-platform/M-S-SaaS-apex-deliver/frontend/node_modules/react-router/dist/development/chunk-OIYGIGL5.mjs:9209:3)
    at RouterWrapper (C:/Projects/ma-saas-platform/M-S-SaaS-apex-deliver/frontend/src/components/marketing/EnhancedHeroSection.test.tsx:11:26)

Consider adding an error boundary to your tree to customize error handling behavior.
Visit https://reactjs.org/link/error-boundaries to learn more about error boundaries.

[90mstderr[2m | src/components/marketing/EnhancedHeroSection.test.tsx[2m > [22m[2mEnhancedHeroSection[2m > [22m[2mdisplays "Save £9,721/year" badge
[22m[39mWarning: React.jsx: type is invalid -- expected a string (for built-in components) or a class/function (for composite components) but got: undefined. You likely forgot to export your component from the file it's defined in, or you might have mixed up default and named imports.

Check the render method of `EnhancedHeroSection`.
    at EnhancedHeroSection (C:/Projects/ma-saas-platform/M-S-SaaS-apex-deliver/frontend/src/components/marketing/EnhancedHeroSection.tsx:13:71)
    at Router (file:///C:/Projects/ma-saas-platform/M-S-SaaS-apex-deliver/frontend/node_modules/react-router/dist/development/chunk-OIYGIGL5.mjs:6066:13)
    at BrowserRouter (file:///C:/Projects/ma-saas-platform/M-S-SaaS-apex-deliver/frontend/node_modules/react-router/dist/development/chunk-OIYGIGL5.mjs:9209:3)
    at RouterWrapper (C:/Projects/ma-saas-platform/M-S-SaaS-apex-deliver/frontend/src/components/marketing/EnhancedHeroSection.test.tsx:11:26)
Warning: React.jsx: type is invalid -- expected a string (for built-in components) or a class/function (for composite components) but got: undefined. You likely forgot to export your component from the file it's defined in, or you might have mixed up default and named imports.

Check the render method of `EnhancedHeroSection`.
    at EnhancedHeroSection (C:/Projects/ma-saas-platform/M-S-SaaS-apex-deliver/frontend/src/components/marketing/EnhancedHeroSection.tsx:13:71)
    at Router (file:///C:/Projects/ma-saas-platform/M-S-SaaS-apex-deliver/frontend/node_modules/react-router/dist/development/chunk-OIYGIGL5.mjs:6066:13)
    at BrowserRouter (file:///C:/Projects/ma-saas-platform/M-S-SaaS-apex-deliver/frontend/node_modules/react-router/dist/development/chunk-OIYGIGL5.mjs:9209:3)
    at RouterWrapper (C:/Projects/ma-saas-platform/M-S-SaaS-apex-deliver/frontend/src/components/marketing/EnhancedHeroSection.test.tsx:11:26)
Error: Element type is invalid: expected a string (for built-in components) or a class/function (for composite components) but got: undefined. You likely forgot to export your component from the file it's defined in, or you might have mixed up default and named imports.

Check the render method of `EnhancedHeroSection`.
    at createFiberFromTypeAndProps (C:\Projects\ma-saas-platform\M-S-SaaS-apex-deliver\frontend\node_modules\react-dom\cjs\react-dom.development.js:28478:17)
    at createFiberFromElement (C:\Projects\ma-saas-platform\M-S-SaaS-apex-deliver\frontend\node_modules\react-dom\cjs\react-dom.development.js:28504:15)
    at reconcileSingleElement (C:\Projects\ma-saas-platform\M-S-SaaS-apex-deliver\frontend\node_modules\react-dom\cjs\react-dom.development.js:13986:23)
    at reconcileChildFibers (C:\Projects\ma-saas-platform\M-S-SaaS-apex-deliver\frontend\node_modules\react-dom\cjs\react-dom.development.js:14044:35)
    at reconcileChildren (C:\Projects\ma-saas-platform\M-S-SaaS-apex-deliver\frontend\node_modules\react-dom\cjs\react-dom.development.js:19186:28)
    at updateHostComponent (C:\Projects\ma-saas-platform\M-S-SaaS-apex-deliver\frontend\node_modules\react-dom\cjs\react-dom.development.js:19953:3)
    at beginWork (C:\Projects\ma-saas-platform\M-S-SaaS-apex-deliver\frontend\node_modules\react-dom\cjs\react-dom.development.js:21657:14)
    at HTMLUnknownElement.callCallback (C:\Projects\ma-saas-platform\M-S-SaaS-apex-deliver\frontend\node_modules\react-dom\cjs\react-dom.development.js:4164:14)
    at HTMLUnknownElement.callTheUserObjectsOperation (C:\Projects\ma-saas-platform\M-S-SaaS-apex-deliver\frontend\node_modules\jsdom\lib\jsdom\living\generated\EventListener.js:26:30)
    at innerInvokeEventListeners (C:\Projects\ma-saas-platform\M-S-SaaS-apex-deliver\frontend\node_modules\jsdom\lib\jsdom\living\events\EventTarget-impl.js:360:16)
Error: Element type is invalid: expected a string (for built-in components) or a class/function (for composite components) but got: undefined. You likely forgot to export your component from the file it's defined in, or you might have mixed up default and named imports.

Check the render method of `EnhancedHeroSection`.
    at createFiberFromTypeAndProps (C:\Projects\ma-saas-platform\M-S-SaaS-apex-deliver\frontend\node_modules\react-dom\cjs\react-dom.development.js:28478:17)
    at createFiberFromElement (C:\Projects\ma-saas-platform\M-S-SaaS-apex-deliver\frontend\node_modules\react-dom\cjs\react-dom.development.js:28504:15)
    at reconcileSingleElement (C:\Projects\ma-saas-platform\M-S-SaaS-apex-deliver\frontend\node_modules\react-dom\cjs\react-dom.development.js:13986:23)
    at reconcileChildFibers (C:\Projects\ma-saas-platform\M-S-SaaS-apex-deliver\frontend\node_modules\react-dom\cjs\react-dom.development.js:14044:35)
    at reconcileChildren (C:\Projects\ma-saas-platform\M-S-SaaS-apex-deliver\frontend\node_modules\react-dom\cjs\react-dom.development.js:19186:28)
    at updateHostComponent (C:\Projects\ma-saas-platform\M-S-SaaS-apex-deliver\frontend\node_modules\react-dom\cjs\react-dom.development.js:19953:3)
    at beginWork (C:\Projects\ma-saas-platform\M-S-SaaS-apex-deliver\frontend\node_modules\react-dom\cjs\react-dom.development.js:21657:14)
    at HTMLUnknownElement.callCallback (C:\Projects\ma-saas-platform\M-S-SaaS-apex-deliver\frontend\node_modules\react-dom\cjs\react-dom.development.js:4164:14)
    at HTMLUnknownElement.callTheUserObjectsOperation (C:\Projects\ma-saas-platform\M-S-SaaS-apex-deliver\frontend\node_modules\jsdom\lib\jsdom\living\generated\EventListener.js:26:30)
    at innerInvokeEventListeners (C:\Projects\ma-saas-platform\M-S-SaaS-apex-deliver\frontend\node_modules\jsdom\lib\jsdom\living\events\EventTarget-impl.js:360:16)
Warning: React.jsx: type is invalid -- expected a string (for built-in components) or a class/function (for composite components) but got: undefined. You likely forgot to export your component from the file it's defined in, or you might have mixed up default and named imports.

Check the render method of `EnhancedHeroSection`.
    at EnhancedHeroSection (C:/Projects/ma-saas-platform/M-S-SaaS-apex-deliver/frontend/src/components/marketing/EnhancedHeroSection.tsx:13:71)
    at Router (file:///C:/Projects/ma-saas-platform/M-S-SaaS-apex-deliver/frontend/node_modules/react-router/dist/development/chunk-OIYGIGL5.mjs:6066:13)
    at BrowserRouter (file:///C:/Projects/ma-saas-platform/M-S-SaaS-apex-deliver/frontend/node_modules/react-router/dist/development/chunk-OIYGIGL5.mjs:9209:3)
    at RouterWrapper (C:/Projects/ma-saas-platform/M-S-SaaS-apex-deliver/frontend/src/components/marketing/EnhancedHeroSection.test.tsx:11:26)
Warning: React.jsx: type is invalid -- expected a string (for built-in components) or a class/function (for composite components) but got: undefined. You likely forgot to export your component from the file it's defined in, or you might have mixed up default and named imports.

Check the render method of `EnhancedHeroSection`.
    at EnhancedHeroSection (C:/Projects/ma-saas-platform/M-S-SaaS-apex-deliver/frontend/src/components/marketing/EnhancedHeroSection.tsx:13:71)
    at Router (file:///C:/Projects/ma-saas-platform/M-S-SaaS-apex-deliver/frontend/node_modules/react-router/dist/development/chunk-OIYGIGL5.mjs:6066:13)
    at BrowserRouter (file:///C:/Projects/ma-saas-platform/M-S-SaaS-apex-deliver/frontend/node_modules/react-router/dist/development/chunk-OIYGIGL5.mjs:9209:3)
    at RouterWrapper (C:/Projects/ma-saas-platform/M-S-SaaS-apex-deliver/frontend/src/components/marketing/EnhancedHeroSection.test.tsx:11:26)
Error: Element type is invalid: expected a string (for built-in components) or a class/function (for composite components) but got: undefined. You likely forgot to export your component from the file it's defined in, or you might have mixed up default and named imports.

Check the render method of `EnhancedHeroSection`.
    at createFiberFromTypeAndProps (C:\Projects\ma-saas-platform\M-S-SaaS-apex-deliver\frontend\node_modules\react-dom\cjs\react-dom.development.js:28478:17)
    at createFiberFromElement (C:\Projects\ma-saas-platform\M-S-SaaS-apex-deliver\frontend\node_modules\react-dom\cjs\react-dom.development.js:28504:15)
    at reconcileSingleElement (C:\Projects\ma-saas-platform\M-S-SaaS-apex-deliver\frontend\node_modules\react-dom\cjs\react-dom.development.js:13986:23)
    at reconcileChildFibers (C:\Projects\ma-saas-platform\M-S-SaaS-apex-deliver\frontend\node_modules\react-dom\cjs\react-dom.development.js:14044:35)
    at reconcileChildren (C:\Projects\ma-saas-platform\M-S-SaaS-apex-deliver\frontend\node_modules\react-dom\cjs\react-dom.development.js:19186:28)
    at updateHostComponent (C:\Projects\ma-saas-platform\M-S-SaaS-apex-deliver\frontend\node_modules\react-dom\cjs\react-dom.development.js:19953:3)
    at beginWork (C:\Projects\ma-saas-platform\M-S-SaaS-apex-deliver\frontend\node_modules\react-dom\cjs\react-dom.development.js:21657:14)
    at HTMLUnknownElement.callCallback (C:\Projects\ma-saas-platform\M-S-SaaS-apex-deliver\frontend\node_modules\react-dom\cjs\react-dom.development.js:4164:14)
    at HTMLUnknownElement.callTheUserObjectsOperation (C:\Projects\ma-saas-platform\M-S-SaaS-apex-deliver\frontend\node_modules\jsdom\lib\jsdom\living\generated\EventListener.js:26:30)
    at innerInvokeEventListeners (C:\Projects\ma-saas-platform\M-S-SaaS-apex-deliver\frontend\node_modules\jsdom\lib\jsdom\living\events\EventTarget-impl.js:360:16)
Error: Element type is invalid: expected a string (for built-in components) or a class/function (for composite components) but got: undefined. You likely forgot to export your component from the file it's defined in, or you might have mixed up default and named imports.

Check the render method of `EnhancedHeroSection`.
    at createFiberFromTypeAndProps (C:\Projects\ma-saas-platform\M-S-SaaS-apex-deliver\frontend\node_modules\react-dom\cjs\react-dom.development.js:28478:17)
    at createFiberFromElement (C:\Projects\ma-saas-platform\M-S-SaaS-apex-deliver\frontend\node_modules\react-dom\cjs\react-dom.development.js:28504:15)
    at reconcileSingleElement (C:\Projects\ma-saas-platform\M-S-SaaS-apex-deliver\frontend\node_modules\react-dom\cjs\react-dom.development.js:13986:23)
    at reconcileChildFibers (C:\Projects\ma-saas-platform\M-S-SaaS-apex-deliver\frontend\node_modules\react-dom\cjs\react-dom.development.js:14044:35)
    at reconcileChildren (C:\Projects\ma-saas-platform\M-S-SaaS-apex-deliver\frontend\node_modules\react-dom\cjs\react-dom.development.js:19186:28)
    at updateHostComponent (C:\Projects\ma-saas-platform\M-S-SaaS-apex-deliver\frontend\node_modules\react-dom\cjs\react-dom.development.js:19953:3)
    at beginWork (C:\Projects\ma-saas-platform\M-S-SaaS-apex-deliver\frontend\node_modules\react-dom\cjs\react-dom.development.js:21657:14)
    at HTMLUnknownElement.callCallback (C:\Projects\ma-saas-platform\M-S-SaaS-apex-deliver\frontend\node_modules\react-dom\cjs\react-dom.development.js:4164:14)
    at HTMLUnknownElement.callTheUserObjectsOperation (C:\Projects\ma-saas-platform\M-S-SaaS-apex-deliver\frontend\node_modules\jsdom\lib\jsdom\living\generated\EventListener.js:26:30)
    at innerInvokeEventListeners (C:\Projects\ma-saas-platform\M-S-SaaS-apex-deliver\frontend\node_modules\jsdom\lib\jsdom\living\events\EventTarget-impl.js:360:16)
The above error occurred in the <a> component:

    at a
    at LinkWithRef (file:///C:/Projects/ma-saas-platform/M-S-SaaS-apex-deliver/frontend/node_modules/react-router/dist/development/chunk-OIYGIGL5.mjs:9299:5)
    at div
    at div
    at div
    at div
    at section
    at EnhancedHeroSection (C:/Projects/ma-saas-platform/M-S-SaaS-apex-deliver/frontend/src/components/marketing/EnhancedHeroSection.tsx:13:71)
    at Router (file:///C:/Projects/ma-saas-platform/M-S-SaaS-apex-deliver/frontend/node_modules/react-router/dist/development/chunk-OIYGIGL5.mjs:6066:13)
    at BrowserRouter (file:///C:/Projects/ma-saas-platform/M-S-SaaS-apex-deliver/frontend/node_modules/react-router/dist/development/chunk-OIYGIGL5.mjs:9209:3)
    at RouterWrapper (C:/Projects/ma-saas-platform/M-S-SaaS-apex-deliver/frontend/src/components/marketing/EnhancedHeroSection.test.tsx:11:26)

Consider adding an error boundary to your tree to customize error handling behavior.
Visit https://reactjs.org/link/error-boundaries to learn more about error boundaries.
The above error occurred in the <a> component:

    at a
    at LinkWithRef (file:///C:/Projects/ma-saas-platform/M-S-SaaS-apex-deliver/frontend/node_modules/react-router/dist/development/chunk-OIYGIGL5.mjs:9299:5)
    at div
    at div
    at div
    at div
    at section
    at EnhancedHeroSection (C:/Projects/ma-saas-platform/M-S-SaaS-apex-deliver/frontend/src/components/marketing/EnhancedHeroSection.tsx:13:71)
    at Router (file:///C:/Projects/ma-saas-platform/M-S-SaaS-apex-deliver/frontend/node_modules/react-router/dist/development/chunk-OIYGIGL5.mjs:6066:13)
    at BrowserRouter (file:///C:/Projects/ma-saas-platform/M-S-SaaS-apex-deliver/frontend/node_modules/react-router/dist/development/chunk-OIYGIGL5.mjs:9209:3)
    at RouterWrapper (C:/Projects/ma-saas-platform/M-S-SaaS-apex-deliver/frontend/src/components/marketing/EnhancedHeroSection.test.tsx:11:26)

Consider adding an error boundary to your tree to customize error handling behavior.
Visit https://reactjs.org/link/error-boundaries to learn more about error boundaries.

[90mstderr[2m | src/components/marketing/EnhancedHeroSection.test.tsx[2m > [22m[2mEnhancedHeroSection[2m > [22m[2mhas proper gradient background
[22m[39mWarning: React.jsx: type is invalid -- expected a string (for built-in components) or a class/function (for composite components) but got: undefined. You likely forgot to export your component from the file it's defined in, or you might have mixed up default and named imports.

Check the render method of `EnhancedHeroSection`.
    at EnhancedHeroSection (C:/Projects/ma-saas-platform/M-S-SaaS-apex-deliver/frontend/src/components/marketing/EnhancedHeroSection.tsx:13:71)
    at Router (file:///C:/Projects/ma-saas-platform/M-S-SaaS-apex-deliver/frontend/node_modules/react-router/dist/development/chunk-OIYGIGL5.mjs:6066:13)
    at BrowserRouter (file:///C:/Projects/ma-saas-platform/M-S-SaaS-apex-deliver/frontend/node_modules/react-router/dist/development/chunk-OIYGIGL5.mjs:9209:3)
    at RouterWrapper (C:/Projects/ma-saas-platform/M-S-SaaS-apex-deliver/frontend/src/components/marketing/EnhancedHeroSection.test.tsx:11:26)
Warning: React.jsx: type is invalid -- expected a string (for built-in components) or a class/function (for composite components) but got: undefined. You likely forgot to export your component from the file it's defined in, or you might have mixed up default and named imports.

Check the render method of `EnhancedHeroSection`.
    at EnhancedHeroSection (C:/Projects/ma-saas-platform/M-S-SaaS-apex-deliver/frontend/src/components/marketing/EnhancedHeroSection.tsx:13:71)
    at Router (file:///C:/Projects/ma-saas-platform/M-S-SaaS-apex-deliver/frontend/node_modules/react-router/dist/development/chunk-OIYGIGL5.mjs:6066:13)
    at BrowserRouter (file:///C:/Projects/ma-saas-platform/M-S-SaaS-apex-deliver/frontend/node_modules/react-router/dist/development/chunk-OIYGIGL5.mjs:9209:3)
    at RouterWrapper (C:/Projects/ma-saas-platform/M-S-SaaS-apex-deliver/frontend/src/components/marketing/EnhancedHeroSection.test.tsx:11:26)
Error: Element type is invalid: expected a string (for built-in components) or a class/function (for composite components) but got: undefined. You likely forgot to export your component from the file it's defined in, or you might have mixed up default and named imports.

Check the render method of `EnhancedHeroSection`.
    at createFiberFromTypeAndProps (C:\Projects\ma-saas-platform\M-S-SaaS-apex-deliver\frontend\node_modules\react-dom\cjs\react-dom.development.js:28478:17)
    at createFiberFromElement (C:\Projects\ma-saas-platform\M-S-SaaS-apex-deliver\frontend\node_modules\react-dom\cjs\react-dom.development.js:28504:15)
    at reconcileSingleElement (C:\Projects\ma-saas-platform\M-S-SaaS-apex-deliver\frontend\node_modules\react-dom\cjs\react-dom.development.js:13986:23)
    at reconcileChildFibers (C:\Projects\ma-saas-platform\M-S-SaaS-apex-deliver\frontend\node_modules\react-dom\cjs\react-dom.development.js:14044:35)
    at reconcileChildren (C:\Projects\ma-saas-platform\M-S-SaaS-apex-deliver\frontend\node_modules\react-dom\cjs\react-dom.development.js:19186:28)
    at updateHostComponent (C:\Projects\ma-saas-platform\M-S-SaaS-apex-deliver\frontend\node_modules\react-dom\cjs\react-dom.development.js:19953:3)
    at beginWork (C:\Projects\ma-saas-platform\M-S-SaaS-apex-deliver\frontend\node_modules\react-dom\cjs\react-dom.development.js:21657:14)
    at HTMLUnknownElement.callCallback (C:\Projects\ma-saas-platform\M-S-SaaS-apex-deliver\frontend\node_modules\react-dom\cjs\react-dom.development.js:4164:14)
    at HTMLUnknownElement.callTheUserObjectsOperation (C:\Projects\ma-saas-platform\M-S-SaaS-apex-deliver\frontend\node_modules\jsdom\lib\jsdom\living\generated\EventListener.js:26:30)
    at innerInvokeEventListeners (C:\Projects\ma-saas-platform\M-S-SaaS-apex-deliver\frontend\node_modules\jsdom\lib\jsdom\living\events\EventTarget-impl.js:360:16)
Error: Element type is invalid: expected a string (for built-in components) or a class/function (for composite components) but got: undefined. You likely forgot to export your component from the file it's defined in, or you might have mixed up default and named imports.

Check the render method of `EnhancedHeroSection`.
    at createFiberFromTypeAndProps (C:\Projects\ma-saas-platform\M-S-SaaS-apex-deliver\frontend\node_modules\react-dom\cjs\react-dom.development.js:28478:17)
    at createFiberFromElement (C:\Projects\ma-saas-platform\M-S-SaaS-apex-deliver\frontend\node_modules\react-dom\cjs\react-dom.development.js:28504:15)
    at reconcileSingleElement (C:\Projects\ma-saas-platform\M-S-SaaS-apex-deliver\frontend\node_modules\react-dom\cjs\react-dom.development.js:13986:23)
    at reconcileChildFibers (C:\Projects\ma-saas-platform\M-S-SaaS-apex-deliver\frontend\node_modules\react-dom\cjs\react-dom.development.js:14044:35)
    at reconcileChildren (C:\Projects\ma-saas-platform\M-S-SaaS-apex-deliver\frontend\node_modules\react-dom\cjs\react-dom.development.js:19186:28)
    at updateHostComponent (C:\Projects\ma-saas-platform\M-S-SaaS-apex-deliver\frontend\node_modules\react-dom\cjs\react-dom.development.js:19953:3)
    at beginWork (C:\Projects\ma-saas-platform\M-S-SaaS-apex-deliver\frontend\node_modules\react-dom\cjs\react-dom.development.js:21657:14)
    at HTMLUnknownElement.callCallback (C:\Projects\ma-saas-platform\M-S-SaaS-apex-deliver\frontend\node_modules\react-dom\cjs\react-dom.development.js:4164:14)
    at HTMLUnknownElement.callTheUserObjectsOperation (C:\Projects\ma-saas-platform\M-S-SaaS-apex-deliver\frontend\node_modules\jsdom\lib\jsdom\living\generated\EventListener.js:26:30)
    at innerInvokeEventListeners (C:\Projects\ma-saas-platform\M-S-SaaS-apex-deliver\frontend\node_modules\jsdom\lib\jsdom\living\events\EventTarget-impl.js:360:16)
Warning: React.jsx: type is invalid -- expected a string (for built-in components) or a class/function (for composite components) but got: undefined. You likely forgot to export your component from the file it's defined in, or you might have mixed up default and named imports.

Check the render method of `EnhancedHeroSection`.
    at EnhancedHeroSection (C:/Projects/ma-saas-platform/M-S-SaaS-apex-deliver/frontend/src/components/marketing/EnhancedHeroSection.tsx:13:71)
    at Router (file:///C:/Projects/ma-saas-platform/M-S-SaaS-apex-deliver/frontend/node_modules/react-router/dist/development/chunk-OIYGIGL5.mjs:6066:13)
    at BrowserRouter (file:///C:/Projects/ma-saas-platform/M-S-SaaS-apex-deliver/frontend/node_modules/react-router/dist/development/chunk-OIYGIGL5.mjs:9209:3)
    at RouterWrapper (C:/Projects/ma-saas-platform/M-S-SaaS-apex-deliver/frontend/src/components/marketing/EnhancedHeroSection.test.tsx:11:26)
Warning: React.jsx: type is invalid -- expected a string (for built-in components) or a class/function (for composite components) but got: undefined. You likely forgot to export your component from the file it's defined in, or you might have mixed up default and named imports.

Check the render method of `EnhancedHeroSection`.
    at EnhancedHeroSection (C:/Projects/ma-saas-platform/M-S-SaaS-apex-deliver/frontend/src/components/marketing/EnhancedHeroSection.tsx:13:71)
    at Router (file:///C:/Projects/ma-saas-platform/M-S-SaaS-apex-deliver/frontend/node_modules/react-router/dist/development/chunk-OIYGIGL5.mjs:6066:13)
    at BrowserRouter (file:///C:/Projects/ma-saas-platform/M-S-SaaS-apex-deliver/frontend/node_modules/react-router/dist/development/chunk-OIYGIGL5.mjs:9209:3)
    at RouterWrapper (C:/Projects/ma-saas-platform/M-S-SaaS-apex-deliver/frontend/src/components/marketing/EnhancedHeroSection.test.tsx:11:26)
Error: Element type is invalid: expected a string (for built-in components) or a class/function (for composite components) but got: undefined. You likely forgot to export your component from the file it's defined in, or you might have mixed up default and named imports.

Check the render method of `EnhancedHeroSection`.
    at createFiberFromTypeAndProps (C:\Projects\ma-saas-platform\M-S-SaaS-apex-deliver\frontend\node_modules\react-dom\cjs\react-dom.development.js:28478:17)
    at createFiberFromElement (C:\Projects\ma-saas-platform\M-S-SaaS-apex-deliver\frontend\node_modules\react-dom\cjs\react-dom.development.js:28504:15)
    at reconcileSingleElement (C:\Projects\ma-saas-platform\M-S-SaaS-apex-deliver\frontend\node_modules\react-dom\cjs\react-dom.development.js:13986:23)
    at reconcileChildFibers (C:\Projects\ma-saas-platform\M-S-SaaS-apex-deliver\frontend\node_modules\react-dom\cjs\react-dom.development.js:14044:35)
    at reconcileChildren (C:\Projects\ma-saas-platform\M-S-SaaS-apex-deliver\frontend\node_modules\react-dom\cjs\react-dom.development.js:19186:28)
    at updateHostComponent (C:\Projects\ma-saas-platform\M-S-SaaS-apex-deliver\frontend\node_modules\react-dom\cjs\react-dom.development.js:19953:3)
    at beginWork (C:\Projects\ma-saas-platform\M-S-SaaS-apex-deliver\frontend\node_modules\react-dom\cjs\react-dom.development.js:21657:14)
    at HTMLUnknownElement.callCallback (C:\Projects\ma-saas-platform\M-S-SaaS-apex-deliver\frontend\node_modules\react-dom\cjs\react-dom.development.js:4164:14)
    at HTMLUnknownElement.callTheUserObjectsOperation (C:\Projects\ma-saas-platform\M-S-SaaS-apex-deliver\frontend\node_modules\jsdom\lib\jsdom\living\generated\EventListener.js:26:30)
    at innerInvokeEventListeners (C:\Projects\ma-saas-platform\M-S-SaaS-apex-deliver\frontend\node_modules\jsdom\lib\jsdom\living\events\EventTarget-impl.js:360:16)
Error: Element type is invalid: expected a string (for built-in components) or a class/function (for composite components) but got: undefined. You likely forgot to export your component from the file it's defined in, or you might have mixed up default and named imports.

Check the render method of `EnhancedHeroSection`.
    at createFiberFromTypeAndProps (C:\Projects\ma-saas-platform\M-S-SaaS-apex-deliver\frontend\node_modules\react-dom\cjs\react-dom.development.js:28478:17)
    at createFiberFromElement (C:\Projects\ma-saas-platform\M-S-SaaS-apex-deliver\frontend\node_modules\react-dom\cjs\react-dom.development.js:28504:15)
    at reconcileSingleElement (C:\Projects\ma-saas-platform\M-S-SaaS-apex-deliver\frontend\node_modules\react-dom\cjs\react-dom.development.js:13986:23)
    at reconcileChildFibers (C:\Projects\ma-saas-platform\M-S-SaaS-apex-deliver\frontend\node_modules\react-dom\cjs\react-dom.development.js:14044:35)
    at reconcileChildren (C:\Projects\ma-saas-platform\M-S-SaaS-apex-deliver\frontend\node_modules\react-dom\cjs\react-dom.development.js:19186:28)
    at updateHostComponent (C:\Projects\ma-saas-platform\M-S-SaaS-apex-deliver\frontend\node_modules\react-dom\cjs\react-dom.development.js:19953:3)
    at beginWork (C:\Projects\ma-saas-platform\M-S-SaaS-apex-deliver\frontend\node_modules\react-dom\cjs\react-dom.development.js:21657:14)
    at HTMLUnknownElement.callCallback (C:\Projects\ma-saas-platform\M-S-SaaS-apex-deliver\frontend\node_modules\react-dom\cjs\react-dom.development.js:4164:14)
    at HTMLUnknownElement.callTheUserObjectsOperation (C:\Projects\ma-saas-platform\M-S-SaaS-apex-deliver\frontend\node_modules\jsdom\lib\jsdom\living\generated\EventListener.js:26:30)
    at innerInvokeEventListeners (C:\Projects\ma-saas-platform\M-S-SaaS-apex-deliver\frontend\node_modules\jsdom\lib\jsdom\living\events\EventTarget-impl.js:360:16)
The above error occurred in the <a> component:

    at a
    at LinkWithRef (file:///C:/Projects/ma-saas-platform/M-S-SaaS-apex-deliver/frontend/node_modules/react-router/dist/development/chunk-OIYGIGL5.mjs:9299:5)
    at div
    at div
    at div
    at div
    at section
    at EnhancedHeroSection (C:/Projects/ma-saas-platform/M-S-SaaS-apex-deliver/frontend/src/components/marketing/EnhancedHeroSection.tsx:13:71)
    at Router (file:///C:/Projects/ma-saas-platform/M-S-SaaS-apex-deliver/frontend/node_modules/react-router/dist/development/chunk-OIYGIGL5.mjs:6066:13)
    at BrowserRouter (file:///C:/Projects/ma-saas-platform/M-S-SaaS-apex-deliver/frontend/node_modules/react-router/dist/development/chunk-OIYGIGL5.mjs:9209:3)
    at RouterWrapper (C:/Projects/ma-saas-platform/M-S-SaaS-apex-deliver/frontend/src/components/marketing/EnhancedHeroSection.test.tsx:11:26)

Consider adding an error boundary to your tree to customize error handling behavior.
Visit https://reactjs.org/link/error-boundaries to learn more about error boundaries.
The above error occurred in the <a> component:

    at a
    at LinkWithRef (file:///C:/Projects/ma-saas-platform/M-S-SaaS-apex-deliver/frontend/node_modules/react-router/dist/development/chunk-OIYGIGL5.mjs:9299:5)
    at div
    at div
    at div
    at div
    at section
    at EnhancedHeroSection (C:/Projects/ma-saas-platform/M-S-SaaS-apex-deliver/frontend/src/components/marketing/EnhancedHeroSection.tsx:13:71)
    at Router (file:///C:/Projects/ma-saas-platform/M-S-SaaS-apex-deliver/frontend/node_modules/react-router/dist/development/chunk-OIYGIGL5.mjs:6066:13)
    at BrowserRouter (file:///C:/Projects/ma-saas-platform/M-S-SaaS-apex-deliver/frontend/node_modules/react-router/dist/development/chunk-OIYGIGL5.mjs:9209:3)
    at RouterWrapper (C:/Projects/ma-saas-platform/M-S-SaaS-apex-deliver/frontend/src/components/marketing/EnhancedHeroSection.test.tsx:11:26)

Consider adding an error boundary to your tree to customize error handling behavior.
Visit https://reactjs.org/link/error-boundaries to learn more about error boundaries.

[90mstderr[2m | src/components/master-admin/activity/GoalCard.test.tsx[2m > [22m[2mGoalCard[2m > [22m[2mEdit Mode[2m > [22m[2mshould populate inputs with current goal values in edit mode
[22m[39mWarning: React.jsx: type is invalid -- expected a string (for built-in components) or a class/function (for composite components) but got: undefined. You likely forgot to export your component from the file it's defined in, or you might have mixed up default and named imports.

Check the render method of `GoalCard`.
    at GoalCard (C:/Projects/ma-saas-platform/M-S-SaaS-apex-deliver/frontend/src/components/master-admin/activity/GoalCard.tsx:13:71)
    at QueryClientProvider (file:///C:/Projects/ma-saas-platform/M-S-SaaS-apex-deliver/frontend/node_modules/@tanstack/react-query/build/modern/QueryClientProvider.js:20:3)
Warning: React.jsx: type is invalid -- expected a string (for built-in components) or a class/function (for composite components) but got: undefined. You likely forgot to export your component from the file it's defined in, or you might have mixed up default and named imports.

Check the render method of `GoalCard`.
    at GoalCard (C:/Projects/ma-saas-platform/M-S-SaaS-apex-deliver/frontend/src/components/master-admin/activity/GoalCard.tsx:13:71)
    at QueryClientProvider (file:///C:/Projects/ma-saas-platform/M-S-SaaS-apex-deliver/frontend/node_modules/@tanstack/react-query/build/modern/QueryClientProvider.js:20:3)
Error: Element type is invalid: expected a string (for built-in components) or a class/function (for composite components) but got: undefined. You likely forgot to export your component from the file it's defined in, or you might have mixed up default and named imports.

Check the render method of `GoalCard`.
    at createFiberFromTypeAndProps (C:\Projects\ma-saas-platform\M-S-SaaS-apex-deliver\frontend\node_modules\react-dom\cjs\react-dom.development.js:28478:17)
    at createFiberFromElement (C:\Projects\ma-saas-platform\M-S-SaaS-apex-deliver\frontend\node_modules\react-dom\cjs\react-dom.development.js:28504:15)
    at createChild (C:\Projects\ma-saas-platform\M-S-SaaS-apex-deliver\frontend\node_modules\react-dom\cjs\react-dom.development.js:13345:28)
    at reconcileChildrenArray (C:\Projects\ma-saas-platform\M-S-SaaS-apex-deliver\frontend\node_modules\react-dom\cjs\react-dom.development.js:13640:25)
    at reconcileChildFibers (C:\Projects\ma-saas-platform\M-S-SaaS-apex-deliver\frontend\node_modules\react-dom\cjs\react-dom.development.js:14057:16)
    at reconcileChildren (C:\Projects\ma-saas-platform\M-S-SaaS-apex-deliver\frontend\node_modules\react-dom\cjs\react-dom.development.js:19186:28)
    at updateHostComponent (C:\Projects\ma-saas-platform\M-S-SaaS-apex-deliver\frontend\node_modules\react-dom\cjs\react-dom.development.js:19953:3)
    at beginWork (C:\Projects\ma-saas-platform\M-S-SaaS-apex-deliver\frontend\node_modules\react-dom\cjs\react-dom.development.js:21657:14)
    at HTMLUnknownElement.callCallback (C:\Projects\ma-saas-platform\M-S-SaaS-apex-deliver\frontend\node_modules\react-dom\cjs\react-dom.development.js:4164:14)
    at HTMLUnknownElement.callTheUserObjectsOperation (C:\Projects\ma-saas-platform\M-S-SaaS-apex-deliver\frontend\node_modules\jsdom\lib\jsdom\living\generated\EventListener.js:26:30)
Warning: React.jsx: type is invalid -- expected a string (for built-in components) or a class/function (for composite components) but got: undefined. You likely forgot to export your component from the file it's defined in, or you might have mixed up default and named imports.

Check the render method of `GoalCard`.
    at GoalCard (C:/Projects/ma-saas-platform/M-S-SaaS-apex-deliver/frontend/src/components/master-admin/activity/GoalCard.tsx:13:71)
    at QueryClientProvider (file:///C:/Projects/ma-saas-platform/M-S-SaaS-apex-deliver/frontend/node_modules/@tanstack/react-query/build/modern/QueryClientProvider.js:20:3)
Warning: React.jsx: type is invalid -- expected a string (for built-in components) or a class/function (for composite components) but got: undefined. You likely forgot to export your component from the file it's defined in, or you might have mixed up default and named imports.

Check the render method of `GoalCard`.
    at GoalCard (C:/Projects/ma-saas-platform/M-S-SaaS-apex-deliver/frontend/src/components/master-admin/activity/GoalCard.tsx:13:71)
    at QueryClientProvider (file:///C:/Projects/ma-saas-platform/M-S-SaaS-apex-deliver/frontend/node_modules/@tanstack/react-query/build/modern/QueryClientProvider.js:20:3)
Error: Element type is invalid: expected a string (for built-in components) or a class/function (for composite components) but got: undefined. You likely forgot to export your component from the file it's defined in, or you might have mixed up default and named imports.

Check the render method of `GoalCard`.
    at createFiberFromTypeAndProps (C:\Projects\ma-saas-platform\M-S-SaaS-apex-deliver\frontend\node_modules\react-dom\cjs\react-dom.development.js:28478:17)
    at createFiberFromElement (C:\Projects\ma-saas-platform\M-S-SaaS-apex-deliver\frontend\node_modules\react-dom\cjs\react-dom.development.js:28504:15)
    at createChild (C:\Projects\ma-saas-platform\M-S-SaaS-apex-deliver\frontend\node_modules\react-dom\cjs\react-dom.development.js:13345:28)
    at reconcileChildrenArray (C:\Projects\ma-saas-platform\M-S-SaaS-apex-deliver\frontend\node_modules\react-dom\cjs\react-dom.development.js:13640:25)
    at reconcileChildFibers (C:\Projects\ma-saas-platform\M-S-SaaS-apex-deliver\frontend\node_modules\react-dom\cjs\react-dom.development.js:14057:16)
    at reconcileChildren (C:\Projects\ma-saas-platform\M-S-SaaS-apex-deliver\frontend\node_modules\react-dom\cjs\react-dom.development.js:19186:28)
    at updateHostComponent (C:\Projects\ma-saas-platform\M-S-SaaS-apex-deliver\frontend\node_modules\react-dom\cjs\react-dom.development.js:19953:3)
    at beginWork (C:\Projects\ma-saas-platform\M-S-SaaS-apex-deliver\frontend\node_modules\react-dom\cjs\react-dom.development.js:21657:14)
    at HTMLUnknownElement.callCallback (C:\Projects\ma-saas-platform\M-S-SaaS-apex-deliver\frontend\node_modules\react-dom\cjs\react-dom.development.js:4164:14)
    at HTMLUnknownElement.callTheUserObjectsOperation (C:\Projects\ma-saas-platform\M-S-SaaS-apex-deliver\frontend\node_modules\jsdom\lib\jsdom\living\generated\EventListener.js:26:30)
The above error occurred in the <div> component:

    at div
    at div
    at GoalCard (C:/Projects/ma-saas-platform/M-S-SaaS-apex-deliver/frontend/src/components/master-admin/activity/GoalCard.tsx:13:71)
    at QueryClientProvider (file:///C:/Projects/ma-saas-platform/M-S-SaaS-apex-deliver/frontend/node_modules/@tanstack/react-query/build/modern/QueryClientProvider.js:20:3)

Consider adding an error boundary to your tree to customize error handling behavior.
Visit https://reactjs.org/link/error-boundaries to learn more about error boundaries.

[90mstderr[2m | src/components/marketing/EnhancedHeroSection.test.tsx[2m > [22m[2mEnhancedHeroSection[2m > [22m[2mincludes scroll indicator
[22m[39mWarning: React.jsx: type is invalid -- expected a string (for built-in components) or a class/function (for composite components) but got: undefined. You likely forgot to export your component from the file it's defined in, or you might have mixed up default and named imports.

Check the render method of `EnhancedHeroSection`.
    at EnhancedHeroSection (C:/Projects/ma-saas-platform/M-S-SaaS-apex-deliver/frontend/src/components/marketing/EnhancedHeroSection.tsx:13:71)
    at Router (file:///C:/Projects/ma-saas-platform/M-S-SaaS-apex-deliver/frontend/node_modules/react-router/dist/development/chunk-OIYGIGL5.mjs:6066:13)
    at BrowserRouter (file:///C:/Projects/ma-saas-platform/M-S-SaaS-apex-deliver/frontend/node_modules/react-router/dist/development/chunk-OIYGIGL5.mjs:9209:3)
    at RouterWrapper (C:/Projects/ma-saas-platform/M-S-SaaS-apex-deliver/frontend/src/components/marketing/EnhancedHeroSection.test.tsx:11:26)
Warning: React.jsx: type is invalid -- expected a string (for built-in components) or a class/function (for composite components) but got: undefined. You likely forgot to export your component from the file it's defined in, or you might have mixed up default and named imports.

Check the render method of `EnhancedHeroSection`.
    at EnhancedHeroSection (C:/Projects/ma-saas-platform/M-S-SaaS-apex-deliver/frontend/src/components/marketing/EnhancedHeroSection.tsx:13:71)
    at Router (file:///C:/Projects/ma-saas-platform/M-S-SaaS-apex-deliver/frontend/node_modules/react-router/dist/development/chunk-OIYGIGL5.mjs:6066:13)
    at BrowserRouter (file:///C:/Projects/ma-saas-platform/M-S-SaaS-apex-deliver/frontend/node_modules/react-router/dist/development/chunk-OIYGIGL5.mjs:9209:3)
    at RouterWrapper (C:/Projects/ma-saas-platform/M-S-SaaS-apex-deliver/frontend/src/components/marketing/EnhancedHeroSection.test.tsx:11:26)
Error: Element type is invalid: expected a string (for built-in components) or a class/function (for composite components) but got: undefined. You likely forgot to export your component from the file it's defined in, or you might have mixed up default and named imports.

Check the render method of `EnhancedHeroSection`.
    at createFiberFromTypeAndProps (C:\Projects\ma-saas-platform\M-S-SaaS-apex-deliver\frontend\node_modules\react-dom\cjs\react-dom.development.js:28478:17)
    at createFiberFromElement (C:\Projects\ma-saas-platform\M-S-SaaS-apex-deliver\frontend\node_modules\react-dom\cjs\react-dom.development.js:28504:15)
    at reconcileSingleElement (C:\Projects\ma-saas-platform\M-S-SaaS-apex-deliver\frontend\node_modules\react-dom\cjs\react-dom.development.js:13986:23)
    at reconcileChildFibers (C:\Projects\ma-saas-platform\M-S-SaaS-apex-deliver\frontend\node_modules\react-dom\cjs\react-dom.development.js:14044:35)
    at reconcileChildren (C:\Projects\ma-saas-platform\M-S-SaaS-apex-deliver\frontend\node_modules\react-dom\cjs\react-dom.development.js:19186:28)
    at updateHostComponent (C:\Projects\ma-saas-platform\M-S-SaaS-apex-deliver\frontend\node_modules\react-dom\cjs\react-dom.development.js:19953:3)
    at beginWork (C:\Projects\ma-saas-platform\M-S-SaaS-apex-deliver\frontend\node_modules\react-dom\cjs\react-dom.development.js:21657:14)
    at HTMLUnknownElement.callCallback (C:\Projects\ma-saas-platform\M-S-SaaS-apex-deliver\frontend\node_modules\react-dom\cjs\react-dom.development.js:4164:14)
    at HTMLUnknownElement.callTheUserObjectsOperation (C:\Projects\ma-saas-platform\M-S-SaaS-apex-deliver\frontend\node_modules\jsdom\lib\jsdom\living\generated\EventListener.js:26:30)
    at innerInvokeEventListeners (C:\Projects\ma-saas-platform\M-S-SaaS-apex-deliver\frontend\node_modules\jsdom\lib\jsdom\living\events\EventTarget-impl.js:360:16)
Error: Element type is invalid: expected a string (for built-in components) or a class/function (for composite components) but got: undefined. You likely forgot to export your component from the file it's defined in, or you might have mixed up default and named imports.

Check the render method of `EnhancedHeroSection`.
    at createFiberFromTypeAndProps (C:\Projects\ma-saas-platform\M-S-SaaS-apex-deliver\frontend\node_modules\react-dom\cjs\react-dom.development.js:28478:17)
    at createFiberFromElement (C:\Projects\ma-saas-platform\M-S-SaaS-apex-deliver\frontend\node_modules\react-dom\cjs\react-dom.development.js:28504:15)
    at reconcileSingleElement (C:\Projects\ma-saas-platform\M-S-SaaS-apex-deliver\frontend\node_modules\react-dom\cjs\react-dom.development.js:13986:23)
    at reconcileChildFibers (C:\Projects\ma-saas-platform\M-S-SaaS-apex-deliver\frontend\node_modules\react-dom\cjs\react-dom.development.js:14044:35)
    at reconcileChildren (C:\Projects\ma-saas-platform\M-S-SaaS-apex-deliver\frontend\node_modules\react-dom\cjs\react-dom.development.js:19186:28)
    at updateHostComponent (C:\Projects\ma-saas-platform\M-S-SaaS-apex-deliver\frontend\node_modules\react-dom\cjs\react-dom.development.js:19953:3)
    at beginWork (C:\Projects\ma-saas-platform\M-S-SaaS-apex-deliver\frontend\node_modules\react-dom\cjs\react-dom.development.js:21657:14)
    at HTMLUnknownElement.callCallback (C:\Projects\ma-saas-platform\M-S-SaaS-apex-deliver\frontend\node_modules\react-dom\cjs\react-dom.development.js:4164:14)
    at HTMLUnknownElement.callTheUserObjectsOperation (C:\Projects\ma-saas-platform\M-S-SaaS-apex-deliver\frontend\node_modules\jsdom\lib\jsdom\living\generated\EventListener.js:26:30)
    at innerInvokeEventListeners (C:\Projects\ma-saas-platform\M-S-SaaS-apex-deliver\frontend\node_modules\jsdom\lib\jsdom\living\events\EventTarget-impl.js:360:16)
Warning: React.jsx: type is invalid -- expected a string (for built-in components) or a class/function (for composite components) but got: undefined. You likely forgot to export your component from the file it's defined in, or you might have mixed up default and named imports.

Check the render method of `EnhancedHeroSection`.
    at EnhancedHeroSection (C:/Projects/ma-saas-platform/M-S-SaaS-apex-deliver/frontend/src/components/marketing/EnhancedHeroSection.tsx:13:71)
    at Router (file:///C:/Projects/ma-saas-platform/M-S-SaaS-apex-deliver/frontend/node_modules/react-router/dist/development/chunk-OIYGIGL5.mjs:6066:13)
    at BrowserRouter (file:///C:/Projects/ma-saas-platform/M-S-SaaS-apex-deliver/frontend/node_modules/react-router/dist/development/chunk-OIYGIGL5.mjs:9209:3)
    at RouterWrapper (C:/Projects/ma-saas-platform/M-S-SaaS-apex-deliver/frontend/src/components/marketing/EnhancedHeroSection.test.tsx:11:26)
Warning: React.jsx: type is invalid -- expected a string (for built-in components) or a class/function (for composite components) but got: undefined. You likely forgot to export your component from the file it's defined in, or you might have mixed up default and named imports.

Check the render method of `EnhancedHeroSection`.
    at EnhancedHeroSection (C:/Projects/ma-saas-platform/M-S-SaaS-apex-deliver/frontend/src/components/marketing/EnhancedHeroSection.tsx:13:71)
    at Router (file:///C:/Projects/ma-saas-platform/M-S-SaaS-apex-deliver/frontend/node_modules/react-router/dist/development/chunk-OIYGIGL5.mjs:6066:13)
    at BrowserRouter (file:///C:/Projects/ma-saas-platform/M-S-SaaS-apex-deliver/frontend/node_modules/react-router/dist/development/chunk-OIYGIGL5.mjs:9209:3)
    at RouterWrapper (C:/Projects/ma-saas-platform/M-S-SaaS-apex-deliver/frontend/src/components/marketing/EnhancedHeroSection.test.tsx:11:26)
Error: Element type is invalid: expected a string (for built-in components) or a class/function (for composite components) but got: undefined. You likely forgot to export your component from the file it's defined in, or you might have mixed up default and named imports.

Check the render method of `EnhancedHeroSection`.
    at createFiberFromTypeAndProps (C:\Projects\ma-saas-platform\M-S-SaaS-apex-deliver\frontend\node_modules\react-dom\cjs\react-dom.development.js:28478:17)
    at createFiberFromElement (C:\Projects\ma-saas-platform\M-S-SaaS-apex-deliver\frontend\node_modules\react-dom\cjs\react-dom.development.js:28504:15)
    at reconcileSingleElement (C:\Projects\ma-saas-platform\M-S-SaaS-apex-deliver\frontend\node_modules\react-dom\cjs\react-dom.development.js:13986:23)
    at reconcileChildFibers (C:\Projects\ma-saas-platform\M-S-SaaS-apex-deliver\frontend\node_modules\react-dom\cjs\react-dom.development.js:14044:35)
    at reconcileChildren (C:\Projects\ma-saas-platform\M-S-SaaS-apex-deliver\frontend\node_modules\react-dom\cjs\react-dom.development.js:19186:28)
    at updateHostComponent (C:\Projects\ma-saas-platform\M-S-SaaS-apex-deliver\frontend\node_modules\react-dom\cjs\react-dom.development.js:19953:3)
    at beginWork (C:\Projects\ma-saas-platform\M-S-SaaS-apex-deliver\frontend\node_modules\react-dom\cjs\react-dom.development.js:21657:14)
    at HTMLUnknownElement.callCallback (C:\Projects\ma-saas-platform\M-S-SaaS-apex-deliver\frontend\node_modules\react-dom\cjs\react-dom.development.js:4164:14)
    at HTMLUnknownElement.callTheUserObjectsOperation (C:\Projects\ma-saas-platform\M-S-SaaS-apex-deliver\frontend\node_modules\jsdom\lib\jsdom\living\generated\EventListener.js:26:30)
    at innerInvokeEventListeners (C:\Projects\ma-saas-platform\M-S-SaaS-apex-deliver\frontend\node_modules\jsdom\lib\jsdom\living\events\EventTarget-impl.js:360:16)
Error: Element type is invalid: expected a string (for built-in components) or a class/function (for composite components) but got: undefined. You likely forgot to export your component from the file it's defined in, or you might have mixed up default and named imports.

Check the render method of `EnhancedHeroSection`.
    at createFiberFromTypeAndProps (C:\Projects\ma-saas-platform\M-S-SaaS-apex-deliver\frontend\node_modules\react-dom\cjs\react-dom.development.js:28478:17)
    at createFiberFromElement (C:\Projects\ma-saas-platform\M-S-SaaS-apex-deliver\frontend\node_modules\react-dom\cjs\react-dom.development.js:28504:15)
    at reconcileSingleElement (C:\Projects\ma-saas-platform\M-S-SaaS-apex-deliver\frontend\node_modules\react-dom\cjs\react-dom.development.js:13986:23)
    at reconcileChildFibers (C:\Projects\ma-saas-platform\M-S-SaaS-apex-deliver\frontend\node_modules\react-dom\cjs\react-dom.development.js:14044:35)
    at reconcileChildren (C:\Projects\ma-saas-platform\M-S-SaaS-apex-deliver\frontend\node_modules\react-dom\cjs\react-dom.development.js:19186:28)
    at updateHostComponent (C:\Projects\ma-saas-platform\M-S-SaaS-apex-deliver\frontend\node_modules\react-dom\cjs\react-dom.development.js:19953:3)
    at beginWork (C:\Projects\ma-saas-platform\M-S-SaaS-apex-deliver\frontend\node_modules\react-dom\cjs\react-dom.development.js:21657:14)
    at HTMLUnknownElement.callCallback (C:\Projects\ma-saas-platform\M-S-SaaS-apex-deliver\frontend\node_modules\react-dom\cjs\react-dom.development.js:4164:14)
    at HTMLUnknownElement.callTheUserObjectsOperation (C:\Projects\ma-saas-platform\M-S-SaaS-apex-deliver\frontend\node_modules\jsdom\lib\jsdom\living\generated\EventListener.js:26:30)
    at innerInvokeEventListeners (C:\Projects\ma-saas-platform\M-S-SaaS-apex-deliver\frontend\node_modules\jsdom\lib\jsdom\living\events\EventTarget-impl.js:360:16)
The above error occurred in the <a> component:

    at a
    at LinkWithRef (file:///C:/Projects/ma-saas-platform/M-S-SaaS-apex-deliver/frontend/node_modules/react-router/dist/development/chunk-OIYGIGL5.mjs:9299:5)
    at div
    at div
    at div
    at div
    at section
    at EnhancedHeroSection (C:/Projects/ma-saas-platform/M-S-SaaS-apex-deliver/frontend/src/components/marketing/EnhancedHeroSection.tsx:13:71)
    at Router (file:///C:/Projects/ma-saas-platform/M-S-SaaS-apex-deliver/frontend/node_modules/react-router/dist/development/chunk-OIYGIGL5.mjs:6066:13)
    at BrowserRouter (file:///C:/Projects/ma-saas-platform/M-S-SaaS-apex-deliver/frontend/node_modules/react-router/dist/development/chunk-OIYGIGL5.mjs:9209:3)
    at RouterWrapper (C:/Projects/ma-saas-platform/M-S-SaaS-apex-deliver/frontend/src/components/marketing/EnhancedHeroSection.test.tsx:11:26)

Consider adding an error boundary to your tree to customize error handling behavior.
Visit https://reactjs.org/link/error-boundaries to learn more about error boundaries.
The above error occurred in the <a> component:

    at a
    at LinkWithRef (file:///C:/Projects/ma-saas-platform/M-S-SaaS-apex-deliver/frontend/node_modules/react-router/dist/development/chunk-OIYGIGL5.mjs:9299:5)
    at div
    at div
    at div
    at div
    at section
    at EnhancedHeroSection (C:/Projects/ma-saas-platform/M-S-SaaS-apex-deliver/frontend/src/components/marketing/EnhancedHeroSection.tsx:13:71)
    at Router (file:///C:/Projects/ma-saas-platform/M-S-SaaS-apex-deliver/frontend/node_modules/react-router/dist/development/chunk-OIYGIGL5.mjs:6066:13)
    at BrowserRouter (file:///C:/Projects/ma-saas-platform/M-S-SaaS-apex-deliver/frontend/node_modules/react-router/dist/development/chunk-OIYGIGL5.mjs:9209:3)
    at RouterWrapper (C:/Projects/ma-saas-platform/M-S-SaaS-apex-deliver/frontend/src/components/marketing/EnhancedHeroSection.test.tsx:11:26)

Consider adding an error boundary to your tree to customize error handling behavior.
Visit https://reactjs.org/link/error-boundaries to learn more about error boundaries.

[90mstderr[2m | src/components/marketing/EnhancedHeroSection.test.tsx[2m > [22m[2mEnhancedHeroSection[2m > [22m[2mapplies visibility animation on mount
[22m[39mWarning: React.jsx: type is invalid -- expected a string (for built-in components) or a class/function (for composite components) but got: undefined. You likely forgot to export your component from the file it's defined in, or you might have mixed up default and named imports.

Check the render method of `EnhancedHeroSection`.
    at EnhancedHeroSection (C:/Projects/ma-saas-platform/M-S-SaaS-apex-deliver/frontend/src/components/marketing/EnhancedHeroSection.tsx:13:71)
    at Router (file:///C:/Projects/ma-saas-platform/M-S-SaaS-apex-deliver/frontend/node_modules/react-router/dist/development/chunk-OIYGIGL5.mjs:6066:13)
    at BrowserRouter (file:///C:/Projects/ma-saas-platform/M-S-SaaS-apex-deliver/frontend/node_modules/react-router/dist/development/chunk-OIYGIGL5.mjs:9209:3)
    at RouterWrapper (C:/Projects/ma-saas-platform/M-S-SaaS-apex-deliver/frontend/src/components/marketing/EnhancedHeroSection.test.tsx:11:26)
Warning: React.jsx: type is invalid -- expected a string (for built-in components) or a class/function (for composite components) but got: undefined. You likely forgot to export your component from the file it's defined in, or you might have mixed up default and named imports.

Check the render method of `EnhancedHeroSection`.
    at EnhancedHeroSection (C:/Projects/ma-saas-platform/M-S-SaaS-apex-deliver/frontend/src/components/marketing/EnhancedHeroSection.tsx:13:71)
    at Router (file:///C:/Projects/ma-saas-platform/M-S-SaaS-apex-deliver/frontend/node_modules/react-router/dist/development/chunk-OIYGIGL5.mjs:6066:13)
    at BrowserRouter (file:///C:/Projects/ma-saas-platform/M-S-SaaS-apex-deliver/frontend/node_modules/react-router/dist/development/chunk-OIYGIGL5.mjs:9209:3)
    at RouterWrapper (C:/Projects/ma-saas-platform/M-S-SaaS-apex-deliver/frontend/src/components/marketing/EnhancedHeroSection.test.tsx:11:26)
Error: Element type is invalid: expected a string (for built-in components) or a class/function (for composite components) but got: undefined. You likely forgot to export your component from the file it's defined in, or you might have mixed up default and named imports.

Check the render method of `EnhancedHeroSection`.
    at createFiberFromTypeAndProps (C:\Projects\ma-saas-platform\M-S-SaaS-apex-deliver\frontend\node_modules\react-dom\cjs\react-dom.development.js:28478:17)
    at createFiberFromElement (C:\Projects\ma-saas-platform\M-S-SaaS-apex-deliver\frontend\node_modules\react-dom\cjs\react-dom.development.js:28504:15)
    at reconcileSingleElement (C:\Projects\ma-saas-platform\M-S-SaaS-apex-deliver\frontend\node_modules\react-dom\cjs\react-dom.development.js:13986:23)
    at reconcileChildFibers (C:\Projects\ma-saas-platform\M-S-SaaS-apex-deliver\frontend\node_modules\react-dom\cjs\react-dom.development.js:14044:35)
    at reconcileChildren (C:\Projects\ma-saas-platform\M-S-SaaS-apex-deliver\frontend\node_modules\react-dom\cjs\react-dom.development.js:19186:28)
    at updateHostComponent (C:\Projects\ma-saas-platform\M-S-SaaS-apex-deliver\frontend\node_modules\react-dom\cjs\react-dom.development.js:19953:3)
    at beginWork (C:\Projects\ma-saas-platform\M-S-SaaS-apex-deliver\frontend\node_modules\react-dom\cjs\react-dom.development.js:21657:14)
    at HTMLUnknownElement.callCallback (C:\Projects\ma-saas-platform\M-S-SaaS-apex-deliver\frontend\node_modules\react-dom\cjs\react-dom.development.js:4164:14)
    at HTMLUnknownElement.callTheUserObjectsOperation (C:\Projects\ma-saas-platform\M-S-SaaS-apex-deliver\frontend\node_modules\jsdom\lib\jsdom\living\generated\EventListener.js:26:30)
    at innerInvokeEventListeners (C:\Projects\ma-saas-platform\M-S-SaaS-apex-deliver\frontend\node_modules\jsdom\lib\jsdom\living\events\EventTarget-impl.js:360:16)
Error: Element type is invalid: expected a string (for built-in components) or a class/function (for composite components) but got: undefined. You likely forgot to export your component from the file it's defined in, or you might have mixed up default and named imports.

Check the render method of `EnhancedHeroSection`.
    at createFiberFromTypeAndProps (C:\Projects\ma-saas-platform\M-S-SaaS-apex-deliver\frontend\node_modules\react-dom\cjs\react-dom.development.js:28478:17)
    at createFiberFromElement (C:\Projects\ma-saas-platform\M-S-SaaS-apex-deliver\frontend\node_modules\react-dom\cjs\react-dom.development.js:28504:15)
    at reconcileSingleElement (C:\Projects\ma-saas-platform\M-S-SaaS-apex-deliver\frontend\node_modules\react-dom\cjs\react-dom.development.js:13986:23)
    at reconcileChildFibers (C:\Projects\ma-saas-platform\M-S-SaaS-apex-deliver\frontend\node_modules\react-dom\cjs\react-dom.development.js:14044:35)
    at reconcileChildren (C:\Projects\ma-saas-platform\M-S-SaaS-apex-deliver\frontend\node_modules\react-dom\cjs\react-dom.development.js:19186:28)
    at updateHostComponent (C:\Projects\ma-saas-platform\M-S-SaaS-apex-deliver\frontend\node_modules\react-dom\cjs\react-dom.development.js:19953:3)
    at beginWork (C:\Projects\ma-saas-platform\M-S-SaaS-apex-deliver\frontend\node_modules\react-dom\cjs\react-dom.development.js:21657:14)
    at HTMLUnknownElement.callCallback (C:\Projects\ma-saas-platform\M-S-SaaS-apex-deliver\frontend\node_modules\react-dom\cjs\react-dom.development.js:4164:14)
    at HTMLUnknownElement.callTheUserObjectsOperation (C:\Projects\ma-saas-platform\M-S-SaaS-apex-deliver\frontend\node_modules\jsdom\lib\jsdom\living\generated\EventListener.js:26:30)
    at innerInvokeEventListeners (C:\Projects\ma-saas-platform\M-S-SaaS-apex-deliver\frontend\node_modules\jsdom\lib\jsdom\living\events\EventTarget-impl.js:360:16)
Warning: React.jsx: type is invalid -- expected a string (for built-in components) or a class/function (for composite components) but got: undefined. You likely forgot to export your component from the file it's defined in, or you might have mixed up default and named imports.

Check the render method of `EnhancedHeroSection`.
    at EnhancedHeroSection (C:/Projects/ma-saas-platform/M-S-SaaS-apex-deliver/frontend/src/components/marketing/EnhancedHeroSection.tsx:13:71)
    at Router (file:///C:/Projects/ma-saas-platform/M-S-SaaS-apex-deliver/frontend/node_modules/react-router/dist/development/chunk-OIYGIGL5.mjs:6066:13)
    at BrowserRouter (file:///C:/Projects/ma-saas-platform/M-S-SaaS-apex-deliver/frontend/node_modules/react-router/dist/development/chunk-OIYGIGL5.mjs:9209:3)
    at RouterWrapper (C:/Projects/ma-saas-platform/M-S-SaaS-apex-deliver/frontend/src/components/marketing/EnhancedHeroSection.test.tsx:11:26)
Warning: React.jsx: type is invalid -- expected a string (for built-in components) or a class/function (for composite components) but got: undefined. You likely forgot to export your component from the file it's defined in, or you might have mixed up default and named imports.

Check the render method of `EnhancedHeroSection`.
    at EnhancedHeroSection (C:/Projects/ma-saas-platform/M-S-SaaS-apex-deliver/frontend/src/components/marketing/EnhancedHeroSection.tsx:13:71)
    at Router (file:///C:/Projects/ma-saas-platform/M-S-SaaS-apex-deliver/frontend/node_modules/react-router/dist/development/chunk-OIYGIGL5.mjs:6066:13)
    at BrowserRouter (file:///C:/Projects/ma-saas-platform/M-S-SaaS-apex-deliver/frontend/node_modules/react-router/dist/development/chunk-OIYGIGL5.mjs:9209:3)
    at RouterWrapper (C:/Projects/ma-saas-platform/M-S-SaaS-apex-deliver/frontend/src/components/marketing/EnhancedHeroSection.test.tsx:11:26)
Error: Element type is invalid: expected a string (for built-in components) or a class/function (for composite components) but got: undefined. You likely forgot to export your component from the file it's defined in, or you might have mixed up default and named imports.

Check the render method of `EnhancedHeroSection`.
    at createFiberFromTypeAndProps (C:\Projects\ma-saas-platform\M-S-SaaS-apex-deliver\frontend\node_modules\react-dom\cjs\react-dom.development.js:28478:17)
    at createFiberFromElement (C:\Projects\ma-saas-platform\M-S-SaaS-apex-deliver\frontend\node_modules\react-dom\cjs\react-dom.development.js:28504:15)
    at reconcileSingleElement (C:\Projects\ma-saas-platform\M-S-SaaS-apex-deliver\frontend\node_modules\react-dom\cjs\react-dom.development.js:13986:23)
    at reconcileChildFibers (C:\Projects\ma-saas-platform\M-S-SaaS-apex-deliver\frontend\node_modules\react-dom\cjs\react-dom.development.js:14044:35)
    at reconcileChildren (C:\Projects\ma-saas-platform\M-S-SaaS-apex-deliver\frontend\node_modules\react-dom\cjs\react-dom.development.js:19186:28)
    at updateHostComponent (C:\Projects\ma-saas-platform\M-S-SaaS-apex-deliver\frontend\node_modules\react-dom\cjs\react-dom.development.js:19953:3)
    at beginWork (C:\Projects\ma-saas-platform\M-S-SaaS-apex-deliver\frontend\node_modules\react-dom\cjs\react-dom.development.js:21657:14)
    at HTMLUnknownElement.callCallback (C:\Projects\ma-saas-platform\M-S-SaaS-apex-deliver\frontend\node_modules\react-dom\cjs\react-dom.development.js:4164:14)
    at HTMLUnknownElement.callTheUserObjectsOperation (C:\Projects\ma-saas-platform\M-S-SaaS-apex-deliver\frontend\node_modules\jsdom\lib\jsdom\living\generated\EventListener.js:26:30)
    at innerInvokeEventListeners (C:\Projects\ma-saas-platform\M-S-SaaS-apex-deliver\frontend\node_modules\jsdom\lib\jsdom\living\events\EventTarget-impl.js:360:16)
Error: Element type is invalid: expected a string (for built-in components) or a class/function (for composite components) but got: undefined. You likely forgot to export your component from the file it's defined in, or you might have mixed up default and named imports.

Check the render method of `EnhancedHeroSection`.
    at createFiberFromTypeAndProps (C:\Projects\ma-saas-platform\M-S-SaaS-apex-deliver\frontend\node_modules\react-dom\cjs\react-dom.development.js:28478:17)
    at createFiberFromElement (C:\Projects\ma-saas-platform\M-S-SaaS-apex-deliver\frontend\node_modules\react-dom\cjs\react-dom.development.js:28504:15)
    at reconcileSingleElement (C:\Projects\ma-saas-platform\M-S-SaaS-apex-deliver\frontend\node_modules\react-dom\cjs\react-dom.development.js:13986:23)
    at reconcileChildFibers (C:\Projects\ma-saas-platform\M-S-SaaS-apex-deliver\frontend\node_modules\react-dom\cjs\react-dom.development.js:14044:35)
    at reconcileChildren (C:\Projects\ma-saas-platform\M-S-SaaS-apex-deliver\frontend\node_modules\react-dom\cjs\react-dom.development.js:19186:28)
    at updateHostComponent (C:\Projects\ma-saas-platform\M-S-SaaS-apex-deliver\frontend\node_modules\react-dom\cjs\react-dom.development.js:19953:3)
    at beginWork (C:\Projects\ma-saas-platform\M-S-SaaS-apex-deliver\frontend\node_modules\react-dom\cjs\react-dom.development.js:21657:14)
    at HTMLUnknownElement.callCallback (C:\Projects\ma-saas-platform\M-S-SaaS-apex-deliver\frontend\node_modules\react-dom\cjs\react-dom.development.js:4164:14)
    at HTMLUnknownElement.callTheUserObjectsOperation (C:\Projects\ma-saas-platform\M-S-SaaS-apex-deliver\frontend\node_modules\jsdom\lib\jsdom\living\generated\EventListener.js:26:30)
    at innerInvokeEventListeners (C:\Projects\ma-saas-platform\M-S-SaaS-apex-deliver\frontend\node_modules\jsdom\lib\jsdom\living\events\EventTarget-impl.js:360:16)
The above error occurred in the <a> component:

    at a
    at LinkWithRef (file:///C:/Projects/ma-saas-platform/M-S-SaaS-apex-deliver/frontend/node_modules/react-router/dist/development/chunk-OIYGIGL5.mjs:9299:5)
    at div
    at div
    at div
    at div
    at section
    at EnhancedHeroSection (C:/Projects/ma-saas-platform/M-S-SaaS-apex-deliver/frontend/src/components/marketing/EnhancedHeroSection.tsx:13:71)
    at Router (file:///C:/Projects/ma-saas-platform/M-S-SaaS-apex-deliver/frontend/node_modules/react-router/dist/development/chunk-OIYGIGL5.mjs:6066:13)
    at BrowserRouter (file:///C:/Projects/ma-saas-platform/M-S-SaaS-apex-deliver/frontend/node_modules/react-router/dist/development/chunk-OIYGIGL5.mjs:9209:3)
    at RouterWrapper (C:/Projects/ma-saas-platform/M-S-SaaS-apex-deliver/frontend/src/components/marketing/EnhancedHeroSection.test.tsx:11:26)

Consider adding an error boundary to your tree to customize error handling behavior.
Visit https://reactjs.org/link/error-boundaries to learn more about error boundaries.
The above error occurred in the <a> component:

    at a
    at LinkWithRef (file:///C:/Projects/ma-saas-platform/M-S-SaaS-apex-deliver/frontend/node_modules/react-router/dist/development/chunk-OIYGIGL5.mjs:9299:5)
    at div
    at div
    at div
    at div
    at section
    at EnhancedHeroSection (C:/Projects/ma-saas-platform/M-S-SaaS-apex-deliver/frontend/src/components/marketing/EnhancedHeroSection.tsx:13:71)
    at Router (file:///C:/Projects/ma-saas-platform/M-S-SaaS-apex-deliver/frontend/node_modules/react-router/dist/development/chunk-OIYGIGL5.mjs:6066:13)
    at BrowserRouter (file:///C:/Projects/ma-saas-platform/M-S-SaaS-apex-deliver/frontend/node_modules/react-router/dist/development/chunk-OIYGIGL5.mjs:9209:3)
    at RouterWrapper (C:/Projects/ma-saas-platform/M-S-SaaS-apex-deliver/frontend/src/components/marketing/EnhancedHeroSection.test.tsx:11:26)

Consider adding an error boundary to your tree to customize error handling behavior.
Visit https://reactjs.org/link/error-boundaries to learn more about error boundaries.

[90mstderr[2m | src/components/marketing/EnhancedHeroSection.test.tsx[2m > [22m[2mEnhancedHeroSection[2m > [22m[2mrenders floating orbs for visual effect
[22m[39mWarning: React.jsx: type is invalid -- expected a string (for built-in components) or a class/function (for composite components) but got: undefined. You likely forgot to export your component from the file it's defined in, or you might have mixed up default and named imports.

Check the render method of `EnhancedHeroSection`.
    at EnhancedHeroSection (C:/Projects/ma-saas-platform/M-S-SaaS-apex-deliver/frontend/src/components/marketing/EnhancedHeroSection.tsx:13:71)
    at Router (file:///C:/Projects/ma-saas-platform/M-S-SaaS-apex-deliver/frontend/node_modules/react-router/dist/development/chunk-OIYGIGL5.mjs:6066:13)
    at BrowserRouter (file:///C:/Projects/ma-saas-platform/M-S-SaaS-apex-deliver/frontend/node_modules/react-router/dist/development/chunk-OIYGIGL5.mjs:9209:3)
    at RouterWrapper (C:/Projects/ma-saas-platform/M-S-SaaS-apex-deliver/frontend/src/components/marketing/EnhancedHeroSection.test.tsx:11:26)
Warning: React.jsx: type is invalid -- expected a string (for built-in components) or a class/function (for composite components) but got: undefined. You likely forgot to export your component from the file it's defined in, or you might have mixed up default and named imports.

Check the render method of `EnhancedHeroSection`.
    at EnhancedHeroSection (C:/Projects/ma-saas-platform/M-S-SaaS-apex-deliver/frontend/src/components/marketing/EnhancedHeroSection.tsx:13:71)
    at Router (file:///C:/Projects/ma-saas-platform/M-S-SaaS-apex-deliver/frontend/node_modules/react-router/dist/development/chunk-OIYGIGL5.mjs:6066:13)
    at BrowserRouter (file:///C:/Projects/ma-saas-platform/M-S-SaaS-apex-deliver/frontend/node_modules/react-router/dist/development/chunk-OIYGIGL5.mjs:9209:3)
    at RouterWrapper (C:/Projects/ma-saas-platform/M-S-SaaS-apex-deliver/frontend/src/components/marketing/EnhancedHeroSection.test.tsx:11:26)
Error: Element type is invalid: expected a string (for built-in components) or a class/function (for composite components) but got: undefined. You likely forgot to export your component from the file it's defined in, or you might have mixed up default and named imports.

Check the render method of `EnhancedHeroSection`.
    at createFiberFromTypeAndProps (C:\Projects\ma-saas-platform\M-S-SaaS-apex-deliver\frontend\node_modules\react-dom\cjs\react-dom.development.js:28478:17)
    at createFiberFromElement (C:\Projects\ma-saas-platform\M-S-SaaS-apex-deliver\frontend\node_modules\react-dom\cjs\react-dom.development.js:28504:15)
    at reconcileSingleElement (C:\Projects\ma-saas-platform\M-S-SaaS-apex-deliver\frontend\node_modules\react-dom\cjs\react-dom.development.js:13986:23)
    at reconcileChildFibers (C:\Projects\ma-saas-platform\M-S-SaaS-apex-deliver\frontend\node_modules\react-dom\cjs\react-dom.development.js:14044:35)
    at reconcileChildren (C:\Projects\ma-saas-platform\M-S-SaaS-apex-deliver\frontend\node_modules\react-dom\cjs\react-dom.development.js:19186:28)
    at updateHostComponent (C:\Projects\ma-saas-platform\M-S-SaaS-apex-deliver\frontend\node_modules\react-dom\cjs\react-dom.development.js:19953:3)
    at beginWork (C:\Projects\ma-saas-platform\M-S-SaaS-apex-deliver\frontend\node_modules\react-dom\cjs\react-dom.development.js:21657:14)
    at HTMLUnknownElement.callCallback (C:\Projects\ma-saas-platform\M-S-SaaS-apex-deliver\frontend\node_modules\react-dom\cjs\react-dom.development.js:4164:14)
    at HTMLUnknownElement.callTheUserObjectsOperation (C:\Projects\ma-saas-platform\M-S-SaaS-apex-deliver\frontend\node_modules\jsdom\lib\jsdom\living\generated\EventListener.js:26:30)
    at innerInvokeEventListeners (C:\Projects\ma-saas-platform\M-S-SaaS-apex-deliver\frontend\node_modules\jsdom\lib\jsdom\living\events\EventTarget-impl.js:360:16)
Error: Element type is invalid: expected a string (for built-in components) or a class/function (for composite components) but got: undefined. You likely forgot to export your component from the file it's defined in, or you might have mixed up default and named imports.

Check the render method of `EnhancedHeroSection`.
    at createFiberFromTypeAndProps (C:\Projects\ma-saas-platform\M-S-SaaS-apex-deliver\frontend\node_modules\react-dom\cjs\react-dom.development.js:28478:17)
    at createFiberFromElement (C:\Projects\ma-saas-platform\M-S-SaaS-apex-deliver\frontend\node_modules\react-dom\cjs\react-dom.development.js:28504:15)
    at reconcileSingleElement (C:\Projects\ma-saas-platform\M-S-SaaS-apex-deliver\frontend\node_modules\react-dom\cjs\react-dom.development.js:13986:23)
    at reconcileChildFibers (C:\Projects\ma-saas-platform\M-S-SaaS-apex-deliver\frontend\node_modules\react-dom\cjs\react-dom.development.js:14044:35)
    at reconcileChildren (C:\Projects\ma-saas-platform\M-S-SaaS-apex-deliver\frontend\node_modules\react-dom\cjs\react-dom.development.js:19186:28)
    at updateHostComponent (C:\Projects\ma-saas-platform\M-S-SaaS-apex-deliver\frontend\node_modules\react-dom\cjs\react-dom.development.js:19953:3)
    at beginWork (C:\Projects\ma-saas-platform\M-S-SaaS-apex-deliver\frontend\node_modules\react-dom\cjs\react-dom.development.js:21657:14)
    at HTMLUnknownElement.callCallback (C:\Projects\ma-saas-platform\M-S-SaaS-apex-deliver\frontend\node_modules\react-dom\cjs\react-dom.development.js:4164:14)
    at HTMLUnknownElement.callTheUserObjectsOperation (C:\Projects\ma-saas-platform\M-S-SaaS-apex-deliver\frontend\node_modules\jsdom\lib\jsdom\living\generated\EventListener.js:26:30)
    at innerInvokeEventListeners (C:\Projects\ma-saas-platform\M-S-SaaS-apex-deliver\frontend\node_modules\jsdom\lib\jsdom\living\events\EventTarget-impl.js:360:16)
Warning: React.jsx: type is invalid -- expected a string (for built-in components) or a class/function (for composite components) but got: undefined. You likely forgot to export your component from the file it's defined in, or you might have mixed up default and named imports.

Check the render method of `EnhancedHeroSection`.
    at EnhancedHeroSection (C:/Projects/ma-saas-platform/M-S-SaaS-apex-deliver/frontend/src/components/marketing/EnhancedHeroSection.tsx:13:71)
    at Router (file:///C:/Projects/ma-saas-platform/M-S-SaaS-apex-deliver/frontend/node_modules/react-router/dist/development/chunk-OIYGIGL5.mjs:6066:13)
    at BrowserRouter (file:///C:/Projects/ma-saas-platform/M-S-SaaS-apex-deliver/frontend/node_modules/react-router/dist/development/chunk-OIYGIGL5.mjs:9209:3)
    at RouterWrapper (C:/Projects/ma-saas-platform/M-S-SaaS-apex-deliver/frontend/src/components/marketing/EnhancedHeroSection.test.tsx:11:26)
Warning: React.jsx: type is invalid -- expected a string (for built-in components) or a class/function (for composite components) but got: undefined. You likely forgot to export your component from the file it's defined in, or you might have mixed up default and named imports.

Check the render method of `EnhancedHeroSection`.
    at EnhancedHeroSection (C:/Projects/ma-saas-platform/M-S-SaaS-apex-deliver/frontend/src/components/marketing/EnhancedHeroSection.tsx:13:71)
    at Router (file:///C:/Projects/ma-saas-platform/M-S-SaaS-apex-deliver/frontend/node_modules/react-router/dist/development/chunk-OIYGIGL5.mjs:6066:13)
    at BrowserRouter (file:///C:/Projects/ma-saas-platform/M-S-SaaS-apex-deliver/frontend/node_modules/react-router/dist/development/chunk-OIYGIGL5.mjs:9209:3)
    at RouterWrapper (C:/Projects/ma-saas-platform/M-S-SaaS-apex-deliver/frontend/src/components/marketing/EnhancedHeroSection.test.tsx:11:26)
Error: Element type is invalid: expected a string (for built-in components) or a class/function (for composite components) but got: undefined. You likely forgot to export your component from the file it's defined in, or you might have mixed up default and named imports.

Check the render method of `EnhancedHeroSection`.
    at createFiberFromTypeAndProps (C:\Projects\ma-saas-platform\M-S-SaaS-apex-deliver\frontend\node_modules\react-dom\cjs\react-dom.development.js:28478:17)
    at createFiberFromElement (C:\Projects\ma-saas-platform\M-S-SaaS-apex-deliver\frontend\node_modules\react-dom\cjs\react-dom.development.js:28504:15)
    at reconcileSingleElement (C:\Projects\ma-saas-platform\M-S-SaaS-apex-deliver\frontend\node_modules\react-dom\cjs\react-dom.development.js:13986:23)
    at reconcileChildFibers (C:\Projects\ma-saas-platform\M-S-SaaS-apex-deliver\frontend\node_modules\react-dom\cjs\react-dom.development.js:14044:35)
    at reconcileChildren (C:\Projects\ma-saas-platform\M-S-SaaS-apex-deliver\frontend\node_modules\react-dom\cjs\react-dom.development.js:19186:28)
    at updateHostComponent (C:\Projects\ma-saas-platform\M-S-SaaS-apex-deliver\frontend\node_modules\react-dom\cjs\react-dom.development.js:19953:3)
    at beginWork (C:\Projects\ma-saas-platform\M-S-SaaS-apex-deliver\frontend\node_modules\react-dom\cjs\react-dom.development.js:21657:14)
    at HTMLUnknownElement.callCallback (C:\Projects\ma-saas-platform\M-S-SaaS-apex-deliver\frontend\node_modules\react-dom\cjs\react-dom.development.js:4164:14)
    at HTMLUnknownElement.callTheUserObjectsOperation (C:\Projects\ma-saas-platform\M-S-SaaS-apex-deliver\frontend\node_modules\jsdom\lib\jsdom\living\generated\EventListener.js:26:30)
    at innerInvokeEventListeners (C:\Projects\ma-saas-platform\M-S-SaaS-apex-deliver\frontend\node_modules\jsdom\lib\jsdom\living\events\EventTarget-impl.js:360:16)
Error: Element type is invalid: expected a string (for built-in components) or a class/function (for composite components) but got: undefined. You likely forgot to export your component from the file it's defined in, or you might have mixed up default and named imports.

Check the render method of `EnhancedHeroSection`.
    at createFiberFromTypeAndProps (C:\Projects\ma-saas-platform\M-S-SaaS-apex-deliver\frontend\node_modules\react-dom\cjs\react-dom.development.js:28478:17)
    at createFiberFromElement (C:\Projects\ma-saas-platform\M-S-SaaS-apex-deliver\frontend\node_modules\react-dom\cjs\react-dom.development.js:28504:15)
    at reconcileSingleElement (C:\Projects\ma-saas-platform\M-S-SaaS-apex-deliver\frontend\node_modules\react-dom\cjs\react-dom.development.js:13986:23)
    at reconcileChildFibers (C:\Projects\ma-saas-platform\M-S-SaaS-apex-deliver\frontend\node_modules\react-dom\cjs\react-dom.development.js:14044:35)
    at reconcileChildren (C:\Projects\ma-saas-platform\M-S-SaaS-apex-deliver\frontend\node_modules\react-dom\cjs\react-dom.development.js:19186:28)
    at updateHostComponent (C:\Projects\ma-saas-platform\M-S-SaaS-apex-deliver\frontend\node_modules\react-dom\cjs\react-dom.development.js:19953:3)
    at beginWork (C:\Projects\ma-saas-platform\M-S-SaaS-apex-deliver\frontend\node_modules\react-dom\cjs\react-dom.development.js:21657:14)
    at HTMLUnknownElement.callCallback (C:\Projects\ma-saas-platform\M-S-SaaS-apex-deliver\frontend\node_modules\react-dom\cjs\react-dom.development.js:4164:14)
    at HTMLUnknownElement.callTheUserObjectsOperation (C:\Projects\ma-saas-platform\M-S-SaaS-apex-deliver\frontend\node_modules\jsdom\lib\jsdom\living\generated\EventListener.js:26:30)
    at innerInvokeEventListeners (C:\Projects\ma-saas-platform\M-S-SaaS-apex-deliver\frontend\node_modules\jsdom\lib\jsdom\living\events\EventTarget-impl.js:360:16)
The above error occurred in the <a> component:

    at a
    at LinkWithRef (file:///C:/Projects/ma-saas-platform/M-S-SaaS-apex-deliver/frontend/node_modules/react-router/dist/development/chunk-OIYGIGL5.mjs:9299:5)
    at div
    at div
    at div
    at div
    at section
    at EnhancedHeroSection (C:/Projects/ma-saas-platform/M-S-SaaS-apex-deliver/frontend/src/components/marketing/EnhancedHeroSection.tsx:13:71)
    at Router (file:///C:/Projects/ma-saas-platform/M-S-SaaS-apex-deliver/frontend/node_modules/react-router/dist/development/chunk-OIYGIGL5.mjs:6066:13)
    at BrowserRouter (file:///C:/Projects/ma-saas-platform/M-S-SaaS-apex-deliver/frontend/node_modules/react-router/dist/development/chunk-OIYGIGL5.mjs:9209:3)
    at RouterWrapper (C:/Projects/ma-saas-platform/M-S-SaaS-apex-deliver/frontend/src/components/marketing/EnhancedHeroSection.test.tsx:11:26)

Consider adding an error boundary to your tree to customize error handling behavior.
Visit https://reactjs.org/link/error-boundaries to learn more about error boundaries.
The above error occurred in the <a> component:

    at a
    at LinkWithRef (file:///C:/Projects/ma-saas-platform/M-S-SaaS-apex-deliver/frontend/node_modules/react-router/dist/development/chunk-OIYGIGL5.mjs:9299:5)
    at div
    at div
    at div
    at div
    at section
    at EnhancedHeroSection (C:/Projects/ma-saas-platform/M-S-SaaS-apex-deliver/frontend/src/components/marketing/EnhancedHeroSection.tsx:13:71)
    at Router (file:///C:/Projects/ma-saas-platform/M-S-SaaS-apex-deliver/frontend/node_modules/react-router/dist/development/chunk-OIYGIGL5.mjs:6066:13)
    at BrowserRouter (file:///C:/Projects/ma-saas-platform/M-S-SaaS-apex-deliver/frontend/node_modules/react-router/dist/development/chunk-OIYGIGL5.mjs:9209:3)
    at RouterWrapper (C:/Projects/ma-saas-platform/M-S-SaaS-apex-deliver/frontend/src/components/marketing/EnhancedHeroSection.test.tsx:11:26)

Consider adding an error boundary to your tree to customize error handling behavior.
Visit https://reactjs.org/link/error-boundaries to learn more about error boundaries.

[90mstderr[2m | src/components/marketing/EnhancedHeroSection.test.tsx[2m > [22m[2mEnhancedHeroSection[2m > [22m[2mdisplays deal value metrics
[22m[39mWarning: React.jsx: type is invalid -- expected a string (for built-in components) or a class/function (for composite components) but got: undefined. You likely forgot to export your component from the file it's defined in, or you might have mixed up default and named imports.

Check the render method of `EnhancedHeroSection`.
    at EnhancedHeroSection (C:/Projects/ma-saas-platform/M-S-SaaS-apex-deliver/frontend/src/components/marketing/EnhancedHeroSection.tsx:13:71)
    at Router (file:///C:/Projects/ma-saas-platform/M-S-SaaS-apex-deliver/frontend/node_modules/react-router/dist/development/chunk-OIYGIGL5.mjs:6066:13)
    at BrowserRouter (file:///C:/Projects/ma-saas-platform/M-S-SaaS-apex-deliver/frontend/node_modules/react-router/dist/development/chunk-OIYGIGL5.mjs:9209:3)
    at RouterWrapper (C:/Projects/ma-saas-platform/M-S-SaaS-apex-deliver/frontend/src/components/marketing/EnhancedHeroSection.test.tsx:11:26)
Warning: React.jsx: type is invalid -- expected a string (for built-in components) or a class/function (for composite components) but got: undefined. You likely forgot to export your component from the file it's defined in, or you might have mixed up default and named imports.

Check the render method of `EnhancedHeroSection`.
    at EnhancedHeroSection (C:/Projects/ma-saas-platform/M-S-SaaS-apex-deliver/frontend/src/components/marketing/EnhancedHeroSection.tsx:13:71)
    at Router (file:///C:/Projects/ma-saas-platform/M-S-SaaS-apex-deliver/frontend/node_modules/react-router/dist/development/chunk-OIYGIGL5.mjs:6066:13)
    at BrowserRouter (file:///C:/Projects/ma-saas-platform/M-S-SaaS-apex-deliver/frontend/node_modules/react-router/dist/development/chunk-OIYGIGL5.mjs:9209:3)
    at RouterWrapper (C:/Projects/ma-saas-platform/M-S-SaaS-apex-deliver/frontend/src/components/marketing/EnhancedHeroSection.test.tsx:11:26)
Error: Element type is invalid: expected a string (for built-in components) or a class/function (for composite components) but got: undefined. You likely forgot to export your component from the file it's defined in, or you might have mixed up default and named imports.

Check the render method of `EnhancedHeroSection`.
    at createFiberFromTypeAndProps (C:\Projects\ma-saas-platform\M-S-SaaS-apex-deliver\frontend\node_modules\react-dom\cjs\react-dom.development.js:28478:17)
    at createFiberFromElement (C:\Projects\ma-saas-platform\M-S-SaaS-apex-deliver\frontend\node_modules\react-dom\cjs\react-dom.development.js:28504:15)
    at reconcileSingleElement (C:\Projects\ma-saas-platform\M-S-SaaS-apex-deliver\frontend\node_modules\react-dom\cjs\react-dom.development.js:13986:23)
    at reconcileChildFibers (C:\Projects\ma-saas-platform\M-S-SaaS-apex-deliver\frontend\node_modules\react-dom\cjs\react-dom.development.js:14044:35)
    at reconcileChildren (C:\Projects\ma-saas-platform\M-S-SaaS-apex-deliver\frontend\node_modules\react-dom\cjs\react-dom.development.js:19186:28)
    at updateHostComponent (C:\Projects\ma-saas-platform\M-S-SaaS-apex-deliver\frontend\node_modules\react-dom\cjs\react-dom.development.js:19953:3)
    at beginWork (C:\Projects\ma-saas-platform\M-S-SaaS-apex-deliver\frontend\node_modules\react-dom\cjs\react-dom.development.js:21657:14)
    at HTMLUnknownElement.callCallback (C:\Projects\ma-saas-platform\M-S-SaaS-apex-deliver\frontend\node_modules\react-dom\cjs\react-dom.development.js:4164:14)
    at HTMLUnknownElement.callTheUserObjectsOperation (C:\Projects\ma-saas-platform\M-S-SaaS-apex-deliver\frontend\node_modules\jsdom\lib\jsdom\living\generated\EventListener.js:26:30)
    at innerInvokeEventListeners (C:\Projects\ma-saas-platform\M-S-SaaS-apex-deliver\frontend\node_modules\jsdom\lib\jsdom\living\events\EventTarget-impl.js:360:16)
Error: Element type is invalid: expected a string (for built-in components) or a class/function (for composite components) but got: undefined. You likely forgot to export your component from the file it's defined in, or you might have mixed up default and named imports.

Check the render method of `EnhancedHeroSection`.
    at createFiberFromTypeAndProps (C:\Projects\ma-saas-platform\M-S-SaaS-apex-deliver\frontend\node_modules\react-dom\cjs\react-dom.development.js:28478:17)
    at createFiberFromElement (C:\Projects\ma-saas-platform\M-S-SaaS-apex-deliver\frontend\node_modules\react-dom\cjs\react-dom.development.js:28504:15)
    at reconcileSingleElement (C:\Projects\ma-saas-platform\M-S-SaaS-apex-deliver\frontend\node_modules\react-dom\cjs\react-dom.development.js:13986:23)
    at reconcileChildFibers (C:\Projects\ma-saas-platform\M-S-SaaS-apex-deliver\frontend\node_modules\react-dom\cjs\react-dom.development.js:14044:35)
    at reconcileChildren (C:\Projects\ma-saas-platform\M-S-SaaS-apex-deliver\frontend\node_modules\react-dom\cjs\react-dom.development.js:19186:28)
    at updateHostComponent (C:\Projects\ma-saas-platform\M-S-SaaS-apex-deliver\frontend\node_modules\react-dom\cjs\react-dom.development.js:19953:3)
    at beginWork (C:\Projects\ma-saas-platform\M-S-SaaS-apex-deliver\frontend\node_modules\react-dom\cjs\react-dom.development.js:21657:14)
    at HTMLUnknownElement.callCallback (C:\Projects\ma-saas-platform\M-S-SaaS-apex-deliver\frontend\node_modules\react-dom\cjs\react-dom.development.js:4164:14)
    at HTMLUnknownElement.callTheUserObjectsOperation (C:\Projects\ma-saas-platform\M-S-SaaS-apex-deliver\frontend\node_modules\jsdom\lib\jsdom\living\generated\EventListener.js:26:30)
    at innerInvokeEventListeners (C:\Projects\ma-saas-platform\M-S-SaaS-apex-deliver\frontend\node_modules\jsdom\lib\jsdom\living\events\EventTarget-impl.js:360:16)
Warning: React.jsx: type is invalid -- expected a string (for built-in components) or a class/function (for composite components) but got: undefined. You likely forgot to export your component from the file it's defined in, or you might have mixed up default and named imports.

Check the render method of `EnhancedHeroSection`.
    at EnhancedHeroSection (C:/Projects/ma-saas-platform/M-S-SaaS-apex-deliver/frontend/src/components/marketing/EnhancedHeroSection.tsx:13:71)
    at Router (file:///C:/Projects/ma-saas-platform/M-S-SaaS-apex-deliver/frontend/node_modules/react-router/dist/development/chunk-OIYGIGL5.mjs:6066:13)
    at BrowserRouter (file:///C:/Projects/ma-saas-platform/M-S-SaaS-apex-deliver/frontend/node_modules/react-router/dist/development/chunk-OIYGIGL5.mjs:9209:3)
    at RouterWrapper (C:/Projects/ma-saas-platform/M-S-SaaS-apex-deliver/frontend/src/components/marketing/EnhancedHeroSection.test.tsx:11:26)
Warning: React.jsx: type is invalid -- expected a string (for built-in components) or a class/function (for composite components) but got: undefined. You likely forgot to export your component from the file it's defined in, or you might have mixed up default and named imports.

Check the render method of `EnhancedHeroSection`.
    at EnhancedHeroSection (C:/Projects/ma-saas-platform/M-S-SaaS-apex-deliver/frontend/src/components/marketing/EnhancedHeroSection.tsx:13:71)
    at Router (file:///C:/Projects/ma-saas-platform/M-S-SaaS-apex-deliver/frontend/node_modules/react-router/dist/development/chunk-OIYGIGL5.mjs:6066:13)
    at BrowserRouter (file:///C:/Projects/ma-saas-platform/M-S-SaaS-apex-deliver/frontend/node_modules/react-router/dist/development/chunk-OIYGIGL5.mjs:9209:3)
    at RouterWrapper (C:/Projects/ma-saas-platform/M-S-SaaS-apex-deliver/frontend/src/components/marketing/EnhancedHeroSection.test.tsx:11:26)
Error: Element type is invalid: expected a string (for built-in components) or a class/function (for composite components) but got: undefined. You likely forgot to export your component from the file it's defined in, or you might have mixed up default and named imports.

Check the render method of `EnhancedHeroSection`.
    at createFiberFromTypeAndProps (C:\Projects\ma-saas-platform\M-S-SaaS-apex-deliver\frontend\node_modules\react-dom\cjs\react-dom.development.js:28478:17)
    at createFiberFromElement (C:\Projects\ma-saas-platform\M-S-SaaS-apex-deliver\frontend\node_modules\react-dom\cjs\react-dom.development.js:28504:15)
    at reconcileSingleElement (C:\Projects\ma-saas-platform\M-S-SaaS-apex-deliver\frontend\node_modules\react-dom\cjs\react-dom.development.js:13986:23)
    at reconcileChildFibers (C:\Projects\ma-saas-platform\M-S-SaaS-apex-deliver\frontend\node_modules\react-dom\cjs\react-dom.development.js:14044:35)
    at reconcileChildren (C:\Projects\ma-saas-platform\M-S-SaaS-apex-deliver\frontend\node_modules\react-dom\cjs\react-dom.development.js:19186:28)
    at updateHostComponent (C:\Projects\ma-saas-platform\M-S-SaaS-apex-deliver\frontend\node_modules\react-dom\cjs\react-dom.development.js:19953:3)
    at beginWork (C:\Projects\ma-saas-platform\M-S-SaaS-apex-deliver\frontend\node_modules\react-dom\cjs\react-dom.development.js:21657:14)
    at HTMLUnknownElement.callCallback (C:\Projects\ma-saas-platform\M-S-SaaS-apex-deliver\frontend\node_modules\react-dom\cjs\react-dom.development.js:4164:14)
    at HTMLUnknownElement.callTheUserObjectsOperation (C:\Projects\ma-saas-platform\M-S-SaaS-apex-deliver\frontend\node_modules\jsdom\lib\jsdom\living\generated\EventListener.js:26:30)
    at innerInvokeEventListeners (C:\Projects\ma-saas-platform\M-S-SaaS-apex-deliver\frontend\node_modules\jsdom\lib\jsdom\living\events\EventTarget-impl.js:360:16)
Error: Element type is invalid: expected a string (for built-in components) or a class/function (for composite components) but got: undefined. You likely forgot to export your component from the file it's defined in, or you might have mixed up default and named imports.

Check the render method of `EnhancedHeroSection`.
    at createFiberFromTypeAndProps (C:\Projects\ma-saas-platform\M-S-SaaS-apex-deliver\frontend\node_modules\react-dom\cjs\react-dom.development.js:28478:17)
    at createFiberFromElement (C:\Projects\ma-saas-platform\M-S-SaaS-apex-deliver\frontend\node_modules\react-dom\cjs\react-dom.development.js:28504:15)
    at reconcileSingleElement (C:\Projects\ma-saas-platform\M-S-SaaS-apex-deliver\frontend\node_modules\react-dom\cjs\react-dom.development.js:13986:23)
    at reconcileChildFibers (C:\Projects\ma-saas-platform\M-S-SaaS-apex-deliver\frontend\node_modules\react-dom\cjs\react-dom.development.js:14044:35)
    at reconcileChildren (C:\Projects\ma-saas-platform\M-S-SaaS-apex-deliver\frontend\node_modules\react-dom\cjs\react-dom.development.js:19186:28)
    at updateHostComponent (C:\Projects\ma-saas-platform\M-S-SaaS-apex-deliver\frontend\node_modules\react-dom\cjs\react-dom.development.js:19953:3)
    at beginWork (C:\Projects\ma-saas-platform\M-S-SaaS-apex-deliver\frontend\node_modules\react-dom\cjs\react-dom.development.js:21657:14)
    at HTMLUnknownElement.callCallback (C:\Projects\ma-saas-platform\M-S-SaaS-apex-deliver\frontend\node_modules\react-dom\cjs\react-dom.development.js:4164:14)
    at HTMLUnknownElement.callTheUserObjectsOperation (C:\Projects\ma-saas-platform\M-S-SaaS-apex-deliver\frontend\node_modules\jsdom\lib\jsdom\living\generated\EventListener.js:26:30)
    at innerInvokeEventListeners (C:\Projects\ma-saas-platform\M-S-SaaS-apex-deliver\frontend\node_modules\jsdom\lib\jsdom\living\events\EventTarget-impl.js:360:16)
The above error occurred in the <a> component:

    at a
    at LinkWithRef (file:///C:/Projects/ma-saas-platform/M-S-SaaS-apex-deliver/frontend/node_modules/react-router/dist/development/chunk-OIYGIGL5.mjs:9299:5)
    at div
    at div
    at div
    at div
    at section
    at EnhancedHeroSection (C:/Projects/ma-saas-platform/M-S-SaaS-apex-deliver/frontend/src/components/marketing/EnhancedHeroSection.tsx:13:71)
    at Router (file:///C:/Projects/ma-saas-platform/M-S-SaaS-apex-deliver/frontend/node_modules/react-router/dist/development/chunk-OIYGIGL5.mjs:6066:13)
    at BrowserRouter (file:///C:/Projects/ma-saas-platform/M-S-SaaS-apex-deliver/frontend/node_modules/react-router/dist/development/chunk-OIYGIGL5.mjs:9209:3)
    at RouterWrapper (C:/Projects/ma-saas-platform/M-S-SaaS-apex-deliver/frontend/src/components/marketing/EnhancedHeroSection.test.tsx:11:26)

Consider adding an error boundary to your tree to customize error handling behavior.
Visit https://reactjs.org/link/error-boundaries to learn more about error boundaries.
The above error occurred in the <a> component:

    at a
    at LinkWithRef (file:///C:/Projects/ma-saas-platform/M-S-SaaS-apex-deliver/frontend/node_modules/react-router/dist/development/chunk-OIYGIGL5.mjs:9299:5)
    at div
    at div
    at div
    at div
    at section
    at EnhancedHeroSection (C:/Projects/ma-saas-platform/M-S-SaaS-apex-deliver/frontend/src/components/marketing/EnhancedHeroSection.tsx:13:71)
    at Router (file:///C:/Projects/ma-saas-platform/M-S-SaaS-apex-deliver/frontend/node_modules/react-router/dist/development/chunk-OIYGIGL5.mjs:6066:13)
    at BrowserRouter (file:///C:/Projects/ma-saas-platform/M-S-SaaS-apex-deliver/frontend/node_modules/react-router/dist/development/chunk-OIYGIGL5.mjs:9209:3)
    at RouterWrapper (C:/Projects/ma-saas-platform/M-S-SaaS-apex-deliver/frontend/src/components/marketing/EnhancedHeroSection.test.tsx:11:26)

Consider adding an error boundary to your tree to customize error handling behavior.
Visit https://reactjs.org/link/error-boundaries to learn more about error boundaries.

[90mstderr[2m | src/components/master-admin/activity/GoalCard.test.tsx[2m > [22m[2mGoalCard[2m > [22m[2mEdit Mode[2m > [22m[2mshould update input values when changed
[22m[39mWarning: React.jsx: type is invalid -- expected a string (for built-in components) or a class/function (for composite components) but got: undefined. You likely forgot to export your component from the file it's defined in, or you might have mixed up default and named imports.

Check the render method of `GoalCard`.
    at GoalCard (C:/Projects/ma-saas-platform/M-S-SaaS-apex-deliver/frontend/src/components/master-admin/activity/GoalCard.tsx:13:71)
    at QueryClientProvider (file:///C:/Projects/ma-saas-platform/M-S-SaaS-apex-deliver/frontend/node_modules/@tanstack/react-query/build/modern/QueryClientProvider.js:20:3)
Warning: React.jsx: type is invalid -- expected a string (for built-in components) or a class/function (for composite components) but got: undefined. You likely forgot to export your component from the file it's defined in, or you might have mixed up default and named imports.

Check the render method of `GoalCard`.
    at GoalCard (C:/Projects/ma-saas-platform/M-S-SaaS-apex-deliver/frontend/src/components/master-admin/activity/GoalCard.tsx:13:71)
    at QueryClientProvider (file:///C:/Projects/ma-saas-platform/M-S-SaaS-apex-deliver/frontend/node_modules/@tanstack/react-query/build/modern/QueryClientProvider.js:20:3)
Error: Element type is invalid: expected a string (for built-in components) or a class/function (for composite components) but got: undefined. You likely forgot to export your component from the file it's defined in, or you might have mixed up default and named imports.

Check the render method of `GoalCard`.
    at createFiberFromTypeAndProps (C:\Projects\ma-saas-platform\M-S-SaaS-apex-deliver\frontend\node_modules\react-dom\cjs\react-dom.development.js:28478:17)
    at createFiberFromElement (C:\Projects\ma-saas-platform\M-S-SaaS-apex-deliver\frontend\node_modules\react-dom\cjs\react-dom.development.js:28504:15)
    at createChild (C:\Projects\ma-saas-platform\M-S-SaaS-apex-deliver\frontend\node_modules\react-dom\cjs\react-dom.development.js:13345:28)
    at reconcileChildrenArray (C:\Projects\ma-saas-platform\M-S-SaaS-apex-deliver\frontend\node_modules\react-dom\cjs\react-dom.development.js:13640:25)
    at reconcileChildFibers (C:\Projects\ma-saas-platform\M-S-SaaS-apex-deliver\frontend\node_modules\react-dom\cjs\react-dom.development.js:14057:16)
    at reconcileChildren (C:\Projects\ma-saas-platform\M-S-SaaS-apex-deliver\frontend\node_modules\react-dom\cjs\react-dom.development.js:19186:28)
    at updateHostComponent (C:\Projects\ma-saas-platform\M-S-SaaS-apex-deliver\frontend\node_modules\react-dom\cjs\react-dom.development.js:19953:3)
    at beginWork (C:\Projects\ma-saas-platform\M-S-SaaS-apex-deliver\frontend\node_modules\react-dom\cjs\react-dom.development.js:21657:14)
    at HTMLUnknownElement.callCallback (C:\Projects\ma-saas-platform\M-S-SaaS-apex-deliver\frontend\node_modules\react-dom\cjs\react-dom.development.js:4164:14)
    at HTMLUnknownElement.callTheUserObjectsOperation (C:\Projects\ma-saas-platform\M-S-SaaS-apex-deliver\frontend\node_modules\jsdom\lib\jsdom\living\generated\EventListener.js:26:30)
Warning: React.jsx: type is invalid -- expected a string (for built-in components) or a class/function (for composite components) but got: undefined. You likely forgot to export your component from the file it's defined in, or you might have mixed up default and named imports.

Check the render method of `GoalCard`.
    at GoalCard (C:/Projects/ma-saas-platform/M-S-SaaS-apex-deliver/frontend/src/components/master-admin/activity/GoalCard.tsx:13:71)
    at QueryClientProvider (file:///C:/Projects/ma-saas-platform/M-S-SaaS-apex-deliver/frontend/node_modules/@tanstack/react-query/build/modern/QueryClientProvider.js:20:3)
Warning: React.jsx: type is invalid -- expected a string (for built-in components) or a class/function (for composite components) but got: undefined. You likely forgot to export your component from the file it's defined in, or you might have mixed up default and named imports.

Check the render method of `GoalCard`.
    at GoalCard (C:/Projects/ma-saas-platform/M-S-SaaS-apex-deliver/frontend/src/components/master-admin/activity/GoalCard.tsx:13:71)
    at QueryClientProvider (file:///C:/Projects/ma-saas-platform/M-S-SaaS-apex-deliver/frontend/node_modules/@tanstack/react-query/build/modern/QueryClientProvider.js:20:3)
Error: Element type is invalid: expected a string (for built-in components) or a class/function (for composite components) but got: undefined. You likely forgot to export your component from the file it's defined in, or you might have mixed up default and named imports.

Check the render method of `GoalCard`.
    at createFiberFromTypeAndProps (C:\Projects\ma-saas-platform\M-S-SaaS-apex-deliver\frontend\node_modules\react-dom\cjs\react-dom.development.js:28478:17)
    at createFiberFromElement (C:\Projects\ma-saas-platform\M-S-SaaS-apex-deliver\frontend\node_modules\react-dom\cjs\react-dom.development.js:28504:15)
    at createChild (C:\Projects\ma-saas-platform\M-S-SaaS-apex-deliver\frontend\node_modules\react-dom\cjs\react-dom.development.js:13345:28)
    at reconcileChildrenArray (C:\Projects\ma-saas-platform\M-S-SaaS-apex-deliver\frontend\node_modules\react-dom\cjs\react-dom.development.js:13640:25)
    at reconcileChildFibers (C:\Projects\ma-saas-platform\M-S-SaaS-apex-deliver\frontend\node_modules\react-dom\cjs\react-dom.development.js:14057:16)
    at reconcileChildren (C:\Projects\ma-saas-platform\M-S-SaaS-apex-deliver\frontend\node_modules\react-dom\cjs\react-dom.development.js:19186:28)
    at updateHostComponent (C:\Projects\ma-saas-platform\M-S-SaaS-apex-deliver\frontend\node_modules\react-dom\cjs\react-dom.development.js:19953:3)
    at beginWork (C:\Projects\ma-saas-platform\M-S-SaaS-apex-deliver\frontend\node_modules\react-dom\cjs\react-dom.development.js:21657:14)
    at HTMLUnknownElement.callCallback (C:\Projects\ma-saas-platform\M-S-SaaS-apex-deliver\frontend\node_modules\react-dom\cjs\react-dom.development.js:4164:14)
    at HTMLUnknownElement.callTheUserObjectsOperation (C:\Projects\ma-saas-platform\M-S-SaaS-apex-deliver\frontend\node_modules\jsdom\lib\jsdom\living\generated\EventListener.js:26:30)
The above error occurred in the <div> component:

    at div
    at div
    at GoalCard (C:/Projects/ma-saas-platform/M-S-SaaS-apex-deliver/frontend/src/components/master-admin/activity/GoalCard.tsx:13:71)
    at QueryClientProvider (file:///C:/Projects/ma-saas-platform/M-S-SaaS-apex-deliver/frontend/node_modules/@tanstack/react-query/build/modern/QueryClientProvider.js:20:3)

Consider adding an error boundary to your tree to customize error handling behavior.
Visit https://reactjs.org/link/error-boundaries to learn more about error boundaries.

[90mstderr[2m | src/components/master-admin/activity/GoalCard.test.tsx[2m > [22m[2mGoalCard[2m > [22m[2mEdit Mode[2m > [22m[2mshould exit edit mode when cancel is clicked
[22m[39mWarning: React.jsx: type is invalid -- expected a string (for built-in components) or a class/function (for composite components) but got: undefined. You likely forgot to export your component from the file it's defined in, or you might have mixed up default and named imports.

Check the render method of `GoalCard`.
    at GoalCard (C:/Projects/ma-saas-platform/M-S-SaaS-apex-deliver/frontend/src/components/master-admin/activity/GoalCard.tsx:13:71)
    at QueryClientProvider (file:///C:/Projects/ma-saas-platform/M-S-SaaS-apex-deliver/frontend/node_modules/@tanstack/react-query/build/modern/QueryClientProvider.js:20:3)
Warning: React.jsx: type is invalid -- expected a string (for built-in components) or a class/function (for composite components) but got: undefined. You likely forgot to export your component from the file it's defined in, or you might have mixed up default and named imports.

Check the render method of `GoalCard`.
    at GoalCard (C:/Projects/ma-saas-platform/M-S-SaaS-apex-deliver/frontend/src/components/master-admin/activity/GoalCard.tsx:13:71)
    at QueryClientProvider (file:///C:/Projects/ma-saas-platform/M-S-SaaS-apex-deliver/frontend/node_modules/@tanstack/react-query/build/modern/QueryClientProvider.js:20:3)
Error: Element type is invalid: expected a string (for built-in components) or a class/function (for composite components) but got: undefined. You likely forgot to export your component from the file it's defined in, or you might have mixed up default and named imports.

Check the render method of `GoalCard`.
    at createFiberFromTypeAndProps (C:\Projects\ma-saas-platform\M-S-SaaS-apex-deliver\frontend\node_modules\react-dom\cjs\react-dom.development.js:28478:17)
    at createFiberFromElement (C:\Projects\ma-saas-platform\M-S-SaaS-apex-deliver\frontend\node_modules\react-dom\cjs\react-dom.development.js:28504:15)
    at createChild (C:\Projects\ma-saas-platform\M-S-SaaS-apex-deliver\frontend\node_modules\react-dom\cjs\react-dom.development.js:13345:28)
    at reconcileChildrenArray (C:\Projects\ma-saas-platform\M-S-SaaS-apex-deliver\frontend\node_modules\react-dom\cjs\react-dom.development.js:13640:25)
    at reconcileChildFibers (C:\Projects\ma-saas-platform\M-S-SaaS-apex-deliver\frontend\node_modules\react-dom\cjs\react-dom.development.js:14057:16)
    at reconcileChildren (C:\Projects\ma-saas-platform\M-S-SaaS-apex-deliver\frontend\node_modules\react-dom\cjs\react-dom.development.js:19186:28)
    at updateHostComponent (C:\Projects\ma-saas-platform\M-S-SaaS-apex-deliver\frontend\node_modules\react-dom\cjs\react-dom.development.js:19953:3)
    at beginWork (C:\Projects\ma-saas-platform\M-S-SaaS-apex-deliver\frontend\node_modules\react-dom\cjs\react-dom.development.js:21657:14)
    at HTMLUnknownElement.callCallback (C:\Projects\ma-saas-platform\M-S-SaaS-apex-deliver\frontend\node_modules\react-dom\cjs\react-dom.development.js:4164:14)
    at HTMLUnknownElement.callTheUserObjectsOperation (C:\Projects\ma-saas-platform\M-S-SaaS-apex-deliver\frontend\node_modules\jsdom\lib\jsdom\living\generated\EventListener.js:26:30)
Warning: React.jsx: type is invalid -- expected a string (for built-in components) or a class/function (for composite components) but got: undefined. You likely forgot to export your component from the file it's defined in, or you might have mixed up default and named imports.

Check the render method of `GoalCard`.
    at GoalCard (C:/Projects/ma-saas-platform/M-S-SaaS-apex-deliver/frontend/src/components/master-admin/activity/GoalCard.tsx:13:71)
    at QueryClientProvider (file:///C:/Projects/ma-saas-platform/M-S-SaaS-apex-deliver/frontend/node_modules/@tanstack/react-query/build/modern/QueryClientProvider.js:20:3)
Warning: React.jsx: type is invalid -- expected a string (for built-in components) or a class/function (for composite components) but got: undefined. You likely forgot to export your component from the file it's defined in, or you might have mixed up default and named imports.

Check the render method of `GoalCard`.
    at GoalCard (C:/Projects/ma-saas-platform/M-S-SaaS-apex-deliver/frontend/src/components/master-admin/activity/GoalCard.tsx:13:71)
    at QueryClientProvider (file:///C:/Projects/ma-saas-platform/M-S-SaaS-apex-deliver/frontend/node_modules/@tanstack/react-query/build/modern/QueryClientProvider.js:20:3)
Error: Element type is invalid: expected a string (for built-in components) or a class/function (for composite components) but got: undefined. You likely forgot to export your component from the file it's defined in, or you might have mixed up default and named imports.

Check the render method of `GoalCard`.
    at createFiberFromTypeAndProps (C:\Projects\ma-saas-platform\M-S-SaaS-apex-deliver\frontend\node_modules\react-dom\cjs\react-dom.development.js:28478:17)
    at createFiberFromElement (C:\Projects\ma-saas-platform\M-S-SaaS-apex-deliver\frontend\node_modules\react-dom\cjs\react-dom.development.js:28504:15)
    at createChild (C:\Projects\ma-saas-platform\M-S-SaaS-apex-deliver\frontend\node_modules\react-dom\cjs\react-dom.development.js:13345:28)
    at reconcileChildrenArray (C:\Projects\ma-saas-platform\M-S-SaaS-apex-deliver\frontend\node_modules\react-dom\cjs\react-dom.development.js:13640:25)
    at reconcileChildFibers (C:\Projects\ma-saas-platform\M-S-SaaS-apex-deliver\frontend\node_modules\react-dom\cjs\react-dom.development.js:14057:16)
    at reconcileChildren (C:\Projects\ma-saas-platform\M-S-SaaS-apex-deliver\frontend\node_modules\react-dom\cjs\react-dom.development.js:19186:28)
    at updateHostComponent (C:\Projects\ma-saas-platform\M-S-SaaS-apex-deliver\frontend\node_modules\react-dom\cjs\react-dom.development.js:19953:3)
    at beginWork (C:\Projects\ma-saas-platform\M-S-SaaS-apex-deliver\frontend\node_modules\react-dom\cjs\react-dom.development.js:21657:14)
    at HTMLUnknownElement.callCallback (C:\Projects\ma-saas-platform\M-S-SaaS-apex-deliver\frontend\node_modules\react-dom\cjs\react-dom.development.js:4164:14)
    at HTMLUnknownElement.callTheUserObjectsOperation (C:\Projects\ma-saas-platform\M-S-SaaS-apex-deliver\frontend\node_modules\jsdom\lib\jsdom\living\generated\EventListener.js:26:30)
The above error occurred in the <div> component:

    at div
    at div
    at GoalCard (C:/Projects/ma-saas-platform/M-S-SaaS-apex-deliver/frontend/src/components/master-admin/activity/GoalCard.tsx:13:71)
    at QueryClientProvider (file:///C:/Projects/ma-saas-platform/M-S-SaaS-apex-deliver/frontend/node_modules/@tanstack/react-query/build/modern/QueryClientProvider.js:20:3)

Consider adding an error boundary to your tree to customize error handling behavior.
Visit https://reactjs.org/link/error-boundaries to learn more about error boundaries.

[90mstderr[2m | src/components/master-admin/activity/GoalCard.test.tsx[2m > [22m[2mGoalCard[2m > [22m[2mUpdate Goal Flow[2m > [22m[2mshould call updateGoal mutation when saving existing goal
[22m[39mWarning: React.jsx: type is invalid -- expected a string (for built-in components) or a class/function (for composite components) but got: undefined. You likely forgot to export your component from the file it's defined in, or you might have mixed up default and named imports.

Check the render method of `GoalCard`.
    at GoalCard (C:/Projects/ma-saas-platform/M-S-SaaS-apex-deliver/frontend/src/components/master-admin/activity/GoalCard.tsx:13:71)
    at QueryClientProvider (file:///C:/Projects/ma-saas-platform/M-S-SaaS-apex-deliver/frontend/node_modules/@tanstack/react-query/build/modern/QueryClientProvider.js:20:3)
Warning: React.jsx: type is invalid -- expected a string (for built-in components) or a class/function (for composite components) but got: undefined. You likely forgot to export your component from the file it's defined in, or you might have mixed up default and named imports.

Check the render method of `GoalCard`.
    at GoalCard (C:/Projects/ma-saas-platform/M-S-SaaS-apex-deliver/frontend/src/components/master-admin/activity/GoalCard.tsx:13:71)
    at QueryClientProvider (file:///C:/Projects/ma-saas-platform/M-S-SaaS-apex-deliver/frontend/node_modules/@tanstack/react-query/build/modern/QueryClientProvider.js:20:3)
Error: Element type is invalid: expected a string (for built-in components) or a class/function (for composite components) but got: undefined. You likely forgot to export your component from the file it's defined in, or you might have mixed up default and named imports.

Check the render method of `GoalCard`.
    at createFiberFromTypeAndProps (C:\Projects\ma-saas-platform\M-S-SaaS-apex-deliver\frontend\node_modules\react-dom\cjs\react-dom.development.js:28478:17)
    at createFiberFromElement (C:\Projects\ma-saas-platform\M-S-SaaS-apex-deliver\frontend\node_modules\react-dom\cjs\react-dom.development.js:28504:15)
    at createChild (C:\Projects\ma-saas-platform\M-S-SaaS-apex-deliver\frontend\node_modules\react-dom\cjs\react-dom.development.js:13345:28)
    at reconcileChildrenArray (C:\Projects\ma-saas-platform\M-S-SaaS-apex-deliver\frontend\node_modules\react-dom\cjs\react-dom.development.js:13640:25)
    at reconcileChildFibers (C:\Projects\ma-saas-platform\M-S-SaaS-apex-deliver\frontend\node_modules\react-dom\cjs\react-dom.development.js:14057:16)
    at reconcileChildren (C:\Projects\ma-saas-platform\M-S-SaaS-apex-deliver\frontend\node_modules\react-dom\cjs\react-dom.development.js:19186:28)
    at updateHostComponent (C:\Projects\ma-saas-platform\M-S-SaaS-apex-deliver\frontend\node_modules\react-dom\cjs\react-dom.development.js:19953:3)
    at beginWork (C:\Projects\ma-saas-platform\M-S-SaaS-apex-deliver\frontend\node_modules\react-dom\cjs\react-dom.development.js:21657:14)
    at HTMLUnknownElement.callCallback (C:\Projects\ma-saas-platform\M-S-SaaS-apex-deliver\frontend\node_modules\react-dom\cjs\react-dom.development.js:4164:14)
    at HTMLUnknownElement.callTheUserObjectsOperation (C:\Projects\ma-saas-platform\M-S-SaaS-apex-deliver\frontend\node_modules\jsdom\lib\jsdom\living\generated\EventListener.js:26:30)
Warning: React.jsx: type is invalid -- expected a string (for built-in components) or a class/function (for composite components) but got: undefined. You likely forgot to export your component from the file it's defined in, or you might have mixed up default and named imports.

Check the render method of `GoalCard`.
    at GoalCard (C:/Projects/ma-saas-platform/M-S-SaaS-apex-deliver/frontend/src/components/master-admin/activity/GoalCard.tsx:13:71)
    at QueryClientProvider (file:///C:/Projects/ma-saas-platform/M-S-SaaS-apex-deliver/frontend/node_modules/@tanstack/react-query/build/modern/QueryClientProvider.js:20:3)
Warning: React.jsx: type is invalid -- expected a string (for built-in components) or a class/function (for composite components) but got: undefined. You likely forgot to export your component from the file it's defined in, or you might have mixed up default and named imports.

Check the render method of `GoalCard`.
    at GoalCard (C:/Projects/ma-saas-platform/M-S-SaaS-apex-deliver/frontend/src/components/master-admin/activity/GoalCard.tsx:13:71)
    at QueryClientProvider (file:///C:/Projects/ma-saas-platform/M-S-SaaS-apex-deliver/frontend/node_modules/@tanstack/react-query/build/modern/QueryClientProvider.js:20:3)
Error: Element type is invalid: expected a string (for built-in components) or a class/function (for composite components) but got: undefined. You likely forgot to export your component from the file it's defined in, or you might have mixed up default and named imports.

Check the render method of `GoalCard`.
    at createFiberFromTypeAndProps (C:\Projects\ma-saas-platform\M-S-SaaS-apex-deliver\frontend\node_modules\react-dom\cjs\react-dom.development.js:28478:17)
    at createFiberFromElement (C:\Projects\ma-saas-platform\M-S-SaaS-apex-deliver\frontend\node_modules\react-dom\cjs\react-dom.development.js:28504:15)
    at createChild (C:\Projects\ma-saas-platform\M-S-SaaS-apex-deliver\frontend\node_modules\react-dom\cjs\react-dom.development.js:13345:28)
    at reconcileChildrenArray (C:\Projects\ma-saas-platform\M-S-SaaS-apex-deliver\frontend\node_modules\react-dom\cjs\react-dom.development.js:13640:25)
    at reconcileChildFibers (C:\Projects\ma-saas-platform\M-S-SaaS-apex-deliver\frontend\node_modules\react-dom\cjs\react-dom.development.js:14057:16)
    at reconcileChildren (C:\Projects\ma-saas-platform\M-S-SaaS-apex-deliver\frontend\node_modules\react-dom\cjs\react-dom.development.js:19186:28)
    at updateHostComponent (C:\Projects\ma-saas-platform\M-S-SaaS-apex-deliver\frontend\node_modules\react-dom\cjs\react-dom.development.js:19953:3)
    at beginWork (C:\Projects\ma-saas-platform\M-S-SaaS-apex-deliver\frontend\node_modules\react-dom\cjs\react-dom.development.js:21657:14)
    at HTMLUnknownElement.callCallback (C:\Projects\ma-saas-platform\M-S-SaaS-apex-deliver\frontend\node_modules\react-dom\cjs\react-dom.development.js:4164:14)
    at HTMLUnknownElement.callTheUserObjectsOperation (C:\Projects\ma-saas-platform\M-S-SaaS-apex-deliver\frontend\node_modules\jsdom\lib\jsdom\living\generated\EventListener.js:26:30)
The above error occurred in the <div> component:

    at div
    at div
    at GoalCard (C:/Projects/ma-saas-platform/M-S-SaaS-apex-deliver/frontend/src/components/master-admin/activity/GoalCard.tsx:13:71)
    at QueryClientProvider (file:///C:/Projects/ma-saas-platform/M-S-SaaS-apex-deliver/frontend/node_modules/@tanstack/react-query/build/modern/QueryClientProvider.js:20:3)

Consider adding an error boundary to your tree to customize error handling behavior.
Visit https://reactjs.org/link/error-boundaries to learn more about error boundaries.

[90mstderr[2m | src/components/master-admin/activity/GoalCard.test.tsx[2m > [22m[2mGoalCard[2m > [22m[2mUpdate Goal Flow[2m > [22m[2mshould show loading state on Save button while updating
[22m[39mWarning: React.jsx: type is invalid -- expected a string (for built-in components) or a class/function (for composite components) but got: undefined. You likely forgot to export your component from the file it's defined in, or you might have mixed up default and named imports.

Check the render method of `GoalCard`.
    at GoalCard (C:/Projects/ma-saas-platform/M-S-SaaS-apex-deliver/frontend/src/components/master-admin/activity/GoalCard.tsx:13:71)
    at QueryClientProvider (file:///C:/Projects/ma-saas-platform/M-S-SaaS-apex-deliver/frontend/node_modules/@tanstack/react-query/build/modern/QueryClientProvider.js:20:3)
Warning: React.jsx: type is invalid -- expected a string (for built-in components) or a class/function (for composite components) but got: undefined. You likely forgot to export your component from the file it's defined in, or you might have mixed up default and named imports.

Check the render method of `GoalCard`.
    at GoalCard (C:/Projects/ma-saas-platform/M-S-SaaS-apex-deliver/frontend/src/components/master-admin/activity/GoalCard.tsx:13:71)
    at QueryClientProvider (file:///C:/Projects/ma-saas-platform/M-S-SaaS-apex-deliver/frontend/node_modules/@tanstack/react-query/build/modern/QueryClientProvider.js:20:3)
Error: Element type is invalid: expected a string (for built-in components) or a class/function (for composite components) but got: undefined. You likely forgot to export your component from the file it's defined in, or you might have mixed up default and named imports.

Check the render method of `GoalCard`.
    at createFiberFromTypeAndProps (C:\Projects\ma-saas-platform\M-S-SaaS-apex-deliver\frontend\node_modules\react-dom\cjs\react-dom.development.js:28478:17)
    at createFiberFromElement (C:\Projects\ma-saas-platform\M-S-SaaS-apex-deliver\frontend\node_modules\react-dom\cjs\react-dom.development.js:28504:15)
    at createChild (C:\Projects\ma-saas-platform\M-S-SaaS-apex-deliver\frontend\node_modules\react-dom\cjs\react-dom.development.js:13345:28)
    at reconcileChildrenArray (C:\Projects\ma-saas-platform\M-S-SaaS-apex-deliver\frontend\node_modules\react-dom\cjs\react-dom.development.js:13640:25)
    at reconcileChildFibers (C:\Projects\ma-saas-platform\M-S-SaaS-apex-deliver\frontend\node_modules\react-dom\cjs\react-dom.development.js:14057:16)
    at reconcileChildren (C:\Projects\ma-saas-platform\M-S-SaaS-apex-deliver\frontend\node_modules\react-dom\cjs\react-dom.development.js:19186:28)
    at updateHostComponent (C:\Projects\ma-saas-platform\M-S-SaaS-apex-deliver\frontend\node_modules\react-dom\cjs\react-dom.development.js:19953:3)
    at beginWork (C:\Projects\ma-saas-platform\M-S-SaaS-apex-deliver\frontend\node_modules\react-dom\cjs\react-dom.development.js:21657:14)
    at HTMLUnknownElement.callCallback (C:\Projects\ma-saas-platform\M-S-SaaS-apex-deliver\frontend\node_modules\react-dom\cjs\react-dom.development.js:4164:14)
    at HTMLUnknownElement.callTheUserObjectsOperation (C:\Projects\ma-saas-platform\M-S-SaaS-apex-deliver\frontend\node_modules\jsdom\lib\jsdom\living\generated\EventListener.js:26:30)
Warning: React.jsx: type is invalid -- expected a string (for built-in components) or a class/function (for composite components) but got: undefined. You likely forgot to export your component from the file it's defined in, or you might have mixed up default and named imports.

Check the render method of `GoalCard`.
    at GoalCard (C:/Projects/ma-saas-platform/M-S-SaaS-apex-deliver/frontend/src/components/master-admin/activity/GoalCard.tsx:13:71)
    at QueryClientProvider (file:///C:/Projects/ma-saas-platform/M-S-SaaS-apex-deliver/frontend/node_modules/@tanstack/react-query/build/modern/QueryClientProvider.js:20:3)
Warning: React.jsx: type is invalid -- expected a string (for built-in components) or a class/function (for composite components) but got: undefined. You likely forgot to export your component from the file it's defined in, or you might have mixed up default and named imports.

Check the render method of `GoalCard`.
    at GoalCard (C:/Projects/ma-saas-platform/M-S-SaaS-apex-deliver/frontend/src/components/master-admin/activity/GoalCard.tsx:13:71)
    at QueryClientProvider (file:///C:/Projects/ma-saas-platform/M-S-SaaS-apex-deliver/frontend/node_modules/@tanstack/react-query/build/modern/QueryClientProvider.js:20:3)
Error: Element type is invalid: expected a string (for built-in components) or a class/function (for composite components) but got: undefined. You likely forgot to export your component from the file it's defined in, or you might have mixed up default and named imports.

Check the render method of `GoalCard`.
    at createFiberFromTypeAndProps (C:\Projects\ma-saas-platform\M-S-SaaS-apex-deliver\frontend\node_modules\react-dom\cjs\react-dom.development.js:28478:17)
    at createFiberFromElement (C:\Projects\ma-saas-platform\M-S-SaaS-apex-deliver\frontend\node_modules\react-dom\cjs\react-dom.development.js:28504:15)
    at createChild (C:\Projects\ma-saas-platform\M-S-SaaS-apex-deliver\frontend\node_modules\react-dom\cjs\react-dom.development.js:13345:28)
    at reconcileChildrenArray (C:\Projects\ma-saas-platform\M-S-SaaS-apex-deliver\frontend\node_modules\react-dom\cjs\react-dom.development.js:13640:25)
    at reconcileChildFibers (C:\Projects\ma-saas-platform\M-S-SaaS-apex-deliver\frontend\node_modules\react-dom\cjs\react-dom.development.js:14057:16)
    at reconcileChildren (C:\Projects\ma-saas-platform\M-S-SaaS-apex-deliver\frontend\node_modules\react-dom\cjs\react-dom.development.js:19186:28)
    at updateHostComponent (C:\Projects\ma-saas-platform\M-S-SaaS-apex-deliver\frontend\node_modules\react-dom\cjs\react-dom.development.js:19953:3)
    at beginWork (C:\Projects\ma-saas-platform\M-S-SaaS-apex-deliver\frontend\node_modules\react-dom\cjs\react-dom.development.js:21657:14)
    at HTMLUnknownElement.callCallback (C:\Projects\ma-saas-platform\M-S-SaaS-apex-deliver\frontend\node_modules\react-dom\cjs\react-dom.development.js:4164:14)
    at HTMLUnknownElement.callTheUserObjectsOperation (C:\Projects\ma-saas-platform\M-S-SaaS-apex-deliver\frontend\node_modules\jsdom\lib\jsdom\living\generated\EventListener.js:26:30)
The above error occurred in the <div> component:

    at div
    at div
    at GoalCard (C:/Projects/ma-saas-platform/M-S-SaaS-apex-deliver/frontend/src/components/master-admin/activity/GoalCard.tsx:13:71)
    at QueryClientProvider (file:///C:/Projects/ma-saas-platform/M-S-SaaS-apex-deliver/frontend/node_modules/@tanstack/react-query/build/modern/QueryClientProvider.js:20:3)

Consider adding an error boundary to your tree to customize error handling behavior.
Visit https://reactjs.org/link/error-boundaries to learn more about error boundaries.

[90mstderr[2m | src/components/master-admin/activity/GoalCard.test.tsx[2m > [22m[2mGoalCard[2m > [22m[2mCreate Goal Flow[2m > [22m[2mshould call createGoal mutation when saving new goal
[22m[39mWarning: React.jsx: type is invalid -- expected a string (for built-in components) or a class/function (for composite components) but got: undefined. You likely forgot to export your component from the file it's defined in, or you might have mixed up default and named imports.

Check the render method of `GoalCard`.
    at GoalCard (C:/Projects/ma-saas-platform/M-S-SaaS-apex-deliver/frontend/src/components/master-admin/activity/GoalCard.tsx:13:71)
    at QueryClientProvider (file:///C:/Projects/ma-saas-platform/M-S-SaaS-apex-deliver/frontend/node_modules/@tanstack/react-query/build/modern/QueryClientProvider.js:20:3)
Error: Element type is invalid: expected a string (for built-in components) or a class/function (for composite components) but got: undefined. You likely forgot to export your component from the file it's defined in, or you might have mixed up default and named imports.

Check the render method of `GoalCard`.
    at createFiberFromTypeAndProps (C:\Projects\ma-saas-platform\M-S-SaaS-apex-deliver\frontend\node_modules\react-dom\cjs\react-dom.development.js:28478:17)
    at createFiberFromElement (C:\Projects\ma-saas-platform\M-S-SaaS-apex-deliver\frontend\node_modules\react-dom\cjs\react-dom.development.js:28504:15)
    at createChild (C:\Projects\ma-saas-platform\M-S-SaaS-apex-deliver\frontend\node_modules\react-dom\cjs\react-dom.development.js:13345:28)
    at reconcileChildrenArray (C:\Projects\ma-saas-platform\M-S-SaaS-apex-deliver\frontend\node_modules\react-dom\cjs\react-dom.development.js:13640:25)
    at reconcileChildFibers (C:\Projects\ma-saas-platform\M-S-SaaS-apex-deliver\frontend\node_modules\react-dom\cjs\react-dom.development.js:14057:16)
    at reconcileChildren (C:\Projects\ma-saas-platform\M-S-SaaS-apex-deliver\frontend\node_modules\react-dom\cjs\react-dom.development.js:19186:28)
    at updateHostComponent (C:\Projects\ma-saas-platform\M-S-SaaS-apex-deliver\frontend\node_modules\react-dom\cjs\react-dom.development.js:19953:3)
    at beginWork (C:\Projects\ma-saas-platform\M-S-SaaS-apex-deliver\frontend\node_modules\react-dom\cjs\react-dom.development.js:21657:14)
    at HTMLUnknownElement.callCallback (C:\Projects\ma-saas-platform\M-S-SaaS-apex-deliver\frontend\node_modules\react-dom\cjs\react-dom.development.js:4164:14)
    at HTMLUnknownElement.callTheUserObjectsOperation (C:\Projects\ma-saas-platform\M-S-SaaS-apex-deliver\frontend\node_modules\jsdom\lib\jsdom\living\generated\EventListener.js:26:30)
Warning: React.jsx: type is invalid -- expected a string (for built-in components) or a class/function (for composite components) but got: undefined. You likely forgot to export your component from the file it's defined in, or you might have mixed up default and named imports.

Check the render method of `GoalCard`.
    at GoalCard (C:/Projects/ma-saas-platform/M-S-SaaS-apex-deliver/frontend/src/components/master-admin/activity/GoalCard.tsx:13:71)
    at QueryClientProvider (file:///C:/Projects/ma-saas-platform/M-S-SaaS-apex-deliver/frontend/node_modules/@tanstack/react-query/build/modern/QueryClientProvider.js:20:3)
Error: Element type is invalid: expected a string (for built-in components) or a class/function (for composite components) but got: undefined. You likely forgot to export your component from the file it's defined in, or you might have mixed up default and named imports.

Check the render method of `GoalCard`.
    at createFiberFromTypeAndProps (C:\Projects\ma-saas-platform\M-S-SaaS-apex-deliver\frontend\node_modules\react-dom\cjs\react-dom.development.js:28478:17)
    at createFiberFromElement (C:\Projects\ma-saas-platform\M-S-SaaS-apex-deliver\frontend\node_modules\react-dom\cjs\react-dom.development.js:28504:15)
    at createChild (C:\Projects\ma-saas-platform\M-S-SaaS-apex-deliver\frontend\node_modules\react-dom\cjs\react-dom.development.js:13345:28)
    at reconcileChildrenArray (C:\Projects\ma-saas-platform\M-S-SaaS-apex-deliver\frontend\node_modules\react-dom\cjs\react-dom.development.js:13640:25)
    at reconcileChildFibers (C:\Projects\ma-saas-platform\M-S-SaaS-apex-deliver\frontend\node_modules\react-dom\cjs\react-dom.development.js:14057:16)
    at reconcileChildren (C:\Projects\ma-saas-platform\M-S-SaaS-apex-deliver\frontend\node_modules\react-dom\cjs\react-dom.development.js:19186:28)
    at updateHostComponent (C:\Projects\ma-saas-platform\M-S-SaaS-apex-deliver\frontend\node_modules\react-dom\cjs\react-dom.development.js:19953:3)
    at beginWork (C:\Projects\ma-saas-platform\M-S-SaaS-apex-deliver\frontend\node_modules\react-dom\cjs\react-dom.development.js:21657:14)
    at HTMLUnknownElement.callCallback (C:\Projects\ma-saas-platform\M-S-SaaS-apex-deliver\frontend\node_modules\react-dom\cjs\react-dom.development.js:4164:14)
    at HTMLUnknownElement.callTheUserObjectsOperation (C:\Projects\ma-saas-platform\M-S-SaaS-apex-deliver\frontend\node_modules\jsdom\lib\jsdom\living\generated\EventListener.js:26:30)
The above error occurred in the <div> component:

    at div
    at div
    at GoalCard (C:/Projects/ma-saas-platform/M-S-SaaS-apex-deliver/frontend/src/components/master-admin/activity/GoalCard.tsx:13:71)
    at QueryClientProvider (file:///C:/Projects/ma-saas-platform/M-S-SaaS-apex-deliver/frontend/node_modules/@tanstack/react-query/build/modern/QueryClientProvider.js:20:3)

Consider adding an error boundary to your tree to customize error handling behavior.
Visit https://reactjs.org/link/error-boundaries to learn more about error boundaries.

[90mstderr[2m | src/components/marketing/EnhancedHeroSection.test.tsx[2m > [22m[2mEnhancedHeroSection[2m > [22m[2mhas responsive grid layout
[22m[39mWarning: React.jsx: type is invalid -- expected a string (for built-in components) or a class/function (for composite components) but got: undefined. You likely forgot to export your component from the file it's defined in, or you might have mixed up default and named imports.

Check the render method of `EnhancedHeroSection`.
    at EnhancedHeroSection (C:/Projects/ma-saas-platform/M-S-SaaS-apex-deliver/frontend/src/components/marketing/EnhancedHeroSection.tsx:13:71)
    at Router (file:///C:/Projects/ma-saas-platform/M-S-SaaS-apex-deliver/frontend/node_modules/react-router/dist/development/chunk-OIYGIGL5.mjs:6066:13)
    at BrowserRouter (file:///C:/Projects/ma-saas-platform/M-S-SaaS-apex-deliver/frontend/node_modules/react-router/dist/development/chunk-OIYGIGL5.mjs:9209:3)
    at RouterWrapper (C:/Projects/ma-saas-platform/M-S-SaaS-apex-deliver/frontend/src/components/marketing/EnhancedHeroSection.test.tsx:11:26)
Warning: React.jsx: type is invalid -- expected a string (for built-in components) or a class/function (for composite components) but got: undefined. You likely forgot to export your component from the file it's defined in, or you might have mixed up default and named imports.

Check the render method of `EnhancedHeroSection`.
    at EnhancedHeroSection (C:/Projects/ma-saas-platform/M-S-SaaS-apex-deliver/frontend/src/components/marketing/EnhancedHeroSection.tsx:13:71)
    at Router (file:///C:/Projects/ma-saas-platform/M-S-SaaS-apex-deliver/frontend/node_modules/react-router/dist/development/chunk-OIYGIGL5.mjs:6066:13)
    at BrowserRouter (file:///C:/Projects/ma-saas-platform/M-S-SaaS-apex-deliver/frontend/node_modules/react-router/dist/development/chunk-OIYGIGL5.mjs:9209:3)
    at RouterWrapper (C:/Projects/ma-saas-platform/M-S-SaaS-apex-deliver/frontend/src/components/marketing/EnhancedHeroSection.test.tsx:11:26)
Error: Element type is invalid: expected a string (for built-in components) or a class/function (for composite components) but got: undefined. You likely forgot to export your component from the file it's defined in, or you might have mixed up default and named imports.

Check the render method of `EnhancedHeroSection`.
    at createFiberFromTypeAndProps (C:\Projects\ma-saas-platform\M-S-SaaS-apex-deliver\frontend\node_modules\react-dom\cjs\react-dom.development.js:28478:17)
    at createFiberFromElement (C:\Projects\ma-saas-platform\M-S-SaaS-apex-deliver\frontend\node_modules\react-dom\cjs\react-dom.development.js:28504:15)
    at reconcileSingleElement (C:\Projects\ma-saas-platform\M-S-SaaS-apex-deliver\frontend\node_modules\react-dom\cjs\react-dom.development.js:13986:23)
    at reconcileChildFibers (C:\Projects\ma-saas-platform\M-S-SaaS-apex-deliver\frontend\node_modules\react-dom\cjs\react-dom.development.js:14044:35)
    at reconcileChildren (C:\Projects\ma-saas-platform\M-S-SaaS-apex-deliver\frontend\node_modules\react-dom\cjs\react-dom.development.js:19186:28)
    at updateHostComponent (C:\Projects\ma-saas-platform\M-S-SaaS-apex-deliver\frontend\node_modules\react-dom\cjs\react-dom.development.js:19953:3)
    at beginWork (C:\Projects\ma-saas-platform\M-S-SaaS-apex-deliver\frontend\node_modules\react-dom\cjs\react-dom.development.js:21657:14)
    at HTMLUnknownElement.callCallback (C:\Projects\ma-saas-platform\M-S-SaaS-apex-deliver\frontend\node_modules\react-dom\cjs\react-dom.development.js:4164:14)
    at HTMLUnknownElement.callTheUserObjectsOperation (C:\Projects\ma-saas-platform\M-S-SaaS-apex-deliver\frontend\node_modules\jsdom\lib\jsdom\living\generated\EventListener.js:26:30)
    at innerInvokeEventListeners (C:\Projects\ma-saas-platform\M-S-SaaS-apex-deliver\frontend\node_modules\jsdom\lib\jsdom\living\events\EventTarget-impl.js:360:16)
Error: Element type is invalid: expected a string (for built-in components) or a class/function (for composite components) but got: undefined. You likely forgot to export your component from the file it's defined in, or you might have mixed up default and named imports.

Check the render method of `EnhancedHeroSection`.
    at createFiberFromTypeAndProps (C:\Projects\ma-saas-platform\M-S-SaaS-apex-deliver\frontend\node_modules\react-dom\cjs\react-dom.development.js:28478:17)
    at createFiberFromElement (C:\Projects\ma-saas-platform\M-S-SaaS-apex-deliver\frontend\node_modules\react-dom\cjs\react-dom.development.js:28504:15)
    at reconcileSingleElement (C:\Projects\ma-saas-platform\M-S-SaaS-apex-deliver\frontend\node_modules\react-dom\cjs\react-dom.development.js:13986:23)
    at reconcileChildFibers (C:\Projects\ma-saas-platform\M-S-SaaS-apex-deliver\frontend\node_modules\react-dom\cjs\react-dom.development.js:14044:35)
    at reconcileChildren (C:\Projects\ma-saas-platform\M-S-SaaS-apex-deliver\frontend\node_modules\react-dom\cjs\react-dom.development.js:19186:28)
    at updateHostComponent (C:\Projects\ma-saas-platform\M-S-SaaS-apex-deliver\frontend\node_modules\react-dom\cjs\react-dom.development.js:19953:3)
    at beginWork (C:\Projects\ma-saas-platform\M-S-SaaS-apex-deliver\frontend\node_modules\react-dom\cjs\react-dom.development.js:21657:14)
    at HTMLUnknownElement.callCallback (C:\Projects\ma-saas-platform\M-S-SaaS-apex-deliver\frontend\node_modules\react-dom\cjs\react-dom.development.js:4164:14)
    at HTMLUnknownElement.callTheUserObjectsOperation (C:\Projects\ma-saas-platform\M-S-SaaS-apex-deliver\frontend\node_modules\jsdom\lib\jsdom\living\generated\EventListener.js:26:30)
    at innerInvokeEventListeners (C:\Projects\ma-saas-platform\M-S-SaaS-apex-deliver\frontend\node_modules\jsdom\lib\jsdom\living\events\EventTarget-impl.js:360:16)
Warning: React.jsx: type is invalid -- expected a string (for built-in components) or a class/function (for composite components) but got: undefined. You likely forgot to export your component from the file it's defined in, or you might have mixed up default and named imports.

Check the render method of `EnhancedHeroSection`.
    at EnhancedHeroSection (C:/Projects/ma-saas-platform/M-S-SaaS-apex-deliver/frontend/src/components/marketing/EnhancedHeroSection.tsx:13:71)
    at Router (file:///C:/Projects/ma-saas-platform/M-S-SaaS-apex-deliver/frontend/node_modules/react-router/dist/development/chunk-OIYGIGL5.mjs:6066:13)
    at BrowserRouter (file:///C:/Projects/ma-saas-platform/M-S-SaaS-apex-deliver/frontend/node_modules/react-router/dist/development/chunk-OIYGIGL5.mjs:9209:3)
    at RouterWrapper (C:/Projects/ma-saas-platform/M-S-SaaS-apex-deliver/frontend/src/components/marketing/EnhancedHeroSection.test.tsx:11:26)
Warning: React.jsx: type is invalid -- expected a string (for built-in components) or a class/function (for composite components) but got: undefined. You likely forgot to export your component from the file it's defined in, or you might have mixed up default and named imports.

Check the render method of `EnhancedHeroSection`.
    at EnhancedHeroSection (C:/Projects/ma-saas-platform/M-S-SaaS-apex-deliver/frontend/src/components/marketing/EnhancedHeroSection.tsx:13:71)
    at Router (file:///C:/Projects/ma-saas-platform/M-S-SaaS-apex-deliver/frontend/node_modules/react-router/dist/development/chunk-OIYGIGL5.mjs:6066:13)
    at BrowserRouter (file:///C:/Projects/ma-saas-platform/M-S-SaaS-apex-deliver/frontend/node_modules/react-router/dist/development/chunk-OIYGIGL5.mjs:9209:3)
    at RouterWrapper (C:/Projects/ma-saas-platform/M-S-SaaS-apex-deliver/frontend/src/components/marketing/EnhancedHeroSection.test.tsx:11:26)
Error: Element type is invalid: expected a string (for built-in components) or a class/function (for composite components) but got: undefined. You likely forgot to export your component from the file it's defined in, or you might have mixed up default and named imports.

Check the render method of `EnhancedHeroSection`.
    at createFiberFromTypeAndProps (C:\Projects\ma-saas-platform\M-S-SaaS-apex-deliver\frontend\node_modules\react-dom\cjs\react-dom.development.js:28478:17)
    at createFiberFromElement (C:\Projects\ma-saas-platform\M-S-SaaS-apex-deliver\frontend\node_modules\react-dom\cjs\react-dom.development.js:28504:15)
    at reconcileSingleElement (C:\Projects\ma-saas-platform\M-S-SaaS-apex-deliver\frontend\node_modules\react-dom\cjs\react-dom.development.js:13986:23)
    at reconcileChildFibers (C:\Projects\ma-saas-platform\M-S-SaaS-apex-deliver\frontend\node_modules\react-dom\cjs\react-dom.development.js:14044:35)
    at reconcileChildren (C:\Projects\ma-saas-platform\M-S-SaaS-apex-deliver\frontend\node_modules\react-dom\cjs\react-dom.development.js:19186:28)
    at updateHostComponent (C:\Projects\ma-saas-platform\M-S-SaaS-apex-deliver\frontend\node_modules\react-dom\cjs\react-dom.development.js:19953:3)
    at beginWork (C:\Projects\ma-saas-platform\M-S-SaaS-apex-deliver\frontend\node_modules\react-dom\cjs\react-dom.development.js:21657:14)
    at HTMLUnknownElement.callCallback (C:\Projects\ma-saas-platform\M-S-SaaS-apex-deliver\frontend\node_modules\react-dom\cjs\react-dom.development.js:4164:14)
    at HTMLUnknownElement.callTheUserObjectsOperation (C:\Projects\ma-saas-platform\M-S-SaaS-apex-deliver\frontend\node_modules\jsdom\lib\jsdom\living\generated\EventListener.js:26:30)
    at innerInvokeEventListeners (C:\Projects\ma-saas-platform\M-S-SaaS-apex-deliver\frontend\node_modules\jsdom\lib\jsdom\living\events\EventTarget-impl.js:360:16)
Error: Element type is invalid: expected a string (for built-in components) or a class/function (for composite components) but got: undefined. You likely forgot to export your component from the file it's defined in, or you might have mixed up default and named imports.

Check the render method of `EnhancedHeroSection`.
    at createFiberFromTypeAndProps (C:\Projects\ma-saas-platform\M-S-SaaS-apex-deliver\frontend\node_modules\react-dom\cjs\react-dom.development.js:28478:17)
    at createFiberFromElement (C:\Projects\ma-saas-platform\M-S-SaaS-apex-deliver\frontend\node_modules\react-dom\cjs\react-dom.development.js:28504:15)
    at reconcileSingleElement (C:\Projects\ma-saas-platform\M-S-SaaS-apex-deliver\frontend\node_modules\react-dom\cjs\react-dom.development.js:13986:23)
    at reconcileChildFibers (C:\Projects\ma-saas-platform\M-S-SaaS-apex-deliver\frontend\node_modules\react-dom\cjs\react-dom.development.js:14044:35)
    at reconcileChildren (C:\Projects\ma-saas-platform\M-S-SaaS-apex-deliver\frontend\node_modules\react-dom\cjs\react-dom.development.js:19186:28)
    at updateHostComponent (C:\Projects\ma-saas-platform\M-S-SaaS-apex-deliver\frontend\node_modules\react-dom\cjs\react-dom.development.js:19953:3)
    at beginWork (C:\Projects\ma-saas-platform\M-S-SaaS-apex-deliver\frontend\node_modules\react-dom\cjs\react-dom.development.js:21657:14)
    at HTMLUnknownElement.callCallback (C:\Projects\ma-saas-platform\M-S-SaaS-apex-deliver\frontend\node_modules\react-dom\cjs\react-dom.development.js:4164:14)
    at HTMLUnknownElement.callTheUserObjectsOperation (C:\Projects\ma-saas-platform\M-S-SaaS-apex-deliver\frontend\node_modules\jsdom\lib\jsdom\living\generated\EventListener.js:26:30)
    at innerInvokeEventListeners (C:\Projects\ma-saas-platform\M-S-SaaS-apex-deliver\frontend\node_modules\jsdom\lib\jsdom\living\events\EventTarget-impl.js:360:16)
The above error occurred in the <a> component:

    at a
    at LinkWithRef (file:///C:/Projects/ma-saas-platform/M-S-SaaS-apex-deliver/frontend/node_modules/react-router/dist/development/chunk-OIYGIGL5.mjs:9299:5)
    at div
    at div
    at div
    at div
    at section
    at EnhancedHeroSection (C:/Projects/ma-saas-platform/M-S-SaaS-apex-deliver/frontend/src/components/marketing/EnhancedHeroSection.tsx:13:71)
    at Router (file:///C:/Projects/ma-saas-platform/M-S-SaaS-apex-deliver/frontend/node_modules/react-router/dist/development/chunk-OIYGIGL5.mjs:6066:13)
    at BrowserRouter (file:///C:/Projects/ma-saas-platform/M-S-SaaS-apex-deliver/frontend/node_modules/react-router/dist/development/chunk-OIYGIGL5.mjs:9209:3)
    at RouterWrapper (C:/Projects/ma-saas-platform/M-S-SaaS-apex-deliver/frontend/src/components/marketing/EnhancedHeroSection.test.tsx:11:26)

Consider adding an error boundary to your tree to customize error handling behavior.
Visit https://reactjs.org/link/error-boundaries to learn more about error boundaries.
The above error occurred in the <a> component:

    at a
    at LinkWithRef (file:///C:/Projects/ma-saas-platform/M-S-SaaS-apex-deliver/frontend/node_modules/react-router/dist/development/chunk-OIYGIGL5.mjs:9299:5)
    at div
    at div
    at div
    at div
    at section
    at EnhancedHeroSection (C:/Projects/ma-saas-platform/M-S-SaaS-apex-deliver/frontend/src/components/marketing/EnhancedHeroSection.tsx:13:71)
    at Router (file:///C:/Projects/ma-saas-platform/M-S-SaaS-apex-deliver/frontend/node_modules/react-router/dist/development/chunk-OIYGIGL5.mjs:6066:13)
    at BrowserRouter (file:///C:/Projects/ma-saas-platform/M-S-SaaS-apex-deliver/frontend/node_modules/react-router/dist/development/chunk-OIYGIGL5.mjs:9209:3)
    at RouterWrapper (C:/Projects/ma-saas-platform/M-S-SaaS-apex-deliver/frontend/src/components/marketing/EnhancedHeroSection.test.tsx:11:26)

Consider adding an error boundary to your tree to customize error handling behavior.
Visit https://reactjs.org/link/error-boundaries to learn more about error boundaries.

[90mstderr[2m | src/components/marketing/EnhancedHeroSection.test.tsx[2m > [22m[2mEnhancedHeroSection[2m > [22m[2mincludes animated background pattern
[22m[39mWarning: React.jsx: type is invalid -- expected a string (for built-in components) or a class/function (for composite components) but got: undefined. You likely forgot to export your component from the file it's defined in, or you might have mixed up default and named imports.

Check the render method of `EnhancedHeroSection`.
    at EnhancedHeroSection (C:/Projects/ma-saas-platform/M-S-SaaS-apex-deliver/frontend/src/components/marketing/EnhancedHeroSection.tsx:13:71)
    at Router (file:///C:/Projects/ma-saas-platform/M-S-SaaS-apex-deliver/frontend/node_modules/react-router/dist/development/chunk-OIYGIGL5.mjs:6066:13)
    at BrowserRouter (file:///C:/Projects/ma-saas-platform/M-S-SaaS-apex-deliver/frontend/node_modules/react-router/dist/development/chunk-OIYGIGL5.mjs:9209:3)
    at RouterWrapper (C:/Projects/ma-saas-platform/M-S-SaaS-apex-deliver/frontend/src/components/marketing/EnhancedHeroSection.test.tsx:11:26)
Warning: React.jsx: type is invalid -- expected a string (for built-in components) or a class/function (for composite components) but got: undefined. You likely forgot to export your component from the file it's defined in, or you might have mixed up default and named imports.

Check the render method of `EnhancedHeroSection`.
    at EnhancedHeroSection (C:/Projects/ma-saas-platform/M-S-SaaS-apex-deliver/frontend/src/components/marketing/EnhancedHeroSection.tsx:13:71)
    at Router (file:///C:/Projects/ma-saas-platform/M-S-SaaS-apex-deliver/frontend/node_modules/react-router/dist/development/chunk-OIYGIGL5.mjs:6066:13)
    at BrowserRouter (file:///C:/Projects/ma-saas-platform/M-S-SaaS-apex-deliver/frontend/node_modules/react-router/dist/development/chunk-OIYGIGL5.mjs:9209:3)
    at RouterWrapper (C:/Projects/ma-saas-platform/M-S-SaaS-apex-deliver/frontend/src/components/marketing/EnhancedHeroSection.test.tsx:11:26)
Error: Element type is invalid: expected a string (for built-in components) or a class/function (for composite components) but got: undefined. You likely forgot to export your component from the file it's defined in, or you might have mixed up default and named imports.

Check the render method of `EnhancedHeroSection`.
    at createFiberFromTypeAndProps (C:\Projects\ma-saas-platform\M-S-SaaS-apex-deliver\frontend\node_modules\react-dom\cjs\react-dom.development.js:28478:17)
    at createFiberFromElement (C:\Projects\ma-saas-platform\M-S-SaaS-apex-deliver\frontend\node_modules\react-dom\cjs\react-dom.development.js:28504:15)
    at reconcileSingleElement (C:\Projects\ma-saas-platform\M-S-SaaS-apex-deliver\frontend\node_modules\react-dom\cjs\react-dom.development.js:13986:23)
    at reconcileChildFibers (C:\Projects\ma-saas-platform\M-S-SaaS-apex-deliver\frontend\node_modules\react-dom\cjs\react-dom.development.js:14044:35)
    at reconcileChildren (C:\Projects\ma-saas-platform\M-S-SaaS-apex-deliver\frontend\node_modules\react-dom\cjs\react-dom.development.js:19186:28)
    at updateHostComponent (C:\Projects\ma-saas-platform\M-S-SaaS-apex-deliver\frontend\node_modules\react-dom\cjs\react-dom.development.js:19953:3)
    at beginWork (C:\Projects\ma-saas-platform\M-S-SaaS-apex-deliver\frontend\node_modules\react-dom\cjs\react-dom.development.js:21657:14)
    at HTMLUnknownElement.callCallback (C:\Projects\ma-saas-platform\M-S-SaaS-apex-deliver\frontend\node_modules\react-dom\cjs\react-dom.development.js:4164:14)
    at HTMLUnknownElement.callTheUserObjectsOperation (C:\Projects\ma-saas-platform\M-S-SaaS-apex-deliver\frontend\node_modules\jsdom\lib\jsdom\living\generated\EventListener.js:26:30)
    at innerInvokeEventListeners (C:\Projects\ma-saas-platform\M-S-SaaS-apex-deliver\frontend\node_modules\jsdom\lib\jsdom\living\events\EventTarget-impl.js:360:16)
Error: Element type is invalid: expected a string (for built-in components) or a class/function (for composite components) but got: undefined. You likely forgot to export your component from the file it's defined in, or you might have mixed up default and named imports.

Check the render method of `EnhancedHeroSection`.
    at createFiberFromTypeAndProps (C:\Projects\ma-saas-platform\M-S-SaaS-apex-deliver\frontend\node_modules\react-dom\cjs\react-dom.development.js:28478:17)
    at createFiberFromElement (C:\Projects\ma-saas-platform\M-S-SaaS-apex-deliver\frontend\node_modules\react-dom\cjs\react-dom.development.js:28504:15)
    at reconcileSingleElement (C:\Projects\ma-saas-platform\M-S-SaaS-apex-deliver\frontend\node_modules\react-dom\cjs\react-dom.development.js:13986:23)
    at reconcileChildFibers (C:\Projects\ma-saas-platform\M-S-SaaS-apex-deliver\frontend\node_modules\react-dom\cjs\react-dom.development.js:14044:35)
    at reconcileChildren (C:\Projects\ma-saas-platform\M-S-SaaS-apex-deliver\frontend\node_modules\react-dom\cjs\react-dom.development.js:19186:28)
    at updateHostComponent (C:\Projects\ma-saas-platform\M-S-SaaS-apex-deliver\frontend\node_modules\react-dom\cjs\react-dom.development.js:19953:3)
    at beginWork (C:\Projects\ma-saas-platform\M-S-SaaS-apex-deliver\frontend\node_modules\react-dom\cjs\react-dom.development.js:21657:14)
    at HTMLUnknownElement.callCallback (C:\Projects\ma-saas-platform\M-S-SaaS-apex-deliver\frontend\node_modules\react-dom\cjs\react-dom.development.js:4164:14)
    at HTMLUnknownElement.callTheUserObjectsOperation (C:\Projects\ma-saas-platform\M-S-SaaS-apex-deliver\frontend\node_modules\jsdom\lib\jsdom\living\generated\EventListener.js:26:30)
    at innerInvokeEventListeners (C:\Projects\ma-saas-platform\M-S-SaaS-apex-deliver\frontend\node_modules\jsdom\lib\jsdom\living\events\EventTarget-impl.js:360:16)
Warning: React.jsx: type is invalid -- expected a string (for built-in components) or a class/function (for composite components) but got: undefined. You likely forgot to export your component from the file it's defined in, or you might have mixed up default and named imports.

Check the render method of `EnhancedHeroSection`.
    at EnhancedHeroSection (C:/Projects/ma-saas-platform/M-S-SaaS-apex-deliver/frontend/src/components/marketing/EnhancedHeroSection.tsx:13:71)
    at Router (file:///C:/Projects/ma-saas-platform/M-S-SaaS-apex-deliver/frontend/node_modules/react-router/dist/development/chunk-OIYGIGL5.mjs:6066:13)
    at BrowserRouter (file:///C:/Projects/ma-saas-platform/M-S-SaaS-apex-deliver/frontend/node_modules/react-router/dist/development/chunk-OIYGIGL5.mjs:9209:3)
    at RouterWrapper (C:/Projects/ma-saas-platform/M-S-SaaS-apex-deliver/frontend/src/components/marketing/EnhancedHeroSection.test.tsx:11:26)
Warning: React.jsx: type is invalid -- expected a string (for built-in components) or a class/function (for composite components) but got: undefined. You likely forgot to export your component from the file it's defined in, or you might have mixed up default and named imports.

Check the render method of `EnhancedHeroSection`.
    at EnhancedHeroSection (C:/Projects/ma-saas-platform/M-S-SaaS-apex-deliver/frontend/src/components/marketing/EnhancedHeroSection.tsx:13:71)
    at Router (file:///C:/Projects/ma-saas-platform/M-S-SaaS-apex-deliver/frontend/node_modules/react-router/dist/development/chunk-OIYGIGL5.mjs:6066:13)
    at BrowserRouter (file:///C:/Projects/ma-saas-platform/M-S-SaaS-apex-deliver/frontend/node_modules/react-router/dist/development/chunk-OIYGIGL5.mjs:9209:3)
    at RouterWrapper (C:/Projects/ma-saas-platform/M-S-SaaS-apex-deliver/frontend/src/components/marketing/EnhancedHeroSection.test.tsx:11:26)
Error: Element type is invalid: expected a string (for built-in components) or a class/function (for composite components) but got: undefined. You likely forgot to export your component from the file it's defined in, or you might have mixed up default and named imports.

Check the render method of `EnhancedHeroSection`.
    at createFiberFromTypeAndProps (C:\Projects\ma-saas-platform\M-S-SaaS-apex-deliver\frontend\node_modules\react-dom\cjs\react-dom.development.js:28478:17)
    at createFiberFromElement (C:\Projects\ma-saas-platform\M-S-SaaS-apex-deliver\frontend\node_modules\react-dom\cjs\react-dom.development.js:28504:15)
    at reconcileSingleElement (C:\Projects\ma-saas-platform\M-S-SaaS-apex-deliver\frontend\node_modules\react-dom\cjs\react-dom.development.js:13986:23)
    at reconcileChildFibers (C:\Projects\ma-saas-platform\M-S-SaaS-apex-deliver\frontend\node_modules\react-dom\cjs\react-dom.development.js:14044:35)
    at reconcileChildren (C:\Projects\ma-saas-platform\M-S-SaaS-apex-deliver\frontend\node_modules\react-dom\cjs\react-dom.development.js:19186:28)
    at updateHostComponent (C:\Projects\ma-saas-platform\M-S-SaaS-apex-deliver\frontend\node_modules\react-dom\cjs\react-dom.development.js:19953:3)
    at beginWork (C:\Projects\ma-saas-platform\M-S-SaaS-apex-deliver\frontend\node_modules\react-dom\cjs\react-dom.development.js:21657:14)
    at HTMLUnknownElement.callCallback (C:\Projects\ma-saas-platform\M-S-SaaS-apex-deliver\frontend\node_modules\react-dom\cjs\react-dom.development.js:4164:14)
    at HTMLUnknownElement.callTheUserObjectsOperation (C:\Projects\ma-saas-platform\M-S-SaaS-apex-deliver\frontend\node_modules\jsdom\lib\jsdom\living\generated\EventListener.js:26:30)
    at innerInvokeEventListeners (C:\Projects\ma-saas-platform\M-S-SaaS-apex-deliver\frontend\node_modules\jsdom\lib\jsdom\living\events\EventTarget-impl.js:360:16)
Error: Element type is invalid: expected a string (for built-in components) or a class/function (for composite components) but got: undefined. You likely forgot to export your component from the file it's defined in, or you might have mixed up default and named imports.

Check the render method of `EnhancedHeroSection`.
    at createFiberFromTypeAndProps (C:\Projects\ma-saas-platform\M-S-SaaS-apex-deliver\frontend\node_modules\react-dom\cjs\react-dom.development.js:28478:17)
    at createFiberFromElement (C:\Projects\ma-saas-platform\M-S-SaaS-apex-deliver\frontend\node_modules\react-dom\cjs\react-dom.development.js:28504:15)
    at reconcileSingleElement (C:\Projects\ma-saas-platform\M-S-SaaS-apex-deliver\frontend\node_modules\react-dom\cjs\react-dom.development.js:13986:23)
    at reconcileChildFibers (C:\Projects\ma-saas-platform\M-S-SaaS-apex-deliver\frontend\node_modules\react-dom\cjs\react-dom.development.js:14044:35)
    at reconcileChildren (C:\Projects\ma-saas-platform\M-S-SaaS-apex-deliver\frontend\node_modules\react-dom\cjs\react-dom.development.js:19186:28)
    at updateHostComponent (C:\Projects\ma-saas-platform\M-S-SaaS-apex-deliver\frontend\node_modules\react-dom\cjs\react-dom.development.js:19953:3)
    at beginWork (C:\Projects\ma-saas-platform\M-S-SaaS-apex-deliver\frontend\node_modules\react-dom\cjs\react-dom.development.js:21657:14)
    at HTMLUnknownElement.callCallback (C:\Projects\ma-saas-platform\M-S-SaaS-apex-deliver\frontend\node_modules\react-dom\cjs\react-dom.development.js:4164:14)
    at HTMLUnknownElement.callTheUserObjectsOperation (C:\Projects\ma-saas-platform\M-S-SaaS-apex-deliver\frontend\node_modules\jsdom\lib\jsdom\living\generated\EventListener.js:26:30)
    at innerInvokeEventListeners (C:\Projects\ma-saas-platform\M-S-SaaS-apex-deliver\frontend\node_modules\jsdom\lib\jsdom\living\events\EventTarget-impl.js:360:16)
The above error occurred in the <a> component:

    at a
    at LinkWithRef (file:///C:/Projects/ma-saas-platform/M-S-SaaS-apex-deliver/frontend/node_modules/react-router/dist/development/chunk-OIYGIGL5.mjs:9299:5)
    at div
    at div
    at div
    at div
    at section
    at EnhancedHeroSection (C:/Projects/ma-saas-platform/M-S-SaaS-apex-deliver/frontend/src/components/marketing/EnhancedHeroSection.tsx:13:71)
    at Router (file:///C:/Projects/ma-saas-platform/M-S-SaaS-apex-deliver/frontend/node_modules/react-router/dist/development/chunk-OIYGIGL5.mjs:6066:13)
    at BrowserRouter (file:///C:/Projects/ma-saas-platform/M-S-SaaS-apex-deliver/frontend/node_modules/react-router/dist/development/chunk-OIYGIGL5.mjs:9209:3)
    at RouterWrapper (C:/Projects/ma-saas-platform/M-S-SaaS-apex-deliver/frontend/src/components/marketing/EnhancedHeroSection.test.tsx:11:26)

Consider adding an error boundary to your tree to customize error handling behavior.
Visit https://reactjs.org/link/error-boundaries to learn more about error boundaries.
The above error occurred in the <a> component:

    at a
    at LinkWithRef (file:///C:/Projects/ma-saas-platform/M-S-SaaS-apex-deliver/frontend/node_modules/react-router/dist/development/chunk-OIYGIGL5.mjs:9299:5)
    at div
    at div
    at div
    at div
    at section
    at EnhancedHeroSection (C:/Projects/ma-saas-platform/M-S-SaaS-apex-deliver/frontend/src/components/marketing/EnhancedHeroSection.tsx:13:71)
    at Router (file:///C:/Projects/ma-saas-platform/M-S-SaaS-apex-deliver/frontend/node_modules/react-router/dist/development/chunk-OIYGIGL5.mjs:6066:13)
    at BrowserRouter (file:///C:/Projects/ma-saas-platform/M-S-SaaS-apex-deliver/frontend/node_modules/react-router/dist/development/chunk-OIYGIGL5.mjs:9209:3)
    at RouterWrapper (C:/Projects/ma-saas-platform/M-S-SaaS-apex-deliver/frontend/src/components/marketing/EnhancedHeroSection.test.tsx:11:26)

Consider adding an error boundary to your tree to customize error handling behavior.
Visit https://reactjs.org/link/error-boundaries to learn more about error boundaries.

 [31m❯[39m src/components/marketing/EnhancedHeroSection.test.tsx [2m([22m[2m20 tests[22m[2m | [22m[31m20 failed[39m[2m)[22m[33m 3177[2mms[22m[39m
[31m     [31m×[31m renders without crashing[39m[33m 529[2mms[22m[39m
[31m     [31m×[31m displays the main headline[39m[32m 242[2mms[22m[39m
[31m     [31m×[31m displays the subheadline with pricing[39m[33m 331[2mms[22m[39m
[31m     [31m×[31m displays trust badge with user count[39m[32m 247[2mms[22m[39m
[31m     [31m×[31m renders primary CTA button[39m[32m 255[2mms[22m[39m
[31m     [31m×[31m renders secondary CTA button[39m[33m 385[2mms[22m[39m
[31m     [31m×[31m displays trust indicators[39m[33m 318[2mms[22m[39m
[31m     [31m×[31m displays deal count of 847[39m[32m 72[2mms[22m[39m
[31m     [31m×[31m animates user count from 0 to 500[39m[32m 29[2mms[22m[39m
[31m     [31m×[31m displays dashboard preview stats[39m[32m 120[2mms[22m[39m
[31m     [31m×[31m displays deal pipeline stages[39m[32m 102[2mms[22m[39m
[31m     [31m×[31m displays feature highlights[39m[32m 102[2mms[22m[39m
[31m     [31m×[31m displays "Save £9,721/year" badge[39m[32m 27[2mms[22m[39m
[31m     [31m×[31m has proper gradient background[39m[32m 33[2mms[22m[39m
[31m     [31m×[31m includes scroll indicator[39m[32m 36[2mms[22m[39m
[31m     [31m×[31m applies visibility animation on mount[39m[32m 29[2mms[22m[39m
[31m     [31m×[31m renders floating orbs for visual effect[39m[32m 27[2mms[22m[39m
[31m     [31m×[31m displays deal value metrics[39m[32m 32[2mms[22m[39m
[31m     [31m×[31m has responsive grid layout[39m[32m 238[2mms[22m[39m
[31m     [31m×[31m includes animated background pattern[39m[32m 19[2mms[22m[39m
[90mstderr[2m | src/components/master-admin/activity/GoalCard.test.tsx[2m > [22m[2mGoalCard[2m > [22m[2mAccessibility[2m > [22m[2mshould have accessible number inputs with min value
[22m[39mWarning: React.jsx: type is invalid -- expected a string (for built-in components) or a class/function (for composite components) but got: undefined. You likely forgot to export your component from the file it's defined in, or you might have mixed up default and named imports.

Check the render method of `GoalCard`.
    at GoalCard (C:/Projects/ma-saas-platform/M-S-SaaS-apex-deliver/frontend/src/components/master-admin/activity/GoalCard.tsx:13:71)
    at QueryClientProvider (file:///C:/Projects/ma-saas-platform/M-S-SaaS-apex-deliver/frontend/node_modules/@tanstack/react-query/build/modern/QueryClientProvider.js:20:3)
Error: Element type is invalid: expected a string (for built-in components) or a class/function (for composite components) but got: undefined. You likely forgot to export your component from the file it's defined in, or you might have mixed up default and named imports.

Check the render method of `GoalCard`.
    at createFiberFromTypeAndProps (C:\Projects\ma-saas-platform\M-S-SaaS-apex-deliver\frontend\node_modules\react-dom\cjs\react-dom.development.js:28478:17)
    at createFiberFromElement (C:\Projects\ma-saas-platform\M-S-SaaS-apex-deliver\frontend\node_modules\react-dom\cjs\react-dom.development.js:28504:15)
    at createChild (C:\Projects\ma-saas-platform\M-S-SaaS-apex-deliver\frontend\node_modules\react-dom\cjs\react-dom.development.js:13345:28)
    at reconcileChildrenArray (C:\Projects\ma-saas-platform\M-S-SaaS-apex-deliver\frontend\node_modules\react-dom\cjs\react-dom.development.js:13640:25)
    at reconcileChildFibers (C:\Projects\ma-saas-platform\M-S-SaaS-apex-deliver\frontend\node_modules\react-dom\cjs\react-dom.development.js:14057:16)
    at reconcileChildren (C:\Projects\ma-saas-platform\M-S-SaaS-apex-deliver\frontend\node_modules\react-dom\cjs\react-dom.development.js:19186:28)
    at updateHostComponent (C:\Projects\ma-saas-platform\M-S-SaaS-apex-deliver\frontend\node_modules\react-dom\cjs\react-dom.development.js:19953:3)
    at beginWork (C:\Projects\ma-saas-platform\M-S-SaaS-apex-deliver\frontend\node_modules\react-dom\cjs\react-dom.development.js:21657:14)
    at HTMLUnknownElement.callCallback (C:\Projects\ma-saas-platform\M-S-SaaS-apex-deliver\frontend\node_modules\react-dom\cjs\react-dom.development.js:4164:14)
    at HTMLUnknownElement.callTheUserObjectsOperation (C:\Projects\ma-saas-platform\M-S-SaaS-apex-deliver\frontend\node_modules\jsdom\lib\jsdom\living\generated\EventListener.js:26:30)
Warning: React.jsx: type is invalid -- expected a string (for built-in components) or a class/function (for composite components) but got: undefined. You likely forgot to export your component from the file it's defined in, or you might have mixed up default and named imports.

Check the render method of `GoalCard`.
    at GoalCard (C:/Projects/ma-saas-platform/M-S-SaaS-apex-deliver/frontend/src/components/master-admin/activity/GoalCard.tsx:13:71)
    at QueryClientProvider (file:///C:/Projects/ma-saas-platform/M-S-SaaS-apex-deliver/frontend/node_modules/@tanstack/react-query/build/modern/QueryClientProvider.js:20:3)
Error: Element type is invalid: expected a string (for built-in components) or a class/function (for composite components) but got: undefined. You likely forgot to export your component from the file it's defined in, or you might have mixed up default and named imports.

Check the render method of `GoalCard`.
    at createFiberFromTypeAndProps (C:\Projects\ma-saas-platform\M-S-SaaS-apex-deliver\frontend\node_modules\react-dom\cjs\react-dom.development.js:28478:17)
    at createFiberFromElement (C:\Projects\ma-saas-platform\M-S-SaaS-apex-deliver\frontend\node_modules\react-dom\cjs\react-dom.development.js:28504:15)
    at createChild (C:\Projects\ma-saas-platform\M-S-SaaS-apex-deliver\frontend\node_modules\react-dom\cjs\react-dom.development.js:13345:28)
    at reconcileChildrenArray (C:\Projects\ma-saas-platform\M-S-SaaS-apex-deliver\frontend\node_modules\react-dom\cjs\react-dom.development.js:13640:25)
    at reconcileChildFibers (C:\Projects\ma-saas-platform\M-S-SaaS-apex-deliver\frontend\node_modules\react-dom\cjs\react-dom.development.js:14057:16)
    at reconcileChildren (C:\Projects\ma-saas-platform\M-S-SaaS-apex-deliver\frontend\node_modules\react-dom\cjs\react-dom.development.js:19186:28)
    at updateHostComponent (C:\Projects\ma-saas-platform\M-S-SaaS-apex-deliver\frontend\node_modules\react-dom\cjs\react-dom.development.js:19953:3)
    at beginWork (C:\Projects\ma-saas-platform\M-S-SaaS-apex-deliver\frontend\node_modules\react-dom\cjs\react-dom.development.js:21657:14)
    at HTMLUnknownElement.callCallback (C:\Projects\ma-saas-platform\M-S-SaaS-apex-deliver\frontend\node_modules\react-dom\cjs\react-dom.development.js:4164:14)
    at HTMLUnknownElement.callTheUserObjectsOperation (C:\Projects\ma-saas-platform\M-S-SaaS-apex-deliver\frontend\node_modules\jsdom\lib\jsdom\living\generated\EventListener.js:26:30)
The above error occurred in the <div> component:

    at div
    at div
    at GoalCard (C:/Projects/ma-saas-platform/M-S-SaaS-apex-deliver/frontend/src/components/master-admin/activity/GoalCard.tsx:13:71)
    at QueryClientProvider (file:///C:/Projects/ma-saas-platform/M-S-SaaS-apex-deliver/frontend/node_modules/@tanstack/react-query/build/modern/QueryClientProvider.js:20:3)

Consider adding an error boundary to your tree to customize error handling behavior.
Visit https://reactjs.org/link/error-boundaries to learn more about error boundaries.

 [31m❯[39m src/components/master-admin/activity/GoalCard.test.tsx [2m([22m[2m16 tests[22m[2m | [22m[31m12 failed[39m[2m)[22m[33m 4038[2mms[22m[39m
[31m       [31m×[31m should display loading skeleton when data is loading[39m[33m 580[2mms[22m[39m
[31m       [31m×[31m should show "no goals" message when no goal exists[39m[32m 79[2mms[22m[39m
[31m       [31m×[31m should display header with title and icon[39m[32m 158[2mms[22m[39m
[31m       [31m×[31m should show all goal categories with zero values[39m[32m 97[2mms[22m[39m
       [32m✓[39m should display goal values when goal exists[32m 167[2mms[22m[39m
       [33m[2m✓[22m[39m should show edit button when not editing [33m 1313[2mms[22m[39m
       [32m✓[39m should not show "no goals" message when goal exists[32m 131[2mms[22m[39m
[31m       [31m×[31m should enter edit mode when edit button is clicked[39m[33m 448[2mms[22m[39m
[31m       [31m×[31m should populate inputs with current goal values in edit mode[39m[32m 189[2mms[22m[39m
[31m       [31m×[31m should update input values when changed[39m[32m 127[2mms[22m[39m
[31m       [31m×[31m should exit edit mode when cancel is clicked[39m[33m 328[2mms[22m[39m
[31m       [31m×[31m should call updateGoal mutation when saving existing goal[39m[32m 184[2mms[22m[39m
[31m       [31m×[31m should show loading state on Save button while updating[39m[32m 134[2mms[22m[39m
[31m       [31m×[31m should call createGoal mutation when saving new goal[39m[32m 17[2mms[22m[39m
       [32m✓[39m should have proper aria-label on edit button[32m 40[2mms[22m[39m
[31m       [31m×[31m should have accessible number inputs with min value[39m[32m 15[2mms[22m[39m
[90mstdout[2m | src/components/marketing/StickyCTABar.test.tsx
[22m[39mStickyCTABar Button [90mundefined[39m

[90mstderr[2m | src/components/marketing/StickyCTABar.test.tsx[2m > [22m[2mStickyCTABar[2m > [22m[2mshould not render if dismissed in session
[22m[39mWarning: React.jsx: type is invalid -- expected a string (for built-in components) or a class/function (for composite components) but got: undefined. You likely forgot to export your component from the file it's defined in, or you might have mixed up default and named imports.

Check the render method of `StickyCTABar`.
    at StickyCTABar (C:/Projects/ma-saas-platform/M-S-SaaS-apex-deliver/frontend/src/components/marketing/StickyCTABar.tsx:14:71)
    at Router (file:///C:/Projects/ma-saas-platform/M-S-SaaS-apex-deliver/frontend/node_modules/react-router/dist/development/chunk-OIYGIGL5.mjs:6066:13)
    at BrowserRouter (file:///C:/Projects/ma-saas-platform/M-S-SaaS-apex-deliver/frontend/node_modules/react-router/dist/development/chunk-OIYGIGL5.mjs:9209:3)
Error: Element type is invalid: expected a string (for built-in components) or a class/function (for composite components) but got: undefined. You likely forgot to export your component from the file it's defined in, or you might have mixed up default and named imports.

Check the render method of `StickyCTABar`.
    at createFiberFromTypeAndProps (C:\Projects\ma-saas-platform\M-S-SaaS-apex-deliver\frontend\node_modules\react-dom\cjs\react-dom.development.js:28478:17)
    at createFiberFromElement (C:\Projects\ma-saas-platform\M-S-SaaS-apex-deliver\frontend\node_modules\react-dom\cjs\react-dom.development.js:28504:15)
    at reconcileSingleElement (C:\Projects\ma-saas-platform\M-S-SaaS-apex-deliver\frontend\node_modules\react-dom\cjs\react-dom.development.js:13986:23)
    at reconcileChildFibers (C:\Projects\ma-saas-platform\M-S-SaaS-apex-deliver\frontend\node_modules\react-dom\cjs\react-dom.development.js:14044:35)
    at reconcileChildren (C:\Projects\ma-saas-platform\M-S-SaaS-apex-deliver\frontend\node_modules\react-dom\cjs\react-dom.development.js:19186:28)
    at updateHostComponent (C:\Projects\ma-saas-platform\M-S-SaaS-apex-deliver\frontend\node_modules\react-dom\cjs\react-dom.development.js:19953:3)
    at beginWork (C:\Projects\ma-saas-platform\M-S-SaaS-apex-deliver\frontend\node_modules\react-dom\cjs\react-dom.development.js:21657:14)
    at HTMLUnknownElement.callCallback (C:\Projects\ma-saas-platform\M-S-SaaS-apex-deliver\frontend\node_modules\react-dom\cjs\react-dom.development.js:4164:14)
    at HTMLUnknownElement.callTheUserObjectsOperation (C:\Projects\ma-saas-platform\M-S-SaaS-apex-deliver\frontend\node_modules\jsdom\lib\jsdom\living\generated\EventListener.js:26:30)
    at innerInvokeEventListeners (C:\Projects\ma-saas-platform\M-S-SaaS-apex-deliver\frontend\node_modules\jsdom\lib\jsdom\living\events\EventTarget-impl.js:360:16)
Warning: React.jsx: type is invalid -- expected a string (for built-in components) or a class/function (for composite components) but got: undefined. You likely forgot to export your component from the file it's defined in, or you might have mixed up default and named imports.

Check the render method of `StickyCTABar`.
    at StickyCTABar (C:/Projects/ma-saas-platform/M-S-SaaS-apex-deliver/frontend/src/components/marketing/StickyCTABar.tsx:14:71)
    at Router (file:///C:/Projects/ma-saas-platform/M-S-SaaS-apex-deliver/frontend/node_modules/react-router/dist/development/chunk-OIYGIGL5.mjs:6066:13)
    at BrowserRouter (file:///C:/Projects/ma-saas-platform/M-S-SaaS-apex-deliver/frontend/node_modules/react-router/dist/development/chunk-OIYGIGL5.mjs:9209:3)
Error: Element type is invalid: expected a string (for built-in components) or a class/function (for composite components) but got: undefined. You likely forgot to export your component from the file it's defined in, or you might have mixed up default and named imports.

Check the render method of `StickyCTABar`.
    at createFiberFromTypeAndProps (C:\Projects\ma-saas-platform\M-S-SaaS-apex-deliver\frontend\node_modules\react-dom\cjs\react-dom.development.js:28478:17)
    at createFiberFromElement (C:\Projects\ma-saas-platform\M-S-SaaS-apex-deliver\frontend\node_modules\react-dom\cjs\react-dom.development.js:28504:15)
    at reconcileSingleElement (C:\Projects\ma-saas-platform\M-S-SaaS-apex-deliver\frontend\node_modules\react-dom\cjs\react-dom.development.js:13986:23)
    at reconcileChildFibers (C:\Projects\ma-saas-platform\M-S-SaaS-apex-deliver\frontend\node_modules\react-dom\cjs\react-dom.development.js:14044:35)
    at reconcileChildren (C:\Projects\ma-saas-platform\M-S-SaaS-apex-deliver\frontend\node_modules\react-dom\cjs\react-dom.development.js:19186:28)
    at updateHostComponent (C:\Projects\ma-saas-platform\M-S-SaaS-apex-deliver\frontend\node_modules\react-dom\cjs\react-dom.development.js:19953:3)
    at beginWork (C:\Projects\ma-saas-platform\M-S-SaaS-apex-deliver\frontend\node_modules\react-dom\cjs\react-dom.development.js:21657:14)
    at HTMLUnknownElement.callCallback (C:\Projects\ma-saas-platform\M-S-SaaS-apex-deliver\frontend\node_modules\react-dom\cjs\react-dom.development.js:4164:14)
    at HTMLUnknownElement.callTheUserObjectsOperation (C:\Projects\ma-saas-platform\M-S-SaaS-apex-deliver\frontend\node_modules\jsdom\lib\jsdom\living\generated\EventListener.js:26:30)
    at innerInvokeEventListeners (C:\Projects\ma-saas-platform\M-S-SaaS-apex-deliver\frontend\node_modules\jsdom\lib\jsdom\living\events\EventTarget-impl.js:360:16)
The above error occurred in the <a> component:

    at a
    at LinkWithRef (file:///C:/Projects/ma-saas-platform/M-S-SaaS-apex-deliver/frontend/node_modules/react-router/dist/development/chunk-OIYGIGL5.mjs:9299:5)
    at div
    at div
    at div
    at div
    at div
    at StickyCTABar (C:/Projects/ma-saas-platform/M-S-SaaS-apex-deliver/frontend/src/components/marketing/StickyCTABar.tsx:14:71)
    at Router (file:///C:/Projects/ma-saas-platform/M-S-SaaS-apex-deliver/frontend/node_modules/react-router/dist/development/chunk-OIYGIGL5.mjs:6066:13)
    at BrowserRouter (file:///C:/Projects/ma-saas-platform/M-S-SaaS-apex-deliver/frontend/node_modules/react-router/dist/development/chunk-OIYGIGL5.mjs:9209:3)

Consider adding an error boundary to your tree to customize error handling behavior.
Visit https://reactjs.org/link/error-boundaries to learn more about error boundaries.

[90mstderr[2m | src/components/marketing/StickyCTABar.test.tsx[2m > [22m[2mStickyCTABar[2m > [22m[2mshould be hidden initially (before scrolling)
[22m[39mWarning: React.jsx: type is invalid -- expected a string (for built-in components) or a class/function (for composite components) but got: undefined. You likely forgot to export your component from the file it's defined in, or you might have mixed up default and named imports.

Check the render method of `StickyCTABar`.
    at StickyCTABar (C:/Projects/ma-saas-platform/M-S-SaaS-apex-deliver/frontend/src/components/marketing/StickyCTABar.tsx:14:71)
    at Router (file:///C:/Projects/ma-saas-platform/M-S-SaaS-apex-deliver/frontend/node_modules/react-router/dist/development/chunk-OIYGIGL5.mjs:6066:13)
    at BrowserRouter (file:///C:/Projects/ma-saas-platform/M-S-SaaS-apex-deliver/frontend/node_modules/react-router/dist/development/chunk-OIYGIGL5.mjs:9209:3)
Error: Element type is invalid: expected a string (for built-in components) or a class/function (for composite components) but got: undefined. You likely forgot to export your component from the file it's defined in, or you might have mixed up default and named imports.

Check the render method of `StickyCTABar`.
    at createFiberFromTypeAndProps (C:\Projects\ma-saas-platform\M-S-SaaS-apex-deliver\frontend\node_modules\react-dom\cjs\react-dom.development.js:28478:17)
    at createFiberFromElement (C:\Projects\ma-saas-platform\M-S-SaaS-apex-deliver\frontend\node_modules\react-dom\cjs\react-dom.development.js:28504:15)
    at reconcileSingleElement (C:\Projects\ma-saas-platform\M-S-SaaS-apex-deliver\frontend\node_modules\react-dom\cjs\react-dom.development.js:13986:23)
    at reconcileChildFibers (C:\Projects\ma-saas-platform\M-S-SaaS-apex-deliver\frontend\node_modules\react-dom\cjs\react-dom.development.js:14044:35)
    at reconcileChildren (C:\Projects\ma-saas-platform\M-S-SaaS-apex-deliver\frontend\node_modules\react-dom\cjs\react-dom.development.js:19186:28)
    at updateHostComponent (C:\Projects\ma-saas-platform\M-S-SaaS-apex-deliver\frontend\node_modules\react-dom\cjs\react-dom.development.js:19953:3)
    at beginWork (C:\Projects\ma-saas-platform\M-S-SaaS-apex-deliver\frontend\node_modules\react-dom\cjs\react-dom.development.js:21657:14)
    at HTMLUnknownElement.callCallback (C:\Projects\ma-saas-platform\M-S-SaaS-apex-deliver\frontend\node_modules\react-dom\cjs\react-dom.development.js:4164:14)
    at HTMLUnknownElement.callTheUserObjectsOperation (C:\Projects\ma-saas-platform\M-S-SaaS-apex-deliver\frontend\node_modules\jsdom\lib\jsdom\living\generated\EventListener.js:26:30)
    at innerInvokeEventListeners (C:\Projects\ma-saas-platform\M-S-SaaS-apex-deliver\frontend\node_modules\jsdom\lib\jsdom\living\events\EventTarget-impl.js:360:16)
Warning: React.jsx: type is invalid -- expected a string (for built-in components) or a class/function (for composite components) but got: undefined. You likely forgot to export your component from the file it's defined in, or you might have mixed up default and named imports.

Check the render method of `StickyCTABar`.
    at StickyCTABar (C:/Projects/ma-saas-platform/M-S-SaaS-apex-deliver/frontend/src/components/marketing/StickyCTABar.tsx:14:71)
    at Router (file:///C:/Projects/ma-saas-platform/M-S-SaaS-apex-deliver/frontend/node_modules/react-router/dist/development/chunk-OIYGIGL5.mjs:6066:13)
    at BrowserRouter (file:///C:/Projects/ma-saas-platform/M-S-SaaS-apex-deliver/frontend/node_modules/react-router/dist/development/chunk-OIYGIGL5.mjs:9209:3)
Error: Element type is invalid: expected a string (for built-in components) or a class/function (for composite components) but got: undefined. You likely forgot to export your component from the file it's defined in, or you might have mixed up default and named imports.

Check the render method of `StickyCTABar`.
    at createFiberFromTypeAndProps (C:\Projects\ma-saas-platform\M-S-SaaS-apex-deliver\frontend\node_modules\react-dom\cjs\react-dom.development.js:28478:17)
    at createFiberFromElement (C:\Projects\ma-saas-platform\M-S-SaaS-apex-deliver\frontend\node_modules\react-dom\cjs\react-dom.development.js:28504:15)
    at reconcileSingleElement (C:\Projects\ma-saas-platform\M-S-SaaS-apex-deliver\frontend\node_modules\react-dom\cjs\react-dom.development.js:13986:23)
    at reconcileChildFibers (C:\Projects\ma-saas-platform\M-S-SaaS-apex-deliver\frontend\node_modules\react-dom\cjs\react-dom.development.js:14044:35)
    at reconcileChildren (C:\Projects\ma-saas-platform\M-S-SaaS-apex-deliver\frontend\node_modules\react-dom\cjs\react-dom.development.js:19186:28)
    at updateHostComponent (C:\Projects\ma-saas-platform\M-S-SaaS-apex-deliver\frontend\node_modules\react-dom\cjs\react-dom.development.js:19953:3)
    at beginWork (C:\Projects\ma-saas-platform\M-S-SaaS-apex-deliver\frontend\node_modules\react-dom\cjs\react-dom.development.js:21657:14)
    at HTMLUnknownElement.callCallback (C:\Projects\ma-saas-platform\M-S-SaaS-apex-deliver\frontend\node_modules\react-dom\cjs\react-dom.development.js:4164:14)
    at HTMLUnknownElement.callTheUserObjectsOperation (C:\Projects\ma-saas-platform\M-S-SaaS-apex-deliver\frontend\node_modules\jsdom\lib\jsdom\living\generated\EventListener.js:26:30)
    at innerInvokeEventListeners (C:\Projects\ma-saas-platform\M-S-SaaS-apex-deliver\frontend\node_modules\jsdom\lib\jsdom\living\events\EventTarget-impl.js:360:16)
The above error occurred in the <a> component:

    at a
    at LinkWithRef (file:///C:/Projects/ma-saas-platform/M-S-SaaS-apex-deliver/frontend/node_modules/react-router/dist/development/chunk-OIYGIGL5.mjs:9299:5)
    at div
    at div
    at div
    at div
    at div
    at StickyCTABar (C:/Projects/ma-saas-platform/M-S-SaaS-apex-deliver/frontend/src/components/marketing/StickyCTABar.tsx:14:71)
    at Router (file:///C:/Projects/ma-saas-platform/M-S-SaaS-apex-deliver/frontend/node_modules/react-router/dist/development/chunk-OIYGIGL5.mjs:6066:13)
    at BrowserRouter (file:///C:/Projects/ma-saas-platform/M-S-SaaS-apex-deliver/frontend/node_modules/react-router/dist/development/chunk-OIYGIGL5.mjs:9209:3)

Consider adding an error boundary to your tree to customize error handling behavior.
Visit https://reactjs.org/link/error-boundaries to learn more about error boundaries.

[90mstderr[2m | src/components/marketing/StickyCTABar.test.tsx[2m > [22m[2mStickyCTABar[2m > [22m[2mshould show after scrolling past 80%
[22m[39mWarning: React.jsx: type is invalid -- expected a string (for built-in components) or a class/function (for composite components) but got: undefined. You likely forgot to export your component from the file it's defined in, or you might have mixed up default and named imports.

Check the render method of `StickyCTABar`.
    at StickyCTABar (C:/Projects/ma-saas-platform/M-S-SaaS-apex-deliver/frontend/src/components/marketing/StickyCTABar.tsx:14:71)
    at Router (file:///C:/Projects/ma-saas-platform/M-S-SaaS-apex-deliver/frontend/node_modules/react-router/dist/development/chunk-OIYGIGL5.mjs:6066:13)
    at BrowserRouter (file:///C:/Projects/ma-saas-platform/M-S-SaaS-apex-deliver/frontend/node_modules/react-router/dist/development/chunk-OIYGIGL5.mjs:9209:3)
Error: Element type is invalid: expected a string (for built-in components) or a class/function (for composite components) but got: undefined. You likely forgot to export your component from the file it's defined in, or you might have mixed up default and named imports.

Check the render method of `StickyCTABar`.
    at createFiberFromTypeAndProps (C:\Projects\ma-saas-platform\M-S-SaaS-apex-deliver\frontend\node_modules\react-dom\cjs\react-dom.development.js:28478:17)
    at createFiberFromElement (C:\Projects\ma-saas-platform\M-S-SaaS-apex-deliver\frontend\node_modules\react-dom\cjs\react-dom.development.js:28504:15)
    at reconcileSingleElement (C:\Projects\ma-saas-platform\M-S-SaaS-apex-deliver\frontend\node_modules\react-dom\cjs\react-dom.development.js:13986:23)
    at reconcileChildFibers (C:\Projects\ma-saas-platform\M-S-SaaS-apex-deliver\frontend\node_modules\react-dom\cjs\react-dom.development.js:14044:35)
    at reconcileChildren (C:\Projects\ma-saas-platform\M-S-SaaS-apex-deliver\frontend\node_modules\react-dom\cjs\react-dom.development.js:19186:28)
    at updateHostComponent (C:\Projects\ma-saas-platform\M-S-SaaS-apex-deliver\frontend\node_modules\react-dom\cjs\react-dom.development.js:19953:3)
    at beginWork (C:\Projects\ma-saas-platform\M-S-SaaS-apex-deliver\frontend\node_modules\react-dom\cjs\react-dom.development.js:21657:14)
    at HTMLUnknownElement.callCallback (C:\Projects\ma-saas-platform\M-S-SaaS-apex-deliver\frontend\node_modules\react-dom\cjs\react-dom.development.js:4164:14)
    at HTMLUnknownElement.callTheUserObjectsOperation (C:\Projects\ma-saas-platform\M-S-SaaS-apex-deliver\frontend\node_modules\jsdom\lib\jsdom\living\generated\EventListener.js:26:30)
    at innerInvokeEventListeners (C:\Projects\ma-saas-platform\M-S-SaaS-apex-deliver\frontend\node_modules\jsdom\lib\jsdom\living\events\EventTarget-impl.js:360:16)
Warning: React.jsx: type is invalid -- expected a string (for built-in components) or a class/function (for composite components) but got: undefined. You likely forgot to export your component from the file it's defined in, or you might have mixed up default and named imports.

Check the render method of `StickyCTABar`.
    at StickyCTABar (C:/Projects/ma-saas-platform/M-S-SaaS-apex-deliver/frontend/src/components/marketing/StickyCTABar.tsx:14:71)
    at Router (file:///C:/Projects/ma-saas-platform/M-S-SaaS-apex-deliver/frontend/node_modules/react-router/dist/development/chunk-OIYGIGL5.mjs:6066:13)
    at BrowserRouter (file:///C:/Projects/ma-saas-platform/M-S-SaaS-apex-deliver/frontend/node_modules/react-router/dist/development/chunk-OIYGIGL5.mjs:9209:3)
Error: Element type is invalid: expected a string (for built-in components) or a class/function (for composite components) but got: undefined. You likely forgot to export your component from the file it's defined in, or you might have mixed up default and named imports.

Check the render method of `StickyCTABar`.
    at createFiberFromTypeAndProps (C:\Projects\ma-saas-platform\M-S-SaaS-apex-deliver\frontend\node_modules\react-dom\cjs\react-dom.development.js:28478:17)
    at createFiberFromElement (C:\Projects\ma-saas-platform\M-S-SaaS-apex-deliver\frontend\node_modules\react-dom\cjs\react-dom.development.js:28504:15)
    at reconcileSingleElement (C:\Projects\ma-saas-platform\M-S-SaaS-apex-deliver\frontend\node_modules\react-dom\cjs\react-dom.development.js:13986:23)
    at reconcileChildFibers (C:\Projects\ma-saas-platform\M-S-SaaS-apex-deliver\frontend\node_modules\react-dom\cjs\react-dom.development.js:14044:35)
    at reconcileChildren (C:\Projects\ma-saas-platform\M-S-SaaS-apex-deliver\frontend\node_modules\react-dom\cjs\react-dom.development.js:19186:28)
    at updateHostComponent (C:\Projects\ma-saas-platform\M-S-SaaS-apex-deliver\frontend\node_modules\react-dom\cjs\react-dom.development.js:19953:3)
    at beginWork (C:\Projects\ma-saas-platform\M-S-SaaS-apex-deliver\frontend\node_modules\react-dom\cjs\react-dom.development.js:21657:14)
    at HTMLUnknownElement.callCallback (C:\Projects\ma-saas-platform\M-S-SaaS-apex-deliver\frontend\node_modules\react-dom\cjs\react-dom.development.js:4164:14)
    at HTMLUnknownElement.callTheUserObjectsOperation (C:\Projects\ma-saas-platform\M-S-SaaS-apex-deliver\frontend\node_modules\jsdom\lib\jsdom\living\generated\EventListener.js:26:30)
    at innerInvokeEventListeners (C:\Projects\ma-saas-platform\M-S-SaaS-apex-deliver\frontend\node_modules\jsdom\lib\jsdom\living\events\EventTarget-impl.js:360:16)
The above error occurred in the <a> component:

    at a
    at LinkWithRef (file:///C:/Projects/ma-saas-platform/M-S-SaaS-apex-deliver/frontend/node_modules/react-router/dist/development/chunk-OIYGIGL5.mjs:9299:5)
    at div
    at div
    at div
    at div
    at div
    at StickyCTABar (C:/Projects/ma-saas-platform/M-S-SaaS-apex-deliver/frontend/src/components/marketing/StickyCTABar.tsx:14:71)
    at Router (file:///C:/Projects/ma-saas-platform/M-S-SaaS-apex-deliver/frontend/node_modules/react-router/dist/development/chunk-OIYGIGL5.mjs:6066:13)
    at BrowserRouter (file:///C:/Projects/ma-saas-platform/M-S-SaaS-apex-deliver/frontend/node_modules/react-router/dist/development/chunk-OIYGIGL5.mjs:9209:3)

Consider adding an error boundary to your tree to customize error handling behavior.
Visit https://reactjs.org/link/error-boundaries to learn more about error boundaries.

[90mstderr[2m | src/components/marketing/StickyCTABar.test.tsx[2m > [22m[2mStickyCTABar[2m > [22m[2mshould hide when scrolling back to top
[22m[39mWarning: React.jsx: type is invalid -- expected a string (for built-in components) or a class/function (for composite components) but got: undefined. You likely forgot to export your component from the file it's defined in, or you might have mixed up default and named imports.

Check the render method of `StickyCTABar`.
    at StickyCTABar (C:/Projects/ma-saas-platform/M-S-SaaS-apex-deliver/frontend/src/components/marketing/StickyCTABar.tsx:14:71)
    at Router (file:///C:/Projects/ma-saas-platform/M-S-SaaS-apex-deliver/frontend/node_modules/react-router/dist/development/chunk-OIYGIGL5.mjs:6066:13)
    at BrowserRouter (file:///C:/Projects/ma-saas-platform/M-S-SaaS-apex-deliver/frontend/node_modules/react-router/dist/development/chunk-OIYGIGL5.mjs:9209:3)
Error: Element type is invalid: expected a string (for built-in components) or a class/function (for composite components) but got: undefined. You likely forgot to export your component from the file it's defined in, or you might have mixed up default and named imports.

Check the render method of `StickyCTABar`.
    at createFiberFromTypeAndProps (C:\Projects\ma-saas-platform\M-S-SaaS-apex-deliver\frontend\node_modules\react-dom\cjs\react-dom.development.js:28478:17)
    at createFiberFromElement (C:\Projects\ma-saas-platform\M-S-SaaS-apex-deliver\frontend\node_modules\react-dom\cjs\react-dom.development.js:28504:15)
    at reconcileSingleElement (C:\Projects\ma-saas-platform\M-S-SaaS-apex-deliver\frontend\node_modules\react-dom\cjs\react-dom.development.js:13986:23)
    at reconcileChildFibers (C:\Projects\ma-saas-platform\M-S-SaaS-apex-deliver\frontend\node_modules\react-dom\cjs\react-dom.development.js:14044:35)
    at reconcileChildren (C:\Projects\ma-saas-platform\M-S-SaaS-apex-deliver\frontend\node_modules\react-dom\cjs\react-dom.development.js:19186:28)
    at updateHostComponent (C:\Projects\ma-saas-platform\M-S-SaaS-apex-deliver\frontend\node_modules\react-dom\cjs\react-dom.development.js:19953:3)
    at beginWork (C:\Projects\ma-saas-platform\M-S-SaaS-apex-deliver\frontend\node_modules\react-dom\cjs\react-dom.development.js:21657:14)
    at HTMLUnknownElement.callCallback (C:\Projects\ma-saas-platform\M-S-SaaS-apex-deliver\frontend\node_modules\react-dom\cjs\react-dom.development.js:4164:14)
    at HTMLUnknownElement.callTheUserObjectsOperation (C:\Projects\ma-saas-platform\M-S-SaaS-apex-deliver\frontend\node_modules\jsdom\lib\jsdom\living\generated\EventListener.js:26:30)
    at innerInvokeEventListeners (C:\Projects\ma-saas-platform\M-S-SaaS-apex-deliver\frontend\node_modules\jsdom\lib\jsdom\living\events\EventTarget-impl.js:360:16)
Warning: React.jsx: type is invalid -- expected a string (for built-in components) or a class/function (for composite components) but got: undefined. You likely forgot to export your component from the file it's defined in, or you might have mixed up default and named imports.

Check the render method of `StickyCTABar`.
    at StickyCTABar (C:/Projects/ma-saas-platform/M-S-SaaS-apex-deliver/frontend/src/components/marketing/StickyCTABar.tsx:14:71)
    at Router (file:///C:/Projects/ma-saas-platform/M-S-SaaS-apex-deliver/frontend/node_modules/react-router/dist/development/chunk-OIYGIGL5.mjs:6066:13)
    at BrowserRouter (file:///C:/Projects/ma-saas-platform/M-S-SaaS-apex-deliver/frontend/node_modules/react-router/dist/development/chunk-OIYGIGL5.mjs:9209:3)
Error: Element type is invalid: expected a string (for built-in components) or a class/function (for composite components) but got: undefined. You likely forgot to export your component from the file it's defined in, or you might have mixed up default and named imports.

Check the render method of `StickyCTABar`.
    at createFiberFromTypeAndProps (C:\Projects\ma-saas-platform\M-S-SaaS-apex-deliver\frontend\node_modules\react-dom\cjs\react-dom.development.js:28478:17)
    at createFiberFromElement (C:\Projects\ma-saas-platform\M-S-SaaS-apex-deliver\frontend\node_modules\react-dom\cjs\react-dom.development.js:28504:15)
    at reconcileSingleElement (C:\Projects\ma-saas-platform\M-S-SaaS-apex-deliver\frontend\node_modules\react-dom\cjs\react-dom.development.js:13986:23)
    at reconcileChildFibers (C:\Projects\ma-saas-platform\M-S-SaaS-apex-deliver\frontend\node_modules\react-dom\cjs\react-dom.development.js:14044:35)
    at reconcileChildren (C:\Projects\ma-saas-platform\M-S-SaaS-apex-deliver\frontend\node_modules\react-dom\cjs\react-dom.development.js:19186:28)
    at updateHostComponent (C:\Projects\ma-saas-platform\M-S-SaaS-apex-deliver\frontend\node_modules\react-dom\cjs\react-dom.development.js:19953:3)
    at beginWork (C:\Projects\ma-saas-platform\M-S-SaaS-apex-deliver\frontend\node_modules\react-dom\cjs\react-dom.development.js:21657:14)
    at HTMLUnknownElement.callCallback (C:\Projects\ma-saas-platform\M-S-SaaS-apex-deliver\frontend\node_modules\react-dom\cjs\react-dom.development.js:4164:14)
    at HTMLUnknownElement.callTheUserObjectsOperation (C:\Projects\ma-saas-platform\M-S-SaaS-apex-deliver\frontend\node_modules\jsdom\lib\jsdom\living\generated\EventListener.js:26:30)
    at innerInvokeEventListeners (C:\Projects\ma-saas-platform\M-S-SaaS-apex-deliver\frontend\node_modules\jsdom\lib\jsdom\living\events\EventTarget-impl.js:360:16)
The above error occurred in the <a> component:

    at a
    at LinkWithRef (file:///C:/Projects/ma-saas-platform/M-S-SaaS-apex-deliver/frontend/node_modules/react-router/dist/development/chunk-OIYGIGL5.mjs:9299:5)
    at div
    at div
    at div
    at div
    at div
    at StickyCTABar (C:/Projects/ma-saas-platform/M-S-SaaS-apex-deliver/frontend/src/components/marketing/StickyCTABar.tsx:14:71)
    at Router (file:///C:/Projects/ma-saas-platform/M-S-SaaS-apex-deliver/frontend/node_modules/react-router/dist/development/chunk-OIYGIGL5.mjs:6066:13)
    at BrowserRouter (file:///C:/Projects/ma-saas-platform/M-S-SaaS-apex-deliver/frontend/node_modules/react-router/dist/development/chunk-OIYGIGL5.mjs:9209:3)

Consider adding an error boundary to your tree to customize error handling behavior.
Visit https://reactjs.org/link/error-boundaries to learn more about error boundaries.

[90mstderr[2m | src/components/marketing/StickyCTABar.test.tsx[2m > [22m[2mStickyCTABar[2m > [22m[2mshould render all required elements
[22m[39mWarning: React.jsx: type is invalid -- expected a string (for built-in components) or a class/function (for composite components) but got: undefined. You likely forgot to export your component from the file it's defined in, or you might have mixed up default and named imports.

Check the render method of `StickyCTABar`.
    at StickyCTABar (C:/Projects/ma-saas-platform/M-S-SaaS-apex-deliver/frontend/src/components/marketing/StickyCTABar.tsx:14:71)
    at Router (file:///C:/Projects/ma-saas-platform/M-S-SaaS-apex-deliver/frontend/node_modules/react-router/dist/development/chunk-OIYGIGL5.mjs:6066:13)
    at BrowserRouter (file:///C:/Projects/ma-saas-platform/M-S-SaaS-apex-deliver/frontend/node_modules/react-router/dist/development/chunk-OIYGIGL5.mjs:9209:3)
Error: Element type is invalid: expected a string (for built-in components) or a class/function (for composite components) but got: undefined. You likely forgot to export your component from the file it's defined in, or you might have mixed up default and named imports.

Check the render method of `StickyCTABar`.
    at createFiberFromTypeAndProps (C:\Projects\ma-saas-platform\M-S-SaaS-apex-deliver\frontend\node_modules\react-dom\cjs\react-dom.development.js:28478:17)
    at createFiberFromElement (C:\Projects\ma-saas-platform\M-S-SaaS-apex-deliver\frontend\node_modules\react-dom\cjs\react-dom.development.js:28504:15)
    at reconcileSingleElement (C:\Projects\ma-saas-platform\M-S-SaaS-apex-deliver\frontend\node_modules\react-dom\cjs\react-dom.development.js:13986:23)
    at reconcileChildFibers (C:\Projects\ma-saas-platform\M-S-SaaS-apex-deliver\frontend\node_modules\react-dom\cjs\react-dom.development.js:14044:35)
    at reconcileChildren (C:\Projects\ma-saas-platform\M-S-SaaS-apex-deliver\frontend\node_modules\react-dom\cjs\react-dom.development.js:19186:28)
    at updateHostComponent (C:\Projects\ma-saas-platform\M-S-SaaS-apex-deliver\frontend\node_modules\react-dom\cjs\react-dom.development.js:19953:3)
    at beginWork (C:\Projects\ma-saas-platform\M-S-SaaS-apex-deliver\frontend\node_modules\react-dom\cjs\react-dom.development.js:21657:14)
    at HTMLUnknownElement.callCallback (C:\Projects\ma-saas-platform\M-S-SaaS-apex-deliver\frontend\node_modules\react-dom\cjs\react-dom.development.js:4164:14)
    at HTMLUnknownElement.callTheUserObjectsOperation (C:\Projects\ma-saas-platform\M-S-SaaS-apex-deliver\frontend\node_modules\jsdom\lib\jsdom\living\generated\EventListener.js:26:30)
    at innerInvokeEventListeners (C:\Projects\ma-saas-platform\M-S-SaaS-apex-deliver\frontend\node_modules\jsdom\lib\jsdom\living\events\EventTarget-impl.js:360:16)
Warning: React.jsx: type is invalid -- expected a string (for built-in components) or a class/function (for composite components) but got: undefined. You likely forgot to export your component from the file it's defined in, or you might have mixed up default and named imports.

Check the render method of `StickyCTABar`.
    at StickyCTABar (C:/Projects/ma-saas-platform/M-S-SaaS-apex-deliver/frontend/src/components/marketing/StickyCTABar.tsx:14:71)
    at Router (file:///C:/Projects/ma-saas-platform/M-S-SaaS-apex-deliver/frontend/node_modules/react-router/dist/development/chunk-OIYGIGL5.mjs:6066:13)
    at BrowserRouter (file:///C:/Projects/ma-saas-platform/M-S-SaaS-apex-deliver/frontend/node_modules/react-router/dist/development/chunk-OIYGIGL5.mjs:9209:3)
Error: Element type is invalid: expected a string (for built-in components) or a class/function (for composite components) but got: undefined. You likely forgot to export your component from the file it's defined in, or you might have mixed up default and named imports.

Check the render method of `StickyCTABar`.
    at createFiberFromTypeAndProps (C:\Projects\ma-saas-platform\M-S-SaaS-apex-deliver\frontend\node_modules\react-dom\cjs\react-dom.development.js:28478:17)
    at createFiberFromElement (C:\Projects\ma-saas-platform\M-S-SaaS-apex-deliver\frontend\node_modules\react-dom\cjs\react-dom.development.js:28504:15)
    at reconcileSingleElement (C:\Projects\ma-saas-platform\M-S-SaaS-apex-deliver\frontend\node_modules\react-dom\cjs\react-dom.development.js:13986:23)
    at reconcileChildFibers (C:\Projects\ma-saas-platform\M-S-SaaS-apex-deliver\frontend\node_modules\react-dom\cjs\react-dom.development.js:14044:35)
    at reconcileChildren (C:\Projects\ma-saas-platform\M-S-SaaS-apex-deliver\frontend\node_modules\react-dom\cjs\react-dom.development.js:19186:28)
    at updateHostComponent (C:\Projects\ma-saas-platform\M-S-SaaS-apex-deliver\frontend\node_modules\react-dom\cjs\react-dom.development.js:19953:3)
    at beginWork (C:\Projects\ma-saas-platform\M-S-SaaS-apex-deliver\frontend\node_modules\react-dom\cjs\react-dom.development.js:21657:14)
    at HTMLUnknownElement.callCallback (C:\Projects\ma-saas-platform\M-S-SaaS-apex-deliver\frontend\node_modules\react-dom\cjs\react-dom.development.js:4164:14)
    at HTMLUnknownElement.callTheUserObjectsOperation (C:\Projects\ma-saas-platform\M-S-SaaS-apex-deliver\frontend\node_modules\jsdom\lib\jsdom\living\generated\EventListener.js:26:30)
    at innerInvokeEventListeners (C:\Projects\ma-saas-platform\M-S-SaaS-apex-deliver\frontend\node_modules\jsdom\lib\jsdom\living\events\EventTarget-impl.js:360:16)
The above error occurred in the <a> component:

    at a
    at LinkWithRef (file:///C:/Projects/ma-saas-platform/M-S-SaaS-apex-deliver/frontend/node_modules/react-router/dist/development/chunk-OIYGIGL5.mjs:9299:5)
    at div
    at div
    at div
    at div
    at div
    at StickyCTABar (C:/Projects/ma-saas-platform/M-S-SaaS-apex-deliver/frontend/src/components/marketing/StickyCTABar.tsx:14:71)
    at Router (file:///C:/Projects/ma-saas-platform/M-S-SaaS-apex-deliver/frontend/node_modules/react-router/dist/development/chunk-OIYGIGL5.mjs:6066:13)
    at BrowserRouter (file:///C:/Projects/ma-saas-platform/M-S-SaaS-apex-deliver/frontend/node_modules/react-router/dist/development/chunk-OIYGIGL5.mjs:9209:3)

Consider adding an error boundary to your tree to customize error handling behavior.
Visit https://reactjs.org/link/error-boundaries to learn more about error boundaries.

[90mstderr[2m | src/components/marketing/StickyCTABar.test.tsx[2m > [22m[2mStickyCTABar[2m > [22m[2mshould have Get Started button linking to /sign-up
[22m[39mWarning: React.jsx: type is invalid -- expected a string (for built-in components) or a class/function (for composite components) but got: undefined. You likely forgot to export your component from the file it's defined in, or you might have mixed up default and named imports.

Check the render method of `StickyCTABar`.
    at StickyCTABar (C:/Projects/ma-saas-platform/M-S-SaaS-apex-deliver/frontend/src/components/marketing/StickyCTABar.tsx:14:71)
    at Router (file:///C:/Projects/ma-saas-platform/M-S-SaaS-apex-deliver/frontend/node_modules/react-router/dist/development/chunk-OIYGIGL5.mjs:6066:13)
    at BrowserRouter (file:///C:/Projects/ma-saas-platform/M-S-SaaS-apex-deliver/frontend/node_modules/react-router/dist/development/chunk-OIYGIGL5.mjs:9209:3)
Error: Element type is invalid: expected a string (for built-in components) or a class/function (for composite components) but got: undefined. You likely forgot to export your component from the file it's defined in, or you might have mixed up default and named imports.

Check the render method of `StickyCTABar`.
    at createFiberFromTypeAndProps (C:\Projects\ma-saas-platform\M-S-SaaS-apex-deliver\frontend\node_modules\react-dom\cjs\react-dom.development.js:28478:17)
    at createFiberFromElement (C:\Projects\ma-saas-platform\M-S-SaaS-apex-deliver\frontend\node_modules\react-dom\cjs\react-dom.development.js:28504:15)
    at reconcileSingleElement (C:\Projects\ma-saas-platform\M-S-SaaS-apex-deliver\frontend\node_modules\react-dom\cjs\react-dom.development.js:13986:23)
    at reconcileChildFibers (C:\Projects\ma-saas-platform\M-S-SaaS-apex-deliver\frontend\node_modules\react-dom\cjs\react-dom.development.js:14044:35)
    at reconcileChildren (C:\Projects\ma-saas-platform\M-S-SaaS-apex-deliver\frontend\node_modules\react-dom\cjs\react-dom.development.js:19186:28)
    at updateHostComponent (C:\Projects\ma-saas-platform\M-S-SaaS-apex-deliver\frontend\node_modules\react-dom\cjs\react-dom.development.js:19953:3)
    at beginWork (C:\Projects\ma-saas-platform\M-S-SaaS-apex-deliver\frontend\node_modules\react-dom\cjs\react-dom.development.js:21657:14)
    at HTMLUnknownElement.callCallback (C:\Projects\ma-saas-platform\M-S-SaaS-apex-deliver\frontend\node_modules\react-dom\cjs\react-dom.development.js:4164:14)
    at HTMLUnknownElement.callTheUserObjectsOperation (C:\Projects\ma-saas-platform\M-S-SaaS-apex-deliver\frontend\node_modules\jsdom\lib\jsdom\living\generated\EventListener.js:26:30)
    at innerInvokeEventListeners (C:\Projects\ma-saas-platform\M-S-SaaS-apex-deliver\frontend\node_modules\jsdom\lib\jsdom\living\events\EventTarget-impl.js:360:16)
Warning: React.jsx: type is invalid -- expected a string (for built-in components) or a class/function (for composite components) but got: undefined. You likely forgot to export your component from the file it's defined in, or you might have mixed up default and named imports.

Check the render method of `StickyCTABar`.
    at StickyCTABar (C:/Projects/ma-saas-platform/M-S-SaaS-apex-deliver/frontend/src/components/marketing/StickyCTABar.tsx:14:71)
    at Router (file:///C:/Projects/ma-saas-platform/M-S-SaaS-apex-deliver/frontend/node_modules/react-router/dist/development/chunk-OIYGIGL5.mjs:6066:13)
    at BrowserRouter (file:///C:/Projects/ma-saas-platform/M-S-SaaS-apex-deliver/frontend/node_modules/react-router/dist/development/chunk-OIYGIGL5.mjs:9209:3)
Error: Element type is invalid: expected a string (for built-in components) or a class/function (for composite components) but got: undefined. You likely forgot to export your component from the file it's defined in, or you might have mixed up default and named imports.

Check the render method of `StickyCTABar`.
    at createFiberFromTypeAndProps (C:\Projects\ma-saas-platform\M-S-SaaS-apex-deliver\frontend\node_modules\react-dom\cjs\react-dom.development.js:28478:17)
    at createFiberFromElement (C:\Projects\ma-saas-platform\M-S-SaaS-apex-deliver\frontend\node_modules\react-dom\cjs\react-dom.development.js:28504:15)
    at reconcileSingleElement (C:\Projects\ma-saas-platform\M-S-SaaS-apex-deliver\frontend\node_modules\react-dom\cjs\react-dom.development.js:13986:23)
    at reconcileChildFibers (C:\Projects\ma-saas-platform\M-S-SaaS-apex-deliver\frontend\node_modules\react-dom\cjs\react-dom.development.js:14044:35)
    at reconcileChildren (C:\Projects\ma-saas-platform\M-S-SaaS-apex-deliver\frontend\node_modules\react-dom\cjs\react-dom.development.js:19186:28)
    at updateHostComponent (C:\Projects\ma-saas-platform\M-S-SaaS-apex-deliver\frontend\node_modules\react-dom\cjs\react-dom.development.js:19953:3)
    at beginWork (C:\Projects\ma-saas-platform\M-S-SaaS-apex-deliver\frontend\node_modules\react-dom\cjs\react-dom.development.js:21657:14)
    at HTMLUnknownElement.callCallback (C:\Projects\ma-saas-platform\M-S-SaaS-apex-deliver\frontend\node_modules\react-dom\cjs\react-dom.development.js:4164:14)
    at HTMLUnknownElement.callTheUserObjectsOperation (C:\Projects\ma-saas-platform\M-S-SaaS-apex-deliver\frontend\node_modules\jsdom\lib\jsdom\living\generated\EventListener.js:26:30)
    at innerInvokeEventListeners (C:\Projects\ma-saas-platform\M-S-SaaS-apex-deliver\frontend\node_modules\jsdom\lib\jsdom\living\events\EventTarget-impl.js:360:16)
The above error occurred in the <a> component:

    at a
    at LinkWithRef (file:///C:/Projects/ma-saas-platform/M-S-SaaS-apex-deliver/frontend/node_modules/react-router/dist/development/chunk-OIYGIGL5.mjs:9299:5)
    at div
    at div
    at div
    at div
    at div
    at StickyCTABar (C:/Projects/ma-saas-platform/M-S-SaaS-apex-deliver/frontend/src/components/marketing/StickyCTABar.tsx:14:71)
    at Router (file:///C:/Projects/ma-saas-platform/M-S-SaaS-apex-deliver/frontend/node_modules/react-router/dist/development/chunk-OIYGIGL5.mjs:6066:13)
    at BrowserRouter (file:///C:/Projects/ma-saas-platform/M-S-SaaS-apex-deliver/frontend/node_modules/react-router/dist/development/chunk-OIYGIGL5.mjs:9209:3)

Consider adding an error boundary to your tree to customize error handling behavior.
Visit https://reactjs.org/link/error-boundaries to learn more about error boundaries.

[90mstderr[2m | src/components/marketing/StickyCTABar.test.tsx[2m > [22m[2mStickyCTABar[2m > [22m[2mshould dismiss and set sessionStorage when close button clicked
[22m[39mWarning: React.jsx: type is invalid -- expected a string (for built-in components) or a class/function (for composite components) but got: undefined. You likely forgot to export your component from the file it's defined in, or you might have mixed up default and named imports.

Check the render method of `StickyCTABar`.
    at StickyCTABar (C:/Projects/ma-saas-platform/M-S-SaaS-apex-deliver/frontend/src/components/marketing/StickyCTABar.tsx:14:71)
    at Router (file:///C:/Projects/ma-saas-platform/M-S-SaaS-apex-deliver/frontend/node_modules/react-router/dist/development/chunk-OIYGIGL5.mjs:6066:13)
    at BrowserRouter (file:///C:/Projects/ma-saas-platform/M-S-SaaS-apex-deliver/frontend/node_modules/react-router/dist/development/chunk-OIYGIGL5.mjs:9209:3)
Error: Element type is invalid: expected a string (for built-in components) or a class/function (for composite components) but got: undefined. You likely forgot to export your component from the file it's defined in, or you might have mixed up default and named imports.

Check the render method of `StickyCTABar`.
    at createFiberFromTypeAndProps (C:\Projects\ma-saas-platform\M-S-SaaS-apex-deliver\frontend\node_modules\react-dom\cjs\react-dom.development.js:28478:17)
    at createFiberFromElement (C:\Projects\ma-saas-platform\M-S-SaaS-apex-deliver\frontend\node_modules\react-dom\cjs\react-dom.development.js:28504:15)
    at reconcileSingleElement (C:\Projects\ma-saas-platform\M-S-SaaS-apex-deliver\frontend\node_modules\react-dom\cjs\react-dom.development.js:13986:23)
    at reconcileChildFibers (C:\Projects\ma-saas-platform\M-S-SaaS-apex-deliver\frontend\node_modules\react-dom\cjs\react-dom.development.js:14044:35)
    at reconcileChildren (C:\Projects\ma-saas-platform\M-S-SaaS-apex-deliver\frontend\node_modules\react-dom\cjs\react-dom.development.js:19186:28)
    at updateHostComponent (C:\Projects\ma-saas-platform\M-S-SaaS-apex-deliver\frontend\node_modules\react-dom\cjs\react-dom.development.js:19953:3)
    at beginWork (C:\Projects\ma-saas-platform\M-S-SaaS-apex-deliver\frontend\node_modules\react-dom\cjs\react-dom.development.js:21657:14)
    at HTMLUnknownElement.callCallback (C:\Projects\ma-saas-platform\M-S-SaaS-apex-deliver\frontend\node_modules\react-dom\cjs\react-dom.development.js:4164:14)
    at HTMLUnknownElement.callTheUserObjectsOperation (C:\Projects\ma-saas-platform\M-S-SaaS-apex-deliver\frontend\node_modules\jsdom\lib\jsdom\living\generated\EventListener.js:26:30)
    at innerInvokeEventListeners (C:\Projects\ma-saas-platform\M-S-SaaS-apex-deliver\frontend\node_modules\jsdom\lib\jsdom\living\events\EventTarget-impl.js:360:16)
Warning: React.jsx: type is invalid -- expected a string (for built-in components) or a class/function (for composite components) but got: undefined. You likely forgot to export your component from the file it's defined in, or you might have mixed up default and named imports.

Check the render method of `StickyCTABar`.
    at StickyCTABar (C:/Projects/ma-saas-platform/M-S-SaaS-apex-deliver/frontend/src/components/marketing/StickyCTABar.tsx:14:71)
    at Router (file:///C:/Projects/ma-saas-platform/M-S-SaaS-apex-deliver/frontend/node_modules/react-router/dist/development/chunk-OIYGIGL5.mjs:6066:13)
    at BrowserRouter (file:///C:/Projects/ma-saas-platform/M-S-SaaS-apex-deliver/frontend/node_modules/react-router/dist/development/chunk-OIYGIGL5.mjs:9209:3)
Error: Element type is invalid: expected a string (for built-in components) or a class/function (for composite components) but got: undefined. You likely forgot to export your component from the file it's defined in, or you might have mixed up default and named imports.

Check the render method of `StickyCTABar`.
    at createFiberFromTypeAndProps (C:\Projects\ma-saas-platform\M-S-SaaS-apex-deliver\frontend\node_modules\react-dom\cjs\react-dom.development.js:28478:17)
    at createFiberFromElement (C:\Projects\ma-saas-platform\M-S-SaaS-apex-deliver\frontend\node_modules\react-dom\cjs\react-dom.development.js:28504:15)
    at reconcileSingleElement (C:\Projects\ma-saas-platform\M-S-SaaS-apex-deliver\frontend\node_modules\react-dom\cjs\react-dom.development.js:13986:23)
    at reconcileChildFibers (C:\Projects\ma-saas-platform\M-S-SaaS-apex-deliver\frontend\node_modules\react-dom\cjs\react-dom.development.js:14044:35)
    at reconcileChildren (C:\Projects\ma-saas-platform\M-S-SaaS-apex-deliver\frontend\node_modules\react-dom\cjs\react-dom.development.js:19186:28)
    at updateHostComponent (C:\Projects\ma-saas-platform\M-S-SaaS-apex-deliver\frontend\node_modules\react-dom\cjs\react-dom.development.js:19953:3)
    at beginWork (C:\Projects\ma-saas-platform\M-S-SaaS-apex-deliver\frontend\node_modules\react-dom\cjs\react-dom.development.js:21657:14)
    at HTMLUnknownElement.callCallback (C:\Projects\ma-saas-platform\M-S-SaaS-apex-deliver\frontend\node_modules\react-dom\cjs\react-dom.development.js:4164:14)
    at HTMLUnknownElement.callTheUserObjectsOperation (C:\Projects\ma-saas-platform\M-S-SaaS-apex-deliver\frontend\node_modules\jsdom\lib\jsdom\living\generated\EventListener.js:26:30)
    at innerInvokeEventListeners (C:\Projects\ma-saas-platform\M-S-SaaS-apex-deliver\frontend\node_modules\jsdom\lib\jsdom\living\events\EventTarget-impl.js:360:16)
The above error occurred in the <a> component:

    at a
    at LinkWithRef (file:///C:/Projects/ma-saas-platform/M-S-SaaS-apex-deliver/frontend/node_modules/react-router/dist/development/chunk-OIYGIGL5.mjs:9299:5)
    at div
    at div
    at div
    at div
    at div
    at StickyCTABar (C:/Projects/ma-saas-platform/M-S-SaaS-apex-deliver/frontend/src/components/marketing/StickyCTABar.tsx:14:71)
    at Router (file:///C:/Projects/ma-saas-platform/M-S-SaaS-apex-deliver/frontend/node_modules/react-router/dist/development/chunk-OIYGIGL5.mjs:6066:13)
    at BrowserRouter (file:///C:/Projects/ma-saas-platform/M-S-SaaS-apex-deliver/frontend/node_modules/react-router/dist/development/chunk-OIYGIGL5.mjs:9209:3)

Consider adding an error boundary to your tree to customize error handling behavior.
Visit https://reactjs.org/link/error-boundaries to learn more about error boundaries.

[90mstderr[2m | src/components/marketing/StickyCTABar.test.tsx[2m > [22m[2mStickyCTABar[2m > [22m[2mshould not re-render after dismissal
[22m[39mWarning: React.jsx: type is invalid -- expected a string (for built-in components) or a class/function (for composite components) but got: undefined. You likely forgot to export your component from the file it's defined in, or you might have mixed up default and named imports.

Check the render method of `StickyCTABar`.
    at StickyCTABar (C:/Projects/ma-saas-platform/M-S-SaaS-apex-deliver/frontend/src/components/marketing/StickyCTABar.tsx:14:71)
    at Router (file:///C:/Projects/ma-saas-platform/M-S-SaaS-apex-deliver/frontend/node_modules/react-router/dist/development/chunk-OIYGIGL5.mjs:6066:13)
    at BrowserRouter (file:///C:/Projects/ma-saas-platform/M-S-SaaS-apex-deliver/frontend/node_modules/react-router/dist/development/chunk-OIYGIGL5.mjs:9209:3)
Error: Element type is invalid: expected a string (for built-in components) or a class/function (for composite components) but got: undefined. You likely forgot to export your component from the file it's defined in, or you might have mixed up default and named imports.

Check the render method of `StickyCTABar`.
    at createFiberFromTypeAndProps (C:\Projects\ma-saas-platform\M-S-SaaS-apex-deliver\frontend\node_modules\react-dom\cjs\react-dom.development.js:28478:17)
    at createFiberFromElement (C:\Projects\ma-saas-platform\M-S-SaaS-apex-deliver\frontend\node_modules\react-dom\cjs\react-dom.development.js:28504:15)
    at reconcileSingleElement (C:\Projects\ma-saas-platform\M-S-SaaS-apex-deliver\frontend\node_modules\react-dom\cjs\react-dom.development.js:13986:23)
    at reconcileChildFibers (C:\Projects\ma-saas-platform\M-S-SaaS-apex-deliver\frontend\node_modules\react-dom\cjs\react-dom.development.js:14044:35)
    at reconcileChildren (C:\Projects\ma-saas-platform\M-S-SaaS-apex-deliver\frontend\node_modules\react-dom\cjs\react-dom.development.js:19186:28)
    at updateHostComponent (C:\Projects\ma-saas-platform\M-S-SaaS-apex-deliver\frontend\node_modules\react-dom\cjs\react-dom.development.js:19953:3)
    at beginWork (C:\Projects\ma-saas-platform\M-S-SaaS-apex-deliver\frontend\node_modules\react-dom\cjs\react-dom.development.js:21657:14)
    at HTMLUnknownElement.callCallback (C:\Projects\ma-saas-platform\M-S-SaaS-apex-deliver\frontend\node_modules\react-dom\cjs\react-dom.development.js:4164:14)
    at HTMLUnknownElement.callTheUserObjectsOperation (C:\Projects\ma-saas-platform\M-S-SaaS-apex-deliver\frontend\node_modules\jsdom\lib\jsdom\living\generated\EventListener.js:26:30)
    at innerInvokeEventListeners (C:\Projects\ma-saas-platform\M-S-SaaS-apex-deliver\frontend\node_modules\jsdom\lib\jsdom\living\events\EventTarget-impl.js:360:16)
Warning: React.jsx: type is invalid -- expected a string (for built-in components) or a class/function (for composite components) but got: undefined. You likely forgot to export your component from the file it's defined in, or you might have mixed up default and named imports.

Check the render method of `StickyCTABar`.
    at StickyCTABar (C:/Projects/ma-saas-platform/M-S-SaaS-apex-deliver/frontend/src/components/marketing/StickyCTABar.tsx:14:71)
    at Router (file:///C:/Projects/ma-saas-platform/M-S-SaaS-apex-deliver/frontend/node_modules/react-router/dist/development/chunk-OIYGIGL5.mjs:6066:13)
    at BrowserRouter (file:///C:/Projects/ma-saas-platform/M-S-SaaS-apex-deliver/frontend/node_modules/react-router/dist/development/chunk-OIYGIGL5.mjs:9209:3)
Error: Element type is invalid: expected a string (for built-in components) or a class/function (for composite components) but got: undefined. You likely forgot to export your component from the file it's defined in, or you might have mixed up default and named imports.

Check the render method of `StickyCTABar`.
    at createFiberFromTypeAndProps (C:\Projects\ma-saas-platform\M-S-SaaS-apex-deliver\frontend\node_modules\react-dom\cjs\react-dom.development.js:28478:17)
    at createFiberFromElement (C:\Projects\ma-saas-platform\M-S-SaaS-apex-deliver\frontend\node_modules\react-dom\cjs\react-dom.development.js:28504:15)
    at reconcileSingleElement (C:\Projects\ma-saas-platform\M-S-SaaS-apex-deliver\frontend\node_modules\react-dom\cjs\react-dom.development.js:13986:23)
    at reconcileChildFibers (C:\Projects\ma-saas-platform\M-S-SaaS-apex-deliver\frontend\node_modules\react-dom\cjs\react-dom.development.js:14044:35)
    at reconcileChildren (C:\Projects\ma-saas-platform\M-S-SaaS-apex-deliver\frontend\node_modules\react-dom\cjs\react-dom.development.js:19186:28)
    at updateHostComponent (C:\Projects\ma-saas-platform\M-S-SaaS-apex-deliver\frontend\node_modules\react-dom\cjs\react-dom.development.js:19953:3)
    at beginWork (C:\Projects\ma-saas-platform\M-S-SaaS-apex-deliver\frontend\node_modules\react-dom\cjs\react-dom.development.js:21657:14)
    at HTMLUnknownElement.callCallback (C:\Projects\ma-saas-platform\M-S-SaaS-apex-deliver\frontend\node_modules\react-dom\cjs\react-dom.development.js:4164:14)
    at HTMLUnknownElement.callTheUserObjectsOperation (C:\Projects\ma-saas-platform\M-S-SaaS-apex-deliver\frontend\node_modules\jsdom\lib\jsdom\living\generated\EventListener.js:26:30)
    at innerInvokeEventListeners (C:\Projects\ma-saas-platform\M-S-SaaS-apex-deliver\frontend\node_modules\jsdom\lib\jsdom\living\events\EventTarget-impl.js:360:16)
The above error occurred in the <a> component:

    at a
    at LinkWithRef (file:///C:/Projects/ma-saas-platform/M-S-SaaS-apex-deliver/frontend/node_modules/react-router/dist/development/chunk-OIYGIGL5.mjs:9299:5)
    at div
    at div
    at div
    at div
    at div
    at StickyCTABar (C:/Projects/ma-saas-platform/M-S-SaaS-apex-deliver/frontend/src/components/marketing/StickyCTABar.tsx:14:71)
    at Router (file:///C:/Projects/ma-saas-platform/M-S-SaaS-apex-deliver/frontend/node_modules/react-router/dist/development/chunk-OIYGIGL5.mjs:6066:13)
    at BrowserRouter (file:///C:/Projects/ma-saas-platform/M-S-SaaS-apex-deliver/frontend/node_modules/react-router/dist/development/chunk-OIYGIGL5.mjs:9209:3)

Consider adding an error boundary to your tree to customize error handling behavior.
Visit https://reactjs.org/link/error-boundaries to learn more about error boundaries.

[90mstderr[2m | src/components/marketing/StickyCTABar.test.tsx[2m > [22m[2mStickyCTABar[2m > [22m[2mshould have responsive design (icon should exist)
[22m[39mWarning: React.jsx: type is invalid -- expected a string (for built-in components) or a class/function (for composite components) but got: undefined. You likely forgot to export your component from the file it's defined in, or you might have mixed up default and named imports.

Check the render method of `StickyCTABar`.
    at StickyCTABar (C:/Projects/ma-saas-platform/M-S-SaaS-apex-deliver/frontend/src/components/marketing/StickyCTABar.tsx:14:71)
    at Router (file:///C:/Projects/ma-saas-platform/M-S-SaaS-apex-deliver/frontend/node_modules/react-router/dist/development/chunk-OIYGIGL5.mjs:6066:13)
    at BrowserRouter (file:///C:/Projects/ma-saas-platform/M-S-SaaS-apex-deliver/frontend/node_modules/react-router/dist/development/chunk-OIYGIGL5.mjs:9209:3)
Error: Element type is invalid: expected a string (for built-in components) or a class/function (for composite components) but got: undefined. You likely forgot to export your component from the file it's defined in, or you might have mixed up default and named imports.

Check the render method of `StickyCTABar`.
    at createFiberFromTypeAndProps (C:\Projects\ma-saas-platform\M-S-SaaS-apex-deliver\frontend\node_modules\react-dom\cjs\react-dom.development.js:28478:17)
    at createFiberFromElement (C:\Projects\ma-saas-platform\M-S-SaaS-apex-deliver\frontend\node_modules\react-dom\cjs\react-dom.development.js:28504:15)
    at reconcileSingleElement (C:\Projects\ma-saas-platform\M-S-SaaS-apex-deliver\frontend\node_modules\react-dom\cjs\react-dom.development.js:13986:23)
    at reconcileChildFibers (C:\Projects\ma-saas-platform\M-S-SaaS-apex-deliver\frontend\node_modules\react-dom\cjs\react-dom.development.js:14044:35)
    at reconcileChildren (C:\Projects\ma-saas-platform\M-S-SaaS-apex-deliver\frontend\node_modules\react-dom\cjs\react-dom.development.js:19186:28)
    at updateHostComponent (C:\Projects\ma-saas-platform\M-S-SaaS-apex-deliver\frontend\node_modules\react-dom\cjs\react-dom.development.js:19953:3)
    at beginWork (C:\Projects\ma-saas-platform\M-S-SaaS-apex-deliver\frontend\node_modules\react-dom\cjs\react-dom.development.js:21657:14)
    at HTMLUnknownElement.callCallback (C:\Projects\ma-saas-platform\M-S-SaaS-apex-deliver\frontend\node_modules\react-dom\cjs\react-dom.development.js:4164:14)
    at HTMLUnknownElement.callTheUserObjectsOperation (C:\Projects\ma-saas-platform\M-S-SaaS-apex-deliver\frontend\node_modules\jsdom\lib\jsdom\living\generated\EventListener.js:26:30)
    at innerInvokeEventListeners (C:\Projects\ma-saas-platform\M-S-SaaS-apex-deliver\frontend\node_modules\jsdom\lib\jsdom\living\events\EventTarget-impl.js:360:16)
Warning: React.jsx: type is invalid -- expected a string (for built-in components) or a class/function (for composite components) but got: undefined. You likely forgot to export your component from the file it's defined in, or you might have mixed up default and named imports.

Check the render method of `StickyCTABar`.
    at StickyCTABar (C:/Projects/ma-saas-platform/M-S-SaaS-apex-deliver/frontend/src/components/marketing/StickyCTABar.tsx:14:71)
    at Router (file:///C:/Projects/ma-saas-platform/M-S-SaaS-apex-deliver/frontend/node_modules/react-router/dist/development/chunk-OIYGIGL5.mjs:6066:13)
    at BrowserRouter (file:///C:/Projects/ma-saas-platform/M-S-SaaS-apex-deliver/frontend/node_modules/react-router/dist/development/chunk-OIYGIGL5.mjs:9209:3)
Error: Element type is invalid: expected a string (for built-in components) or a class/function (for composite components) but got: undefined. You likely forgot to export your component from the file it's defined in, or you might have mixed up default and named imports.

Check the render method of `StickyCTABar`.
    at createFiberFromTypeAndProps (C:\Projects\ma-saas-platform\M-S-SaaS-apex-deliver\frontend\node_modules\react-dom\cjs\react-dom.development.js:28478:17)
    at createFiberFromElement (C:\Projects\ma-saas-platform\M-S-SaaS-apex-deliver\frontend\node_modules\react-dom\cjs\react-dom.development.js:28504:15)
    at reconcileSingleElement (C:\Projects\ma-saas-platform\M-S-SaaS-apex-deliver\frontend\node_modules\react-dom\cjs\react-dom.development.js:13986:23)
    at reconcileChildFibers (C:\Projects\ma-saas-platform\M-S-SaaS-apex-deliver\frontend\node_modules\react-dom\cjs\react-dom.development.js:14044:35)
    at reconcileChildren (C:\Projects\ma-saas-platform\M-S-SaaS-apex-deliver\frontend\node_modules\react-dom\cjs\react-dom.development.js:19186:28)
    at updateHostComponent (C:\Projects\ma-saas-platform\M-S-SaaS-apex-deliver\frontend\node_modules\react-dom\cjs\react-dom.development.js:19953:3)
    at beginWork (C:\Projects\ma-saas-platform\M-S-SaaS-apex-deliver\frontend\node_modules\react-dom\cjs\react-dom.development.js:21657:14)
    at HTMLUnknownElement.callCallback (C:\Projects\ma-saas-platform\M-S-SaaS-apex-deliver\frontend\node_modules\react-dom\cjs\react-dom.development.js:4164:14)
    at HTMLUnknownElement.callTheUserObjectsOperation (C:\Projects\ma-saas-platform\M-S-SaaS-apex-deliver\frontend\node_modules\jsdom\lib\jsdom\living\generated\EventListener.js:26:30)
    at innerInvokeEventListeners (C:\Projects\ma-saas-platform\M-S-SaaS-apex-deliver\frontend\node_modules\jsdom\lib\jsdom\living\events\EventTarget-impl.js:360:16)
The above error occurred in the <a> component:

    at a
    at LinkWithRef (file:///C:/Projects/ma-saas-platform/M-S-SaaS-apex-deliver/frontend/node_modules/react-router/dist/development/chunk-OIYGIGL5.mjs:9299:5)
    at div
    at div
    at div
    at div
    at div
    at StickyCTABar (C:/Projects/ma-saas-platform/M-S-SaaS-apex-deliver/frontend/src/components/marketing/StickyCTABar.tsx:14:71)
    at Router (file:///C:/Projects/ma-saas-platform/M-S-SaaS-apex-deliver/frontend/node_modules/react-router/dist/development/chunk-OIYGIGL5.mjs:6066:13)
    at BrowserRouter (file:///C:/Projects/ma-saas-platform/M-S-SaaS-apex-deliver/frontend/node_modules/react-router/dist/development/chunk-OIYGIGL5.mjs:9209:3)

Consider adding an error boundary to your tree to customize error handling behavior.
Visit https://reactjs.org/link/error-boundaries to learn more about error boundaries.

 [31m❯[39m src/components/marketing/StickyCTABar.test.tsx [2m([22m[2m9 tests[22m[2m | [22m[31m9 failed[39m[2m)[22m[33m 1447[2mms[22m[39m
[31m     [31m×[31m should not render if dismissed in session[39m[33m 635[2mms[22m[39m
[31m     [31m×[31m should be hidden initially (before scrolling)[39m[32m 201[2mms[22m[39m
[31m     [31m×[31m should show after scrolling past 80%[39m[32m 8[2mms[22m[39m
[31m     [31m×[31m should hide when scrolling back to top[39m[32m 117[2mms[22m[39m
[31m     [31m×[31m should render all required elements[39m[32m 190[2mms[22m[39m
[31m     [31m×[31m should have Get Started button linking to /sign-up[39m[32m 24[2mms[22m[39m
[31m     [31m×[31m should dismiss and set sessionStorage when close button clicked[39m[32m 164[2mms[22m[39m
[31m     [31m×[31m should not re-render after dismissal[39m[32m 12[2mms[22m[39m
[31m     [31m×[31m should have responsive design (icon should exist)[39m[32m 91[2mms[22m[39m
 [31m❯[39m src/tests/integration/routing.test.tsx [2m([22m[2m3 tests[22m[2m | [22m[31m1 failed[39m[2m)[22m[33m 10310[2mms[22m[39m
[31m     [31m×[31m renders the landing page for visitors[39m[33m 10043[2mms[22m[39m
     [32m✓[39m directs visitors to the sign-in page when accessing the dashboard[32m 238[2mms[22m[39m
     [32m✓[39m displays the dashboard when the user is authenticated[32m 24[2mms[22m[39m
 [31m❯[39m src/tests/integration/PodcastStudioRouting.test.tsx [2m([22m[2m4 tests[22m[2m | [22m[31m3 failed[39m[2m)[22m[33m 11657[2mms[22m[39m
     [33m[2m✓[22m[39m redirects unauthenticated users to sign-in when accessing /podcast-studio [33m 576[2mms[22m[39m
[31m     [31m×[31m renders Podcast Studio for authenticated users with access[39m[33m 5032[2mms[22m[39m
[31m     [31m×[31m shows feature gate and loads content successfully[39m[33m 5023[2mms[22m[39m
[31m     [31m×[31m displays transcript status and download links when transcript exists[39m[33m 1023[2mms[22m[39m
 [32m✓[39m src/pages/deals/valuation/ValuationSuite.test.tsx [2m([22m[2m14 tests[22m[2m)[22m[33m 6033[2mms[22m[39m
     [33m[2m✓[22m[39m shows upgrade messaging when valuations endpoint rejects with entitlement error [33m 437[2mms[22m[39m
     [33m[2m✓[22m[39m submits new valuation when form completed [33m 607[2mms[22m[39m
     [33m[2m✓[22m[39m allows adding comparable company to selected valuation [33m 624[2mms[22m[39m
     [33m[2m✓[22m[39m allows adding precedent transaction to selected valuation [33m 1160[2mms[22m[39m
     [33m[2m✓[22m[39m allows creating a new scenario with JSON assumptions [33m 1125[2mms[22m[39m
     [33m[2m✓[22m[39m shows validation error when scenario assumptions JSON is invalid [33m 579[2mms[22m[39m
     [33m[2m✓[22m[39m shows detailed confirmation after queuing an export [33m 315[2mms[22m[39m
     [33m[2m✓[22m[39m runs Monte Carlo simulation and displays percentile summary [33m 435[2mms[22m[39m
 [31m❯[39m src/features/auth/Auth.test.tsx [2m([22m[2m3 tests[22m[2m | [22m[31m3 failed[39m[2m)[22m[33m 16122[2mms[22m[39m
[31m     [31m×[31m redirects unauthenticated users from /dashboard to /sign-in[39m[33m 3048[2mms[22m[39m
[31m     [31m×[31m shows dashboard content when the user is authenticated[39m[33m 3053[2mms[22m[39m
[31m     [31m×[31m renders the appropriate header action depending on auth state[39m[33m 10010[2mms[22m[39m
[90mstderr[2m | printWarning (C:\Projects\ma-saas-platform\M-S-SaaS-apex-deliver\frontend\node_modules\react-dom\cjs\react-dom.development.js:86:30)
[22m[39mWarning: A suspended resource finished loading inside a test, but the event was not wrapped in act(...).

When testing, code that resolves suspended data should be wrapped into act(...):

act(() => {
  /* finish loading suspended data */
});
/* assert on the output */

This ensures that you're testing the behavior the user would see in the browser. Learn more at https://reactjs.org/link/wrap-tests-with-act

 [32m✓[39m src/services/api/masterAdmin.test.ts [2m([22m[2m16 tests[22m[2m)[22m[32m 18[2mms[22m[39m
 [32m✓[39m src/components/podcast/AudioUploadModal.test.tsx [2m([22m[2m16 tests[22m[2m)[22m[33m 1046[2mms[22m[39m
 [31m❯[39m src/pages/marketing/__tests__/ContactPage.form.test.tsx [2m([22m[2m1 test[22m[2m | [22m[31m1 failed[39m[2m)[22m[33m 451[2mms[22m[39m
[31m     [31m×[31m emits schema metadata using the 100daysandbeyond.com domain[39m[33m 442[2mms[22m[39m
 [32m✓[39m src/components/documents/FolderTree.test.tsx [2m([22m[2m10 tests[22m[2m)[22m[33m 1607[2mms[22m[39m
     [33m[2m✓[22m[39m should delete folder with confirmation [33m 400[2mms[22m[39m
[90mstderr[2m | src/App.test.tsx[2m > [22m[2mAppRoutes[2m > [22m[2mredirects visitors from the dashboard to the sign-in page
[22m[39mWarning: A suspended resource finished loading inside a test, but the event was not wrapped in act(...).

When testing, code that resolves suspended data should be wrapped into act(...):

act(() => {
  /* finish loading suspended data */
});
/* assert on the output */

This ensures that you're testing the behavior the user would see in the browser. Learn more at https://reactjs.org/link/wrap-tests-with-act

[90mstderr[2m | src/App.test.tsx[2m > [22m[2mAppRoutes[2m > [22m[2mredirects visitors from the dashboard to the sign-in page
[22m[39mWarning: An update to MemoryRouter inside a test was not wrapped in act(...).

When testing, code that causes React state updates should be wrapped into act(...):

act(() => {
  /* fire events that update state */
});
/* assert on the output */

This ensures that you're testing the behavior the user would see in the browser. Learn more at https://reactjs.org/link/wrap-tests-with-act
    at MemoryRouter (file:///C:/Projects/ma-saas-platform/M-S-SaaS-apex-deliver/frontend/node_modules/react-router/dist/development/chunk-OIYGIGL5.mjs:5988:3)
    at QueryClientProvider (file:///C:/Projects/ma-saas-platform/M-S-SaaS-apex-deliver/frontend/node_modules/@tanstack/react-query/build/modern/QueryClientProvider.js:20:3)

[90mstderr[2m | src/App.test.tsx[2m > [22m[2mAppRoutes[2m > [22m[2mredirects visitors from the dashboard to the sign-in page
[22m[39mWarning: A suspended resource finished loading inside a test, but the event was not wrapped in act(...).

When testing, code that resolves suspended data should be wrapped into act(...):

act(() => {
  /* finish loading suspended data */
});
/* assert on the output */

This ensures that you're testing the behavior the user would see in the browser. Learn more at https://reactjs.org/link/wrap-tests-with-act

 [32m✓[39m src/pages/deals/NewDealPage.test.tsx [2m([22m[2m3 tests[22m[2m)[22m[33m 4793[2mms[22m[39m
     [33m[2m✓[22m[39m shows validation errors when required fields missing [33m 811[2mms[22m[39m
     [33m[2m✓[22m[39m submits payload and navigates to deal details on success [33m 2992[2mms[22m[39m
     [33m[2m✓[22m[39m displays backend error when createDeal rejects [33m 986[2mms[22m[39m
 [32m✓[39m src/components/billing/CancelSubscriptionModal.test.tsx [2m([22m[2m6 tests[22m[2m)[22m[33m 644[2mms[22m[39m
 [32m✓[39m src/pages/marketing/PricingPage.test.tsx [2m([22m[2m7 tests[22m[2m)[22m[33m 1570[2mms[22m[39m
     [33m[2m✓[22m[39m renders all 4 pricing tiers with correct headings and prices [33m 362[2mms[22m[39m
     [33m[2m✓[22m[39m redirects unauthenticated users to sign-in when clicking Get Started [33m 338[2mms[22m[39m
[90mstdout[2m | src/pages/marketing/EnhancedLandingPage.test.tsx
[22m[39mStickyCTABar Button [90mundefined[39m

[90mstderr[2m | src/App.test.tsx[2m > [22m[2mAppRoutes[2m > [22m[2mshows dashboard content when the user is authenticated
[22m[39mWarning: React.jsx: type is invalid -- expected a string (for built-in components) or a class/function (for composite components) but got: undefined. You likely forgot to export your component from the file it's defined in, or you might have mixed up default and named imports.

Check the render method of `PipelineSummaryWidget`.
    at PipelineSummaryWidget (C:/Projects/ma-saas-platform/M-S-SaaS-apex-deliver/frontend/src/pages/DashboardPage.tsx:64:34)
    at div
    at div
    at GridSystem (C:/Projects/ma-saas-platform/M-S-SaaS-apex-deliver/frontend/src/components/layout/GridSystem.tsx:8:3)
    at div
    at div
    at DashboardPage (C:/Projects/ma-saas-platform/M-S-SaaS-apex-deliver/frontend/src/pages/DashboardPage.tsx:20:90)
    at SignedIn (C:/Projects/ma-saas-platform/M-S-SaaS-apex-deliver/frontend/src/App.test.tsx:4:16)
    at DashboardRoute
    at RenderedRoute (file:///C:/Projects/ma-saas-platform/M-S-SaaS-apex-deliver/frontend/node_modules/react-router/dist/development/chunk-OIYGIGL5.mjs:5275:26)
    at Outlet (file:///C:/Projects/ma-saas-platform/M-S-SaaS-apex-deliver/frontend/node_modules/react-router/dist/development/chunk-OIYGIGL5.mjs:6057:26)
    at main
    at div
    at RootLayout (C:/Projects/ma-saas-platform/M-S-SaaS-apex-deliver/frontend/src/layouts/RootLayout.tsx:9:57)
    at RenderedRoute (file:///C:/Projects/ma-saas-platform/M-S-SaaS-apex-deliver/frontend/node_modules/react-router/dist/development/chunk-OIYGIGL5.mjs:5275:26)
    at Routes (file:///C:/Projects/ma-saas-platform/M-S-SaaS-apex-deliver/frontend/node_modules/react-router/dist/development/chunk-OIYGIGL5.mjs:6123:3)
    at AppRoutes (C:/Projects/ma-saas-platform/M-S-SaaS-apex-deliver/frontend/src/App.tsx:99:45)
    at Router (file:///C:/Projects/ma-saas-platform/M-S-SaaS-apex-deliver/frontend/node_modules/react-router/dist/development/chunk-OIYGIGL5.mjs:6066:13)
    at MemoryRouter (file:///C:/Projects/ma-saas-platform/M-S-SaaS-apex-deliver/frontend/node_modules/react-router/dist/development/chunk-OIYGIGL5.mjs:5988:3)
    at QueryClientProvider (file:///C:/Projects/ma-saas-platform/M-S-SaaS-apex-deliver/frontend/node_modules/@tanstack/react-query/build/modern/QueryClientProvider.js:20:3)
Warning: React.jsx: type is invalid -- expected a string (for built-in components) or a class/function (for composite components) but got: undefined. You likely forgot to export your component from the file it's defined in, or you might have mixed up default and named imports.

Check the render method of `PipelineSummaryWidget`.
    at PipelineSummaryWidget (C:/Projects/ma-saas-platform/M-S-SaaS-apex-deliver/frontend/src/pages/DashboardPage.tsx:64:34)
    at div
    at div
    at GridSystem (C:/Projects/ma-saas-platform/M-S-SaaS-apex-deliver/frontend/src/components/layout/GridSystem.tsx:8:3)
    at div
    at div
    at DashboardPage (C:/Projects/ma-saas-platform/M-S-SaaS-apex-deliver/frontend/src/pages/DashboardPage.tsx:20:90)
    at SignedIn (C:/Projects/ma-saas-platform/M-S-SaaS-apex-deliver/frontend/src/App.test.tsx:4:16)
    at DashboardRoute
    at RenderedRoute (file:///C:/Projects/ma-saas-platform/M-S-SaaS-apex-deliver/frontend/node_modules/react-router/dist/development/chunk-OIYGIGL5.mjs:5275:26)
    at Outlet (file:///C:/Projects/ma-saas-platform/M-S-SaaS-apex-deliver/frontend/node_modules/react-router/dist/development/chunk-OIYGIGL5.mjs:6057:26)
    at main
    at div
    at RootLayout (C:/Projects/ma-saas-platform/M-S-SaaS-apex-deliver/frontend/src/layouts/RootLayout.tsx:9:57)
    at RenderedRoute (file:///C:/Projects/ma-saas-platform/M-S-SaaS-apex-deliver/frontend/node_modules/react-router/dist/development/chunk-OIYGIGL5.mjs:5275:26)
    at Routes (file:///C:/Projects/ma-saas-platform/M-S-SaaS-apex-deliver/frontend/node_modules/react-router/dist/development/chunk-OIYGIGL5.mjs:6123:3)
    at AppRoutes (C:/Projects/ma-saas-platform/M-S-SaaS-apex-deliver/frontend/src/App.tsx:99:45)
    at Router (file:///C:/Projects/ma-saas-platform/M-S-SaaS-apex-deliver/frontend/node_modules/react-router/dist/development/chunk-OIYGIGL5.mjs:6066:13)
    at MemoryRouter (file:///C:/Projects/ma-saas-platform/M-S-SaaS-apex-deliver/frontend/node_modules/react-router/dist/development/chunk-OIYGIGL5.mjs:5988:3)
    at QueryClientProvider (file:///C:/Projects/ma-saas-platform/M-S-SaaS-apex-deliver/frontend/node_modules/@tanstack/react-query/build/modern/QueryClientProvider.js:20:3)
Warning: React.jsx: type is invalid -- expected a string (for built-in components) or a class/function (for composite components) but got: undefined. You likely forgot to export your component from the file it's defined in, or you might have mixed up default and named imports.

Check the render method of `PipelineSummaryWidget`.
    at PipelineSummaryWidget (C:/Projects/ma-saas-platform/M-S-SaaS-apex-deliver/frontend/src/pages/DashboardPage.tsx:64:34)
    at div
    at div
    at GridSystem (C:/Projects/ma-saas-platform/M-S-SaaS-apex-deliver/frontend/src/components/layout/GridSystem.tsx:8:3)
    at div
    at div
    at DashboardPage (C:/Projects/ma-saas-platform/M-S-SaaS-apex-deliver/frontend/src/pages/DashboardPage.tsx:20:90)
    at SignedIn (C:/Projects/ma-saas-platform/M-S-SaaS-apex-deliver/frontend/src/App.test.tsx:4:16)
    at DashboardRoute
    at RenderedRoute (file:///C:/Projects/ma-saas-platform/M-S-SaaS-apex-deliver/frontend/node_modules/react-router/dist/development/chunk-OIYGIGL5.mjs:5275:26)
    at Outlet (file:///C:/Projects/ma-saas-platform/M-S-SaaS-apex-deliver/frontend/node_modules/react-router/dist/development/chunk-OIYGIGL5.mjs:6057:26)
    at main
    at div
    at RootLayout (C:/Projects/ma-saas-platform/M-S-SaaS-apex-deliver/frontend/src/layouts/RootLayout.tsx:9:57)
    at RenderedRoute (file:///C:/Projects/ma-saas-platform/M-S-SaaS-apex-deliver/frontend/node_modules/react-router/dist/development/chunk-OIYGIGL5.mjs:5275:26)
    at Routes (file:///C:/Projects/ma-saas-platform/M-S-SaaS-apex-deliver/frontend/node_modules/react-router/dist/development/chunk-OIYGIGL5.mjs:6123:3)
    at AppRoutes (C:/Projects/ma-saas-platform/M-S-SaaS-apex-deliver/frontend/src/App.tsx:99:45)
    at Router (file:///C:/Projects/ma-saas-platform/M-S-SaaS-apex-deliver/frontend/node_modules/react-router/dist/development/chunk-OIYGIGL5.mjs:6066:13)
    at MemoryRouter (file:///C:/Projects/ma-saas-platform/M-S-SaaS-apex-deliver/frontend/node_modules/react-router/dist/development/chunk-OIYGIGL5.mjs:5988:3)
    at QueryClientProvider (file:///C:/Projects/ma-saas-platform/M-S-SaaS-apex-deliver/frontend/node_modules/@tanstack/react-query/build/modern/QueryClientProvider.js:20:3)
Warning: React.jsx: type is invalid -- expected a string (for built-in components) or a class/function (for composite components) but got: undefined. You likely forgot to export your component from the file it's defined in, or you might have mixed up default and named imports.

Check the render method of `PipelineSummaryWidget`.
    at PipelineSummaryWidget (C:/Projects/ma-saas-platform/M-S-SaaS-apex-deliver/frontend/src/pages/DashboardPage.tsx:64:34)
    at div
    at div
    at GridSystem (C:/Projects/ma-saas-platform/M-S-SaaS-apex-deliver/frontend/src/components/layout/GridSystem.tsx:8:3)
    at div
    at div
    at DashboardPage (C:/Projects/ma-saas-platform/M-S-SaaS-apex-deliver/frontend/src/pages/DashboardPage.tsx:20:90)
    at SignedIn (C:/Projects/ma-saas-platform/M-S-SaaS-apex-deliver/frontend/src/App.test.tsx:4:16)
    at DashboardRoute
    at RenderedRoute (file:///C:/Projects/ma-saas-platform/M-S-SaaS-apex-deliver/frontend/node_modules/react-router/dist/development/chunk-OIYGIGL5.mjs:5275:26)
    at Outlet (file:///C:/Projects/ma-saas-platform/M-S-SaaS-apex-deliver/frontend/node_modules/react-router/dist/development/chunk-OIYGIGL5.mjs:6057:26)
    at main
    at div
    at RootLayout (C:/Projects/ma-saas-platform/M-S-SaaS-apex-deliver/frontend/src/layouts/RootLayout.tsx:9:57)
    at RenderedRoute (file:///C:/Projects/ma-saas-platform/M-S-SaaS-apex-deliver/frontend/node_modules/react-router/dist/development/chunk-OIYGIGL5.mjs:5275:26)
    at Routes (file:///C:/Projects/ma-saas-platform/M-S-SaaS-apex-deliver/frontend/node_modules/react-router/dist/development/chunk-OIYGIGL5.mjs:6123:3)
    at AppRoutes (C:/Projects/ma-saas-platform/M-S-SaaS-apex-deliver/frontend/src/App.tsx:99:45)
    at Router (file:///C:/Projects/ma-saas-platform/M-S-SaaS-apex-deliver/frontend/node_modules/react-router/dist/development/chunk-OIYGIGL5.mjs:6066:13)
    at MemoryRouter (file:///C:/Projects/ma-saas-platform/M-S-SaaS-apex-deliver/frontend/node_modules/react-router/dist/development/chunk-OIYGIGL5.mjs:5988:3)
    at QueryClientProvider (file:///C:/Projects/ma-saas-platform/M-S-SaaS-apex-deliver/frontend/node_modules/@tanstack/react-query/build/modern/QueryClientProvider.js:20:3)
Warning: React.jsx: type is invalid -- expected a string (for built-in components) or a class/function (for composite components) but got: undefined. You likely forgot to export your component from the file it's defined in, or you might have mixed up default and named imports.

Check the render method of `PipelineSummaryWidget`.
    at PipelineSummaryWidget (C:/Projects/ma-saas-platform/M-S-SaaS-apex-deliver/frontend/src/pages/DashboardPage.tsx:64:34)
    at div
    at div
    at GridSystem (C:/Projects/ma-saas-platform/M-S-SaaS-apex-deliver/frontend/src/components/layout/GridSystem.tsx:8:3)
    at div
    at div
    at DashboardPage (C:/Projects/ma-saas-platform/M-S-SaaS-apex-deliver/frontend/src/pages/DashboardPage.tsx:20:90)
    at SignedIn (C:/Projects/ma-saas-platform/M-S-SaaS-apex-deliver/frontend/src/App.test.tsx:4:16)
    at DashboardRoute
    at RenderedRoute (file:///C:/Projects/ma-saas-platform/M-S-SaaS-apex-deliver/frontend/node_modules/react-router/dist/development/chunk-OIYGIGL5.mjs:5275:26)
    at Outlet (file:///C:/Projects/ma-saas-platform/M-S-SaaS-apex-deliver/frontend/node_modules/react-router/dist/development/chunk-OIYGIGL5.mjs:6057:26)
    at main
    at div
    at RootLayout (C:/Projects/ma-saas-platform/M-S-SaaS-apex-deliver/frontend/src/layouts/RootLayout.tsx:9:57)
    at RenderedRoute (file:///C:/Projects/ma-saas-platform/M-S-SaaS-apex-deliver/frontend/node_modules/react-router/dist/development/chunk-OIYGIGL5.mjs:5275:26)
    at Routes (file:///C:/Projects/ma-saas-platform/M-S-SaaS-apex-deliver/frontend/node_modules/react-router/dist/development/chunk-OIYGIGL5.mjs:6123:3)
    at AppRoutes (C:/Projects/ma-saas-platform/M-S-SaaS-apex-deliver/frontend/src/App.tsx:99:45)
    at Router (file:///C:/Projects/ma-saas-platform/M-S-SaaS-apex-deliver/frontend/node_modules/react-router/dist/development/chunk-OIYGIGL5.mjs:6066:13)
    at MemoryRouter (file:///C:/Projects/ma-saas-platform/M-S-SaaS-apex-deliver/frontend/node_modules/react-router/dist/development/chunk-OIYGIGL5.mjs:5988:3)
    at QueryClientProvider (file:///C:/Projects/ma-saas-platform/M-S-SaaS-apex-deliver/frontend/node_modules/@tanstack/react-query/build/modern/QueryClientProvider.js:20:3)
Warning: React.jsx: type is invalid -- expected a string (for built-in components) or a class/function (for composite components) but got: undefined. You likely forgot to export your component from the file it's defined in, or you might have mixed up default and named imports.

Check the render method of `PipelineSummaryWidget`.
    at PipelineSummaryWidget (C:/Projects/ma-saas-platform/M-S-SaaS-apex-deliver/frontend/src/pages/DashboardPage.tsx:64:34)
    at div
    at div
    at GridSystem (C:/Projects/ma-saas-platform/M-S-SaaS-apex-deliver/frontend/src/components/layout/GridSystem.tsx:8:3)
    at div
    at div
    at DashboardPage (C:/Projects/ma-saas-platform/M-S-SaaS-apex-deliver/frontend/src/pages/DashboardPage.tsx:20:90)
    at SignedIn (C:/Projects/ma-saas-platform/M-S-SaaS-apex-deliver/frontend/src/App.test.tsx:4:16)
    at DashboardRoute
    at RenderedRoute (file:///C:/Projects/ma-saas-platform/M-S-SaaS-apex-deliver/frontend/node_modules/react-router/dist/development/chunk-OIYGIGL5.mjs:5275:26)
    at Outlet (file:///C:/Projects/ma-saas-platform/M-S-SaaS-apex-deliver/frontend/node_modules/react-router/dist/development/chunk-OIYGIGL5.mjs:6057:26)
    at main
    at div
    at RootLayout (C:/Projects/ma-saas-platform/M-S-SaaS-apex-deliver/frontend/src/layouts/RootLayout.tsx:9:57)
    at RenderedRoute (file:///C:/Projects/ma-saas-platform/M-S-SaaS-apex-deliver/frontend/node_modules/react-router/dist/development/chunk-OIYGIGL5.mjs:5275:26)
    at Routes (file:///C:/Projects/ma-saas-platform/M-S-SaaS-apex-deliver/frontend/node_modules/react-router/dist/development/chunk-OIYGIGL5.mjs:6123:3)
    at AppRoutes (C:/Projects/ma-saas-platform/M-S-SaaS-apex-deliver/frontend/src/App.tsx:99:45)
    at Router (file:///C:/Projects/ma-saas-platform/M-S-SaaS-apex-deliver/frontend/node_modules/react-router/dist/development/chunk-OIYGIGL5.mjs:6066:13)
    at MemoryRouter (file:///C:/Projects/ma-saas-platform/M-S-SaaS-apex-deliver/frontend/node_modules/react-router/dist/development/chunk-OIYGIGL5.mjs:5988:3)
    at QueryClientProvider (file:///C:/Projects/ma-saas-platform/M-S-SaaS-apex-deliver/frontend/node_modules/@tanstack/react-query/build/modern/QueryClientProvider.js:20:3)
Warning: React.jsx: type is invalid -- expected a string (for built-in components) or a class/function (for composite components) but got: undefined. You likely forgot to export your component from the file it's defined in, or you might have mixed up default and named imports.

Check the render method of `PipelineSummaryWidget`.
    at PipelineSummaryWidget (C:/Projects/ma-saas-platform/M-S-SaaS-apex-deliver/frontend/src/pages/DashboardPage.tsx:64:34)
    at div
    at div
    at GridSystem (C:/Projects/ma-saas-platform/M-S-SaaS-apex-deliver/frontend/src/components/layout/GridSystem.tsx:8:3)
    at div
    at div
    at DashboardPage (C:/Projects/ma-saas-platform/M-S-SaaS-apex-deliver/frontend/src/pages/DashboardPage.tsx:20:90)
    at SignedIn (C:/Projects/ma-saas-platform/M-S-SaaS-apex-deliver/frontend/src/App.test.tsx:4:16)
    at DashboardRoute
    at RenderedRoute (file:///C:/Projects/ma-saas-platform/M-S-SaaS-apex-deliver/frontend/node_modules/react-router/dist/development/chunk-OIYGIGL5.mjs:5275:26)
    at Outlet (file:///C:/Projects/ma-saas-platform/M-S-SaaS-apex-deliver/frontend/node_modules/react-router/dist/development/chunk-OIYGIGL5.mjs:6057:26)
    at main
    at div
    at RootLayout (C:/Projects/ma-saas-platform/M-S-SaaS-apex-deliver/frontend/src/layouts/RootLayout.tsx:9:57)
    at RenderedRoute (file:///C:/Projects/ma-saas-platform/M-S-SaaS-apex-deliver/frontend/node_modules/react-router/dist/development/chunk-OIYGIGL5.mjs:5275:26)
    at Routes (file:///C:/Projects/ma-saas-platform/M-S-SaaS-apex-deliver/frontend/node_modules/react-router/dist/development/chunk-OIYGIGL5.mjs:6123:3)
    at AppRoutes (C:/Projects/ma-saas-platform/M-S-SaaS-apex-deliver/frontend/src/App.tsx:99:45)
    at Router (file:///C:/Projects/ma-saas-platform/M-S-SaaS-apex-deliver/frontend/node_modules/react-router/dist/development/chunk-OIYGIGL5.mjs:6066:13)
    at MemoryRouter (file:///C:/Projects/ma-saas-platform/M-S-SaaS-apex-deliver/frontend/node_modules/react-router/dist/development/chunk-OIYGIGL5.mjs:5988:3)
    at QueryClientProvider (file:///C:/Projects/ma-saas-platform/M-S-SaaS-apex-deliver/frontend/node_modules/@tanstack/react-query/build/modern/QueryClientProvider.js:20:3)
Warning: React.jsx: type is invalid -- expected a string (for built-in components) or a class/function (for composite components) but got: undefined. You likely forgot to export your component from the file it's defined in, or you might have mixed up default and named imports.

Check the render method of `PipelineSummaryWidget`.
    at PipelineSummaryWidget (C:/Projects/ma-saas-platform/M-S-SaaS-apex-deliver/frontend/src/pages/DashboardPage.tsx:64:34)
    at div
    at div
    at GridSystem (C:/Projects/ma-saas-platform/M-S-SaaS-apex-deliver/frontend/src/components/layout/GridSystem.tsx:8:3)
    at div
    at div
    at DashboardPage (C:/Projects/ma-saas-platform/M-S-SaaS-apex-deliver/frontend/src/pages/DashboardPage.tsx:20:90)
    at SignedIn (C:/Projects/ma-saas-platform/M-S-SaaS-apex-deliver/frontend/src/App.test.tsx:4:16)
    at DashboardRoute
    at RenderedRoute (file:///C:/Projects/ma-saas-platform/M-S-SaaS-apex-deliver/frontend/node_modules/react-router/dist/development/chunk-OIYGIGL5.mjs:5275:26)
    at Outlet (file:///C:/Projects/ma-saas-platform/M-S-SaaS-apex-deliver/frontend/node_modules/react-router/dist/development/chunk-OIYGIGL5.mjs:6057:26)
    at main
    at div
    at RootLayout (C:/Projects/ma-saas-platform/M-S-SaaS-apex-deliver/frontend/src/layouts/RootLayout.tsx:9:57)
    at RenderedRoute (file:///C:/Projects/ma-saas-platform/M-S-SaaS-apex-deliver/frontend/node_modules/react-router/dist/development/chunk-OIYGIGL5.mjs:5275:26)
    at Routes (file:///C:/Projects/ma-saas-platform/M-S-SaaS-apex-deliver/frontend/node_modules/react-router/dist/development/chunk-OIYGIGL5.mjs:6123:3)
    at AppRoutes (C:/Projects/ma-saas-platform/M-S-SaaS-apex-deliver/frontend/src/App.tsx:99:45)
    at Router (file:///C:/Projects/ma-saas-platform/M-S-SaaS-apex-deliver/frontend/node_modules/react-router/dist/development/chunk-OIYGIGL5.mjs:6066:13)
    at MemoryRouter (file:///C:/Projects/ma-saas-platform/M-S-SaaS-apex-deliver/frontend/node_modules/react-router/dist/development/chunk-OIYGIGL5.mjs:5988:3)
    at QueryClientProvider (file:///C:/Projects/ma-saas-platform/M-S-SaaS-apex-deliver/frontend/node_modules/@tanstack/react-query/build/modern/QueryClientProvider.js:20:3)
Error: Element type is invalid: expected a string (for built-in components) or a class/function (for composite components) but got: undefined. You likely forgot to export your component from the file it's defined in, or you might have mixed up default and named imports.

Check the render method of `PipelineSummaryWidget`.
    at createFiberFromTypeAndProps (C:\Projects\ma-saas-platform\M-S-SaaS-apex-deliver\frontend\node_modules\react-dom\cjs\react-dom.development.js:28478:17)
    at createFiberFromElement (C:\Projects\ma-saas-platform\M-S-SaaS-apex-deliver\frontend\node_modules\react-dom\cjs\react-dom.development.js:28504:15)
    at reconcileSingleElement (C:\Projects\ma-saas-platform\M-S-SaaS-apex-deliver\frontend\node_modules\react-dom\cjs\react-dom.development.js:13986:23)
    at reconcileChildFibers (C:\Projects\ma-saas-platform\M-S-SaaS-apex-deliver\frontend\node_modules\react-dom\cjs\react-dom.development.js:14044:35)
    at reconcileChildren (C:\Projects\ma-saas-platform\M-S-SaaS-apex-deliver\frontend\node_modules\react-dom\cjs\react-dom.development.js:19186:28)
    at mountIndeterminateComponent (C:\Projects\ma-saas-platform\M-S-SaaS-apex-deliver\frontend\node_modules\react-dom\cjs\react-dom.development.js:20186:5)
    at beginWork (C:\Projects\ma-saas-platform\M-S-SaaS-apex-deliver\frontend\node_modules\react-dom\cjs\react-dom.development.js:21626:16)
    at HTMLUnknownElement.callCallback (C:\Projects\ma-saas-platform\M-S-SaaS-apex-deliver\frontend\node_modules\react-dom\cjs\react-dom.development.js:4164:14)
    at HTMLUnknownElement.callTheUserObjectsOperation (C:\Projects\ma-saas-platform\M-S-SaaS-apex-deliver\frontend\node_modules\jsdom\lib\jsdom\living\generated\EventListener.js:26:30)
    at innerInvokeEventListeners (C:\Projects\ma-saas-platform\M-S-SaaS-apex-deliver\frontend\node_modules\jsdom\lib\jsdom\living\events\EventTarget-impl.js:360:16)
Warning: React.jsx: type is invalid -- expected a string (for built-in components) or a class/function (for composite components) but got: undefined. You likely forgot to export your component from the file it's defined in, or you might have mixed up default and named imports.

Check the render method of `QuickActionsWidget`.
    at QuickActionsWidget
    at div
    at div
    at GridSystem (C:/Projects/ma-saas-platform/M-S-SaaS-apex-deliver/frontend/src/components/layout/GridSystem.tsx:8:3)
    at div
    at div
    at DashboardPage (C:/Projects/ma-saas-platform/M-S-SaaS-apex-deliver/frontend/src/pages/DashboardPage.tsx:20:90)
    at SignedIn (C:/Projects/ma-saas-platform/M-S-SaaS-apex-deliver/frontend/src/App.test.tsx:4:16)
    at DashboardRoute
    at RenderedRoute (file:///C:/Projects/ma-saas-platform/M-S-SaaS-apex-deliver/frontend/node_modules/react-router/dist/development/chunk-OIYGIGL5.mjs:5275:26)
    at Outlet (file:///C:/Projects/ma-saas-platform/M-S-SaaS-apex-deliver/frontend/node_modules/react-router/dist/development/chunk-OIYGIGL5.mjs:6057:26)
    at main
    at div
    at RootLayout (C:/Projects/ma-saas-platform/M-S-SaaS-apex-deliver/frontend/src/layouts/RootLayout.tsx:9:57)
    at RenderedRoute (file:///C:/Projects/ma-saas-platform/M-S-SaaS-apex-deliver/frontend/node_modules/react-router/dist/development/chunk-OIYGIGL5.mjs:5275:26)
    at Routes (file:///C:/Projects/ma-saas-platform/M-S-SaaS-apex-deliver/frontend/node_modules/react-router/dist/development/chunk-OIYGIGL5.mjs:6123:3)
    at AppRoutes (C:/Projects/ma-saas-platform/M-S-SaaS-apex-deliver/frontend/src/App.tsx:99:45)
    at Router (file:///C:/Projects/ma-saas-platform/M-S-SaaS-apex-deliver/frontend/node_modules/react-router/dist/development/chunk-OIYGIGL5.mjs:6066:13)
    at MemoryRouter (file:///C:/Projects/ma-saas-platform/M-S-SaaS-apex-deliver/frontend/node_modules/react-router/dist/development/chunk-OIYGIGL5.mjs:5988:3)
    at QueryClientProvider (file:///C:/Projects/ma-saas-platform/M-S-SaaS-apex-deliver/frontend/node_modules/@tanstack/react-query/build/modern/QueryClientProvider.js:20:3)
Warning: React.jsx: type is invalid -- expected a string (for built-in components) or a class/function (for composite components) but got: undefined. You likely forgot to export your component from the file it's defined in, or you might have mixed up default and named imports.

Check the render method of `QuickActionsWidget`.
    at QuickActionsWidget
    at div
    at div
    at GridSystem (C:/Projects/ma-saas-platform/M-S-SaaS-apex-deliver/frontend/src/components/layout/GridSystem.tsx:8:3)
    at div
    at div
    at DashboardPage (C:/Projects/ma-saas-platform/M-S-SaaS-apex-deliver/frontend/src/pages/DashboardPage.tsx:20:90)
    at SignedIn (C:/Projects/ma-saas-platform/M-S-SaaS-apex-deliver/frontend/src/App.test.tsx:4:16)
    at DashboardRoute
    at RenderedRoute (file:///C:/Projects/ma-saas-platform/M-S-SaaS-apex-deliver/frontend/node_modules/react-router/dist/development/chunk-OIYGIGL5.mjs:5275:26)
    at Outlet (file:///C:/Projects/ma-saas-platform/M-S-SaaS-apex-deliver/frontend/node_modules/react-router/dist/development/chunk-OIYGIGL5.mjs:6057:26)
    at main
    at div
    at RootLayout (C:/Projects/ma-saas-platform/M-S-SaaS-apex-deliver/frontend/src/layouts/RootLayout.tsx:9:57)
    at RenderedRoute (file:///C:/Projects/ma-saas-platform/M-S-SaaS-apex-deliver/frontend/node_modules/react-router/dist/development/chunk-OIYGIGL5.mjs:5275:26)
    at Routes (file:///C:/Projects/ma-saas-platform/M-S-SaaS-apex-deliver/frontend/node_modules/react-router/dist/development/chunk-OIYGIGL5.mjs:6123:3)
    at AppRoutes (C:/Projects/ma-saas-platform/M-S-SaaS-apex-deliver/frontend/src/App.tsx:99:45)
    at Router (file:///C:/Projects/ma-saas-platform/M-S-SaaS-apex-deliver/frontend/node_modules/react-router/dist/development/chunk-OIYGIGL5.mjs:6066:13)
    at MemoryRouter (file:///C:/Projects/ma-saas-platform/M-S-SaaS-apex-deliver/frontend/node_modules/react-router/dist/development/chunk-OIYGIGL5.mjs:5988:3)
    at QueryClientProvider (file:///C:/Projects/ma-saas-platform/M-S-SaaS-apex-deliver/frontend/node_modules/@tanstack/react-query/build/modern/QueryClientProvider.js:20:3)
Warning: React.jsx: type is invalid -- expected a string (for built-in components) or a class/function (for composite components) but got: undefined. You likely forgot to export your component from the file it's defined in, or you might have mixed up default and named imports.

Check the render method of `QuickActionsWidget`.
    at QuickActionsWidget
    at div
    at div
    at GridSystem (C:/Projects/ma-saas-platform/M-S-SaaS-apex-deliver/frontend/src/components/layout/GridSystem.tsx:8:3)
    at div
    at div
    at DashboardPage (C:/Projects/ma-saas-platform/M-S-SaaS-apex-deliver/frontend/src/pages/DashboardPage.tsx:20:90)
    at SignedIn (C:/Projects/ma-saas-platform/M-S-SaaS-apex-deliver/frontend/src/App.test.tsx:4:16)
    at DashboardRoute
    at RenderedRoute (file:///C:/Projects/ma-saas-platform/M-S-SaaS-apex-deliver/frontend/node_modules/react-router/dist/development/chunk-OIYGIGL5.mjs:5275:26)
    at Outlet (file:///C:/Projects/ma-saas-platform/M-S-SaaS-apex-deliver/frontend/node_modules/react-router/dist/development/chunk-OIYGIGL5.mjs:6057:26)
    at main
    at div
    at RootLayout (C:/Projects/ma-saas-platform/M-S-SaaS-apex-deliver/frontend/src/layouts/RootLayout.tsx:9:57)
    at RenderedRoute (file:///C:/Projects/ma-saas-platform/M-S-SaaS-apex-deliver/frontend/node_modules/react-router/dist/development/chunk-OIYGIGL5.mjs:5275:26)
    at Routes (file:///C:/Projects/ma-saas-platform/M-S-SaaS-apex-deliver/frontend/node_modules/react-router/dist/development/chunk-OIYGIGL5.mjs:6123:3)
    at AppRoutes (C:/Projects/ma-saas-platform/M-S-SaaS-apex-deliver/frontend/src/App.tsx:99:45)
    at Router (file:///C:/Projects/ma-saas-platform/M-S-SaaS-apex-deliver/frontend/node_modules/react-router/dist/development/chunk-OIYGIGL5.mjs:6066:13)
    at MemoryRouter (file:///C:/Projects/ma-saas-platform/M-S-SaaS-apex-deliver/frontend/node_modules/react-router/dist/development/chunk-OIYGIGL5.mjs:5988:3)
    at QueryClientProvider (file:///C:/Projects/ma-saas-platform/M-S-SaaS-apex-deliver/frontend/node_modules/@tanstack/react-query/build/modern/QueryClientProvider.js:20:3)
Warning: React.jsx: type is invalid -- expected a string (for built-in components) or a class/function (for composite components) but got: undefined. You likely forgot to export your component from the file it's defined in, or you might have mixed up default and named imports.

Check the render method of `QuickActionsWidget`.
    at QuickActionsWidget
    at div
    at div
    at GridSystem (C:/Projects/ma-saas-platform/M-S-SaaS-apex-deliver/frontend/src/components/layout/GridSystem.tsx:8:3)
    at div
    at div
    at DashboardPage (C:/Projects/ma-saas-platform/M-S-SaaS-apex-deliver/frontend/src/pages/DashboardPage.tsx:20:90)
    at SignedIn (C:/Projects/ma-saas-platform/M-S-SaaS-apex-deliver/frontend/src/App.test.tsx:4:16)
    at DashboardRoute
    at RenderedRoute (file:///C:/Projects/ma-saas-platform/M-S-SaaS-apex-deliver/frontend/node_modules/react-router/dist/development/chunk-OIYGIGL5.mjs:5275:26)
    at Outlet (file:///C:/Projects/ma-saas-platform/M-S-SaaS-apex-deliver/frontend/node_modules/react-router/dist/development/chunk-OIYGIGL5.mjs:6057:26)
    at main
    at div
    at RootLayout (C:/Projects/ma-saas-platform/M-S-SaaS-apex-deliver/frontend/src/layouts/RootLayout.tsx:9:57)
    at RenderedRoute (file:///C:/Projects/ma-saas-platform/M-S-SaaS-apex-deliver/frontend/node_modules/react-router/dist/development/chunk-OIYGIGL5.mjs:5275:26)
    at Routes (file:///C:/Projects/ma-saas-platform/M-S-SaaS-apex-deliver/frontend/node_modules/react-router/dist/development/chunk-OIYGIGL5.mjs:6123:3)
    at AppRoutes (C:/Projects/ma-saas-platform/M-S-SaaS-apex-deliver/frontend/src/App.tsx:99:45)
    at Router (file:///C:/Projects/ma-saas-platform/M-S-SaaS-apex-deliver/frontend/node_modules/react-router/dist/development/chunk-OIYGIGL5.mjs:6066:13)
    at MemoryRouter (file:///C:/Projects/ma-saas-platform/M-S-SaaS-apex-deliver/frontend/node_modules/react-router/dist/development/chunk-OIYGIGL5.mjs:5988:3)
    at QueryClientProvider (file:///C:/Projects/ma-saas-platform/M-S-SaaS-apex-deliver/frontend/node_modules/@tanstack/react-query/build/modern/QueryClientProvider.js:20:3)
Warning: React.jsx: type is invalid -- expected a string (for built-in components) or a class/function (for composite components) but got: undefined. You likely forgot to export your component from the file it's defined in, or you might have mixed up default and named imports.

Check the render method of `QuickActionsWidget`.
    at QuickActionsWidget
    at div
    at div
    at GridSystem (C:/Projects/ma-saas-platform/M-S-SaaS-apex-deliver/frontend/src/components/layout/GridSystem.tsx:8:3)
    at div
    at div
    at DashboardPage (C:/Projects/ma-saas-platform/M-S-SaaS-apex-deliver/frontend/src/pages/DashboardPage.tsx:20:90)
    at SignedIn (C:/Projects/ma-saas-platform/M-S-SaaS-apex-deliver/frontend/src/App.test.tsx:4:16)
    at DashboardRoute
    at RenderedRoute (file:///C:/Projects/ma-saas-platform/M-S-SaaS-apex-deliver/frontend/node_modules/react-router/dist/development/chunk-OIYGIGL5.mjs:5275:26)
    at Outlet (file:///C:/Projects/ma-saas-platform/M-S-SaaS-apex-deliver/frontend/node_modules/react-router/dist/development/chunk-OIYGIGL5.mjs:6057:26)
    at main
    at div
    at RootLayout (C:/Projects/ma-saas-platform/M-S-SaaS-apex-deliver/frontend/src/layouts/RootLayout.tsx:9:57)
    at RenderedRoute (file:///C:/Projects/ma-saas-platform/M-S-SaaS-apex-deliver/frontend/node_modules/react-router/dist/development/chunk-OIYGIGL5.mjs:5275:26)
    at Routes (file:///C:/Projects/ma-saas-platform/M-S-SaaS-apex-deliver/frontend/node_modules/react-router/dist/development/chunk-OIYGIGL5.mjs:6123:3)
    at AppRoutes (C:/Projects/ma-saas-platform/M-S-SaaS-apex-deliver/frontend/src/App.tsx:99:45)
    at Router (file:///C:/Projects/ma-saas-platform/M-S-SaaS-apex-deliver/frontend/node_modules/react-router/dist/development/chunk-OIYGIGL5.mjs:6066:13)
    at MemoryRouter (file:///C:/Projects/ma-saas-platform/M-S-SaaS-apex-deliver/frontend/node_modules/react-router/dist/development/chunk-OIYGIGL5.mjs:5988:3)
    at QueryClientProvider (file:///C:/Projects/ma-saas-platform/M-S-SaaS-apex-deliver/frontend/node_modules/@tanstack/react-query/build/modern/QueryClientProvider.js:20:3)
Warning: React.jsx: type is invalid -- expected a string (for built-in components) or a class/function (for composite components) but got: undefined. You likely forgot to export your component from the file it's defined in, or you might have mixed up default and named imports.

Check the render method of `QuickActionsWidget`.
    at QuickActionsWidget
    at div
    at div
    at GridSystem (C:/Projects/ma-saas-platform/M-S-SaaS-apex-deliver/frontend/src/components/layout/GridSystem.tsx:8:3)
    at div
    at div
    at DashboardPage (C:/Projects/ma-saas-platform/M-S-SaaS-apex-deliver/frontend/src/pages/DashboardPage.tsx:20:90)
    at SignedIn (C:/Projects/ma-saas-platform/M-S-SaaS-apex-deliver/frontend/src/App.test.tsx:4:16)
    at DashboardRoute
    at RenderedRoute (file:///C:/Projects/ma-saas-platform/M-S-SaaS-apex-deliver/frontend/node_modules/react-router/dist/development/chunk-OIYGIGL5.mjs:5275:26)
    at Outlet (file:///C:/Projects/ma-saas-platform/M-S-SaaS-apex-deliver/frontend/node_modules/react-router/dist/development/chunk-OIYGIGL5.mjs:6057:26)
    at main
    at div
    at RootLayout (C:/Projects/ma-saas-platform/M-S-SaaS-apex-deliver/frontend/src/layouts/RootLayout.tsx:9:57)
    at RenderedRoute (file:///C:/Projects/ma-saas-platform/M-S-SaaS-apex-deliver/frontend/node_modules/react-router/dist/development/chunk-OIYGIGL5.mjs:5275:26)
    at Routes (file:///C:/Projects/ma-saas-platform/M-S-SaaS-apex-deliver/frontend/node_modules/react-router/dist/development/chunk-OIYGIGL5.mjs:6123:3)
    at AppRoutes (C:/Projects/ma-saas-platform/M-S-SaaS-apex-deliver/frontend/src/App.tsx:99:45)
    at Router (file:///C:/Projects/ma-saas-platform/M-S-SaaS-apex-deliver/frontend/node_modules/react-router/dist/development/chunk-OIYGIGL5.mjs:6066:13)
    at MemoryRouter (file:///C:/Projects/ma-saas-platform/M-S-SaaS-apex-deliver/frontend/node_modules/react-router/dist/development/chunk-OIYGIGL5.mjs:5988:3)
    at QueryClientProvider (file:///C:/Projects/ma-saas-platform/M-S-SaaS-apex-deliver/frontend/node_modules/@tanstack/react-query/build/modern/QueryClientProvider.js:20:3)
Warning: React.jsx: type is invalid -- expected a string (for built-in components) or a class/function (for composite components) but got: undefined. You likely forgot to export your component from the file it's defined in, or you might have mixed up default and named imports.

Check the render method of `QuickActionsWidget`.
    at QuickActionsWidget
    at div
    at div
    at GridSystem (C:/Projects/ma-saas-platform/M-S-SaaS-apex-deliver/frontend/src/components/layout/GridSystem.tsx:8:3)
    at div
    at div
    at DashboardPage (C:/Projects/ma-saas-platform/M-S-SaaS-apex-deliver/frontend/src/pages/DashboardPage.tsx:20:90)
    at SignedIn (C:/Projects/ma-saas-platform/M-S-SaaS-apex-deliver/frontend/src/App.test.tsx:4:16)
    at DashboardRoute
    at RenderedRoute (file:///C:/Projects/ma-saas-platform/M-S-SaaS-apex-deliver/frontend/node_modules/react-router/dist/development/chunk-OIYGIGL5.mjs:5275:26)
    at Outlet (file:///C:/Projects/ma-saas-platform/M-S-SaaS-apex-deliver/frontend/node_modules/react-router/dist/development/chunk-OIYGIGL5.mjs:6057:26)
    at main
    at div
    at RootLayout (C:/Projects/ma-saas-platform/M-S-SaaS-apex-deliver/frontend/src/layouts/RootLayout.tsx:9:57)
    at RenderedRoute (file:///C:/Projects/ma-saas-platform/M-S-SaaS-apex-deliver/frontend/node_modules/react-router/dist/development/chunk-OIYGIGL5.mjs:5275:26)
    at Routes (file:///C:/Projects/ma-saas-platform/M-S-SaaS-apex-deliver/frontend/node_modules/react-router/dist/development/chunk-OIYGIGL5.mjs:6123:3)
    at AppRoutes (C:/Projects/ma-saas-platform/M-S-SaaS-apex-deliver/frontend/src/App.tsx:99:45)
    at Router (file:///C:/Projects/ma-saas-platform/M-S-SaaS-apex-deliver/frontend/node_modules/react-router/dist/development/chunk-OIYGIGL5.mjs:6066:13)
    at MemoryRouter (file:///C:/Projects/ma-saas-platform/M-S-SaaS-apex-deliver/frontend/node_modules/react-router/dist/development/chunk-OIYGIGL5.mjs:5988:3)
    at QueryClientProvider (file:///C:/Projects/ma-saas-platform/M-S-SaaS-apex-deliver/frontend/node_modules/@tanstack/react-query/build/modern/QueryClientProvider.js:20:3)
Warning: React.jsx: type is invalid -- expected a string (for built-in components) or a class/function (for composite components) but got: undefined. You likely forgot to export your component from the file it's defined in, or you might have mixed up default and named imports.

Check the render method of `QuickActionsWidget`.
    at QuickActionsWidget
    at div
    at div
    at GridSystem (C:/Projects/ma-saas-platform/M-S-SaaS-apex-deliver/frontend/src/components/layout/GridSystem.tsx:8:3)
    at div
    at div
    at DashboardPage (C:/Projects/ma-saas-platform/M-S-SaaS-apex-deliver/frontend/src/pages/DashboardPage.tsx:20:90)
    at SignedIn (C:/Projects/ma-saas-platform/M-S-SaaS-apex-deliver/frontend/src/App.test.tsx:4:16)
    at DashboardRoute
    at RenderedRoute (file:///C:/Projects/ma-saas-platform/M-S-SaaS-apex-deliver/frontend/node_modules/react-router/dist/development/chunk-OIYGIGL5.mjs:5275:26)
    at Outlet (file:///C:/Projects/ma-saas-platform/M-S-SaaS-apex-deliver/frontend/node_modules/react-router/dist/development/chunk-OIYGIGL5.mjs:6057:26)
    at main
    at div
    at RootLayout (C:/Projects/ma-saas-platform/M-S-SaaS-apex-deliver/frontend/src/layouts/RootLayout.tsx:9:57)
    at RenderedRoute (file:///C:/Projects/ma-saas-platform/M-S-SaaS-apex-deliver/frontend/node_modules/react-router/dist/development/chunk-OIYGIGL5.mjs:5275:26)
    at Routes (file:///C:/Projects/ma-saas-platform/M-S-SaaS-apex-deliver/frontend/node_modules/react-router/dist/development/chunk-OIYGIGL5.mjs:6123:3)
    at AppRoutes (C:/Projects/ma-saas-platform/M-S-SaaS-apex-deliver/frontend/src/App.tsx:99:45)
    at Router (file:///C:/Projects/ma-saas-platform/M-S-SaaS-apex-deliver/frontend/node_modules/react-router/dist/development/chunk-OIYGIGL5.mjs:6066:13)
    at MemoryRouter (file:///C:/Projects/ma-saas-platform/M-S-SaaS-apex-deliver/frontend/node_modules/react-router/dist/development/chunk-OIYGIGL5.mjs:5988:3)
    at QueryClientProvider (file:///C:/Projects/ma-saas-platform/M-S-SaaS-apex-deliver/frontend/node_modules/@tanstack/react-query/build/modern/QueryClientProvider.js:20:3)
Warning: React.jsx: type is invalid -- expected a string (for built-in components) or a class/function (for composite components) but got: undefined. You likely forgot to export your component from the file it's defined in, or you might have mixed up default and named imports.

Check the render method of `QuickActionsWidget`.
    at QuickActionsWidget
    at div
    at div
    at GridSystem (C:/Projects/ma-saas-platform/M-S-SaaS-apex-deliver/frontend/src/components/layout/GridSystem.tsx:8:3)
    at div
    at div
    at DashboardPage (C:/Projects/ma-saas-platform/M-S-SaaS-apex-deliver/frontend/src/pages/DashboardPage.tsx:20:90)
    at SignedIn (C:/Projects/ma-saas-platform/M-S-SaaS-apex-deliver/frontend/src/App.test.tsx:4:16)
    at DashboardRoute
    at RenderedRoute (file:///C:/Projects/ma-saas-platform/M-S-SaaS-apex-deliver/frontend/node_modules/react-router/dist/development/chunk-OIYGIGL5.mjs:5275:26)
    at Outlet (file:///C:/Projects/ma-saas-platform/M-S-SaaS-apex-deliver/frontend/node_modules/react-router/dist/development/chunk-OIYGIGL5.mjs:6057:26)
    at main
    at div
    at RootLayout (C:/Projects/ma-saas-platform/M-S-SaaS-apex-deliver/frontend/src/layouts/RootLayout.tsx:9:57)
    at RenderedRoute (file:///C:/Projects/ma-saas-platform/M-S-SaaS-apex-deliver/frontend/node_modules/react-router/dist/development/chunk-OIYGIGL5.mjs:5275:26)
    at Routes (file:///C:/Projects/ma-saas-platform/M-S-SaaS-apex-deliver/frontend/node_modules/react-router/dist/development/chunk-OIYGIGL5.mjs:6123:3)
    at AppRoutes (C:/Projects/ma-saas-platform/M-S-SaaS-apex-deliver/frontend/src/App.tsx:99:45)
    at Router (file:///C:/Projects/ma-saas-platform/M-S-SaaS-apex-deliver/frontend/node_modules/react-router/dist/development/chunk-OIYGIGL5.mjs:6066:13)
    at MemoryRouter (file:///C:/Projects/ma-saas-platform/M-S-SaaS-apex-deliver/frontend/node_modules/react-router/dist/development/chunk-OIYGIGL5.mjs:5988:3)
    at QueryClientProvider (file:///C:/Projects/ma-saas-platform/M-S-SaaS-apex-deliver/frontend/node_modules/@tanstack/react-query/build/modern/QueryClientProvider.js:20:3)
Warning: React.jsx: type is invalid -- expected a string (for built-in components) or a class/function (for composite components) but got: undefined. You likely forgot to export your component from the file it's defined in, or you might have mixed up default and named imports.

Check the render method of `QuickActionsWidget`.
    at QuickActionsWidget
    at div
    at div
    at GridSystem (C:/Projects/ma-saas-platform/M-S-SaaS-apex-deliver/frontend/src/components/layout/GridSystem.tsx:8:3)
    at div
    at div
    at DashboardPage (C:/Projects/ma-saas-platform/M-S-SaaS-apex-deliver/frontend/src/pages/DashboardPage.tsx:20:90)
    at SignedIn (C:/Projects/ma-saas-platform/M-S-SaaS-apex-deliver/frontend/src/App.test.tsx:4:16)
    at DashboardRoute
    at RenderedRoute (file:///C:/Projects/ma-saas-platform/M-S-SaaS-apex-deliver/frontend/node_modules/react-router/dist/development/chunk-OIYGIGL5.mjs:5275:26)
    at Outlet (file:///C:/Projects/ma-saas-platform/M-S-SaaS-apex-deliver/frontend/node_modules/react-router/dist/development/chunk-OIYGIGL5.mjs:6057:26)
    at main
    at div
    at RootLayout (C:/Projects/ma-saas-platform/M-S-SaaS-apex-deliver/frontend/src/layouts/RootLayout.tsx:9:57)
    at RenderedRoute (file:///C:/Projects/ma-saas-platform/M-S-SaaS-apex-deliver/frontend/node_modules/react-router/dist/development/chunk-OIYGIGL5.mjs:5275:26)
    at Routes (file:///C:/Projects/ma-saas-platform/M-S-SaaS-apex-deliver/frontend/node_modules/react-router/dist/development/chunk-OIYGIGL5.mjs:6123:3)
    at AppRoutes (C:/Projects/ma-saas-platform/M-S-SaaS-apex-deliver/frontend/src/App.tsx:99:45)
    at Router (file:///C:/Projects/ma-saas-platform/M-S-SaaS-apex-deliver/frontend/node_modules/react-router/dist/development/chunk-OIYGIGL5.mjs:6066:13)
    at MemoryRouter (file:///C:/Projects/ma-saas-platform/M-S-SaaS-apex-deliver/frontend/node_modules/react-router/dist/development/chunk-OIYGIGL5.mjs:5988:3)
    at QueryClientProvider (file:///C:/Projects/ma-saas-platform/M-S-SaaS-apex-deliver/frontend/node_modules/@tanstack/react-query/build/modern/QueryClientProvider.js:20:3)
Warning: React.jsx: type is invalid -- expected a string (for built-in components) or a class/function (for composite components) but got: undefined. You likely forgot to export your component from the file it's defined in, or you might have mixed up default and named imports.

Check the render method of `QuickActionsWidget`.
    at QuickActionsWidget
    at div
    at div
    at GridSystem (C:/Projects/ma-saas-platform/M-S-SaaS-apex-deliver/frontend/src/components/layout/GridSystem.tsx:8:3)
    at div
    at div
    at DashboardPage (C:/Projects/ma-saas-platform/M-S-SaaS-apex-deliver/frontend/src/pages/DashboardPage.tsx:20:90)
    at SignedIn (C:/Projects/ma-saas-platform/M-S-SaaS-apex-deliver/frontend/src/App.test.tsx:4:16)
    at DashboardRoute
    at RenderedRoute (file:///C:/Projects/ma-saas-platform/M-S-SaaS-apex-deliver/frontend/node_modules/react-router/dist/development/chunk-OIYGIGL5.mjs:5275:26)
    at Outlet (file:///C:/Projects/ma-saas-platform/M-S-SaaS-apex-deliver/frontend/node_modules/react-router/dist/development/chunk-OIYGIGL5.mjs:6057:26)
    at main
    at div
    at RootLayout (C:/Projects/ma-saas-platform/M-S-SaaS-apex-deliver/frontend/src/layouts/RootLayout.tsx:9:57)
    at RenderedRoute (file:///C:/Projects/ma-saas-platform/M-S-SaaS-apex-deliver/frontend/node_modules/react-router/dist/development/chunk-OIYGIGL5.mjs:5275:26)
    at Routes (file:///C:/Projects/ma-saas-platform/M-S-SaaS-apex-deliver/frontend/node_modules/react-router/dist/development/chunk-OIYGIGL5.mjs:6123:3)
    at AppRoutes (C:/Projects/ma-saas-platform/M-S-SaaS-apex-deliver/frontend/src/App.tsx:99:45)
    at Router (file:///C:/Projects/ma-saas-platform/M-S-SaaS-apex-deliver/frontend/node_modules/react-router/dist/development/chunk-OIYGIGL5.mjs:6066:13)
    at MemoryRouter (file:///C:/Projects/ma-saas-platform/M-S-SaaS-apex-deliver/frontend/node_modules/react-router/dist/development/chunk-OIYGIGL5.mjs:5988:3)
    at QueryClientProvider (file:///C:/Projects/ma-saas-platform/M-S-SaaS-apex-deliver/frontend/node_modules/@tanstack/react-query/build/modern/QueryClientProvider.js:20:3)
Warning: React.jsx: type is invalid -- expected a string (for built-in components) or a class/function (for composite components) but got: undefined. You likely forgot to export your component from the file it's defined in, or you might have mixed up default and named imports.

Check the render method of `QuickActionsWidget`.
    at QuickActionsWidget
    at div
    at div
    at GridSystem (C:/Projects/ma-saas-platform/M-S-SaaS-apex-deliver/frontend/src/components/layout/GridSystem.tsx:8:3)
    at div
    at div
    at DashboardPage (C:/Projects/ma-saas-platform/M-S-SaaS-apex-deliver/frontend/src/pages/DashboardPage.tsx:20:90)
    at SignedIn (C:/Projects/ma-saas-platform/M-S-SaaS-apex-deliver/frontend/src/App.test.tsx:4:16)
    at DashboardRoute
    at RenderedRoute (file:///C:/Projects/ma-saas-platform/M-S-SaaS-apex-deliver/frontend/node_modules/react-router/dist/development/chunk-OIYGIGL5.mjs:5275:26)
    at Outlet (file:///C:/Projects/ma-saas-platform/M-S-SaaS-apex-deliver/frontend/node_modules/react-router/dist/development/chunk-OIYGIGL5.mjs:6057:26)
    at main
    at div
    at RootLayout (C:/Projects/ma-saas-platform/M-S-SaaS-apex-deliver/frontend/src/layouts/RootLayout.tsx:9:57)
    at RenderedRoute (file:///C:/Projects/ma-saas-platform/M-S-SaaS-apex-deliver/frontend/node_modules/react-router/dist/development/chunk-OIYGIGL5.mjs:5275:26)
    at Routes (file:///C:/Projects/ma-saas-platform/M-S-SaaS-apex-deliver/frontend/node_modules/react-router/dist/development/chunk-OIYGIGL5.mjs:6123:3)
    at AppRoutes (C:/Projects/ma-saas-platform/M-S-SaaS-apex-deliver/frontend/src/App.tsx:99:45)
    at Router (file:///C:/Projects/ma-saas-platform/M-S-SaaS-apex-deliver/frontend/node_modules/react-router/dist/development/chunk-OIYGIGL5.mjs:6066:13)
    at MemoryRouter (file:///C:/Projects/ma-saas-platform/M-S-SaaS-apex-deliver/frontend/node_modules/react-router/dist/development/chunk-OIYGIGL5.mjs:5988:3)
    at QueryClientProvider (file:///C:/Projects/ma-saas-platform/M-S-SaaS-apex-deliver/frontend/node_modules/@tanstack/react-query/build/modern/QueryClientProvider.js:20:3)
Warning: React.jsx: type is invalid -- expected a string (for built-in components) or a class/function (for composite components) but got: undefined. You likely forgot to export your component from the file it's defined in, or you might have mixed up default and named imports.

Check the render method of `QuickActionsWidget`.
    at QuickActionsWidget
    at div
    at div
    at GridSystem (C:/Projects/ma-saas-platform/M-S-SaaS-apex-deliver/frontend/src/components/layout/GridSystem.tsx:8:3)
    at div
    at div
    at DashboardPage (C:/Projects/ma-saas-platform/M-S-SaaS-apex-deliver/frontend/src/pages/DashboardPage.tsx:20:90)
    at SignedIn (C:/Projects/ma-saas-platform/M-S-SaaS-apex-deliver/frontend/src/App.test.tsx:4:16)
    at DashboardRoute
    at RenderedRoute (file:///C:/Projects/ma-saas-platform/M-S-SaaS-apex-deliver/frontend/node_modules/react-router/dist/development/chunk-OIYGIGL5.mjs:5275:26)
    at Outlet (file:///C:/Projects/ma-saas-platform/M-S-SaaS-apex-deliver/frontend/node_modules/react-router/dist/development/chunk-OIYGIGL5.mjs:6057:26)
    at main
    at div
    at RootLayout (C:/Projects/ma-saas-platform/M-S-SaaS-apex-deliver/frontend/src/layouts/RootLayout.tsx:9:57)
    at RenderedRoute (file:///C:/Projects/ma-saas-platform/M-S-SaaS-apex-deliver/frontend/node_modules/react-router/dist/development/chunk-OIYGIGL5.mjs:5275:26)
    at Routes (file:///C:/Projects/ma-saas-platform/M-S-SaaS-apex-deliver/frontend/node_modules/react-router/dist/development/chunk-OIYGIGL5.mjs:6123:3)
    at AppRoutes (C:/Projects/ma-saas-platform/M-S-SaaS-apex-deliver/frontend/src/App.tsx:99:45)
    at Router (file:///C:/Projects/ma-saas-platform/M-S-SaaS-apex-deliver/frontend/node_modules/react-router/dist/development/chunk-OIYGIGL5.mjs:6066:13)
    at MemoryRouter (file:///C:/Projects/ma-saas-platform/M-S-SaaS-apex-deliver/frontend/node_modules/react-router/dist/development/chunk-OIYGIGL5.mjs:5988:3)
    at QueryClientProvider (file:///C:/Projects/ma-saas-platform/M-S-SaaS-apex-deliver/frontend/node_modules/@tanstack/react-query/build/modern/QueryClientProvider.js:20:3)
Warning: React.jsx: type is invalid -- expected a string (for built-in components) or a class/function (for composite components) but got: undefined. You likely forgot to export your component from the file it's defined in, or you might have mixed up default and named imports.

Check the render method of `QuickActionsWidget`.
    at QuickActionsWidget
    at div
    at div
    at GridSystem (C:/Projects/ma-saas-platform/M-S-SaaS-apex-deliver/frontend/src/components/layout/GridSystem.tsx:8:3)
    at div
    at div
    at DashboardPage (C:/Projects/ma-saas-platform/M-S-SaaS-apex-deliver/frontend/src/pages/DashboardPage.tsx:20:90)
    at SignedIn (C:/Projects/ma-saas-platform/M-S-SaaS-apex-deliver/frontend/src/App.test.tsx:4:16)
    at DashboardRoute
    at RenderedRoute (file:///C:/Projects/ma-saas-platform/M-S-SaaS-apex-deliver/frontend/node_modules/react-router/dist/development/chunk-OIYGIGL5.mjs:5275:26)
    at Outlet (file:///C:/Projects/ma-saas-platform/M-S-SaaS-apex-deliver/frontend/node_modules/react-router/dist/development/chunk-OIYGIGL5.mjs:6057:26)
    at main
    at div
    at RootLayout (C:/Projects/ma-saas-platform/M-S-SaaS-apex-deliver/frontend/src/layouts/RootLayout.tsx:9:57)
    at RenderedRoute (file:///C:/Projects/ma-saas-platform/M-S-SaaS-apex-deliver/frontend/node_modules/react-router/dist/development/chunk-OIYGIGL5.mjs:5275:26)
    at Routes (file:///C:/Projects/ma-saas-platform/M-S-SaaS-apex-deliver/frontend/node_modules/react-router/dist/development/chunk-OIYGIGL5.mjs:6123:3)
    at AppRoutes (C:/Projects/ma-saas-platform/M-S-SaaS-apex-deliver/frontend/src/App.tsx:99:45)
    at Router (file:///C:/Projects/ma-saas-platform/M-S-SaaS-apex-deliver/frontend/node_modules/react-router/dist/development/chunk-OIYGIGL5.mjs:6066:13)
    at MemoryRouter (file:///C:/Projects/ma-saas-platform/M-S-SaaS-apex-deliver/frontend/node_modules/react-router/dist/development/chunk-OIYGIGL5.mjs:5988:3)
    at QueryClientProvider (file:///C:/Projects/ma-saas-platform/M-S-SaaS-apex-deliver/frontend/node_modules/@tanstack/react-query/build/modern/QueryClientProvider.js:20:3)
Error: Element type is invalid: expected a string (for built-in components) or a class/function (for composite components) but got: undefined. You likely forgot to export your component from the file it's defined in, or you might have mixed up default and named imports.

Check the render method of `QuickActionsWidget`.
    at createFiberFromTypeAndProps (C:\Projects\ma-saas-platform\M-S-SaaS-apex-deliver\frontend\node_modules\react-dom\cjs\react-dom.development.js:28478:17)
    at createFiberFromElement (C:\Projects\ma-saas-platform\M-S-SaaS-apex-deliver\frontend\node_modules\react-dom\cjs\react-dom.development.js:28504:15)
    at reconcileSingleElement (C:\Projects\ma-saas-platform\M-S-SaaS-apex-deliver\frontend\node_modules\react-dom\cjs\react-dom.development.js:13986:23)
    at reconcileChildFibers (C:\Projects\ma-saas-platform\M-S-SaaS-apex-deliver\frontend\node_modules\react-dom\cjs\react-dom.development.js:14044:35)
    at reconcileChildren (C:\Projects\ma-saas-platform\M-S-SaaS-apex-deliver\frontend\node_modules\react-dom\cjs\react-dom.development.js:19186:28)
    at mountIndeterminateComponent (C:\Projects\ma-saas-platform\M-S-SaaS-apex-deliver\frontend\node_modules\react-dom\cjs\react-dom.development.js:20186:5)
    at beginWork (C:\Projects\ma-saas-platform\M-S-SaaS-apex-deliver\frontend\node_modules\react-dom\cjs\react-dom.development.js:21626:16)
    at HTMLUnknownElement.callCallback (C:\Projects\ma-saas-platform\M-S-SaaS-apex-deliver\frontend\node_modules\react-dom\cjs\react-dom.development.js:4164:14)
    at HTMLUnknownElement.callTheUserObjectsOperation (C:\Projects\ma-saas-platform\M-S-SaaS-apex-deliver\frontend\node_modules\jsdom\lib\jsdom\living\generated\EventListener.js:26:30)
    at innerInvokeEventListeners (C:\Projects\ma-saas-platform\M-S-SaaS-apex-deliver\frontend\node_modules\jsdom\lib\jsdom\living\events\EventTarget-impl.js:360:16)
Warning: React.jsx: type is invalid -- expected a string (for built-in components) or a class/function (for composite components) but got: undefined. You likely forgot to export your component from the file it's defined in, or you might have mixed up default and named imports.

Check the render method of `ActivityFeedWidget`.
    at ActivityFeedWidget (C:/Projects/ma-saas-platform/M-S-SaaS-apex-deliver/frontend/src/pages/DashboardPage.tsx:141:31)
    at div
    at GridSystem (C:/Projects/ma-saas-platform/M-S-SaaS-apex-deliver/frontend/src/components/layout/GridSystem.tsx:8:3)
    at div
    at div
    at DashboardPage (C:/Projects/ma-saas-platform/M-S-SaaS-apex-deliver/frontend/src/pages/DashboardPage.tsx:20:90)
    at SignedIn (C:/Projects/ma-saas-platform/M-S-SaaS-apex-deliver/frontend/src/App.test.tsx:4:16)
    at DashboardRoute
    at RenderedRoute (file:///C:/Projects/ma-saas-platform/M-S-SaaS-apex-deliver/frontend/node_modules/react-router/dist/development/chunk-OIYGIGL5.mjs:5275:26)
    at Outlet (file:///C:/Projects/ma-saas-platform/M-S-SaaS-apex-deliver/frontend/node_modules/react-router/dist/development/chunk-OIYGIGL5.mjs:6057:26)
    at main
    at div
    at RootLayout (C:/Projects/ma-saas-platform/M-S-SaaS-apex-deliver/frontend/src/layouts/RootLayout.tsx:9:57)
    at RenderedRoute (file:///C:/Projects/ma-saas-platform/M-S-SaaS-apex-deliver/frontend/node_modules/react-router/dist/development/chunk-OIYGIGL5.mjs:5275:26)
    at Routes (file:///C:/Projects/ma-saas-platform/M-S-SaaS-apex-deliver/frontend/node_modules/react-router/dist/development/chunk-OIYGIGL5.mjs:6123:3)
    at AppRoutes (C:/Projects/ma-saas-platform/M-S-SaaS-apex-deliver/frontend/src/App.tsx:99:45)
    at Router (file:///C:/Projects/ma-saas-platform/M-S-SaaS-apex-deliver/frontend/node_modules/react-router/dist/development/chunk-OIYGIGL5.mjs:6066:13)
    at MemoryRouter (file:///C:/Projects/ma-saas-platform/M-S-SaaS-apex-deliver/frontend/node_modules/react-router/dist/development/chunk-OIYGIGL5.mjs:5988:3)
    at QueryClientProvider (file:///C:/Projects/ma-saas-platform/M-S-SaaS-apex-deliver/frontend/node_modules/@tanstack/react-query/build/modern/QueryClientProvider.js:20:3)
Warning: React.jsx: type is invalid -- expected a string (for built-in components) or a class/function (for composite components) but got: undefined. You likely forgot to export your component from the file it's defined in, or you might have mixed up default and named imports.

Check the render method of `ActivityFeedWidget`.
    at ActivityFeedWidget (C:/Projects/ma-saas-platform/M-S-SaaS-apex-deliver/frontend/src/pages/DashboardPage.tsx:141:31)
    at div
    at GridSystem (C:/Projects/ma-saas-platform/M-S-SaaS-apex-deliver/frontend/src/components/layout/GridSystem.tsx:8:3)
    at div
    at div
    at DashboardPage (C:/Projects/ma-saas-platform/M-S-SaaS-apex-deliver/frontend/src/pages/DashboardPage.tsx:20:90)
    at SignedIn (C:/Projects/ma-saas-platform/M-S-SaaS-apex-deliver/frontend/src/App.test.tsx:4:16)
    at DashboardRoute
    at RenderedRoute (file:///C:/Projects/ma-saas-platform/M-S-SaaS-apex-deliver/frontend/node_modules/react-router/dist/development/chunk-OIYGIGL5.mjs:5275:26)
    at Outlet (file:///C:/Projects/ma-saas-platform/M-S-SaaS-apex-deliver/frontend/node_modules/react-router/dist/development/chunk-OIYGIGL5.mjs:6057:26)
    at main
    at div
    at RootLayout (C:/Projects/ma-saas-platform/M-S-SaaS-apex-deliver/frontend/src/layouts/RootLayout.tsx:9:57)
    at RenderedRoute (file:///C:/Projects/ma-saas-platform/M-S-SaaS-apex-deliver/frontend/node_modules/react-router/dist/development/chunk-OIYGIGL5.mjs:5275:26)
    at Routes (file:///C:/Projects/ma-saas-platform/M-S-SaaS-apex-deliver/frontend/node_modules/react-router/dist/development/chunk-OIYGIGL5.mjs:6123:3)
    at AppRoutes (C:/Projects/ma-saas-platform/M-S-SaaS-apex-deliver/frontend/src/App.tsx:99:45)
    at Router (file:///C:/Projects/ma-saas-platform/M-S-SaaS-apex-deliver/frontend/node_modules/react-router/dist/development/chunk-OIYGIGL5.mjs:6066:13)
    at MemoryRouter (file:///C:/Projects/ma-saas-platform/M-S-SaaS-apex-deliver/frontend/node_modules/react-router/dist/development/chunk-OIYGIGL5.mjs:5988:3)
    at QueryClientProvider (file:///C:/Projects/ma-saas-platform/M-S-SaaS-apex-deliver/frontend/node_modules/@tanstack/react-query/build/modern/QueryClientProvider.js:20:3)
Warning: React.jsx: type is invalid -- expected a string (for built-in components) or a class/function (for composite components) but got: undefined. You likely forgot to export your component from the file it's defined in, or you might have mixed up default and named imports.

Check the render method of `ActivityFeedWidget`.
    at ActivityFeedWidget (C:/Projects/ma-saas-platform/M-S-SaaS-apex-deliver/frontend/src/pages/DashboardPage.tsx:141:31)
    at div
    at GridSystem (C:/Projects/ma-saas-platform/M-S-SaaS-apex-deliver/frontend/src/components/layout/GridSystem.tsx:8:3)
    at div
    at div
    at DashboardPage (C:/Projects/ma-saas-platform/M-S-SaaS-apex-deliver/frontend/src/pages/DashboardPage.tsx:20:90)
    at SignedIn (C:/Projects/ma-saas-platform/M-S-SaaS-apex-deliver/frontend/src/App.test.tsx:4:16)
    at DashboardRoute
    at RenderedRoute (file:///C:/Projects/ma-saas-platform/M-S-SaaS-apex-deliver/frontend/node_modules/react-router/dist/development/chunk-OIYGIGL5.mjs:5275:26)
    at Outlet (file:///C:/Projects/ma-saas-platform/M-S-SaaS-apex-deliver/frontend/node_modules/react-router/dist/development/chunk-OIYGIGL5.mjs:6057:26)
    at main
    at div
    at RootLayout (C:/Projects/ma-saas-platform/M-S-SaaS-apex-deliver/frontend/src/layouts/RootLayout.tsx:9:57)
    at RenderedRoute (file:///C:/Projects/ma-saas-platform/M-S-SaaS-apex-deliver/frontend/node_modules/react-router/dist/development/chunk-OIYGIGL5.mjs:5275:26)
    at Routes (file:///C:/Projects/ma-saas-platform/M-S-SaaS-apex-deliver/frontend/node_modules/react-router/dist/development/chunk-OIYGIGL5.mjs:6123:3)
    at AppRoutes (C:/Projects/ma-saas-platform/M-S-SaaS-apex-deliver/frontend/src/App.tsx:99:45)
    at Router (file:///C:/Projects/ma-saas-platform/M-S-SaaS-apex-deliver/frontend/node_modules/react-router/dist/development/chunk-OIYGIGL5.mjs:6066:13)
    at MemoryRouter (file:///C:/Projects/ma-saas-platform/M-S-SaaS-apex-deliver/frontend/node_modules/react-router/dist/development/chunk-OIYGIGL5.mjs:5988:3)
    at QueryClientProvider (file:///C:/Projects/ma-saas-platform/M-S-SaaS-apex-deliver/frontend/node_modules/@tanstack/react-query/build/modern/QueryClientProvider.js:20:3)
Warning: React.jsx: type is invalid -- expected a string (for built-in components) or a class/function (for composite components) but got: undefined. You likely forgot to export your component from the file it's defined in, or you might have mixed up default and named imports.

Check the render method of `ActivityFeedWidget`.
    at ActivityFeedWidget (C:/Projects/ma-saas-platform/M-S-SaaS-apex-deliver/frontend/src/pages/DashboardPage.tsx:141:31)
    at div
    at GridSystem (C:/Projects/ma-saas-platform/M-S-SaaS-apex-deliver/frontend/src/components/layout/GridSystem.tsx:8:3)
    at div
    at div
    at DashboardPage (C:/Projects/ma-saas-platform/M-S-SaaS-apex-deliver/frontend/src/pages/DashboardPage.tsx:20:90)
    at SignedIn (C:/Projects/ma-saas-platform/M-S-SaaS-apex-deliver/frontend/src/App.test.tsx:4:16)
    at DashboardRoute
    at RenderedRoute (file:///C:/Projects/ma-saas-platform/M-S-SaaS-apex-deliver/frontend/node_modules/react-router/dist/development/chunk-OIYGIGL5.mjs:5275:26)
    at Outlet (file:///C:/Projects/ma-saas-platform/M-S-SaaS-apex-deliver/frontend/node_modules/react-router/dist/development/chunk-OIYGIGL5.mjs:6057:26)
    at main
    at div
    at RootLayout (C:/Projects/ma-saas-platform/M-S-SaaS-apex-deliver/frontend/src/layouts/RootLayout.tsx:9:57)
    at RenderedRoute (file:///C:/Projects/ma-saas-platform/M-S-SaaS-apex-deliver/frontend/node_modules/react-router/dist/development/chunk-OIYGIGL5.mjs:5275:26)
    at Routes (file:///C:/Projects/ma-saas-platform/M-S-SaaS-apex-deliver/frontend/node_modules/react-router/dist/development/chunk-OIYGIGL5.mjs:6123:3)
    at AppRoutes (C:/Projects/ma-saas-platform/M-S-SaaS-apex-deliver/frontend/src/App.tsx:99:45)
    at Router (file:///C:/Projects/ma-saas-platform/M-S-SaaS-apex-deliver/frontend/node_modules/react-router/dist/development/chunk-OIYGIGL5.mjs:6066:13)
    at MemoryRouter (file:///C:/Projects/ma-saas-platform/M-S-SaaS-apex-deliver/frontend/node_modules/react-router/dist/development/chunk-OIYGIGL5.mjs:5988:3)
    at QueryClientProvider (file:///C:/Projects/ma-saas-platform/M-S-SaaS-apex-deliver/frontend/node_modules/@tanstack/react-query/build/modern/QueryClientProvider.js:20:3)
Warning: React.jsx: type is invalid -- expected a string (for built-in components) or a class/function (for composite components) but got: undefined. You likely forgot to export your component from the file it's defined in, or you might have mixed up default and named imports.

Check the render method of `ActivityFeedWidget`.
    at ActivityFeedWidget (C:/Projects/ma-saas-platform/M-S-SaaS-apex-deliver/frontend/src/pages/DashboardPage.tsx:141:31)
    at div
    at GridSystem (C:/Projects/ma-saas-platform/M-S-SaaS-apex-deliver/frontend/src/components/layout/GridSystem.tsx:8:3)
    at div
    at div
    at DashboardPage (C:/Projects/ma-saas-platform/M-S-SaaS-apex-deliver/frontend/src/pages/DashboardPage.tsx:20:90)
    at SignedIn (C:/Projects/ma-saas-platform/M-S-SaaS-apex-deliver/frontend/src/App.test.tsx:4:16)
    at DashboardRoute
    at RenderedRoute (file:///C:/Projects/ma-saas-platform/M-S-SaaS-apex-deliver/frontend/node_modules/react-router/dist/development/chunk-OIYGIGL5.mjs:5275:26)
    at Outlet (file:///C:/Projects/ma-saas-platform/M-S-SaaS-apex-deliver/frontend/node_modules/react-router/dist/development/chunk-OIYGIGL5.mjs:6057:26)
    at main
    at div
    at RootLayout (C:/Projects/ma-saas-platform/M-S-SaaS-apex-deliver/frontend/src/layouts/RootLayout.tsx:9:57)
    at RenderedRoute (file:///C:/Projects/ma-saas-platform/M-S-SaaS-apex-deliver/frontend/node_modules/react-router/dist/development/chunk-OIYGIGL5.mjs:5275:26)
    at Routes (file:///C:/Projects/ma-saas-platform/M-S-SaaS-apex-deliver/frontend/node_modules/react-router/dist/development/chunk-OIYGIGL5.mjs:6123:3)
    at AppRoutes (C:/Projects/ma-saas-platform/M-S-SaaS-apex-deliver/frontend/src/App.tsx:99:45)
    at Router (file:///C:/Projects/ma-saas-platform/M-S-SaaS-apex-deliver/frontend/node_modules/react-router/dist/development/chunk-OIYGIGL5.mjs:6066:13)
    at MemoryRouter (file:///C:/Projects/ma-saas-platform/M-S-SaaS-apex-deliver/frontend/node_modules/react-router/dist/development/chunk-OIYGIGL5.mjs:5988:3)
    at QueryClientProvider (file:///C:/Projects/ma-saas-platform/M-S-SaaS-apex-deliver/frontend/node_modules/@tanstack/react-query/build/modern/QueryClientProvider.js:20:3)
Warning: React.jsx: type is invalid -- expected a string (for built-in components) or a class/function (for composite components) but got: undefined. You likely forgot to export your component from the file it's defined in, or you might have mixed up default and named imports.

Check the render method of `ActivityFeedWidget`.
    at ActivityFeedWidget (C:/Projects/ma-saas-platform/M-S-SaaS-apex-deliver/frontend/src/pages/DashboardPage.tsx:141:31)
    at div
    at GridSystem (C:/Projects/ma-saas-platform/M-S-SaaS-apex-deliver/frontend/src/components/layout/GridSystem.tsx:8:3)
    at div
    at div
    at DashboardPage (C:/Projects/ma-saas-platform/M-S-SaaS-apex-deliver/frontend/src/pages/DashboardPage.tsx:20:90)
    at SignedIn (C:/Projects/ma-saas-platform/M-S-SaaS-apex-deliver/frontend/src/App.test.tsx:4:16)
    at DashboardRoute
    at RenderedRoute (file:///C:/Projects/ma-saas-platform/M-S-SaaS-apex-deliver/frontend/node_modules/react-router/dist/development/chunk-OIYGIGL5.mjs:5275:26)
    at Outlet (file:///C:/Projects/ma-saas-platform/M-S-SaaS-apex-deliver/frontend/node_modules/react-router/dist/development/chunk-OIYGIGL5.mjs:6057:26)
    at main
    at div
    at RootLayout (C:/Projects/ma-saas-platform/M-S-SaaS-apex-deliver/frontend/src/layouts/RootLayout.tsx:9:57)
    at RenderedRoute (file:///C:/Projects/ma-saas-platform/M-S-SaaS-apex-deliver/frontend/node_modules/react-router/dist/development/chunk-OIYGIGL5.mjs:5275:26)
    at Routes (file:///C:/Projects/ma-saas-platform/M-S-SaaS-apex-deliver/frontend/node_modules/react-router/dist/development/chunk-OIYGIGL5.mjs:6123:3)
    at AppRoutes (C:/Projects/ma-saas-platform/M-S-SaaS-apex-deliver/frontend/src/App.tsx:99:45)
    at Router (file:///C:/Projects/ma-saas-platform/M-S-SaaS-apex-deliver/frontend/node_modules/react-router/dist/development/chunk-OIYGIGL5.mjs:6066:13)
    at MemoryRouter (file:///C:/Projects/ma-saas-platform/M-S-SaaS-apex-deliver/frontend/node_modules/react-router/dist/development/chunk-OIYGIGL5.mjs:5988:3)
    at QueryClientProvider (file:///C:/Projects/ma-saas-platform/M-S-SaaS-apex-deliver/frontend/node_modules/@tanstack/react-query/build/modern/QueryClientProvider.js:20:3)
Error: Element type is invalid: expected a string (for built-in components) or a class/function (for composite components) but got: undefined. You likely forgot to export your component from the file it's defined in, or you might have mixed up default and named imports.

Check the render method of `ActivityFeedWidget`.
    at createFiberFromTypeAndProps (C:\Projects\ma-saas-platform\M-S-SaaS-apex-deliver\frontend\node_modules\react-dom\cjs\react-dom.development.js:28478:17)
    at createFiberFromElement (C:\Projects\ma-saas-platform\M-S-SaaS-apex-deliver\frontend\node_modules\react-dom\cjs\react-dom.development.js:28504:15)
    at reconcileSingleElement (C:\Projects\ma-saas-platform\M-S-SaaS-apex-deliver\frontend\node_modules\react-dom\cjs\react-dom.development.js:13986:23)
    at reconcileChildFibers (C:\Projects\ma-saas-platform\M-S-SaaS-apex-deliver\frontend\node_modules\react-dom\cjs\react-dom.development.js:14044:35)
    at reconcileChildren (C:\Projects\ma-saas-platform\M-S-SaaS-apex-deliver\frontend\node_modules\react-dom\cjs\react-dom.development.js:19186:28)
    at mountIndeterminateComponent (C:\Projects\ma-saas-platform\M-S-SaaS-apex-deliver\frontend\node_modules\react-dom\cjs\react-dom.development.js:20186:5)
    at beginWork (C:\Projects\ma-saas-platform\M-S-SaaS-apex-deliver\frontend\node_modules\react-dom\cjs\react-dom.development.js:21626:16)
    at HTMLUnknownElement.callCallback (C:\Projects\ma-saas-platform\M-S-SaaS-apex-deliver\frontend\node_modules\react-dom\cjs\react-dom.development.js:4164:14)
    at HTMLUnknownElement.callTheUserObjectsOperation (C:\Projects\ma-saas-platform\M-S-SaaS-apex-deliver\frontend\node_modules\jsdom\lib\jsdom\living\generated\EventListener.js:26:30)
    at innerInvokeEventListeners (C:\Projects\ma-saas-platform\M-S-SaaS-apex-deliver\frontend\node_modules\jsdom\lib\jsdom\living\events\EventTarget-impl.js:360:16)
Warning: React.jsx: type is invalid -- expected a string (for built-in components) or a class/function (for composite components) but got: undefined. You likely forgot to export your component from the file it's defined in, or you might have mixed up default and named imports.

Check the render method of `UpcomingTasksWidget`.
    at UpcomingTasksWidget
    at div
    at GridSystem (C:/Projects/ma-saas-platform/M-S-SaaS-apex-deliver/frontend/src/components/layout/GridSystem.tsx:8:3)
    at div
    at div
    at DashboardPage (C:/Projects/ma-saas-platform/M-S-SaaS-apex-deliver/frontend/src/pages/DashboardPage.tsx:20:90)
    at SignedIn (C:/Projects/ma-saas-platform/M-S-SaaS-apex-deliver/frontend/src/App.test.tsx:4:16)
    at DashboardRoute
    at RenderedRoute (file:///C:/Projects/ma-saas-platform/M-S-SaaS-apex-deliver/frontend/node_modules/react-router/dist/development/chunk-OIYGIGL5.mjs:5275:26)
    at Outlet (file:///C:/Projects/ma-saas-platform/M-S-SaaS-apex-deliver/frontend/node_modules/react-router/dist/development/chunk-OIYGIGL5.mjs:6057:26)
    at main
    at div
    at RootLayout (C:/Projects/ma-saas-platform/M-S-SaaS-apex-deliver/frontend/src/layouts/RootLayout.tsx:9:57)
    at RenderedRoute (file:///C:/Projects/ma-saas-platform/M-S-SaaS-apex-deliver/frontend/node_modules/react-router/dist/development/chunk-OIYGIGL5.mjs:5275:26)
    at Routes (file:///C:/Projects/ma-saas-platform/M-S-SaaS-apex-deliver/frontend/node_modules/react-router/dist/development/chunk-OIYGIGL5.mjs:6123:3)
    at AppRoutes (C:/Projects/ma-saas-platform/M-S-SaaS-apex-deliver/frontend/src/App.tsx:99:45)
    at Router (file:///C:/Projects/ma-saas-platform/M-S-SaaS-apex-deliver/frontend/node_modules/react-router/dist/development/chunk-OIYGIGL5.mjs:6066:13)
    at MemoryRouter (file:///C:/Projects/ma-saas-platform/M-S-SaaS-apex-deliver/frontend/node_modules/react-router/dist/development/chunk-OIYGIGL5.mjs:5988:3)
    at QueryClientProvider (file:///C:/Projects/ma-saas-platform/M-S-SaaS-apex-deliver/frontend/node_modules/@tanstack/react-query/build/modern/QueryClientProvider.js:20:3)
Warning: React.jsx: type is invalid -- expected a string (for built-in components) or a class/function (for composite components) but got: undefined. You likely forgot to export your component from the file it's defined in, or you might have mixed up default and named imports.

Check the render method of `UpcomingTasksWidget`.
    at UpcomingTasksWidget
    at div
    at GridSystem (C:/Projects/ma-saas-platform/M-S-SaaS-apex-deliver/frontend/src/components/layout/GridSystem.tsx:8:3)
    at div
    at div
    at DashboardPage (C:/Projects/ma-saas-platform/M-S-SaaS-apex-deliver/frontend/src/pages/DashboardPage.tsx:20:90)
    at SignedIn (C:/Projects/ma-saas-platform/M-S-SaaS-apex-deliver/frontend/src/App.test.tsx:4:16)
    at DashboardRoute
    at RenderedRoute (file:///C:/Projects/ma-saas-platform/M-S-SaaS-apex-deliver/frontend/node_modules/react-router/dist/development/chunk-OIYGIGL5.mjs:5275:26)
    at Outlet (file:///C:/Projects/ma-saas-platform/M-S-SaaS-apex-deliver/frontend/node_modules/react-router/dist/development/chunk-OIYGIGL5.mjs:6057:26)
    at main
    at div
    at RootLayout (C:/Projects/ma-saas-platform/M-S-SaaS-apex-deliver/frontend/src/layouts/RootLayout.tsx:9:57)
    at RenderedRoute (file:///C:/Projects/ma-saas-platform/M-S-SaaS-apex-deliver/frontend/node_modules/react-router/dist/development/chunk-OIYGIGL5.mjs:5275:26)
    at Routes (file:///C:/Projects/ma-saas-platform/M-S-SaaS-apex-deliver/frontend/node_modules/react-router/dist/development/chunk-OIYGIGL5.mjs:6123:3)
    at AppRoutes (C:/Projects/ma-saas-platform/M-S-SaaS-apex-deliver/frontend/src/App.tsx:99:45)
    at Router (file:///C:/Projects/ma-saas-platform/M-S-SaaS-apex-deliver/frontend/node_modules/react-router/dist/development/chunk-OIYGIGL5.mjs:6066:13)
    at MemoryRouter (file:///C:/Projects/ma-saas-platform/M-S-SaaS-apex-deliver/frontend/node_modules/react-router/dist/development/chunk-OIYGIGL5.mjs:5988:3)
    at QueryClientProvider (file:///C:/Projects/ma-saas-platform/M-S-SaaS-apex-deliver/frontend/node_modules/@tanstack/react-query/build/modern/QueryClientProvider.js:20:3)
Warning: React.jsx: type is invalid -- expected a string (for built-in components) or a class/function (for composite components) but got: undefined. You likely forgot to export your component from the file it's defined in, or you might have mixed up default and named imports.

Check the render method of `UpcomingTasksWidget`.
    at UpcomingTasksWidget
    at div
    at GridSystem (C:/Projects/ma-saas-platform/M-S-SaaS-apex-deliver/frontend/src/components/layout/GridSystem.tsx:8:3)
    at div
    at div
    at DashboardPage (C:/Projects/ma-saas-platform/M-S-SaaS-apex-deliver/frontend/src/pages/DashboardPage.tsx:20:90)
    at SignedIn (C:/Projects/ma-saas-platform/M-S-SaaS-apex-deliver/frontend/src/App.test.tsx:4:16)
    at DashboardRoute
    at RenderedRoute (file:///C:/Projects/ma-saas-platform/M-S-SaaS-apex-deliver/frontend/node_modules/react-router/dist/development/chunk-OIYGIGL5.mjs:5275:26)
    at Outlet (file:///C:/Projects/ma-saas-platform/M-S-SaaS-apex-deliver/frontend/node_modules/react-router/dist/development/chunk-OIYGIGL5.mjs:6057:26)
    at main
    at div
    at RootLayout (C:/Projects/ma-saas-platform/M-S-SaaS-apex-deliver/frontend/src/layouts/RootLayout.tsx:9:57)
    at RenderedRoute (file:///C:/Projects/ma-saas-platform/M-S-SaaS-apex-deliver/frontend/node_modules/react-router/dist/development/chunk-OIYGIGL5.mjs:5275:26)
    at Routes (file:///C:/Projects/ma-saas-platform/M-S-SaaS-apex-deliver/frontend/node_modules/react-router/dist/development/chunk-OIYGIGL5.mjs:6123:3)
    at AppRoutes (C:/Projects/ma-saas-platform/M-S-SaaS-apex-deliver/frontend/src/App.tsx:99:45)
    at Router (file:///C:/Projects/ma-saas-platform/M-S-SaaS-apex-deliver/frontend/node_modules/react-router/dist/development/chunk-OIYGIGL5.mjs:6066:13)
    at MemoryRouter (file:///C:/Projects/ma-saas-platform/M-S-SaaS-apex-deliver/frontend/node_modules/react-router/dist/development/chunk-OIYGIGL5.mjs:5988:3)
    at QueryClientProvider (file:///C:/Projects/ma-saas-platform/M-S-SaaS-apex-deliver/frontend/node_modules/@tanstack/react-query/build/modern/QueryClientProvider.js:20:3)
Warning: React.jsx: type is invalid -- expected a string (for built-in components) or a class/function (for composite components) but got: undefined. You likely forgot to export your component from the file it's defined in, or you might have mixed up default and named imports.

Check the render method of `UpcomingTasksWidget`.
    at UpcomingTasksWidget
    at div
    at GridSystem (C:/Projects/ma-saas-platform/M-S-SaaS-apex-deliver/frontend/src/components/layout/GridSystem.tsx:8:3)
    at div
    at div
    at DashboardPage (C:/Projects/ma-saas-platform/M-S-SaaS-apex-deliver/frontend/src/pages/DashboardPage.tsx:20:90)
    at SignedIn (C:/Projects/ma-saas-platform/M-S-SaaS-apex-deliver/frontend/src/App.test.tsx:4:16)
    at DashboardRoute
    at RenderedRoute (file:///C:/Projects/ma-saas-platform/M-S-SaaS-apex-deliver/frontend/node_modules/react-router/dist/development/chunk-OIYGIGL5.mjs:5275:26)
    at Outlet (file:///C:/Projects/ma-saas-platform/M-S-SaaS-apex-deliver/frontend/node_modules/react-router/dist/development/chunk-OIYGIGL5.mjs:6057:26)
    at main
    at div
    at RootLayout (C:/Projects/ma-saas-platform/M-S-SaaS-apex-deliver/frontend/src/layouts/RootLayout.tsx:9:57)
    at RenderedRoute (file:///C:/Projects/ma-saas-platform/M-S-SaaS-apex-deliver/frontend/node_modules/react-router/dist/development/chunk-OIYGIGL5.mjs:5275:26)
    at Routes (file:///C:/Projects/ma-saas-platform/M-S-SaaS-apex-deliver/frontend/node_modules/react-router/dist/development/chunk-OIYGIGL5.mjs:6123:3)
    at AppRoutes (C:/Projects/ma-saas-platform/M-S-SaaS-apex-deliver/frontend/src/App.tsx:99:45)
    at Router (file:///C:/Projects/ma-saas-platform/M-S-SaaS-apex-deliver/frontend/node_modules/react-router/dist/development/chunk-OIYGIGL5.mjs:6066:13)
    at MemoryRouter (file:///C:/Projects/ma-saas-platform/M-S-SaaS-apex-deliver/frontend/node_modules/react-router/dist/development/chunk-OIYGIGL5.mjs:5988:3)
    at QueryClientProvider (file:///C:/Projects/ma-saas-platform/M-S-SaaS-apex-deliver/frontend/node_modules/@tanstack/react-query/build/modern/QueryClientProvider.js:20:3)
Warning: React.jsx: type is invalid -- expected a string (for built-in components) or a class/function (for composite components) but got: undefined. You likely forgot to export your component from the file it's defined in, or you might have mixed up default and named imports.

Check the render method of `UpcomingTasksWidget`.
    at UpcomingTasksWidget
    at div
    at GridSystem (C:/Projects/ma-saas-platform/M-S-SaaS-apex-deliver/frontend/src/components/layout/GridSystem.tsx:8:3)
    at div
    at div
    at DashboardPage (C:/Projects/ma-saas-platform/M-S-SaaS-apex-deliver/frontend/src/pages/DashboardPage.tsx:20:90)
    at SignedIn (C:/Projects/ma-saas-platform/M-S-SaaS-apex-deliver/frontend/src/App.test.tsx:4:16)
    at DashboardRoute
    at RenderedRoute (file:///C:/Projects/ma-saas-platform/M-S-SaaS-apex-deliver/frontend/node_modules/react-router/dist/development/chunk-OIYGIGL5.mjs:5275:26)
    at Outlet (file:///C:/Projects/ma-saas-platform/M-S-SaaS-apex-deliver/frontend/node_modules/react-router/dist/development/chunk-OIYGIGL5.mjs:6057:26)
    at main
    at div
    at RootLayout (C:/Projects/ma-saas-platform/M-S-SaaS-apex-deliver/frontend/src/layouts/RootLayout.tsx:9:57)
    at RenderedRoute (file:///C:/Projects/ma-saas-platform/M-S-SaaS-apex-deliver/frontend/node_modules/react-router/dist/development/chunk-OIYGIGL5.mjs:5275:26)
    at Routes (file:///C:/Projects/ma-saas-platform/M-S-SaaS-apex-deliver/frontend/node_modules/react-router/dist/development/chunk-OIYGIGL5.mjs:6123:3)
    at AppRoutes (C:/Projects/ma-saas-platform/M-S-SaaS-apex-deliver/frontend/src/App.tsx:99:45)
    at Router (file:///C:/Projects/ma-saas-platform/M-S-SaaS-apex-deliver/frontend/node_modules/react-router/dist/development/chunk-OIYGIGL5.mjs:6066:13)
    at MemoryRouter (file:///C:/Projects/ma-saas-platform/M-S-SaaS-apex-deliver/frontend/node_modules/react-router/dist/development/chunk-OIYGIGL5.mjs:5988:3)
    at QueryClientProvider (file:///C:/Projects/ma-saas-platform/M-S-SaaS-apex-deliver/frontend/node_modules/@tanstack/react-query/build/modern/QueryClientProvider.js:20:3)
Warning: React.jsx: type is invalid -- expected a string (for built-in components) or a class/function (for composite components) but got: undefined. You likely forgot to export your component from the file it's defined in, or you might have mixed up default and named imports.

Check the render method of `UpcomingTasksWidget`.
    at UpcomingTasksWidget
    at div
    at GridSystem (C:/Projects/ma-saas-platform/M-S-SaaS-apex-deliver/frontend/src/components/layout/GridSystem.tsx:8:3)
    at div
    at div
    at DashboardPage (C:/Projects/ma-saas-platform/M-S-SaaS-apex-deliver/frontend/src/pages/DashboardPage.tsx:20:90)
    at SignedIn (C:/Projects/ma-saas-platform/M-S-SaaS-apex-deliver/frontend/src/App.test.tsx:4:16)
    at DashboardRoute
    at RenderedRoute (file:///C:/Projects/ma-saas-platform/M-S-SaaS-apex-deliver/frontend/node_modules/react-router/dist/development/chunk-OIYGIGL5.mjs:5275:26)
    at Outlet (file:///C:/Projects/ma-saas-platform/M-S-SaaS-apex-deliver/frontend/node_modules/react-router/dist/development/chunk-OIYGIGL5.mjs:6057:26)
    at main
    at div
    at RootLayout (C:/Projects/ma-saas-platform/M-S-SaaS-apex-deliver/frontend/src/layouts/RootLayout.tsx:9:57)
    at RenderedRoute (file:///C:/Projects/ma-saas-platform/M-S-SaaS-apex-deliver/frontend/node_modules/react-router/dist/development/chunk-OIYGIGL5.mjs:5275:26)
    at Routes (file:///C:/Projects/ma-saas-platform/M-S-SaaS-apex-deliver/frontend/node_modules/react-router/dist/development/chunk-OIYGIGL5.mjs:6123:3)
    at AppRoutes (C:/Projects/ma-saas-platform/M-S-SaaS-apex-deliver/frontend/src/App.tsx:99:45)
    at Router (file:///C:/Projects/ma-saas-platform/M-S-SaaS-apex-deliver/frontend/node_modules/react-router/dist/development/chunk-OIYGIGL5.mjs:6066:13)
    at MemoryRouter (file:///C:/Projects/ma-saas-platform/M-S-SaaS-apex-deliver/frontend/node_modules/react-router/dist/development/chunk-OIYGIGL5.mjs:5988:3)
    at QueryClientProvider (file:///C:/Projects/ma-saas-platform/M-S-SaaS-apex-deliver/frontend/node_modules/@tanstack/react-query/build/modern/QueryClientProvider.js:20:3)
Error: Element type is invalid: expected a string (for built-in components) or a class/function (for composite components) but got: undefined. You likely forgot to export your component from the file it's defined in, or you might have mixed up default and named imports.

Check the render method of `UpcomingTasksWidget`.
    at createFiberFromTypeAndProps (C:\Projects\ma-saas-platform\M-S-SaaS-apex-deliver\frontend\node_modules\react-dom\cjs\react-dom.development.js:28478:17)
    at createFiberFromElement (C:\Projects\ma-saas-platform\M-S-SaaS-apex-deliver\frontend\node_modules\react-dom\cjs\react-dom.development.js:28504:15)
    at reconcileSingleElement (C:\Projects\ma-saas-platform\M-S-SaaS-apex-deliver\frontend\node_modules\react-dom\cjs\react-dom.development.js:13986:23)
    at reconcileChildFibers (C:\Projects\ma-saas-platform\M-S-SaaS-apex-deliver\frontend\node_modules\react-dom\cjs\react-dom.development.js:14044:35)
    at reconcileChildren (C:\Projects\ma-saas-platform\M-S-SaaS-apex-deliver\frontend\node_modules\react-dom\cjs\react-dom.development.js:19186:28)
    at mountIndeterminateComponent (C:\Projects\ma-saas-platform\M-S-SaaS-apex-deliver\frontend\node_modules\react-dom\cjs\react-dom.development.js:20186:5)
    at beginWork (C:\Projects\ma-saas-platform\M-S-SaaS-apex-deliver\frontend\node_modules\react-dom\cjs\react-dom.development.js:21626:16)
    at HTMLUnknownElement.callCallback (C:\Projects\ma-saas-platform\M-S-SaaS-apex-deliver\frontend\node_modules\react-dom\cjs\react-dom.development.js:4164:14)
    at HTMLUnknownElement.callTheUserObjectsOperation (C:\Projects\ma-saas-platform\M-S-SaaS-apex-deliver\frontend\node_modules\jsdom\lib\jsdom\living\generated\EventListener.js:26:30)
    at innerInvokeEventListeners (C:\Projects\ma-saas-platform\M-S-SaaS-apex-deliver\frontend\node_modules\jsdom\lib\jsdom\living\events\EventTarget-impl.js:360:16)
Warning: React.jsx: type is invalid -- expected a string (for built-in components) or a class/function (for composite components) but got: undefined. You likely forgot to export your component from the file it's defined in, or you might have mixed up default and named imports.

Check the render method of `FinancialInsightsWidget`.
    at FinancialInsightsWidget (C:/Projects/ma-saas-platform/M-S-SaaS-apex-deliver/frontend/src/pages/DashboardPage.tsx:191:36)
    at div
    at div
    at DashboardPage (C:/Projects/ma-saas-platform/M-S-SaaS-apex-deliver/frontend/src/pages/DashboardPage.tsx:20:90)
    at SignedIn (C:/Projects/ma-saas-platform/M-S-SaaS-apex-deliver/frontend/src/App.test.tsx:4:16)
    at DashboardRoute
    at RenderedRoute (file:///C:/Projects/ma-saas-platform/M-S-SaaS-apex-deliver/frontend/node_modules/react-router/dist/development/chunk-OIYGIGL5.mjs:5275:26)
    at Outlet (file:///C:/Projects/ma-saas-platform/M-S-SaaS-apex-deliver/frontend/node_modules/react-router/dist/development/chunk-OIYGIGL5.mjs:6057:26)
    at main
    at div
    at RootLayout (C:/Projects/ma-saas-platform/M-S-SaaS-apex-deliver/frontend/src/layouts/RootLayout.tsx:9:57)
    at RenderedRoute (file:///C:/Projects/ma-saas-platform/M-S-SaaS-apex-deliver/frontend/node_modules/react-router/dist/development/chunk-OIYGIGL5.mjs:5275:26)
    at Routes (file:///C:/Projects/ma-saas-platform/M-S-SaaS-apex-deliver/frontend/node_modules/react-router/dist/development/chunk-OIYGIGL5.mjs:6123:3)
    at AppRoutes (C:/Projects/ma-saas-platform/M-S-SaaS-apex-deliver/frontend/src/App.tsx:99:45)
    at Router (file:///C:/Projects/ma-saas-platform/M-S-SaaS-apex-deliver/frontend/node_modules/react-router/dist/development/chunk-OIYGIGL5.mjs:6066:13)
    at MemoryRouter (file:///C:/Projects/ma-saas-platform/M-S-SaaS-apex-deliver/frontend/node_modules/react-router/dist/development/chunk-OIYGIGL5.mjs:5988:3)
    at QueryClientProvider (file:///C:/Projects/ma-saas-platform/M-S-SaaS-apex-deliver/frontend/node_modules/@tanstack/react-query/build/modern/QueryClientProvider.js:20:3)
Warning: React.jsx: type is invalid -- expected a string (for built-in components) or a class/function (for composite components) but got: undefined. You likely forgot to export your component from the file it's defined in, or you might have mixed up default and named imports.

Check the render method of `FinancialInsightsWidget`.
    at FinancialInsightsWidget (C:/Projects/ma-saas-platform/M-S-SaaS-apex-deliver/frontend/src/pages/DashboardPage.tsx:191:36)
    at div
    at div
    at DashboardPage (C:/Projects/ma-saas-platform/M-S-SaaS-apex-deliver/frontend/src/pages/DashboardPage.tsx:20:90)
    at SignedIn (C:/Projects/ma-saas-platform/M-S-SaaS-apex-deliver/frontend/src/App.test.tsx:4:16)
    at DashboardRoute
    at RenderedRoute (file:///C:/Projects/ma-saas-platform/M-S-SaaS-apex-deliver/frontend/node_modules/react-router/dist/development/chunk-OIYGIGL5.mjs:5275:26)
    at Outlet (file:///C:/Projects/ma-saas-platform/M-S-SaaS-apex-deliver/frontend/node_modules/react-router/dist/development/chunk-OIYGIGL5.mjs:6057:26)
    at main
    at div
    at RootLayout (C:/Projects/ma-saas-platform/M-S-SaaS-apex-deliver/frontend/src/layouts/RootLayout.tsx:9:57)
    at RenderedRoute (file:///C:/Projects/ma-saas-platform/M-S-SaaS-apex-deliver/frontend/node_modules/react-router/dist/development/chunk-OIYGIGL5.mjs:5275:26)
    at Routes (file:///C:/Projects/ma-saas-platform/M-S-SaaS-apex-deliver/frontend/node_modules/react-router/dist/development/chunk-OIYGIGL5.mjs:6123:3)
    at AppRoutes (C:/Projects/ma-saas-platform/M-S-SaaS-apex-deliver/frontend/src/App.tsx:99:45)
    at Router (file:///C:/Projects/ma-saas-platform/M-S-SaaS-apex-deliver/frontend/node_modules/react-router/dist/development/chunk-OIYGIGL5.mjs:6066:13)
    at MemoryRouter (file:///C:/Projects/ma-saas-platform/M-S-SaaS-apex-deliver/frontend/node_modules/react-router/dist/development/chunk-OIYGIGL5.mjs:5988:3)
    at QueryClientProvider (file:///C:/Projects/ma-saas-platform/M-S-SaaS-apex-deliver/frontend/node_modules/@tanstack/react-query/build/modern/QueryClientProvider.js:20:3)
Warning: React.jsx: type is invalid -- expected a string (for built-in components) or a class/function (for composite components) but got: undefined. You likely forgot to export your component from the file it's defined in, or you might have mixed up default and named imports.

Check the render method of `FinancialInsightsWidget`.
    at FinancialInsightsWidget (C:/Projects/ma-saas-platform/M-S-SaaS-apex-deliver/frontend/src/pages/DashboardPage.tsx:191:36)
    at div
    at div
    at DashboardPage (C:/Projects/ma-saas-platform/M-S-SaaS-apex-deliver/frontend/src/pages/DashboardPage.tsx:20:90)
    at SignedIn (C:/Projects/ma-saas-platform/M-S-SaaS-apex-deliver/frontend/src/App.test.tsx:4:16)
    at DashboardRoute
    at RenderedRoute (file:///C:/Projects/ma-saas-platform/M-S-SaaS-apex-deliver/frontend/node_modules/react-router/dist/development/chunk-OIYGIGL5.mjs:5275:26)
    at Outlet (file:///C:/Projects/ma-saas-platform/M-S-SaaS-apex-deliver/frontend/node_modules/react-router/dist/development/chunk-OIYGIGL5.mjs:6057:26)
    at main
    at div
    at RootLayout (C:/Projects/ma-saas-platform/M-S-SaaS-apex-deliver/frontend/src/layouts/RootLayout.tsx:9:57)
    at RenderedRoute (file:///C:/Projects/ma-saas-platform/M-S-SaaS-apex-deliver/frontend/node_modules/react-router/dist/development/chunk-OIYGIGL5.mjs:5275:26)
    at Routes (file:///C:/Projects/ma-saas-platform/M-S-SaaS-apex-deliver/frontend/node_modules/react-router/dist/development/chunk-OIYGIGL5.mjs:6123:3)
    at AppRoutes (C:/Projects/ma-saas-platform/M-S-SaaS-apex-deliver/frontend/src/App.tsx:99:45)
    at Router (file:///C:/Projects/ma-saas-platform/M-S-SaaS-apex-deliver/frontend/node_modules/react-router/dist/development/chunk-OIYGIGL5.mjs:6066:13)
    at MemoryRouter (file:///C:/Projects/ma-saas-platform/M-S-SaaS-apex-deliver/frontend/node_modules/react-router/dist/development/chunk-OIYGIGL5.mjs:5988:3)
    at QueryClientProvider (file:///C:/Projects/ma-saas-platform/M-S-SaaS-apex-deliver/frontend/node_modules/@tanstack/react-query/build/modern/QueryClientProvider.js:20:3)
Warning: React.jsx: type is invalid -- expected a string (for built-in components) or a class/function (for composite components) but got: undefined. You likely forgot to export your component from the file it's defined in, or you might have mixed up default and named imports.

Check the render method of `FinancialInsightsWidget`.
    at FinancialInsightsWidget (C:/Projects/ma-saas-platform/M-S-SaaS-apex-deliver/frontend/src/pages/DashboardPage.tsx:191:36)
    at div
    at div
    at DashboardPage (C:/Projects/ma-saas-platform/M-S-SaaS-apex-deliver/frontend/src/pages/DashboardPage.tsx:20:90)
    at SignedIn (C:/Projects/ma-saas-platform/M-S-SaaS-apex-deliver/frontend/src/App.test.tsx:4:16)
    at DashboardRoute
    at RenderedRoute (file:///C:/Projects/ma-saas-platform/M-S-SaaS-apex-deliver/frontend/node_modules/react-router/dist/development/chunk-OIYGIGL5.mjs:5275:26)
    at Outlet (file:///C:/Projects/ma-saas-platform/M-S-SaaS-apex-deliver/frontend/node_modules/react-router/dist/development/chunk-OIYGIGL5.mjs:6057:26)
    at main
    at div
    at RootLayout (C:/Projects/ma-saas-platform/M-S-SaaS-apex-deliver/frontend/src/layouts/RootLayout.tsx:9:57)
    at RenderedRoute (file:///C:/Projects/ma-saas-platform/M-S-SaaS-apex-deliver/frontend/node_modules/react-router/dist/development/chunk-OIYGIGL5.mjs:5275:26)
    at Routes (file:///C:/Projects/ma-saas-platform/M-S-SaaS-apex-deliver/frontend/node_modules/react-router/dist/development/chunk-OIYGIGL5.mjs:6123:3)
    at AppRoutes (C:/Projects/ma-saas-platform/M-S-SaaS-apex-deliver/frontend/src/App.tsx:99:45)
    at Router (file:///C:/Projects/ma-saas-platform/M-S-SaaS-apex-deliver/frontend/node_modules/react-router/dist/development/chunk-OIYGIGL5.mjs:6066:13)
    at MemoryRouter (file:///C:/Projects/ma-saas-platform/M-S-SaaS-apex-deliver/frontend/node_modules/react-router/dist/development/chunk-OIYGIGL5.mjs:5988:3)
    at QueryClientProvider (file:///C:/Projects/ma-saas-platform/M-S-SaaS-apex-deliver/frontend/node_modules/@tanstack/react-query/build/modern/QueryClientProvider.js:20:3)
Warning: React.jsx: type is invalid -- expected a string (for built-in components) or a class/function (for composite components) but got: undefined. You likely forgot to export your component from the file it's defined in, or you might have mixed up default and named imports.

Check the render method of `FinancialInsightsWidget`.
    at FinancialInsightsWidget (C:/Projects/ma-saas-platform/M-S-SaaS-apex-deliver/frontend/src/pages/DashboardPage.tsx:191:36)
    at div
    at div
    at DashboardPage (C:/Projects/ma-saas-platform/M-S-SaaS-apex-deliver/frontend/src/pages/DashboardPage.tsx:20:90)
    at SignedIn (C:/Projects/ma-saas-platform/M-S-SaaS-apex-deliver/frontend/src/App.test.tsx:4:16)
    at DashboardRoute
    at RenderedRoute (file:///C:/Projects/ma-saas-platform/M-S-SaaS-apex-deliver/frontend/node_modules/react-router/dist/development/chunk-OIYGIGL5.mjs:5275:26)
    at Outlet (file:///C:/Projects/ma-saas-platform/M-S-SaaS-apex-deliver/frontend/node_modules/react-router/dist/development/chunk-OIYGIGL5.mjs:6057:26)
    at main
    at div
    at RootLayout (C:/Projects/ma-saas-platform/M-S-SaaS-apex-deliver/frontend/src/layouts/RootLayout.tsx:9:57)
    at RenderedRoute (file:///C:/Projects/ma-saas-platform/M-S-SaaS-apex-deliver/frontend/node_modules/react-router/dist/development/chunk-OIYGIGL5.mjs:5275:26)
    at Routes (file:///C:/Projects/ma-saas-platform/M-S-SaaS-apex-deliver/frontend/node_modules/react-router/dist/development/chunk-OIYGIGL5.mjs:6123:3)
    at AppRoutes (C:/Projects/ma-saas-platform/M-S-SaaS-apex-deliver/frontend/src/App.tsx:99:45)
    at Router (file:///C:/Projects/ma-saas-platform/M-S-SaaS-apex-deliver/frontend/node_modules/react-router/dist/development/chunk-OIYGIGL5.mjs:6066:13)
    at MemoryRouter (file:///C:/Projects/ma-saas-platform/M-S-SaaS-apex-deliver/frontend/node_modules/react-router/dist/development/chunk-OIYGIGL5.mjs:5988:3)
    at QueryClientProvider (file:///C:/Projects/ma-saas-platform/M-S-SaaS-apex-deliver/frontend/node_modules/@tanstack/react-query/build/modern/QueryClientProvider.js:20:3)
Warning: React.jsx: type is invalid -- expected a string (for built-in components) or a class/function (for composite components) but got: undefined. You likely forgot to export your component from the file it's defined in, or you might have mixed up default and named imports.

Check the render method of `FinancialInsightsWidget`.
    at FinancialInsightsWidget (C:/Projects/ma-saas-platform/M-S-SaaS-apex-deliver/frontend/src/pages/DashboardPage.tsx:191:36)
    at div
    at div
    at DashboardPage (C:/Projects/ma-saas-platform/M-S-SaaS-apex-deliver/frontend/src/pages/DashboardPage.tsx:20:90)
    at SignedIn (C:/Projects/ma-saas-platform/M-S-SaaS-apex-deliver/frontend/src/App.test.tsx:4:16)
    at DashboardRoute
    at RenderedRoute (file:///C:/Projects/ma-saas-platform/M-S-SaaS-apex-deliver/frontend/node_modules/react-router/dist/development/chunk-OIYGIGL5.mjs:5275:26)
    at Outlet (file:///C:/Projects/ma-saas-platform/M-S-SaaS-apex-deliver/frontend/node_modules/react-router/dist/development/chunk-OIYGIGL5.mjs:6057:26)
    at main
    at div
    at RootLayout (C:/Projects/ma-saas-platform/M-S-SaaS-apex-deliver/frontend/src/layouts/RootLayout.tsx:9:57)
    at RenderedRoute (file:///C:/Projects/ma-saas-platform/M-S-SaaS-apex-deliver/frontend/node_modules/react-router/dist/development/chunk-OIYGIGL5.mjs:5275:26)
    at Routes (file:///C:/Projects/ma-saas-platform/M-S-SaaS-apex-deliver/frontend/node_modules/react-router/dist/development/chunk-OIYGIGL5.mjs:6123:3)
    at AppRoutes (C:/Projects/ma-saas-platform/M-S-SaaS-apex-deliver/frontend/src/App.tsx:99:45)
    at Router (file:///C:/Projects/ma-saas-platform/M-S-SaaS-apex-deliver/frontend/node_modules/react-router/dist/development/chunk-OIYGIGL5.mjs:6066:13)
    at MemoryRouter (file:///C:/Projects/ma-saas-platform/M-S-SaaS-apex-deliver/frontend/node_modules/react-router/dist/development/chunk-OIYGIGL5.mjs:5988:3)
    at QueryClientProvider (file:///C:/Projects/ma-saas-platform/M-S-SaaS-apex-deliver/frontend/node_modules/@tanstack/react-query/build/modern/QueryClientProvider.js:20:3)
Error: Element type is invalid: expected a string (for built-in components) or a class/function (for composite components) but got: undefined. You likely forgot to export your component from the file it's defined in, or you might have mixed up default and named imports.

Check the render method of `FinancialInsightsWidget`.
    at createFiberFromTypeAndProps (C:\Projects\ma-saas-platform\M-S-SaaS-apex-deliver\frontend\node_modules\react-dom\cjs\react-dom.development.js:28478:17)
    at createFiberFromElement (C:\Projects\ma-saas-platform\M-S-SaaS-apex-deliver\frontend\node_modules\react-dom\cjs\react-dom.development.js:28504:15)
    at reconcileSingleElement (C:\Projects\ma-saas-platform\M-S-SaaS-apex-deliver\frontend\node_modules\react-dom\cjs\react-dom.development.js:13986:23)
    at reconcileChildFibers (C:\Projects\ma-saas-platform\M-S-SaaS-apex-deliver\frontend\node_modules\react-dom\cjs\react-dom.development.js:14044:35)
    at reconcileChildren (C:\Projects\ma-saas-platform\M-S-SaaS-apex-deliver\frontend\node_modules\react-dom\cjs\react-dom.development.js:19186:28)
    at mountIndeterminateComponent (C:\Projects\ma-saas-platform\M-S-SaaS-apex-deliver\frontend\node_modules\react-dom\cjs\react-dom.development.js:20186:5)
    at beginWork (C:\Projects\ma-saas-platform\M-S-SaaS-apex-deliver\frontend\node_modules\react-dom\cjs\react-dom.development.js:21626:16)
    at HTMLUnknownElement.callCallback (C:\Projects\ma-saas-platform\M-S-SaaS-apex-deliver\frontend\node_modules\react-dom\cjs\react-dom.development.js:4164:14)
    at HTMLUnknownElement.callTheUserObjectsOperation (C:\Projects\ma-saas-platform\M-S-SaaS-apex-deliver\frontend\node_modules\jsdom\lib\jsdom\living\generated\EventListener.js:26:30)
    at innerInvokeEventListeners (C:\Projects\ma-saas-platform\M-S-SaaS-apex-deliver\frontend\node_modules\jsdom\lib\jsdom\living\events\EventTarget-impl.js:360:16)
Warning: React.jsx: type is invalid -- expected a string (for built-in components) or a class/function (for composite components) but got: undefined. You likely forgot to export your component from the file it's defined in, or you might have mixed up default and named imports.

Check the render method of `PipelineSummaryWidget`.
    at PipelineSummaryWidget (C:/Projects/ma-saas-platform/M-S-SaaS-apex-deliver/frontend/src/pages/DashboardPage.tsx:64:34)
    at div
    at div
    at GridSystem (C:/Projects/ma-saas-platform/M-S-SaaS-apex-deliver/frontend/src/components/layout/GridSystem.tsx:8:3)
    at div
    at div
    at DashboardPage (C:/Projects/ma-saas-platform/M-S-SaaS-apex-deliver/frontend/src/pages/DashboardPage.tsx:20:90)
    at SignedIn (C:/Projects/ma-saas-platform/M-S-SaaS-apex-deliver/frontend/src/App.test.tsx:4:16)
    at DashboardRoute
    at RenderedRoute (file:///C:/Projects/ma-saas-platform/M-S-SaaS-apex-deliver/frontend/node_modules/react-router/dist/development/chunk-OIYGIGL5.mjs:5275:26)
    at Outlet (file:///C:/Projects/ma-saas-platform/M-S-SaaS-apex-deliver/frontend/node_modules/react-router/dist/development/chunk-OIYGIGL5.mjs:6057:26)
    at main
    at div
    at RootLayout (C:/Projects/ma-saas-platform/M-S-SaaS-apex-deliver/frontend/src/layouts/RootLayout.tsx:9:57)
    at RenderedRoute (file:///C:/Projects/ma-saas-platform/M-S-SaaS-apex-deliver/frontend/node_modules/react-router/dist/development/chunk-OIYGIGL5.mjs:5275:26)
    at Routes (file:///C:/Projects/ma-saas-platform/M-S-SaaS-apex-deliver/frontend/node_modules/react-router/dist/development/chunk-OIYGIGL5.mjs:6123:3)
    at AppRoutes (C:/Projects/ma-saas-platform/M-S-SaaS-apex-deliver/frontend/src/App.tsx:99:45)
    at Router (file:///C:/Projects/ma-saas-platform/M-S-SaaS-apex-deliver/frontend/node_modules/react-router/dist/development/chunk-OIYGIGL5.mjs:6066:13)
    at MemoryRouter (file:///C:/Projects/ma-saas-platform/M-S-SaaS-apex-deliver/frontend/node_modules/react-router/dist/development/chunk-OIYGIGL5.mjs:5988:3)
    at QueryClientProvider (file:///C:/Projects/ma-saas-platform/M-S-SaaS-apex-deliver/frontend/node_modules/@tanstack/react-query/build/modern/QueryClientProvider.js:20:3)
Warning: React.jsx: type is invalid -- expected a string (for built-in components) or a class/function (for composite components) but got: undefined. You likely forgot to export your component from the file it's defined in, or you might have mixed up default and named imports.

Check the render method of `PipelineSummaryWidget`.
    at PipelineSummaryWidget (C:/Projects/ma-saas-platform/M-S-SaaS-apex-deliver/frontend/src/pages/DashboardPage.tsx:64:34)
    at div
    at div
    at GridSystem (C:/Projects/ma-saas-platform/M-S-SaaS-apex-deliver/frontend/src/components/layout/GridSystem.tsx:8:3)
    at div
    at div
    at DashboardPage (C:/Projects/ma-saas-platform/M-S-SaaS-apex-deliver/frontend/src/pages/DashboardPage.tsx:20:90)
    at SignedIn (C:/Projects/ma-saas-platform/M-S-SaaS-apex-deliver/frontend/src/App.test.tsx:4:16)
    at DashboardRoute
    at RenderedRoute (file:///C:/Projects/ma-saas-platform/M-S-SaaS-apex-deliver/frontend/node_modules/react-router/dist/development/chunk-OIYGIGL5.mjs:5275:26)
    at Outlet (file:///C:/Projects/ma-saas-platform/M-S-SaaS-apex-deliver/frontend/node_modules/react-router/dist/development/chunk-OIYGIGL5.mjs:6057:26)
    at main
    at div
    at RootLayout (C:/Projects/ma-saas-platform/M-S-SaaS-apex-deliver/frontend/src/layouts/RootLayout.tsx:9:57)
    at RenderedRoute (file:///C:/Projects/ma-saas-platform/M-S-SaaS-apex-deliver/frontend/node_modules/react-router/dist/development/chunk-OIYGIGL5.mjs:5275:26)
    at Routes (file:///C:/Projects/ma-saas-platform/M-S-SaaS-apex-deliver/frontend/node_modules/react-router/dist/development/chunk-OIYGIGL5.mjs:6123:3)
    at AppRoutes (C:/Projects/ma-saas-platform/M-S-SaaS-apex-deliver/frontend/src/App.tsx:99:45)
    at Router (file:///C:/Projects/ma-saas-platform/M-S-SaaS-apex-deliver/frontend/node_modules/react-router/dist/development/chunk-OIYGIGL5.mjs:6066:13)
    at MemoryRouter (file:///C:/Projects/ma-saas-platform/M-S-SaaS-apex-deliver/frontend/node_modules/react-router/dist/development/chunk-OIYGIGL5.mjs:5988:3)
    at QueryClientProvider (file:///C:/Projects/ma-saas-platform/M-S-SaaS-apex-deliver/frontend/node_modules/@tanstack/react-query/build/modern/QueryClientProvider.js:20:3)
Warning: React.jsx: type is invalid -- expected a string (for built-in components) or a class/function (for composite components) but got: undefined. You likely forgot to export your component from the file it's defined in, or you might have mixed up default and named imports.

Check the render method of `PipelineSummaryWidget`.
    at PipelineSummaryWidget (C:/Projects/ma-saas-platform/M-S-SaaS-apex-deliver/frontend/src/pages/DashboardPage.tsx:64:34)
    at div
    at div
    at GridSystem (C:/Projects/ma-saas-platform/M-S-SaaS-apex-deliver/frontend/src/components/layout/GridSystem.tsx:8:3)
    at div
    at div
    at DashboardPage (C:/Projects/ma-saas-platform/M-S-SaaS-apex-deliver/frontend/src/pages/DashboardPage.tsx:20:90)
    at SignedIn (C:/Projects/ma-saas-platform/M-S-SaaS-apex-deliver/frontend/src/App.test.tsx:4:16)
    at DashboardRoute
    at RenderedRoute (file:///C:/Projects/ma-saas-platform/M-S-SaaS-apex-deliver/frontend/node_modules/react-router/dist/development/chunk-OIYGIGL5.mjs:5275:26)
    at Outlet (file:///C:/Projects/ma-saas-platform/M-S-SaaS-apex-deliver/frontend/node_modules/react-router/dist/development/chunk-OIYGIGL5.mjs:6057:26)
    at main
    at div
    at RootLayout (C:/Projects/ma-saas-platform/M-S-SaaS-apex-deliver/frontend/src/layouts/RootLayout.tsx:9:57)
    at RenderedRoute (file:///C:/Projects/ma-saas-platform/M-S-SaaS-apex-deliver/frontend/node_modules/react-router/dist/development/chunk-OIYGIGL5.mjs:5275:26)
    at Routes (file:///C:/Projects/ma-saas-platform/M-S-SaaS-apex-deliver/frontend/node_modules/react-router/dist/development/chunk-OIYGIGL5.mjs:6123:3)
    at AppRoutes (C:/Projects/ma-saas-platform/M-S-SaaS-apex-deliver/frontend/src/App.tsx:99:45)
    at Router (file:///C:/Projects/ma-saas-platform/M-S-SaaS-apex-deliver/frontend/node_modules/react-router/dist/development/chunk-OIYGIGL5.mjs:6066:13)
    at MemoryRouter (file:///C:/Projects/ma-saas-platform/M-S-SaaS-apex-deliver/frontend/node_modules/react-router/dist/development/chunk-OIYGIGL5.mjs:5988:3)
    at QueryClientProvider (file:///C:/Projects/ma-saas-platform/M-S-SaaS-apex-deliver/frontend/node_modules/@tanstack/react-query/build/modern/QueryClientProvider.js:20:3)
Warning: React.jsx: type is invalid -- expected a string (for built-in components) or a class/function (for composite components) but got: undefined. You likely forgot to export your component from the file it's defined in, or you might have mixed up default and named imports.

Check the render method of `PipelineSummaryWidget`.
    at PipelineSummaryWidget (C:/Projects/ma-saas-platform/M-S-SaaS-apex-deliver/frontend/src/pages/DashboardPage.tsx:64:34)
    at div
    at div
    at GridSystem (C:/Projects/ma-saas-platform/M-S-SaaS-apex-deliver/frontend/src/components/layout/GridSystem.tsx:8:3)
    at div
    at div
    at DashboardPage (C:/Projects/ma-saas-platform/M-S-SaaS-apex-deliver/frontend/src/pages/DashboardPage.tsx:20:90)
    at SignedIn (C:/Projects/ma-saas-platform/M-S-SaaS-apex-deliver/frontend/src/App.test.tsx:4:16)
    at DashboardRoute
    at RenderedRoute (file:///C:/Projects/ma-saas-platform/M-S-SaaS-apex-deliver/frontend/node_modules/react-router/dist/development/chunk-OIYGIGL5.mjs:5275:26)
    at Outlet (file:///C:/Projects/ma-saas-platform/M-S-SaaS-apex-deliver/frontend/node_modules/react-router/dist/development/chunk-OIYGIGL5.mjs:6057:26)
    at main
    at div
    at RootLayout (C:/Projects/ma-saas-platform/M-S-SaaS-apex-deliver/frontend/src/layouts/RootLayout.tsx:9:57)
    at RenderedRoute (file:///C:/Projects/ma-saas-platform/M-S-SaaS-apex-deliver/frontend/node_modules/react-router/dist/development/chunk-OIYGIGL5.mjs:5275:26)
    at Routes (file:///C:/Projects/ma-saas-platform/M-S-SaaS-apex-deliver/frontend/node_modules/react-router/dist/development/chunk-OIYGIGL5.mjs:6123:3)
    at AppRoutes (C:/Projects/ma-saas-platform/M-S-SaaS-apex-deliver/frontend/src/App.tsx:99:45)
    at Router (file:///C:/Projects/ma-saas-platform/M-S-SaaS-apex-deliver/frontend/node_modules/react-router/dist/development/chunk-OIYGIGL5.mjs:6066:13)
    at MemoryRouter (file:///C:/Projects/ma-saas-platform/M-S-SaaS-apex-deliver/frontend/node_modules/react-router/dist/development/chunk-OIYGIGL5.mjs:5988:3)
    at QueryClientProvider (file:///C:/Projects/ma-saas-platform/M-S-SaaS-apex-deliver/frontend/node_modules/@tanstack/react-query/build/modern/QueryClientProvider.js:20:3)
Warning: React.jsx: type is invalid -- expected a string (for built-in components) or a class/function (for composite components) but got: undefined. You likely forgot to export your component from the file it's defined in, or you might have mixed up default and named imports.

Check the render method of `PipelineSummaryWidget`.
    at PipelineSummaryWidget (C:/Projects/ma-saas-platform/M-S-SaaS-apex-deliver/frontend/src/pages/DashboardPage.tsx:64:34)
    at div
    at div
    at GridSystem (C:/Projects/ma-saas-platform/M-S-SaaS-apex-deliver/frontend/src/components/layout/GridSystem.tsx:8:3)
    at div
    at div
    at DashboardPage (C:/Projects/ma-saas-platform/M-S-SaaS-apex-deliver/frontend/src/pages/DashboardPage.tsx:20:90)
    at SignedIn (C:/Projects/ma-saas-platform/M-S-SaaS-apex-deliver/frontend/src/App.test.tsx:4:16)
    at DashboardRoute
    at RenderedRoute (file:///C:/Projects/ma-saas-platform/M-S-SaaS-apex-deliver/frontend/node_modules/react-router/dist/development/chunk-OIYGIGL5.mjs:5275:26)
    at Outlet (file:///C:/Projects/ma-saas-platform/M-S-SaaS-apex-deliver/frontend/node_modules/react-router/dist/development/chunk-OIYGIGL5.mjs:6057:26)
    at main
    at div
    at RootLayout (C:/Projects/ma-saas-platform/M-S-SaaS-apex-deliver/frontend/src/layouts/RootLayout.tsx:9:57)
    at RenderedRoute (file:///C:/Projects/ma-saas-platform/M-S-SaaS-apex-deliver/frontend/node_modules/react-router/dist/development/chunk-OIYGIGL5.mjs:5275:26)
    at Routes (file:///C:/Projects/ma-saas-platform/M-S-SaaS-apex-deliver/frontend/node_modules/react-router/dist/development/chunk-OIYGIGL5.mjs:6123:3)
    at AppRoutes (C:/Projects/ma-saas-platform/M-S-SaaS-apex-deliver/frontend/src/App.tsx:99:45)
    at Router (file:///C:/Projects/ma-saas-platform/M-S-SaaS-apex-deliver/frontend/node_modules/react-router/dist/development/chunk-OIYGIGL5.mjs:6066:13)
    at MemoryRouter (file:///C:/Projects/ma-saas-platform/M-S-SaaS-apex-deliver/frontend/node_modules/react-router/dist/development/chunk-OIYGIGL5.mjs:5988:3)
    at QueryClientProvider (file:///C:/Projects/ma-saas-platform/M-S-SaaS-apex-deliver/frontend/node_modules/@tanstack/react-query/build/modern/QueryClientProvider.js:20:3)
Warning: React.jsx: type is invalid -- expected a string (for built-in components) or a class/function (for composite components) but got: undefined. You likely forgot to export your component from the file it's defined in, or you might have mixed up default and named imports.

Check the render method of `PipelineSummaryWidget`.
    at PipelineSummaryWidget (C:/Projects/ma-saas-platform/M-S-SaaS-apex-deliver/frontend/src/pages/DashboardPage.tsx:64:34)
    at div
    at div
    at GridSystem (C:/Projects/ma-saas-platform/M-S-SaaS-apex-deliver/frontend/src/components/layout/GridSystem.tsx:8:3)
    at div
    at div
    at DashboardPage (C:/Projects/ma-saas-platform/M-S-SaaS-apex-deliver/frontend/src/pages/DashboardPage.tsx:20:90)
    at SignedIn (C:/Projects/ma-saas-platform/M-S-SaaS-apex-deliver/frontend/src/App.test.tsx:4:16)
    at DashboardRoute
    at RenderedRoute (file:///C:/Projects/ma-saas-platform/M-S-SaaS-apex-deliver/frontend/node_modules/react-router/dist/development/chunk-OIYGIGL5.mjs:5275:26)
    at Outlet (file:///C:/Projects/ma-saas-platform/M-S-SaaS-apex-deliver/frontend/node_modules/react-router/dist/development/chunk-OIYGIGL5.mjs:6057:26)
    at main
    at div
    at RootLayout (C:/Projects/ma-saas-platform/M-S-SaaS-apex-deliver/frontend/src/layouts/RootLayout.tsx:9:57)
    at RenderedRoute (file:///C:/Projects/ma-saas-platform/M-S-SaaS-apex-deliver/frontend/node_modules/react-router/dist/development/chunk-OIYGIGL5.mjs:5275:26)
    at Routes (file:///C:/Projects/ma-saas-platform/M-S-SaaS-apex-deliver/frontend/node_modules/react-router/dist/development/chunk-OIYGIGL5.mjs:6123:3)
    at AppRoutes (C:/Projects/ma-saas-platform/M-S-SaaS-apex-deliver/frontend/src/App.tsx:99:45)
    at Router (file:///C:/Projects/ma-saas-platform/M-S-SaaS-apex-deliver/frontend/node_modules/react-router/dist/development/chunk-OIYGIGL5.mjs:6066:13)
    at MemoryRouter (file:///C:/Projects/ma-saas-platform/M-S-SaaS-apex-deliver/frontend/node_modules/react-router/dist/development/chunk-OIYGIGL5.mjs:5988:3)
    at QueryClientProvider (file:///C:/Projects/ma-saas-platform/M-S-SaaS-apex-deliver/frontend/node_modules/@tanstack/react-query/build/modern/QueryClientProvider.js:20:3)
Warning: React.jsx: type is invalid -- expected a string (for built-in components) or a class/function (for composite components) but got: undefined. You likely forgot to export your component from the file it's defined in, or you might have mixed up default and named imports.

Check the render method of `PipelineSummaryWidget`.
    at PipelineSummaryWidget (C:/Projects/ma-saas-platform/M-S-SaaS-apex-deliver/frontend/src/pages/DashboardPage.tsx:64:34)
    at div
    at div
    at GridSystem (C:/Projects/ma-saas-platform/M-S-SaaS-apex-deliver/frontend/src/components/layout/GridSystem.tsx:8:3)
    at div
    at div
    at DashboardPage (C:/Projects/ma-saas-platform/M-S-SaaS-apex-deliver/frontend/src/pages/DashboardPage.tsx:20:90)
    at SignedIn (C:/Projects/ma-saas-platform/M-S-SaaS-apex-deliver/frontend/src/App.test.tsx:4:16)
    at DashboardRoute
    at RenderedRoute (file:///C:/Projects/ma-saas-platform/M-S-SaaS-apex-deliver/frontend/node_modules/react-router/dist/development/chunk-OIYGIGL5.mjs:5275:26)
    at Outlet (file:///C:/Projects/ma-saas-platform/M-S-SaaS-apex-deliver/frontend/node_modules/react-router/dist/development/chunk-OIYGIGL5.mjs:6057:26)
    at main
    at div
    at RootLayout (C:/Projects/ma-saas-platform/M-S-SaaS-apex-deliver/frontend/src/layouts/RootLayout.tsx:9:57)
    at RenderedRoute (file:///C:/Projects/ma-saas-platform/M-S-SaaS-apex-deliver/frontend/node_modules/react-router/dist/development/chunk-OIYGIGL5.mjs:5275:26)
    at Routes (file:///C:/Projects/ma-saas-platform/M-S-SaaS-apex-deliver/frontend/node_modules/react-router/dist/development/chunk-OIYGIGL5.mjs:6123:3)
    at AppRoutes (C:/Projects/ma-saas-platform/M-S-SaaS-apex-deliver/frontend/src/App.tsx:99:45)
    at Router (file:///C:/Projects/ma-saas-platform/M-S-SaaS-apex-deliver/frontend/node_modules/react-router/dist/development/chunk-OIYGIGL5.mjs:6066:13)
    at MemoryRouter (file:///C:/Projects/ma-saas-platform/M-S-SaaS-apex-deliver/frontend/node_modules/react-router/dist/development/chunk-OIYGIGL5.mjs:5988:3)
    at QueryClientProvider (file:///C:/Projects/ma-saas-platform/M-S-SaaS-apex-deliver/frontend/node_modules/@tanstack/react-query/build/modern/QueryClientProvider.js:20:3)
Warning: React.jsx: type is invalid -- expected a string (for built-in components) or a class/function (for composite components) but got: undefined. You likely forgot to export your component from the file it's defined in, or you might have mixed up default and named imports.

Check the render method of `PipelineSummaryWidget`.
    at PipelineSummaryWidget (C:/Projects/ma-saas-platform/M-S-SaaS-apex-deliver/frontend/src/pages/DashboardPage.tsx:64:34)
    at div
    at div
    at GridSystem (C:/Projects/ma-saas-platform/M-S-SaaS-apex-deliver/frontend/src/components/layout/GridSystem.tsx:8:3)
    at div
    at div
    at DashboardPage (C:/Projects/ma-saas-platform/M-S-SaaS-apex-deliver/frontend/src/pages/DashboardPage.tsx:20:90)
    at SignedIn (C:/Projects/ma-saas-platform/M-S-SaaS-apex-deliver/frontend/src/App.test.tsx:4:16)
    at DashboardRoute
    at RenderedRoute (file:///C:/Projects/ma-saas-platform/M-S-SaaS-apex-deliver/frontend/node_modules/react-router/dist/development/chunk-OIYGIGL5.mjs:5275:26)
    at Outlet (file:///C:/Projects/ma-saas-platform/M-S-SaaS-apex-deliver/frontend/node_modules/react-router/dist/development/chunk-OIYGIGL5.mjs:6057:26)
    at main
    at div
    at RootLayout (C:/Projects/ma-saas-platform/M-S-SaaS-apex-deliver/frontend/src/layouts/RootLayout.tsx:9:57)
    at RenderedRoute (file:///C:/Projects/ma-saas-platform/M-S-SaaS-apex-deliver/frontend/node_modules/react-router/dist/development/chunk-OIYGIGL5.mjs:5275:26)
    at Routes (file:///C:/Projects/ma-saas-platform/M-S-SaaS-apex-deliver/frontend/node_modules/react-router/dist/development/chunk-OIYGIGL5.mjs:6123:3)
    at AppRoutes (C:/Projects/ma-saas-platform/M-S-SaaS-apex-deliver/frontend/src/App.tsx:99:45)
    at Router (file:///C:/Projects/ma-saas-platform/M-S-SaaS-apex-deliver/frontend/node_modules/react-router/dist/development/chunk-OIYGIGL5.mjs:6066:13)
    at MemoryRouter (file:///C:/Projects/ma-saas-platform/M-S-SaaS-apex-deliver/frontend/node_modules/react-router/dist/development/chunk-OIYGIGL5.mjs:5988:3)
    at QueryClientProvider (file:///C:/Projects/ma-saas-platform/M-S-SaaS-apex-deliver/frontend/node_modules/@tanstack/react-query/build/modern/QueryClientProvider.js:20:3)
Error: Element type is invalid: expected a string (for built-in components) or a class/function (for composite components) but got: undefined. You likely forgot to export your component from the file it's defined in, or you might have mixed up default and named imports.

Check the render method of `PipelineSummaryWidget`.
    at createFiberFromTypeAndProps (C:\Projects\ma-saas-platform\M-S-SaaS-apex-deliver\frontend\node_modules\react-dom\cjs\react-dom.development.js:28478:17)
    at createFiberFromElement (C:\Projects\ma-saas-platform\M-S-SaaS-apex-deliver\frontend\node_modules\react-dom\cjs\react-dom.development.js:28504:15)
    at reconcileSingleElement (C:\Projects\ma-saas-platform\M-S-SaaS-apex-deliver\frontend\node_modules\react-dom\cjs\react-dom.development.js:13986:23)
    at reconcileChildFibers (C:\Projects\ma-saas-platform\M-S-SaaS-apex-deliver\frontend\node_modules\react-dom\cjs\react-dom.development.js:14044:35)
    at reconcileChildren (C:\Projects\ma-saas-platform\M-S-SaaS-apex-deliver\frontend\node_modules\react-dom\cjs\react-dom.development.js:19186:28)
    at mountIndeterminateComponent (C:\Projects\ma-saas-platform\M-S-SaaS-apex-deliver\frontend\node_modules\react-dom\cjs\react-dom.development.js:20186:5)
    at beginWork (C:\Projects\ma-saas-platform\M-S-SaaS-apex-deliver\frontend\node_modules\react-dom\cjs\react-dom.development.js:21626:16)
    at HTMLUnknownElement.callCallback (C:\Projects\ma-saas-platform\M-S-SaaS-apex-deliver\frontend\node_modules\react-dom\cjs\react-dom.development.js:4164:14)
    at HTMLUnknownElement.callTheUserObjectsOperation (C:\Projects\ma-saas-platform\M-S-SaaS-apex-deliver\frontend\node_modules\jsdom\lib\jsdom\living\generated\EventListener.js:26:30)
    at innerInvokeEventListeners (C:\Projects\ma-saas-platform\M-S-SaaS-apex-deliver\frontend\node_modules\jsdom\lib\jsdom\living\events\EventTarget-impl.js:360:16)
Warning: React.jsx: type is invalid -- expected a string (for built-in components) or a class/function (for composite components) but got: undefined. You likely forgot to export your component from the file it's defined in, or you might have mixed up default and named imports.

Check the render method of `QuickActionsWidget`.
    at QuickActionsWidget
    at div
    at div
    at GridSystem (C:/Projects/ma-saas-platform/M-S-SaaS-apex-deliver/frontend/src/components/layout/GridSystem.tsx:8:3)
    at div
    at div
    at DashboardPage (C:/Projects/ma-saas-platform/M-S-SaaS-apex-deliver/frontend/src/pages/DashboardPage.tsx:20:90)
    at SignedIn (C:/Projects/ma-saas-platform/M-S-SaaS-apex-deliver/frontend/src/App.test.tsx:4:16)
    at DashboardRoute
    at RenderedRoute (file:///C:/Projects/ma-saas-platform/M-S-SaaS-apex-deliver/frontend/node_modules/react-router/dist/development/chunk-OIYGIGL5.mjs:5275:26)
    at Outlet (file:///C:/Projects/ma-saas-platform/M-S-SaaS-apex-deliver/frontend/node_modules/react-router/dist/development/chunk-OIYGIGL5.mjs:6057:26)
    at main
    at div
    at RootLayout (C:/Projects/ma-saas-platform/M-S-SaaS-apex-deliver/frontend/src/layouts/RootLayout.tsx:9:57)
    at RenderedRoute (file:///C:/Projects/ma-saas-platform/M-S-SaaS-apex-deliver/frontend/node_modules/react-router/dist/development/chunk-OIYGIGL5.mjs:5275:26)
    at Routes (file:///C:/Projects/ma-saas-platform/M-S-SaaS-apex-deliver/frontend/node_modules/react-router/dist/development/chunk-OIYGIGL5.mjs:6123:3)
    at AppRoutes (C:/Projects/ma-saas-platform/M-S-SaaS-apex-deliver/frontend/src/App.tsx:99:45)
    at Router (file:///C:/Projects/ma-saas-platform/M-S-SaaS-apex-deliver/frontend/node_modules/react-router/dist/development/chunk-OIYGIGL5.mjs:6066:13)
    at MemoryRouter (file:///C:/Projects/ma-saas-platform/M-S-SaaS-apex-deliver/frontend/node_modules/react-router/dist/development/chunk-OIYGIGL5.mjs:5988:3)
    at QueryClientProvider (file:///C:/Projects/ma-saas-platform/M-S-SaaS-apex-deliver/frontend/node_modules/@tanstack/react-query/build/modern/QueryClientProvider.js:20:3)
Warning: React.jsx: type is invalid -- expected a string (for built-in components) or a class/function (for composite components) but got: undefined. You likely forgot to export your component from the file it's defined in, or you might have mixed up default and named imports.

Check the render method of `QuickActionsWidget`.
    at QuickActionsWidget
    at div
    at div
    at GridSystem (C:/Projects/ma-saas-platform/M-S-SaaS-apex-deliver/frontend/src/components/layout/GridSystem.tsx:8:3)
    at div
    at div
    at DashboardPage (C:/Projects/ma-saas-platform/M-S-SaaS-apex-deliver/frontend/src/pages/DashboardPage.tsx:20:90)
    at SignedIn (C:/Projects/ma-saas-platform/M-S-SaaS-apex-deliver/frontend/src/App.test.tsx:4:16)
    at DashboardRoute
    at RenderedRoute (file:///C:/Projects/ma-saas-platform/M-S-SaaS-apex-deliver/frontend/node_modules/react-router/dist/development/chunk-OIYGIGL5.mjs:5275:26)
    at Outlet (file:///C:/Projects/ma-saas-platform/M-S-SaaS-apex-deliver/frontend/node_modules/react-router/dist/development/chunk-OIYGIGL5.mjs:6057:26)
    at main
    at div
    at RootLayout (C:/Projects/ma-saas-platform/M-S-SaaS-apex-deliver/frontend/src/layouts/RootLayout.tsx:9:57)
    at RenderedRoute (file:///C:/Projects/ma-saas-platform/M-S-SaaS-apex-deliver/frontend/node_modules/react-router/dist/development/chunk-OIYGIGL5.mjs:5275:26)
    at Routes (file:///C:/Projects/ma-saas-platform/M-S-SaaS-apex-deliver/frontend/node_modules/react-router/dist/development/chunk-OIYGIGL5.mjs:6123:3)
    at AppRoutes (C:/Projects/ma-saas-platform/M-S-SaaS-apex-deliver/frontend/src/App.tsx:99:45)
    at Router (file:///C:/Projects/ma-saas-platform/M-S-SaaS-apex-deliver/frontend/node_modules/react-router/dist/development/chunk-OIYGIGL5.mjs:6066:13)
    at MemoryRouter (file:///C:/Projects/ma-saas-platform/M-S-SaaS-apex-deliver/frontend/node_modules/react-router/dist/development/chunk-OIYGIGL5.mjs:5988:3)
    at QueryClientProvider (file:///C:/Projects/ma-saas-platform/M-S-SaaS-apex-deliver/frontend/node_modules/@tanstack/react-query/build/modern/QueryClientProvider.js:20:3)
Warning: React.jsx: type is invalid -- expected a string (for built-in components) or a class/function (for composite components) but got: undefined. You likely forgot to export your component from the file it's defined in, or you might have mixed up default and named imports.

Check the render method of `QuickActionsWidget`.
    at QuickActionsWidget
    at div
    at div
    at GridSystem (C:/Projects/ma-saas-platform/M-S-SaaS-apex-deliver/frontend/src/components/layout/GridSystem.tsx:8:3)
    at div
    at div
    at DashboardPage (C:/Projects/ma-saas-platform/M-S-SaaS-apex-deliver/frontend/src/pages/DashboardPage.tsx:20:90)
    at SignedIn (C:/Projects/ma-saas-platform/M-S-SaaS-apex-deliver/frontend/src/App.test.tsx:4:16)
    at DashboardRoute
    at RenderedRoute (file:///C:/Projects/ma-saas-platform/M-S-SaaS-apex-deliver/frontend/node_modules/react-router/dist/development/chunk-OIYGIGL5.mjs:5275:26)
    at Outlet (file:///C:/Projects/ma-saas-platform/M-S-SaaS-apex-deliver/frontend/node_modules/react-router/dist/development/chunk-OIYGIGL5.mjs:6057:26)
    at main
    at div
    at RootLayout (C:/Projects/ma-saas-platform/M-S-SaaS-apex-deliver/frontend/src/layouts/RootLayout.tsx:9:57)
    at RenderedRoute (file:///C:/Projects/ma-saas-platform/M-S-SaaS-apex-deliver/frontend/node_modules/react-router/dist/development/chunk-OIYGIGL5.mjs:5275:26)
    at Routes (file:///C:/Projects/ma-saas-platform/M-S-SaaS-apex-deliver/frontend/node_modules/react-router/dist/development/chunk-OIYGIGL5.mjs:6123:3)
    at AppRoutes (C:/Projects/ma-saas-platform/M-S-SaaS-apex-deliver/frontend/src/App.tsx:99:45)
    at Router (file:///C:/Projects/ma-saas-platform/M-S-SaaS-apex-deliver/frontend/node_modules/react-router/dist/development/chunk-OIYGIGL5.mjs:6066:13)
    at MemoryRouter (file:///C:/Projects/ma-saas-platform/M-S-SaaS-apex-deliver/frontend/node_modules/react-router/dist/development/chunk-OIYGIGL5.mjs:5988:3)
    at QueryClientProvider (file:///C:/Projects/ma-saas-platform/M-S-SaaS-apex-deliver/frontend/node_modules/@tanstack/react-query/build/modern/QueryClientProvider.js:20:3)
Warning: React.jsx: type is invalid -- expected a string (for built-in components) or a class/function (for composite components) but got: undefined. You likely forgot to export your component from the file it's defined in, or you might have mixed up default and named imports.

Check the render method of `QuickActionsWidget`.
    at QuickActionsWidget
    at div
    at div
    at GridSystem (C:/Projects/ma-saas-platform/M-S-SaaS-apex-deliver/frontend/src/components/layout/GridSystem.tsx:8:3)
    at div
    at div
    at DashboardPage (C:/Projects/ma-saas-platform/M-S-SaaS-apex-deliver/frontend/src/pages/DashboardPage.tsx:20:90)
    at SignedIn (C:/Projects/ma-saas-platform/M-S-SaaS-apex-deliver/frontend/src/App.test.tsx:4:16)
    at DashboardRoute
    at RenderedRoute (file:///C:/Projects/ma-saas-platform/M-S-SaaS-apex-deliver/frontend/node_modules/react-router/dist/development/chunk-OIYGIGL5.mjs:5275:26)
    at Outlet (file:///C:/Projects/ma-saas-platform/M-S-SaaS-apex-deliver/frontend/node_modules/react-router/dist/development/chunk-OIYGIGL5.mjs:6057:26)
    at main
    at div
    at RootLayout (C:/Projects/ma-saas-platform/M-S-SaaS-apex-deliver/frontend/src/layouts/RootLayout.tsx:9:57)
    at RenderedRoute (file:///C:/Projects/ma-saas-platform/M-S-SaaS-apex-deliver/frontend/node_modules/react-router/dist/development/chunk-OIYGIGL5.mjs:5275:26)
    at Routes (file:///C:/Projects/ma-saas-platform/M-S-SaaS-apex-deliver/frontend/node_modules/react-router/dist/development/chunk-OIYGIGL5.mjs:6123:3)
    at AppRoutes (C:/Projects/ma-saas-platform/M-S-SaaS-apex-deliver/frontend/src/App.tsx:99:45)
    at Router (file:///C:/Projects/ma-saas-platform/M-S-SaaS-apex-deliver/frontend/node_modules/react-router/dist/development/chunk-OIYGIGL5.mjs:6066:13)
    at MemoryRouter (file:///C:/Projects/ma-saas-platform/M-S-SaaS-apex-deliver/frontend/node_modules/react-router/dist/development/chunk-OIYGIGL5.mjs:5988:3)
    at QueryClientProvider (file:///C:/Projects/ma-saas-platform/M-S-SaaS-apex-deliver/frontend/node_modules/@tanstack/react-query/build/modern/QueryClientProvider.js:20:3)
Warning: React.jsx: type is invalid -- expected a string (for built-in components) or a class/function (for composite components) but got: undefined. You likely forgot to export your component from the file it's defined in, or you might have mixed up default and named imports.

Check the render method of `QuickActionsWidget`.
    at QuickActionsWidget
    at div
    at div
    at GridSystem (C:/Projects/ma-saas-platform/M-S-SaaS-apex-deliver/frontend/src/components/layout/GridSystem.tsx:8:3)
    at div
    at div
    at DashboardPage (C:/Projects/ma-saas-platform/M-S-SaaS-apex-deliver/frontend/src/pages/DashboardPage.tsx:20:90)
    at SignedIn (C:/Projects/ma-saas-platform/M-S-SaaS-apex-deliver/frontend/src/App.test.tsx:4:16)
    at DashboardRoute
    at RenderedRoute (file:///C:/Projects/ma-saas-platform/M-S-SaaS-apex-deliver/frontend/node_modules/react-router/dist/development/chunk-OIYGIGL5.mjs:5275:26)
    at Outlet (file:///C:/Projects/ma-saas-platform/M-S-SaaS-apex-deliver/frontend/node_modules/react-router/dist/development/chunk-OIYGIGL5.mjs:6057:26)
    at main
    at div
    at RootLayout (C:/Projects/ma-saas-platform/M-S-SaaS-apex-deliver/frontend/src/layouts/RootLayout.tsx:9:57)
    at RenderedRoute (file:///C:/Projects/ma-saas-platform/M-S-SaaS-apex-deliver/frontend/node_modules/react-router/dist/development/chunk-OIYGIGL5.mjs:5275:26)
    at Routes (file:///C:/Projects/ma-saas-platform/M-S-SaaS-apex-deliver/frontend/node_modules/react-router/dist/development/chunk-OIYGIGL5.mjs:6123:3)
    at AppRoutes (C:/Projects/ma-saas-platform/M-S-SaaS-apex-deliver/frontend/src/App.tsx:99:45)
    at Router (file:///C:/Projects/ma-saas-platform/M-S-SaaS-apex-deliver/frontend/node_modules/react-router/dist/development/chunk-OIYGIGL5.mjs:6066:13)
    at MemoryRouter (file:///C:/Projects/ma-saas-platform/M-S-SaaS-apex-deliver/frontend/node_modules/react-router/dist/development/chunk-OIYGIGL5.mjs:5988:3)
    at QueryClientProvider (file:///C:/Projects/ma-saas-platform/M-S-SaaS-apex-deliver/frontend/node_modules/@tanstack/react-query/build/modern/QueryClientProvider.js:20:3)
Warning: React.jsx: type is invalid -- expected a string (for built-in components) or a class/function (for composite components) but got: undefined. You likely forgot to export your component from the file it's defined in, or you might have mixed up default and named imports.

Check the render method of `QuickActionsWidget`.
    at QuickActionsWidget
    at div
    at div
    at GridSystem (C:/Projects/ma-saas-platform/M-S-SaaS-apex-deliver/frontend/src/components/layout/GridSystem.tsx:8:3)
    at div
    at div
    at DashboardPage (C:/Projects/ma-saas-platform/M-S-SaaS-apex-deliver/frontend/src/pages/DashboardPage.tsx:20:90)
    at SignedIn (C:/Projects/ma-saas-platform/M-S-SaaS-apex-deliver/frontend/src/App.test.tsx:4:16)
    at DashboardRoute
    at RenderedRoute (file:///C:/Projects/ma-saas-platform/M-S-SaaS-apex-deliver/frontend/node_modules/react-router/dist/development/chunk-OIYGIGL5.mjs:5275:26)
    at Outlet (file:///C:/Projects/ma-saas-platform/M-S-SaaS-apex-deliver/frontend/node_modules/react-router/dist/development/chunk-OIYGIGL5.mjs:6057:26)
    at main
    at div
    at RootLayout (C:/Projects/ma-saas-platform/M-S-SaaS-apex-deliver/frontend/src/layouts/RootLayout.tsx:9:57)
    at RenderedRoute (file:///C:/Projects/ma-saas-platform/M-S-SaaS-apex-deliver/frontend/node_modules/react-router/dist/development/chunk-OIYGIGL5.mjs:5275:26)
    at Routes (file:///C:/Projects/ma-saas-platform/M-S-SaaS-apex-deliver/frontend/node_modules/react-router/dist/development/chunk-OIYGIGL5.mjs:6123:3)
    at AppRoutes (C:/Projects/ma-saas-platform/M-S-SaaS-apex-deliver/frontend/src/App.tsx:99:45)
    at Router (file:///C:/Projects/ma-saas-platform/M-S-SaaS-apex-deliver/frontend/node_modules/react-router/dist/development/chunk-OIYGIGL5.mjs:6066:13)
    at MemoryRouter (file:///C:/Projects/ma-saas-platform/M-S-SaaS-apex-deliver/frontend/node_modules/react-router/dist/development/chunk-OIYGIGL5.mjs:5988:3)
    at QueryClientProvider (file:///C:/Projects/ma-saas-platform/M-S-SaaS-apex-deliver/frontend/node_modules/@tanstack/react-query/build/modern/QueryClientProvider.js:20:3)
Warning: React.jsx: type is invalid -- expected a string (for built-in components) or a class/function (for composite components) but got: undefined. You likely forgot to export your component from the file it's defined in, or you might have mixed up default and named imports.

Check the render method of `QuickActionsWidget`.
    at QuickActionsWidget
    at div
    at div
    at GridSystem (C:/Projects/ma-saas-platform/M-S-SaaS-apex-deliver/frontend/src/components/layout/GridSystem.tsx:8:3)
    at div
    at div
    at DashboardPage (C:/Projects/ma-saas-platform/M-S-SaaS-apex-deliver/frontend/src/pages/DashboardPage.tsx:20:90)
    at SignedIn (C:/Projects/ma-saas-platform/M-S-SaaS-apex-deliver/frontend/src/App.test.tsx:4:16)
    at DashboardRoute
    at RenderedRoute (file:///C:/Projects/ma-saas-platform/M-S-SaaS-apex-deliver/frontend/node_modules/react-router/dist/development/chunk-OIYGIGL5.mjs:5275:26)
    at Outlet (file:///C:/Projects/ma-saas-platform/M-S-SaaS-apex-deliver/frontend/node_modules/react-router/dist/development/chunk-OIYGIGL5.mjs:6057:26)
    at main
    at div
    at RootLayout (C:/Projects/ma-saas-platform/M-S-SaaS-apex-deliver/frontend/src/layouts/RootLayout.tsx:9:57)
    at RenderedRoute (file:///C:/Projects/ma-saas-platform/M-S-SaaS-apex-deliver/frontend/node_modules/react-router/dist/development/chunk-OIYGIGL5.mjs:5275:26)
    at Routes (file:///C:/Projects/ma-saas-platform/M-S-SaaS-apex-deliver/frontend/node_modules/react-router/dist/development/chunk-OIYGIGL5.mjs:6123:3)
    at AppRoutes (C:/Projects/ma-saas-platform/M-S-SaaS-apex-deliver/frontend/src/App.tsx:99:45)
    at Router (file:///C:/Projects/ma-saas-platform/M-S-SaaS-apex-deliver/frontend/node_modules/react-router/dist/development/chunk-OIYGIGL5.mjs:6066:13)
    at MemoryRouter (file:///C:/Projects/ma-saas-platform/M-S-SaaS-apex-deliver/frontend/node_modules/react-router/dist/development/chunk-OIYGIGL5.mjs:5988:3)
    at QueryClientProvider (file:///C:/Projects/ma-saas-platform/M-S-SaaS-apex-deliver/frontend/node_modules/@tanstack/react-query/build/modern/QueryClientProvider.js:20:3)
Warning: React.jsx: type is invalid -- expected a string (for built-in components) or a class/function (for composite components) but got: undefined. You likely forgot to export your component from the file it's defined in, or you might have mixed up default and named imports.

Check the render method of `QuickActionsWidget`.
    at QuickActionsWidget
    at div
    at div
    at GridSystem (C:/Projects/ma-saas-platform/M-S-SaaS-apex-deliver/frontend/src/components/layout/GridSystem.tsx:8:3)
    at div
    at div
    at DashboardPage (C:/Projects/ma-saas-platform/M-S-SaaS-apex-deliver/frontend/src/pages/DashboardPage.tsx:20:90)
    at SignedIn (C:/Projects/ma-saas-platform/M-S-SaaS-apex-deliver/frontend/src/App.test.tsx:4:16)
    at DashboardRoute
    at RenderedRoute (file:///C:/Projects/ma-saas-platform/M-S-SaaS-apex-deliver/frontend/node_modules/react-router/dist/development/chunk-OIYGIGL5.mjs:5275:26)
    at Outlet (file:///C:/Projects/ma-saas-platform/M-S-SaaS-apex-deliver/frontend/node_modules/react-router/dist/development/chunk-OIYGIGL5.mjs:6057:26)
    at main
    at div
    at RootLayout (C:/Projects/ma-saas-platform/M-S-SaaS-apex-deliver/frontend/src/layouts/RootLayout.tsx:9:57)
    at RenderedRoute (file:///C:/Projects/ma-saas-platform/M-S-SaaS-apex-deliver/frontend/node_modules/react-router/dist/development/chunk-OIYGIGL5.mjs:5275:26)
    at Routes (file:///C:/Projects/ma-saas-platform/M-S-SaaS-apex-deliver/frontend/node_modules/react-router/dist/development/chunk-OIYGIGL5.mjs:6123:3)
    at AppRoutes (C:/Projects/ma-saas-platform/M-S-SaaS-apex-deliver/frontend/src/App.tsx:99:45)
    at Router (file:///C:/Projects/ma-saas-platform/M-S-SaaS-apex-deliver/frontend/node_modules/react-router/dist/development/chunk-OIYGIGL5.mjs:6066:13)
    at MemoryRouter (file:///C:/Projects/ma-saas-platform/M-S-SaaS-apex-deliver/frontend/node_modules/react-router/dist/development/chunk-OIYGIGL5.mjs:5988:3)
    at QueryClientProvider (file:///C:/Projects/ma-saas-platform/M-S-SaaS-apex-deliver/frontend/node_modules/@tanstack/react-query/build/modern/QueryClientProvider.js:20:3)
Warning: React.jsx: type is invalid -- expected a string (for built-in components) or a class/function (for composite components) but got: undefined. You likely forgot to export your component from the file it's defined in, or you might have mixed up default and named imports.

Check the render method of `QuickActionsWidget`.
    at QuickActionsWidget
    at div
    at div
    at GridSystem (C:/Projects/ma-saas-platform/M-S-SaaS-apex-deliver/frontend/src/components/layout/GridSystem.tsx:8:3)
    at div
    at div
    at DashboardPage (C:/Projects/ma-saas-platform/M-S-SaaS-apex-deliver/frontend/src/pages/DashboardPage.tsx:20:90)
    at SignedIn (C:/Projects/ma-saas-platform/M-S-SaaS-apex-deliver/frontend/src/App.test.tsx:4:16)
    at DashboardRoute
    at RenderedRoute (file:///C:/Projects/ma-saas-platform/M-S-SaaS-apex-deliver/frontend/node_modules/react-router/dist/development/chunk-OIYGIGL5.mjs:5275:26)
    at Outlet (file:///C:/Projects/ma-saas-platform/M-S-SaaS-apex-deliver/frontend/node_modules/react-router/dist/development/chunk-OIYGIGL5.mjs:6057:26)
    at main
    at div
    at RootLayout (C:/Projects/ma-saas-platform/M-S-SaaS-apex-deliver/frontend/src/layouts/RootLayout.tsx:9:57)
    at RenderedRoute (file:///C:/Projects/ma-saas-platform/M-S-SaaS-apex-deliver/frontend/node_modules/react-router/dist/development/chunk-OIYGIGL5.mjs:5275:26)
    at Routes (file:///C:/Projects/ma-saas-platform/M-S-SaaS-apex-deliver/frontend/node_modules/react-router/dist/development/chunk-OIYGIGL5.mjs:6123:3)
    at AppRoutes (C:/Projects/ma-saas-platform/M-S-SaaS-apex-deliver/frontend/src/App.tsx:99:45)
    at Router (file:///C:/Projects/ma-saas-platform/M-S-SaaS-apex-deliver/frontend/node_modules/react-router/dist/development/chunk-OIYGIGL5.mjs:6066:13)
    at MemoryRouter (file:///C:/Projects/ma-saas-platform/M-S-SaaS-apex-deliver/frontend/node_modules/react-router/dist/development/chunk-OIYGIGL5.mjs:5988:3)
    at QueryClientProvider (file:///C:/Projects/ma-saas-platform/M-S-SaaS-apex-deliver/frontend/node_modules/@tanstack/react-query/build/modern/QueryClientProvider.js:20:3)
Warning: React.jsx: type is invalid -- expected a string (for built-in components) or a class/function (for composite components) but got: undefined. You likely forgot to export your component from the file it's defined in, or you might have mixed up default and named imports.

Check the render method of `QuickActionsWidget`.
    at QuickActionsWidget
    at div
    at div
    at GridSystem (C:/Projects/ma-saas-platform/M-S-SaaS-apex-deliver/frontend/src/components/layout/GridSystem.tsx:8:3)
    at div
    at div
    at DashboardPage (C:/Projects/ma-saas-platform/M-S-SaaS-apex-deliver/frontend/src/pages/DashboardPage.tsx:20:90)
    at SignedIn (C:/Projects/ma-saas-platform/M-S-SaaS-apex-deliver/frontend/src/App.test.tsx:4:16)
    at DashboardRoute
    at RenderedRoute (file:///C:/Projects/ma-saas-platform/M-S-SaaS-apex-deliver/frontend/node_modules/react-router/dist/development/chunk-OIYGIGL5.mjs:5275:26)
    at Outlet (file:///C:/Projects/ma-saas-platform/M-S-SaaS-apex-deliver/frontend/node_modules/react-router/dist/development/chunk-OIYGIGL5.mjs:6057:26)
    at main
    at div
    at RootLayout (C:/Projects/ma-saas-platform/M-S-SaaS-apex-deliver/frontend/src/layouts/RootLayout.tsx:9:57)
    at RenderedRoute (file:///C:/Projects/ma-saas-platform/M-S-SaaS-apex-deliver/frontend/node_modules/react-router/dist/development/chunk-OIYGIGL5.mjs:5275:26)
    at Routes (file:///C:/Projects/ma-saas-platform/M-S-SaaS-apex-deliver/frontend/node_modules/react-router/dist/development/chunk-OIYGIGL5.mjs:6123:3)
    at AppRoutes (C:/Projects/ma-saas-platform/M-S-SaaS-apex-deliver/frontend/src/App.tsx:99:45)
    at Router (file:///C:/Projects/ma-saas-platform/M-S-SaaS-apex-deliver/frontend/node_modules/react-router/dist/development/chunk-OIYGIGL5.mjs:6066:13)
    at MemoryRouter (file:///C:/Projects/ma-saas-platform/M-S-SaaS-apex-deliver/frontend/node_modules/react-router/dist/development/chunk-OIYGIGL5.mjs:5988:3)
    at QueryClientProvider (file:///C:/Projects/ma-saas-platform/M-S-SaaS-apex-deliver/frontend/node_modules/@tanstack/react-query/build/modern/QueryClientProvider.js:20:3)
Warning: React.jsx: type is invalid -- expected a string (for built-in components) or a class/function (for composite components) but got: undefined. You likely forgot to export your component from the file it's defined in, or you might have mixed up default and named imports.

Check the render method of `QuickActionsWidget`.
    at QuickActionsWidget
    at div
    at div
    at GridSystem (C:/Projects/ma-saas-platform/M-S-SaaS-apex-deliver/frontend/src/components/layout/GridSystem.tsx:8:3)
    at div
    at div
    at DashboardPage (C:/Projects/ma-saas-platform/M-S-SaaS-apex-deliver/frontend/src/pages/DashboardPage.tsx:20:90)
    at SignedIn (C:/Projects/ma-saas-platform/M-S-SaaS-apex-deliver/frontend/src/App.test.tsx:4:16)
    at DashboardRoute
    at RenderedRoute (file:///C:/Projects/ma-saas-platform/M-S-SaaS-apex-deliver/frontend/node_modules/react-router/dist/development/chunk-OIYGIGL5.mjs:5275:26)
    at Outlet (file:///C:/Projects/ma-saas-platform/M-S-SaaS-apex-deliver/frontend/node_modules/react-router/dist/development/chunk-OIYGIGL5.mjs:6057:26)
    at main
    at div
    at RootLayout (C:/Projects/ma-saas-platform/M-S-SaaS-apex-deliver/frontend/src/layouts/RootLayout.tsx:9:57)
    at RenderedRoute (file:///C:/Projects/ma-saas-platform/M-S-SaaS-apex-deliver/frontend/node_modules/react-router/dist/development/chunk-OIYGIGL5.mjs:5275:26)
    at Routes (file:///C:/Projects/ma-saas-platform/M-S-SaaS-apex-deliver/frontend/node_modules/react-router/dist/development/chunk-OIYGIGL5.mjs:6123:3)
    at AppRoutes (C:/Projects/ma-saas-platform/M-S-SaaS-apex-deliver/frontend/src/App.tsx:99:45)
    at Router (file:///C:/Projects/ma-saas-platform/M-S-SaaS-apex-deliver/frontend/node_modules/react-router/dist/development/chunk-OIYGIGL5.mjs:6066:13)
    at MemoryRouter (file:///C:/Projects/ma-saas-platform/M-S-SaaS-apex-deliver/frontend/node_modules/react-router/dist/development/chunk-OIYGIGL5.mjs:5988:3)
    at QueryClientProvider (file:///C:/Projects/ma-saas-platform/M-S-SaaS-apex-deliver/frontend/node_modules/@tanstack/react-query/build/modern/QueryClientProvider.js:20:3)
Warning: React.jsx: type is invalid -- expected a string (for built-in components) or a class/function (for composite components) but got: undefined. You likely forgot to export your component from the file it's defined in, or you might have mixed up default and named imports.

Check the render method of `QuickActionsWidget`.
    at QuickActionsWidget
    at div
    at div
    at GridSystem (C:/Projects/ma-saas-platform/M-S-SaaS-apex-deliver/frontend/src/components/layout/GridSystem.tsx:8:3)
    at div
    at div
    at DashboardPage (C:/Projects/ma-saas-platform/M-S-SaaS-apex-deliver/frontend/src/pages/DashboardPage.tsx:20:90)
    at SignedIn (C:/Projects/ma-saas-platform/M-S-SaaS-apex-deliver/frontend/src/App.test.tsx:4:16)
    at DashboardRoute
    at RenderedRoute (file:///C:/Projects/ma-saas-platform/M-S-SaaS-apex-deliver/frontend/node_modules/react-router/dist/development/chunk-OIYGIGL5.mjs:5275:26)
    at Outlet (file:///C:/Projects/ma-saas-platform/M-S-SaaS-apex-deliver/frontend/node_modules/react-router/dist/development/chunk-OIYGIGL5.mjs:6057:26)
    at main
    at div
    at RootLayout (C:/Projects/ma-saas-platform/M-S-SaaS-apex-deliver/frontend/src/layouts/RootLayout.tsx:9:57)
    at RenderedRoute (file:///C:/Projects/ma-saas-platform/M-S-SaaS-apex-deliver/frontend/node_modules/react-router/dist/development/chunk-OIYGIGL5.mjs:5275:26)
    at Routes (file:///C:/Projects/ma-saas-platform/M-S-SaaS-apex-deliver/frontend/node_modules/react-router/dist/development/chunk-OIYGIGL5.mjs:6123:3)
    at AppRoutes (C:/Projects/ma-saas-platform/M-S-SaaS-apex-deliver/frontend/src/App.tsx:99:45)
    at Router (file:///C:/Projects/ma-saas-platform/M-S-SaaS-apex-deliver/frontend/node_modules/react-router/dist/development/chunk-OIYGIGL5.mjs:6066:13)
    at MemoryRouter (file:///C:/Projects/ma-saas-platform/M-S-SaaS-apex-deliver/frontend/node_modules/react-router/dist/development/chunk-OIYGIGL5.mjs:5988:3)
    at QueryClientProvider (file:///C:/Projects/ma-saas-platform/M-S-SaaS-apex-deliver/frontend/node_modules/@tanstack/react-query/build/modern/QueryClientProvider.js:20:3)
Warning: React.jsx: type is invalid -- expected a string (for built-in components) or a class/function (for composite components) but got: undefined. You likely forgot to export your component from the file it's defined in, or you might have mixed up default and named imports.

Check the render method of `QuickActionsWidget`.
    at QuickActionsWidget
    at div
    at div
    at GridSystem (C:/Projects/ma-saas-platform/M-S-SaaS-apex-deliver/frontend/src/components/layout/GridSystem.tsx:8:3)
    at div
    at div
    at DashboardPage (C:/Projects/ma-saas-platform/M-S-SaaS-apex-deliver/frontend/src/pages/DashboardPage.tsx:20:90)
    at SignedIn (C:/Projects/ma-saas-platform/M-S-SaaS-apex-deliver/frontend/src/App.test.tsx:4:16)
    at DashboardRoute
    at RenderedRoute (file:///C:/Projects/ma-saas-platform/M-S-SaaS-apex-deliver/frontend/node_modules/react-router/dist/development/chunk-OIYGIGL5.mjs:5275:26)
    at Outlet (file:///C:/Projects/ma-saas-platform/M-S-SaaS-apex-deliver/frontend/node_modules/react-router/dist/development/chunk-OIYGIGL5.mjs:6057:26)
    at main
    at div
    at RootLayout (C:/Projects/ma-saas-platform/M-S-SaaS-apex-deliver/frontend/src/layouts/RootLayout.tsx:9:57)
    at RenderedRoute (file:///C:/Projects/ma-saas-platform/M-S-SaaS-apex-deliver/frontend/node_modules/react-router/dist/development/chunk-OIYGIGL5.mjs:5275:26)
    at Routes (file:///C:/Projects/ma-saas-platform/M-S-SaaS-apex-deliver/frontend/node_modules/react-router/dist/development/chunk-OIYGIGL5.mjs:6123:3)
    at AppRoutes (C:/Projects/ma-saas-platform/M-S-SaaS-apex-deliver/frontend/src/App.tsx:99:45)
    at Router (file:///C:/Projects/ma-saas-platform/M-S-SaaS-apex-deliver/frontend/node_modules/react-router/dist/development/chunk-OIYGIGL5.mjs:6066:13)
    at MemoryRouter (file:///C:/Projects/ma-saas-platform/M-S-SaaS-apex-deliver/frontend/node_modules/react-router/dist/development/chunk-OIYGIGL5.mjs:5988:3)
    at QueryClientProvider (file:///C:/Projects/ma-saas-platform/M-S-SaaS-apex-deliver/frontend/node_modules/@tanstack/react-query/build/modern/QueryClientProvider.js:20:3)
Warning: React.jsx: type is invalid -- expected a string (for built-in components) or a class/function (for composite components) but got: undefined. You likely forgot to export your component from the file it's defined in, or you might have mixed up default and named imports.

Check the render method of `QuickActionsWidget`.
    at QuickActionsWidget
    at div
    at div
    at GridSystem (C:/Projects/ma-saas-platform/M-S-SaaS-apex-deliver/frontend/src/components/layout/GridSystem.tsx:8:3)
    at div
    at div
    at DashboardPage (C:/Projects/ma-saas-platform/M-S-SaaS-apex-deliver/frontend/src/pages/DashboardPage.tsx:20:90)
    at SignedIn (C:/Projects/ma-saas-platform/M-S-SaaS-apex-deliver/frontend/src/App.test.tsx:4:16)
    at DashboardRoute
    at RenderedRoute (file:///C:/Projects/ma-saas-platform/M-S-SaaS-apex-deliver/frontend/node_modules/react-router/dist/development/chunk-OIYGIGL5.mjs:5275:26)
    at Outlet (file:///C:/Projects/ma-saas-platform/M-S-SaaS-apex-deliver/frontend/node_modules/react-router/dist/development/chunk-OIYGIGL5.mjs:6057:26)
    at main
    at div
    at RootLayout (C:/Projects/ma-saas-platform/M-S-SaaS-apex-deliver/frontend/src/layouts/RootLayout.tsx:9:57)
    at RenderedRoute (file:///C:/Projects/ma-saas-platform/M-S-SaaS-apex-deliver/frontend/node_modules/react-router/dist/development/chunk-OIYGIGL5.mjs:5275:26)
    at Routes (file:///C:/Projects/ma-saas-platform/M-S-SaaS-apex-deliver/frontend/node_modules/react-router/dist/development/chunk-OIYGIGL5.mjs:6123:3)
    at AppRoutes (C:/Projects/ma-saas-platform/M-S-SaaS-apex-deliver/frontend/src/App.tsx:99:45)
    at Router (file:///C:/Projects/ma-saas-platform/M-S-SaaS-apex-deliver/frontend/node_modules/react-router/dist/development/chunk-OIYGIGL5.mjs:6066:13)
    at MemoryRouter (file:///C:/Projects/ma-saas-platform/M-S-SaaS-apex-deliver/frontend/node_modules/react-router/dist/development/chunk-OIYGIGL5.mjs:5988:3)
    at QueryClientProvider (file:///C:/Projects/ma-saas-platform/M-S-SaaS-apex-deliver/frontend/node_modules/@tanstack/react-query/build/modern/QueryClientProvider.js:20:3)
Error: Element type is invalid: expected a string (for built-in components) or a class/function (for composite components) but got: undefined. You likely forgot to export your component from the file it's defined in, or you might have mixed up default and named imports.

Check the render method of `QuickActionsWidget`.
    at createFiberFromTypeAndProps (C:\Projects\ma-saas-platform\M-S-SaaS-apex-deliver\frontend\node_modules\react-dom\cjs\react-dom.development.js:28478:17)
    at createFiberFromElement (C:\Projects\ma-saas-platform\M-S-SaaS-apex-deliver\frontend\node_modules\react-dom\cjs\react-dom.development.js:28504:15)
    at reconcileSingleElement (C:\Projects\ma-saas-platform\M-S-SaaS-apex-deliver\frontend\node_modules\react-dom\cjs\react-dom.development.js:13986:23)
    at reconcileChildFibers (C:\Projects\ma-saas-platform\M-S-SaaS-apex-deliver\frontend\node_modules\react-dom\cjs\react-dom.development.js:14044:35)
    at reconcileChildren (C:\Projects\ma-saas-platform\M-S-SaaS-apex-deliver\frontend\node_modules\react-dom\cjs\react-dom.development.js:19186:28)
    at mountIndeterminateComponent (C:\Projects\ma-saas-platform\M-S-SaaS-apex-deliver\frontend\node_modules\react-dom\cjs\react-dom.development.js:20186:5)
    at beginWork (C:\Projects\ma-saas-platform\M-S-SaaS-apex-deliver\frontend\node_modules\react-dom\cjs\react-dom.development.js:21626:16)
    at HTMLUnknownElement.callCallback (C:\Projects\ma-saas-platform\M-S-SaaS-apex-deliver\frontend\node_modules\react-dom\cjs\react-dom.development.js:4164:14)
    at HTMLUnknownElement.callTheUserObjectsOperation (C:\Projects\ma-saas-platform\M-S-SaaS-apex-deliver\frontend\node_modules\jsdom\lib\jsdom\living\generated\EventListener.js:26:30)
    at innerInvokeEventListeners (C:\Projects\ma-saas-platform\M-S-SaaS-apex-deliver\frontend\node_modules\jsdom\lib\jsdom\living\events\EventTarget-impl.js:360:16)
Warning: React.jsx: type is invalid -- expected a string (for built-in components) or a class/function (for composite components) but got: undefined. You likely forgot to export your component from the file it's defined in, or you might have mixed up default and named imports.

Check the render method of `ActivityFeedWidget`.
    at ActivityFeedWidget (C:/Projects/ma-saas-platform/M-S-SaaS-apex-deliver/frontend/src/pages/DashboardPage.tsx:141:31)
    at div
    at GridSystem (C:/Projects/ma-saas-platform/M-S-SaaS-apex-deliver/frontend/src/components/layout/GridSystem.tsx:8:3)
    at div
    at div
    at DashboardPage (C:/Projects/ma-saas-platform/M-S-SaaS-apex-deliver/frontend/src/pages/DashboardPage.tsx:20:90)
    at SignedIn (C:/Projects/ma-saas-platform/M-S-SaaS-apex-deliver/frontend/src/App.test.tsx:4:16)
    at DashboardRoute
    at RenderedRoute (file:///C:/Projects/ma-saas-platform/M-S-SaaS-apex-deliver/frontend/node_modules/react-router/dist/development/chunk-OIYGIGL5.mjs:5275:26)
    at Outlet (file:///C:/Projects/ma-saas-platform/M-S-SaaS-apex-deliver/frontend/node_modules/react-router/dist/development/chunk-OIYGIGL5.mjs:6057:26)
    at main
    at div
    at RootLayout (C:/Projects/ma-saas-platform/M-S-SaaS-apex-deliver/frontend/src/layouts/RootLayout.tsx:9:57)
    at RenderedRoute (file:///C:/Projects/ma-saas-platform/M-S-SaaS-apex-deliver/frontend/node_modules/react-router/dist/development/chunk-OIYGIGL5.mjs:5275:26)
    at Routes (file:///C:/Projects/ma-saas-platform/M-S-SaaS-apex-deliver/frontend/node_modules/react-router/dist/development/chunk-OIYGIGL5.mjs:6123:3)
    at AppRoutes (C:/Projects/ma-saas-platform/M-S-SaaS-apex-deliver/frontend/src/App.tsx:99:45)
    at Router (file:///C:/Projects/ma-saas-platform/M-S-SaaS-apex-deliver/frontend/node_modules/react-router/dist/development/chunk-OIYGIGL5.mjs:6066:13)
    at MemoryRouter (file:///C:/Projects/ma-saas-platform/M-S-SaaS-apex-deliver/frontend/node_modules/react-router/dist/development/chunk-OIYGIGL5.mjs:5988:3)
    at QueryClientProvider (file:///C:/Projects/ma-saas-platform/M-S-SaaS-apex-deliver/frontend/node_modules/@tanstack/react-query/build/modern/QueryClientProvider.js:20:3)
Warning: React.jsx: type is invalid -- expected a string (for built-in components) or a class/function (for composite components) but got: undefined. You likely forgot to export your component from the file it's defined in, or you might have mixed up default and named imports.

Check the render method of `ActivityFeedWidget`.
    at ActivityFeedWidget (C:/Projects/ma-saas-platform/M-S-SaaS-apex-deliver/frontend/src/pages/DashboardPage.tsx:141:31)
    at div
    at GridSystem (C:/Projects/ma-saas-platform/M-S-SaaS-apex-deliver/frontend/src/components/layout/GridSystem.tsx:8:3)
    at div
    at div
    at DashboardPage (C:/Projects/ma-saas-platform/M-S-SaaS-apex-deliver/frontend/src/pages/DashboardPage.tsx:20:90)
    at SignedIn (C:/Projects/ma-saas-platform/M-S-SaaS-apex-deliver/frontend/src/App.test.tsx:4:16)
    at DashboardRoute
    at RenderedRoute (file:///C:/Projects/ma-saas-platform/M-S-SaaS-apex-deliver/frontend/node_modules/react-router/dist/development/chunk-OIYGIGL5.mjs:5275:26)
    at Outlet (file:///C:/Projects/ma-saas-platform/M-S-SaaS-apex-deliver/frontend/node_modules/react-router/dist/development/chunk-OIYGIGL5.mjs:6057:26)
    at main
    at div
    at RootLayout (C:/Projects/ma-saas-platform/M-S-SaaS-apex-deliver/frontend/src/layouts/RootLayout.tsx:9:57)
    at RenderedRoute (file:///C:/Projects/ma-saas-platform/M-S-SaaS-apex-deliver/frontend/node_modules/react-router/dist/development/chunk-OIYGIGL5.mjs:5275:26)
    at Routes (file:///C:/Projects/ma-saas-platform/M-S-SaaS-apex-deliver/frontend/node_modules/react-router/dist/development/chunk-OIYGIGL5.mjs:6123:3)
    at AppRoutes (C:/Projects/ma-saas-platform/M-S-SaaS-apex-deliver/frontend/src/App.tsx:99:45)
    at Router (file:///C:/Projects/ma-saas-platform/M-S-SaaS-apex-deliver/frontend/node_modules/react-router/dist/development/chunk-OIYGIGL5.mjs:6066:13)
    at MemoryRouter (file:///C:/Projects/ma-saas-platform/M-S-SaaS-apex-deliver/frontend/node_modules/react-router/dist/development/chunk-OIYGIGL5.mjs:5988:3)
    at QueryClientProvider (file:///C:/Projects/ma-saas-platform/M-S-SaaS-apex-deliver/frontend/node_modules/@tanstack/react-query/build/modern/QueryClientProvider.js:20:3)
Warning: React.jsx: type is invalid -- expected a string (for built-in components) or a class/function (for composite components) but got: undefined. You likely forgot to export your component from the file it's defined in, or you might have mixed up default and named imports.

Check the render method of `ActivityFeedWidget`.
    at ActivityFeedWidget (C:/Projects/ma-saas-platform/M-S-SaaS-apex-deliver/frontend/src/pages/DashboardPage.tsx:141:31)
    at div
    at GridSystem (C:/Projects/ma-saas-platform/M-S-SaaS-apex-deliver/frontend/src/components/layout/GridSystem.tsx:8:3)
    at div
    at div
    at DashboardPage (C:/Projects/ma-saas-platform/M-S-SaaS-apex-deliver/frontend/src/pages/DashboardPage.tsx:20:90)
    at SignedIn (C:/Projects/ma-saas-platform/M-S-SaaS-apex-deliver/frontend/src/App.test.tsx:4:16)
    at DashboardRoute
    at RenderedRoute (file:///C:/Projects/ma-saas-platform/M-S-SaaS-apex-deliver/frontend/node_modules/react-router/dist/development/chunk-OIYGIGL5.mjs:5275:26)
    at Outlet (file:///C:/Projects/ma-saas-platform/M-S-SaaS-apex-deliver/frontend/node_modules/react-router/dist/development/chunk-OIYGIGL5.mjs:6057:26)
    at main
    at div
    at RootLayout (C:/Projects/ma-saas-platform/M-S-SaaS-apex-deliver/frontend/src/layouts/RootLayout.tsx:9:57)
    at RenderedRoute (file:///C:/Projects/ma-saas-platform/M-S-SaaS-apex-deliver/frontend/node_modules/react-router/dist/development/chunk-OIYGIGL5.mjs:5275:26)
    at Routes (file:///C:/Projects/ma-saas-platform/M-S-SaaS-apex-deliver/frontend/node_modules/react-router/dist/development/chunk-OIYGIGL5.mjs:6123:3)
    at AppRoutes (C:/Projects/ma-saas-platform/M-S-SaaS-apex-deliver/frontend/src/App.tsx:99:45)
    at Router (file:///C:/Projects/ma-saas-platform/M-S-SaaS-apex-deliver/frontend/node_modules/react-router/dist/development/chunk-OIYGIGL5.mjs:6066:13)
    at MemoryRouter (file:///C:/Projects/ma-saas-platform/M-S-SaaS-apex-deliver/frontend/node_modules/react-router/dist/development/chunk-OIYGIGL5.mjs:5988:3)
    at QueryClientProvider (file:///C:/Projects/ma-saas-platform/M-S-SaaS-apex-deliver/frontend/node_modules/@tanstack/react-query/build/modern/QueryClientProvider.js:20:3)
Warning: React.jsx: type is invalid -- expected a string (for built-in components) or a class/function (for composite components) but got: undefined. You likely forgot to export your component from the file it's defined in, or you might have mixed up default and named imports.

Check the render method of `ActivityFeedWidget`.
    at ActivityFeedWidget (C:/Projects/ma-saas-platform/M-S-SaaS-apex-deliver/frontend/src/pages/DashboardPage.tsx:141:31)
    at div
    at GridSystem (C:/Projects/ma-saas-platform/M-S-SaaS-apex-deliver/frontend/src/components/layout/GridSystem.tsx:8:3)
    at div
    at div
    at DashboardPage (C:/Projects/ma-saas-platform/M-S-SaaS-apex-deliver/frontend/src/pages/DashboardPage.tsx:20:90)
    at SignedIn (C:/Projects/ma-saas-platform/M-S-SaaS-apex-deliver/frontend/src/App.test.tsx:4:16)
    at DashboardRoute
    at RenderedRoute (file:///C:/Projects/ma-saas-platform/M-S-SaaS-apex-deliver/frontend/node_modules/react-router/dist/development/chunk-OIYGIGL5.mjs:5275:26)
    at Outlet (file:///C:/Projects/ma-saas-platform/M-S-SaaS-apex-deliver/frontend/node_modules/react-router/dist/development/chunk-OIYGIGL5.mjs:6057:26)
    at main
    at div
    at RootLayout (C:/Projects/ma-saas-platform/M-S-SaaS-apex-deliver/frontend/src/layouts/RootLayout.tsx:9:57)
    at RenderedRoute (file:///C:/Projects/ma-saas-platform/M-S-SaaS-apex-deliver/frontend/node_modules/react-router/dist/development/chunk-OIYGIGL5.mjs:5275:26)
    at Routes (file:///C:/Projects/ma-saas-platform/M-S-SaaS-apex-deliver/frontend/node_modules/react-router/dist/development/chunk-OIYGIGL5.mjs:6123:3)
    at AppRoutes (C:/Projects/ma-saas-platform/M-S-SaaS-apex-deliver/frontend/src/App.tsx:99:45)
    at Router (file:///C:/Projects/ma-saas-platform/M-S-SaaS-apex-deliver/frontend/node_modules/react-router/dist/development/chunk-OIYGIGL5.mjs:6066:13)
    at MemoryRouter (file:///C:/Projects/ma-saas-platform/M-S-SaaS-apex-deliver/frontend/node_modules/react-router/dist/development/chunk-OIYGIGL5.mjs:5988:3)
    at QueryClientProvider (file:///C:/Projects/ma-saas-platform/M-S-SaaS-apex-deliver/frontend/node_modules/@tanstack/react-query/build/modern/QueryClientProvider.js:20:3)
Warning: React.jsx: type is invalid -- expected a string (for built-in components) or a class/function (for composite components) but got: undefined. You likely forgot to export your component from the file it's defined in, or you might have mixed up default and named imports.

Check the render method of `ActivityFeedWidget`.
    at ActivityFeedWidget (C:/Projects/ma-saas-platform/M-S-SaaS-apex-deliver/frontend/src/pages/DashboardPage.tsx:141:31)
    at div
    at GridSystem (C:/Projects/ma-saas-platform/M-S-SaaS-apex-deliver/frontend/src/components/layout/GridSystem.tsx:8:3)
    at div
    at div
    at DashboardPage (C:/Projects/ma-saas-platform/M-S-SaaS-apex-deliver/frontend/src/pages/DashboardPage.tsx:20:90)
    at SignedIn (C:/Projects/ma-saas-platform/M-S-SaaS-apex-deliver/frontend/src/App.test.tsx:4:16)
    at DashboardRoute
    at RenderedRoute (file:///C:/Projects/ma-saas-platform/M-S-SaaS-apex-deliver/frontend/node_modules/react-router/dist/development/chunk-OIYGIGL5.mjs:5275:26)
    at Outlet (file:///C:/Projects/ma-saas-platform/M-S-SaaS-apex-deliver/frontend/node_modules/react-router/dist/development/chunk-OIYGIGL5.mjs:6057:26)
    at main
    at div
    at RootLayout (C:/Projects/ma-saas-platform/M-S-SaaS-apex-deliver/frontend/src/layouts/RootLayout.tsx:9:57)
    at RenderedRoute (file:///C:/Projects/ma-saas-platform/M-S-SaaS-apex-deliver/frontend/node_modules/react-router/dist/development/chunk-OIYGIGL5.mjs:5275:26)
    at Routes (file:///C:/Projects/ma-saas-platform/M-S-SaaS-apex-deliver/frontend/node_modules/react-router/dist/development/chunk-OIYGIGL5.mjs:6123:3)
    at AppRoutes (C:/Projects/ma-saas-platform/M-S-SaaS-apex-deliver/frontend/src/App.tsx:99:45)
    at Router (file:///C:/Projects/ma-saas-platform/M-S-SaaS-apex-deliver/frontend/node_modules/react-router/dist/development/chunk-OIYGIGL5.mjs:6066:13)
    at MemoryRouter (file:///C:/Projects/ma-saas-platform/M-S-SaaS-apex-deliver/frontend/node_modules/react-router/dist/development/chunk-OIYGIGL5.mjs:5988:3)
    at QueryClientProvider (file:///C:/Projects/ma-saas-platform/M-S-SaaS-apex-deliver/frontend/node_modules/@tanstack/react-query/build/modern/QueryClientProvider.js:20:3)
Warning: React.jsx: type is invalid -- expected a string (for built-in components) or a class/function (for composite components) but got: undefined. You likely forgot to export your component from the file it's defined in, or you might have mixed up default and named imports.

Check the render method of `ActivityFeedWidget`.
    at ActivityFeedWidget (C:/Projects/ma-saas-platform/M-S-SaaS-apex-deliver/frontend/src/pages/DashboardPage.tsx:141:31)
    at div
    at GridSystem (C:/Projects/ma-saas-platform/M-S-SaaS-apex-deliver/frontend/src/components/layout/GridSystem.tsx:8:3)
    at div
    at div
    at DashboardPage (C:/Projects/ma-saas-platform/M-S-SaaS-apex-deliver/frontend/src/pages/DashboardPage.tsx:20:90)
    at SignedIn (C:/Projects/ma-saas-platform/M-S-SaaS-apex-deliver/frontend/src/App.test.tsx:4:16)
    at DashboardRoute
    at RenderedRoute (file:///C:/Projects/ma-saas-platform/M-S-SaaS-apex-deliver/frontend/node_modules/react-router/dist/development/chunk-OIYGIGL5.mjs:5275:26)
    at Outlet (file:///C:/Projects/ma-saas-platform/M-S-SaaS-apex-deliver/frontend/node_modules/react-router/dist/development/chunk-OIYGIGL5.mjs:6057:26)
    at main
    at div
    at RootLayout (C:/Projects/ma-saas-platform/M-S-SaaS-apex-deliver/frontend/src/layouts/RootLayout.tsx:9:57)
    at RenderedRoute (file:///C:/Projects/ma-saas-platform/M-S-SaaS-apex-deliver/frontend/node_modules/react-router/dist/development/chunk-OIYGIGL5.mjs:5275:26)
    at Routes (file:///C:/Projects/ma-saas-platform/M-S-SaaS-apex-deliver/frontend/node_modules/react-router/dist/development/chunk-OIYGIGL5.mjs:6123:3)
    at AppRoutes (C:/Projects/ma-saas-platform/M-S-SaaS-apex-deliver/frontend/src/App.tsx:99:45)
    at Router (file:///C:/Projects/ma-saas-platform/M-S-SaaS-apex-deliver/frontend/node_modules/react-router/dist/development/chunk-OIYGIGL5.mjs:6066:13)
    at MemoryRouter (file:///C:/Projects/ma-saas-platform/M-S-SaaS-apex-deliver/frontend/node_modules/react-router/dist/development/chunk-OIYGIGL5.mjs:5988:3)
    at QueryClientProvider (file:///C:/Projects/ma-saas-platform/M-S-SaaS-apex-deliver/frontend/node_modules/@tanstack/react-query/build/modern/QueryClientProvider.js:20:3)
Error: Element type is invalid: expected a string (for built-in components) or a class/function (for composite components) but got: undefined. You likely forgot to export your component from the file it's defined in, or you might have mixed up default and named imports.

Check the render method of `ActivityFeedWidget`.
    at createFiberFromTypeAndProps (C:\Projects\ma-saas-platform\M-S-SaaS-apex-deliver\frontend\node_modules\react-dom\cjs\react-dom.development.js:28478:17)
    at createFiberFromElement (C:\Projects\ma-saas-platform\M-S-SaaS-apex-deliver\frontend\node_modules\react-dom\cjs\react-dom.development.js:28504:15)
    at reconcileSingleElement (C:\Projects\ma-saas-platform\M-S-SaaS-apex-deliver\frontend\node_modules\react-dom\cjs\react-dom.development.js:13986:23)
    at reconcileChildFibers (C:\Projects\ma-saas-platform\M-S-SaaS-apex-deliver\frontend\node_modules\react-dom\cjs\react-dom.development.js:14044:35)
    at reconcileChildren (C:\Projects\ma-saas-platform\M-S-SaaS-apex-deliver\frontend\node_modules\react-dom\cjs\react-dom.development.js:19186:28)
    at mountIndeterminateComponent (C:\Projects\ma-saas-platform\M-S-SaaS-apex-deliver\frontend\node_modules\react-dom\cjs\react-dom.development.js:20186:5)
    at beginWork (C:\Projects\ma-saas-platform\M-S-SaaS-apex-deliver\frontend\node_modules\react-dom\cjs\react-dom.development.js:21626:16)
    at HTMLUnknownElement.callCallback (C:\Projects\ma-saas-platform\M-S-SaaS-apex-deliver\frontend\node_modules\react-dom\cjs\react-dom.development.js:4164:14)
    at HTMLUnknownElement.callTheUserObjectsOperation (C:\Projects\ma-saas-platform\M-S-SaaS-apex-deliver\frontend\node_modules\jsdom\lib\jsdom\living\generated\EventListener.js:26:30)
    at innerInvokeEventListeners (C:\Projects\ma-saas-platform\M-S-SaaS-apex-deliver\frontend\node_modules\jsdom\lib\jsdom\living\events\EventTarget-impl.js:360:16)
Warning: React.jsx: type is invalid -- expected a string (for built-in components) or a class/function (for composite components) but got: undefined. You likely forgot to export your component from the file it's defined in, or you might have mixed up default and named imports.

Check the render method of `UpcomingTasksWidget`.
    at UpcomingTasksWidget
    at div
    at GridSystem (C:/Projects/ma-saas-platform/M-S-SaaS-apex-deliver/frontend/src/components/layout/GridSystem.tsx:8:3)
    at div
    at div
    at DashboardPage (C:/Projects/ma-saas-platform/M-S-SaaS-apex-deliver/frontend/src/pages/DashboardPage.tsx:20:90)
    at SignedIn (C:/Projects/ma-saas-platform/M-S-SaaS-apex-deliver/frontend/src/App.test.tsx:4:16)
    at DashboardRoute
    at RenderedRoute (file:///C:/Projects/ma-saas-platform/M-S-SaaS-apex-deliver/frontend/node_modules/react-router/dist/development/chunk-OIYGIGL5.mjs:5275:26)
    at Outlet (file:///C:/Projects/ma-saas-platform/M-S-SaaS-apex-deliver/frontend/node_modules/react-router/dist/development/chunk-OIYGIGL5.mjs:6057:26)
    at main
    at div
    at RootLayout (C:/Projects/ma-saas-platform/M-S-SaaS-apex-deliver/frontend/src/layouts/RootLayout.tsx:9:57)
    at RenderedRoute (file:///C:/Projects/ma-saas-platform/M-S-SaaS-apex-deliver/frontend/node_modules/react-router/dist/development/chunk-OIYGIGL5.mjs:5275:26)
    at Routes (file:///C:/Projects/ma-saas-platform/M-S-SaaS-apex-deliver/frontend/node_modules/react-router/dist/development/chunk-OIYGIGL5.mjs:6123:3)
    at AppRoutes (C:/Projects/ma-saas-platform/M-S-SaaS-apex-deliver/frontend/src/App.tsx:99:45)
    at Router (file:///C:/Projects/ma-saas-platform/M-S-SaaS-apex-deliver/frontend/node_modules/react-router/dist/development/chunk-OIYGIGL5.mjs:6066:13)
    at MemoryRouter (file:///C:/Projects/ma-saas-platform/M-S-SaaS-apex-deliver/frontend/node_modules/react-router/dist/development/chunk-OIYGIGL5.mjs:5988:3)
    at QueryClientProvider (file:///C:/Projects/ma-saas-platform/M-S-SaaS-apex-deliver/frontend/node_modules/@tanstack/react-query/build/modern/QueryClientProvider.js:20:3)
Warning: React.jsx: type is invalid -- expected a string (for built-in components) or a class/function (for composite components) but got: undefined. You likely forgot to export your component from the file it's defined in, or you might have mixed up default and named imports.

Check the render method of `UpcomingTasksWidget`.
    at UpcomingTasksWidget
    at div
    at GridSystem (C:/Projects/ma-saas-platform/M-S-SaaS-apex-deliver/frontend/src/components/layout/GridSystem.tsx:8:3)
    at div
    at div
    at DashboardPage (C:/Projects/ma-saas-platform/M-S-SaaS-apex-deliver/frontend/src/pages/DashboardPage.tsx:20:90)
    at SignedIn (C:/Projects/ma-saas-platform/M-S-SaaS-apex-deliver/frontend/src/App.test.tsx:4:16)
    at DashboardRoute
    at RenderedRoute (file:///C:/Projects/ma-saas-platform/M-S-SaaS-apex-deliver/frontend/node_modules/react-router/dist/development/chunk-OIYGIGL5.mjs:5275:26)
    at Outlet (file:///C:/Projects/ma-saas-platform/M-S-SaaS-apex-deliver/frontend/node_modules/react-router/dist/development/chunk-OIYGIGL5.mjs:6057:26)
    at main
    at div
    at RootLayout (C:/Projects/ma-saas-platform/M-S-SaaS-apex-deliver/frontend/src/layouts/RootLayout.tsx:9:57)
    at RenderedRoute (file:///C:/Projects/ma-saas-platform/M-S-SaaS-apex-deliver/frontend/node_modules/react-router/dist/development/chunk-OIYGIGL5.mjs:5275:26)
    at Routes (file:///C:/Projects/ma-saas-platform/M-S-SaaS-apex-deliver/frontend/node_modules/react-router/dist/development/chunk-OIYGIGL5.mjs:6123:3)
    at AppRoutes (C:/Projects/ma-saas-platform/M-S-SaaS-apex-deliver/frontend/src/App.tsx:99:45)
    at Router (file:///C:/Projects/ma-saas-platform/M-S-SaaS-apex-deliver/frontend/node_modules/react-router/dist/development/chunk-OIYGIGL5.mjs:6066:13)
    at MemoryRouter (file:///C:/Projects/ma-saas-platform/M-S-SaaS-apex-deliver/frontend/node_modules/react-router/dist/development/chunk-OIYGIGL5.mjs:5988:3)
    at QueryClientProvider (file:///C:/Projects/ma-saas-platform/M-S-SaaS-apex-deliver/frontend/node_modules/@tanstack/react-query/build/modern/QueryClientProvider.js:20:3)
Warning: React.jsx: type is invalid -- expected a string (for built-in components) or a class/function (for composite components) but got: undefined. You likely forgot to export your component from the file it's defined in, or you might have mixed up default and named imports.

Check the render method of `UpcomingTasksWidget`.
    at UpcomingTasksWidget
    at div
    at GridSystem (C:/Projects/ma-saas-platform/M-S-SaaS-apex-deliver/frontend/src/components/layout/GridSystem.tsx:8:3)
    at div
    at div
    at DashboardPage (C:/Projects/ma-saas-platform/M-S-SaaS-apex-deliver/frontend/src/pages/DashboardPage.tsx:20:90)
    at SignedIn (C:/Projects/ma-saas-platform/M-S-SaaS-apex-deliver/frontend/src/App.test.tsx:4:16)
    at DashboardRoute
    at RenderedRoute (file:///C:/Projects/ma-saas-platform/M-S-SaaS-apex-deliver/frontend/node_modules/react-router/dist/development/chunk-OIYGIGL5.mjs:5275:26)
    at Outlet (file:///C:/Projects/ma-saas-platform/M-S-SaaS-apex-deliver/frontend/node_modules/react-router/dist/development/chunk-OIYGIGL5.mjs:6057:26)
    at main
    at div
    at RootLayout (C:/Projects/ma-saas-platform/M-S-SaaS-apex-deliver/frontend/src/layouts/RootLayout.tsx:9:57)
    at RenderedRoute (file:///C:/Projects/ma-saas-platform/M-S-SaaS-apex-deliver/frontend/node_modules/react-router/dist/development/chunk-OIYGIGL5.mjs:5275:26)
    at Routes (file:///C:/Projects/ma-saas-platform/M-S-SaaS-apex-deliver/frontend/node_modules/react-router/dist/development/chunk-OIYGIGL5.mjs:6123:3)
    at AppRoutes (C:/Projects/ma-saas-platform/M-S-SaaS-apex-deliver/frontend/src/App.tsx:99:45)
    at Router (file:///C:/Projects/ma-saas-platform/M-S-SaaS-apex-deliver/frontend/node_modules/react-router/dist/development/chunk-OIYGIGL5.mjs:6066:13)
    at MemoryRouter (file:///C:/Projects/ma-saas-platform/M-S-SaaS-apex-deliver/frontend/node_modules/react-router/dist/development/chunk-OIYGIGL5.mjs:5988:3)
    at QueryClientProvider (file:///C:/Projects/ma-saas-platform/M-S-SaaS-apex-deliver/frontend/node_modules/@tanstack/react-query/build/modern/QueryClientProvider.js:20:3)
Warning: React.jsx: type is invalid -- expected a string (for built-in components) or a class/function (for composite components) but got: undefined. You likely forgot to export your component from the file it's defined in, or you might have mixed up default and named imports.

Check the render method of `UpcomingTasksWidget`.
    at UpcomingTasksWidget
    at div
    at GridSystem (C:/Projects/ma-saas-platform/M-S-SaaS-apex-deliver/frontend/src/components/layout/GridSystem.tsx:8:3)
    at div
    at div
    at DashboardPage (C:/Projects/ma-saas-platform/M-S-SaaS-apex-deliver/frontend/src/pages/DashboardPage.tsx:20:90)
    at SignedIn (C:/Projects/ma-saas-platform/M-S-SaaS-apex-deliver/frontend/src/App.test.tsx:4:16)
    at DashboardRoute
    at RenderedRoute (file:///C:/Projects/ma-saas-platform/M-S-SaaS-apex-deliver/frontend/node_modules/react-router/dist/development/chunk-OIYGIGL5.mjs:5275:26)
    at Outlet (file:///C:/Projects/ma-saas-platform/M-S-SaaS-apex-deliver/frontend/node_modules/react-router/dist/development/chunk-OIYGIGL5.mjs:6057:26)
    at main
    at div
    at RootLayout (C:/Projects/ma-saas-platform/M-S-SaaS-apex-deliver/frontend/src/layouts/RootLayout.tsx:9:57)
    at RenderedRoute (file:///C:/Projects/ma-saas-platform/M-S-SaaS-apex-deliver/frontend/node_modules/react-router/dist/development/chunk-OIYGIGL5.mjs:5275:26)
    at Routes (file:///C:/Projects/ma-saas-platform/M-S-SaaS-apex-deliver/frontend/node_modules/react-router/dist/development/chunk-OIYGIGL5.mjs:6123:3)
    at AppRoutes (C:/Projects/ma-saas-platform/M-S-SaaS-apex-deliver/frontend/src/App.tsx:99:45)
    at Router (file:///C:/Projects/ma-saas-platform/M-S-SaaS-apex-deliver/frontend/node_modules/react-router/dist/development/chunk-OIYGIGL5.mjs:6066:13)
    at MemoryRouter (file:///C:/Projects/ma-saas-platform/M-S-SaaS-apex-deliver/frontend/node_modules/react-router/dist/development/chunk-OIYGIGL5.mjs:5988:3)
    at QueryClientProvider (file:///C:/Projects/ma-saas-platform/M-S-SaaS-apex-deliver/frontend/node_modules/@tanstack/react-query/build/modern/QueryClientProvider.js:20:3)
Warning: React.jsx: type is invalid -- expected a string (for built-in components) or a class/function (for composite components) but got: undefined. You likely forgot to export your component from the file it's defined in, or you might have mixed up default and named imports.

Check the render method of `UpcomingTasksWidget`.
    at UpcomingTasksWidget
    at div
    at GridSystem (C:/Projects/ma-saas-platform/M-S-SaaS-apex-deliver/frontend/src/components/layout/GridSystem.tsx:8:3)
    at div
    at div
    at DashboardPage (C:/Projects/ma-saas-platform/M-S-SaaS-apex-deliver/frontend/src/pages/DashboardPage.tsx:20:90)
    at SignedIn (C:/Projects/ma-saas-platform/M-S-SaaS-apex-deliver/frontend/src/App.test.tsx:4:16)
    at DashboardRoute
    at RenderedRoute (file:///C:/Projects/ma-saas-platform/M-S-SaaS-apex-deliver/frontend/node_modules/react-router/dist/development/chunk-OIYGIGL5.mjs:5275:26)
    at Outlet (file:///C:/Projects/ma-saas-platform/M-S-SaaS-apex-deliver/frontend/node_modules/react-router/dist/development/chunk-OIYGIGL5.mjs:6057:26)
    at main
    at div
    at RootLayout (C:/Projects/ma-saas-platform/M-S-SaaS-apex-deliver/frontend/src/layouts/RootLayout.tsx:9:57)
    at RenderedRoute (file:///C:/Projects/ma-saas-platform/M-S-SaaS-apex-deliver/frontend/node_modules/react-router/dist/development/chunk-OIYGIGL5.mjs:5275:26)
    at Routes (file:///C:/Projects/ma-saas-platform/M-S-SaaS-apex-deliver/frontend/node_modules/react-router/dist/development/chunk-OIYGIGL5.mjs:6123:3)
    at AppRoutes (C:/Projects/ma-saas-platform/M-S-SaaS-apex-deliver/frontend/src/App.tsx:99:45)
    at Router (file:///C:/Projects/ma-saas-platform/M-S-SaaS-apex-deliver/frontend/node_modules/react-router/dist/development/chunk-OIYGIGL5.mjs:6066:13)
    at MemoryRouter (file:///C:/Projects/ma-saas-platform/M-S-SaaS-apex-deliver/frontend/node_modules/react-router/dist/development/chunk-OIYGIGL5.mjs:5988:3)
    at QueryClientProvider (file:///C:/Projects/ma-saas-platform/M-S-SaaS-apex-deliver/frontend/node_modules/@tanstack/react-query/build/modern/QueryClientProvider.js:20:3)
Warning: React.jsx: type is invalid -- expected a string (for built-in components) or a class/function (for composite components) but got: undefined. You likely forgot to export your component from the file it's defined in, or you might have mixed up default and named imports.

Check the render method of `UpcomingTasksWidget`.
    at UpcomingTasksWidget
    at div
    at GridSystem (C:/Projects/ma-saas-platform/M-S-SaaS-apex-deliver/frontend/src/components/layout/GridSystem.tsx:8:3)
    at div
    at div
    at DashboardPage (C:/Projects/ma-saas-platform/M-S-SaaS-apex-deliver/frontend/src/pages/DashboardPage.tsx:20:90)
    at SignedIn (C:/Projects/ma-saas-platform/M-S-SaaS-apex-deliver/frontend/src/App.test.tsx:4:16)
    at DashboardRoute
    at RenderedRoute (file:///C:/Projects/ma-saas-platform/M-S-SaaS-apex-deliver/frontend/node_modules/react-router/dist/development/chunk-OIYGIGL5.mjs:5275:26)
    at Outlet (file:///C:/Projects/ma-saas-platform/M-S-SaaS-apex-deliver/frontend/node_modules/react-router/dist/development/chunk-OIYGIGL5.mjs:6057:26)
    at main
    at div
    at RootLayout (C:/Projects/ma-saas-platform/M-S-SaaS-apex-deliver/frontend/src/layouts/RootLayout.tsx:9:57)
    at RenderedRoute (file:///C:/Projects/ma-saas-platform/M-S-SaaS-apex-deliver/frontend/node_modules/react-router/dist/development/chunk-OIYGIGL5.mjs:5275:26)
    at Routes (file:///C:/Projects/ma-saas-platform/M-S-SaaS-apex-deliver/frontend/node_modules/react-router/dist/development/chunk-OIYGIGL5.mjs:6123:3)
    at AppRoutes (C:/Projects/ma-saas-platform/M-S-SaaS-apex-deliver/frontend/src/App.tsx:99:45)
    at Router (file:///C:/Projects/ma-saas-platform/M-S-SaaS-apex-deliver/frontend/node_modules/react-router/dist/development/chunk-OIYGIGL5.mjs:6066:13)
    at MemoryRouter (file:///C:/Projects/ma-saas-platform/M-S-SaaS-apex-deliver/frontend/node_modules/react-router/dist/development/chunk-OIYGIGL5.mjs:5988:3)
    at QueryClientProvider (file:///C:/Projects/ma-saas-platform/M-S-SaaS-apex-deliver/frontend/node_modules/@tanstack/react-query/build/modern/QueryClientProvider.js:20:3)
Error: Element type is invalid: expected a string (for built-in components) or a class/function (for composite components) but got: undefined. You likely forgot to export your component from the file it's defined in, or you might have mixed up default and named imports.

Check the render method of `UpcomingTasksWidget`.
    at createFiberFromTypeAndProps (C:\Projects\ma-saas-platform\M-S-SaaS-apex-deliver\frontend\node_modules\react-dom\cjs\react-dom.development.js:28478:17)
    at createFiberFromElement (C:\Projects\ma-saas-platform\M-S-SaaS-apex-deliver\frontend\node_modules\react-dom\cjs\react-dom.development.js:28504:15)
    at reconcileSingleElement (C:\Projects\ma-saas-platform\M-S-SaaS-apex-deliver\frontend\node_modules\react-dom\cjs\react-dom.development.js:13986:23)
    at reconcileChildFibers (C:\Projects\ma-saas-platform\M-S-SaaS-apex-deliver\frontend\node_modules\react-dom\cjs\react-dom.development.js:14044:35)
    at reconcileChildren (C:\Projects\ma-saas-platform\M-S-SaaS-apex-deliver\frontend\node_modules\react-dom\cjs\react-dom.development.js:19186:28)
    at mountIndeterminateComponent (C:\Projects\ma-saas-platform\M-S-SaaS-apex-deliver\frontend\node_modules\react-dom\cjs\react-dom.development.js:20186:5)
    at beginWork (C:\Projects\ma-saas-platform\M-S-SaaS-apex-deliver\frontend\node_modules\react-dom\cjs\react-dom.development.js:21626:16)
    at HTMLUnknownElement.callCallback (C:\Projects\ma-saas-platform\M-S-SaaS-apex-deliver\frontend\node_modules\react-dom\cjs\react-dom.development.js:4164:14)
    at HTMLUnknownElement.callTheUserObjectsOperation (C:\Projects\ma-saas-platform\M-S-SaaS-apex-deliver\frontend\node_modules\jsdom\lib\jsdom\living\generated\EventListener.js:26:30)
    at innerInvokeEventListeners (C:\Projects\ma-saas-platform\M-S-SaaS-apex-deliver\frontend\node_modules\jsdom\lib\jsdom\living\events\EventTarget-impl.js:360:16)
Warning: React.jsx: type is invalid -- expected a string (for built-in components) or a class/function (for composite components) but got: undefined. You likely forgot to export your component from the file it's defined in, or you might have mixed up default and named imports.

Check the render method of `FinancialInsightsWidget`.
    at FinancialInsightsWidget (C:/Projects/ma-saas-platform/M-S-SaaS-apex-deliver/frontend/src/pages/DashboardPage.tsx:191:36)
    at div
    at div
    at DashboardPage (C:/Projects/ma-saas-platform/M-S-SaaS-apex-deliver/frontend/src/pages/DashboardPage.tsx:20:90)
    at SignedIn (C:/Projects/ma-saas-platform/M-S-SaaS-apex-deliver/frontend/src/App.test.tsx:4:16)
    at DashboardRoute
    at RenderedRoute (file:///C:/Projects/ma-saas-platform/M-S-SaaS-apex-deliver/frontend/node_modules/react-router/dist/development/chunk-OIYGIGL5.mjs:5275:26)
    at Outlet (file:///C:/Projects/ma-saas-platform/M-S-SaaS-apex-deliver/frontend/node_modules/react-router/dist/development/chunk-OIYGIGL5.mjs:6057:26)
    at main
    at div
    at RootLayout (C:/Projects/ma-saas-platform/M-S-SaaS-apex-deliver/frontend/src/layouts/RootLayout.tsx:9:57)
    at RenderedRoute (file:///C:/Projects/ma-saas-platform/M-S-SaaS-apex-deliver/frontend/node_modules/react-router/dist/development/chunk-OIYGIGL5.mjs:5275:26)
    at Routes (file:///C:/Projects/ma-saas-platform/M-S-SaaS-apex-deliver/frontend/node_modules/react-router/dist/development/chunk-OIYGIGL5.mjs:6123:3)
    at AppRoutes (C:/Projects/ma-saas-platform/M-S-SaaS-apex-deliver/frontend/src/App.tsx:99:45)
    at Router (file:///C:/Projects/ma-saas-platform/M-S-SaaS-apex-deliver/frontend/node_modules/react-router/dist/development/chunk-OIYGIGL5.mjs:6066:13)
    at MemoryRouter (file:///C:/Projects/ma-saas-platform/M-S-SaaS-apex-deliver/frontend/node_modules/react-router/dist/development/chunk-OIYGIGL5.mjs:5988:3)
    at QueryClientProvider (file:///C:/Projects/ma-saas-platform/M-S-SaaS-apex-deliver/frontend/node_modules/@tanstack/react-query/build/modern/QueryClientProvider.js:20:3)
Warning: React.jsx: type is invalid -- expected a string (for built-in components) or a class/function (for composite components) but got: undefined. You likely forgot to export your component from the file it's defined in, or you might have mixed up default and named imports.

Check the render method of `FinancialInsightsWidget`.
    at FinancialInsightsWidget (C:/Projects/ma-saas-platform/M-S-SaaS-apex-deliver/frontend/src/pages/DashboardPage.tsx:191:36)
    at div
    at div
    at DashboardPage (C:/Projects/ma-saas-platform/M-S-SaaS-apex-deliver/frontend/src/pages/DashboardPage.tsx:20:90)
    at SignedIn (C:/Projects/ma-saas-platform/M-S-SaaS-apex-deliver/frontend/src/App.test.tsx:4:16)
    at DashboardRoute
    at RenderedRoute (file:///C:/Projects/ma-saas-platform/M-S-SaaS-apex-deliver/frontend/node_modules/react-router/dist/development/chunk-OIYGIGL5.mjs:5275:26)
    at Outlet (file:///C:/Projects/ma-saas-platform/M-S-SaaS-apex-deliver/frontend/node_modules/react-router/dist/development/chunk-OIYGIGL5.mjs:6057:26)
    at main
    at div
    at RootLayout (C:/Projects/ma-saas-platform/M-S-SaaS-apex-deliver/frontend/src/layouts/RootLayout.tsx:9:57)
    at RenderedRoute (file:///C:/Projects/ma-saas-platform/M-S-SaaS-apex-deliver/frontend/node_modules/react-router/dist/development/chunk-OIYGIGL5.mjs:5275:26)
    at Routes (file:///C:/Projects/ma-saas-platform/M-S-SaaS-apex-deliver/frontend/node_modules/react-router/dist/development/chunk-OIYGIGL5.mjs:6123:3)
    at AppRoutes (C:/Projects/ma-saas-platform/M-S-SaaS-apex-deliver/frontend/src/App.tsx:99:45)
    at Router (file:///C:/Projects/ma-saas-platform/M-S-SaaS-apex-deliver/frontend/node_modules/react-router/dist/development/chunk-OIYGIGL5.mjs:6066:13)
    at MemoryRouter (file:///C:/Projects/ma-saas-platform/M-S-SaaS-apex-deliver/frontend/node_modules/react-router/dist/development/chunk-OIYGIGL5.mjs:5988:3)
    at QueryClientProvider (file:///C:/Projects/ma-saas-platform/M-S-SaaS-apex-deliver/frontend/node_modules/@tanstack/react-query/build/modern/QueryClientProvider.js:20:3)
Warning: React.jsx: type is invalid -- expected a string (for built-in components) or a class/function (for composite components) but got: undefined. You likely forgot to export your component from the file it's defined in, or you might have mixed up default and named imports.

Check the render method of `FinancialInsightsWidget`.
    at FinancialInsightsWidget (C:/Projects/ma-saas-platform/M-S-SaaS-apex-deliver/frontend/src/pages/DashboardPage.tsx:191:36)
    at div
    at div
    at DashboardPage (C:/Projects/ma-saas-platform/M-S-SaaS-apex-deliver/frontend/src/pages/DashboardPage.tsx:20:90)
    at SignedIn (C:/Projects/ma-saas-platform/M-S-SaaS-apex-deliver/frontend/src/App.test.tsx:4:16)
    at DashboardRoute
    at RenderedRoute (file:///C:/Projects/ma-saas-platform/M-S-SaaS-apex-deliver/frontend/node_modules/react-router/dist/development/chunk-OIYGIGL5.mjs:5275:26)
    at Outlet (file:///C:/Projects/ma-saas-platform/M-S-SaaS-apex-deliver/frontend/node_modules/react-router/dist/development/chunk-OIYGIGL5.mjs:6057:26)
    at main
    at div
    at RootLayout (C:/Projects/ma-saas-platform/M-S-SaaS-apex-deliver/frontend/src/layouts/RootLayout.tsx:9:57)
    at RenderedRoute (file:///C:/Projects/ma-saas-platform/M-S-SaaS-apex-deliver/frontend/node_modules/react-router/dist/development/chunk-OIYGIGL5.mjs:5275:26)
    at Routes (file:///C:/Projects/ma-saas-platform/M-S-SaaS-apex-deliver/frontend/node_modules/react-router/dist/development/chunk-OIYGIGL5.mjs:6123:3)
    at AppRoutes (C:/Projects/ma-saas-platform/M-S-SaaS-apex-deliver/frontend/src/App.tsx:99:45)
    at Router (file:///C:/Projects/ma-saas-platform/M-S-SaaS-apex-deliver/frontend/node_modules/react-router/dist/development/chunk-OIYGIGL5.mjs:6066:13)
    at MemoryRouter (file:///C:/Projects/ma-saas-platform/M-S-SaaS-apex-deliver/frontend/node_modules/react-router/dist/development/chunk-OIYGIGL5.mjs:5988:3)
    at QueryClientProvider (file:///C:/Projects/ma-saas-platform/M-S-SaaS-apex-deliver/frontend/node_modules/@tanstack/react-query/build/modern/QueryClientProvider.js:20:3)
Warning: React.jsx: type is invalid -- expected a string (for built-in components) or a class/function (for composite components) but got: undefined. You likely forgot to export your component from the file it's defined in, or you might have mixed up default and named imports.

Check the render method of `FinancialInsightsWidget`.
    at FinancialInsightsWidget (C:/Projects/ma-saas-platform/M-S-SaaS-apex-deliver/frontend/src/pages/DashboardPage.tsx:191:36)
    at div
    at div
    at DashboardPage (C:/Projects/ma-saas-platform/M-S-SaaS-apex-deliver/frontend/src/pages/DashboardPage.tsx:20:90)
    at SignedIn (C:/Projects/ma-saas-platform/M-S-SaaS-apex-deliver/frontend/src/App.test.tsx:4:16)
    at DashboardRoute
    at RenderedRoute (file:///C:/Projects/ma-saas-platform/M-S-SaaS-apex-deliver/frontend/node_modules/react-router/dist/development/chunk-OIYGIGL5.mjs:5275:26)
    at Outlet (file:///C:/Projects/ma-saas-platform/M-S-SaaS-apex-deliver/frontend/node_modules/react-router/dist/development/chunk-OIYGIGL5.mjs:6057:26)
    at main
    at div
    at RootLayout (C:/Projects/ma-saas-platform/M-S-SaaS-apex-deliver/frontend/src/layouts/RootLayout.tsx:9:57)
    at RenderedRoute (file:///C:/Projects/ma-saas-platform/M-S-SaaS-apex-deliver/frontend/node_modules/react-router/dist/development/chunk-OIYGIGL5.mjs:5275:26)
    at Routes (file:///C:/Projects/ma-saas-platform/M-S-SaaS-apex-deliver/frontend/node_modules/react-router/dist/development/chunk-OIYGIGL5.mjs:6123:3)
    at AppRoutes (C:/Projects/ma-saas-platform/M-S-SaaS-apex-deliver/frontend/src/App.tsx:99:45)
    at Router (file:///C:/Projects/ma-saas-platform/M-S-SaaS-apex-deliver/frontend/node_modules/react-router/dist/development/chunk-OIYGIGL5.mjs:6066:13)
    at MemoryRouter (file:///C:/Projects/ma-saas-platform/M-S-SaaS-apex-deliver/frontend/node_modules/react-router/dist/development/chunk-OIYGIGL5.mjs:5988:3)
    at QueryClientProvider (file:///C:/Projects/ma-saas-platform/M-S-SaaS-apex-deliver/frontend/node_modules/@tanstack/react-query/build/modern/QueryClientProvider.js:20:3)
Warning: React.jsx: type is invalid -- expected a string (for built-in components) or a class/function (for composite components) but got: undefined. You likely forgot to export your component from the file it's defined in, or you might have mixed up default and named imports.

Check the render method of `FinancialInsightsWidget`.
    at FinancialInsightsWidget (C:/Projects/ma-saas-platform/M-S-SaaS-apex-deliver/frontend/src/pages/DashboardPage.tsx:191:36)
    at div
    at div
    at DashboardPage (C:/Projects/ma-saas-platform/M-S-SaaS-apex-deliver/frontend/src/pages/DashboardPage.tsx:20:90)
    at SignedIn (C:/Projects/ma-saas-platform/M-S-SaaS-apex-deliver/frontend/src/App.test.tsx:4:16)
    at DashboardRoute
    at RenderedRoute (file:///C:/Projects/ma-saas-platform/M-S-SaaS-apex-deliver/frontend/node_modules/react-router/dist/development/chunk-OIYGIGL5.mjs:5275:26)
    at Outlet (file:///C:/Projects/ma-saas-platform/M-S-SaaS-apex-deliver/frontend/node_modules/react-router/dist/development/chunk-OIYGIGL5.mjs:6057:26)
    at main
    at div
    at RootLayout (C:/Projects/ma-saas-platform/M-S-SaaS-apex-deliver/frontend/src/layouts/RootLayout.tsx:9:57)
    at RenderedRoute (file:///C:/Projects/ma-saas-platform/M-S-SaaS-apex-deliver/frontend/node_modules/react-router/dist/development/chunk-OIYGIGL5.mjs:5275:26)
    at Routes (file:///C:/Projects/ma-saas-platform/M-S-SaaS-apex-deliver/frontend/node_modules/react-router/dist/development/chunk-OIYGIGL5.mjs:6123:3)
    at AppRoutes (C:/Projects/ma-saas-platform/M-S-SaaS-apex-deliver/frontend/src/App.tsx:99:45)
    at Router (file:///C:/Projects/ma-saas-platform/M-S-SaaS-apex-deliver/frontend/node_modules/react-router/dist/development/chunk-OIYGIGL5.mjs:6066:13)
    at MemoryRouter (file:///C:/Projects/ma-saas-platform/M-S-SaaS-apex-deliver/frontend/node_modules/react-router/dist/development/chunk-OIYGIGL5.mjs:5988:3)
    at QueryClientProvider (file:///C:/Projects/ma-saas-platform/M-S-SaaS-apex-deliver/frontend/node_modules/@tanstack/react-query/build/modern/QueryClientProvider.js:20:3)
Warning: React.jsx: type is invalid -- expected a string (for built-in components) or a class/function (for composite components) but got: undefined. You likely forgot to export your component from the file it's defined in, or you might have mixed up default and named imports.

Check the render method of `FinancialInsightsWidget`.
    at FinancialInsightsWidget (C:/Projects/ma-saas-platform/M-S-SaaS-apex-deliver/frontend/src/pages/DashboardPage.tsx:191:36)
    at div
    at div
    at DashboardPage (C:/Projects/ma-saas-platform/M-S-SaaS-apex-deliver/frontend/src/pages/DashboardPage.tsx:20:90)
    at SignedIn (C:/Projects/ma-saas-platform/M-S-SaaS-apex-deliver/frontend/src/App.test.tsx:4:16)
    at DashboardRoute
    at RenderedRoute (file:///C:/Projects/ma-saas-platform/M-S-SaaS-apex-deliver/frontend/node_modules/react-router/dist/development/chunk-OIYGIGL5.mjs:5275:26)
    at Outlet (file:///C:/Projects/ma-saas-platform/M-S-SaaS-apex-deliver/frontend/node_modules/react-router/dist/development/chunk-OIYGIGL5.mjs:6057:26)
    at main
    at div
    at RootLayout (C:/Projects/ma-saas-platform/M-S-SaaS-apex-deliver/frontend/src/layouts/RootLayout.tsx:9:57)
    at RenderedRoute (file:///C:/Projects/ma-saas-platform/M-S-SaaS-apex-deliver/frontend/node_modules/react-router/dist/development/chunk-OIYGIGL5.mjs:5275:26)
    at Routes (file:///C:/Projects/ma-saas-platform/M-S-SaaS-apex-deliver/frontend/node_modules/react-router/dist/development/chunk-OIYGIGL5.mjs:6123:3)
    at AppRoutes (C:/Projects/ma-saas-platform/M-S-SaaS-apex-deliver/frontend/src/App.tsx:99:45)
    at Router (file:///C:/Projects/ma-saas-platform/M-S-SaaS-apex-deliver/frontend/node_modules/react-router/dist/development/chunk-OIYGIGL5.mjs:6066:13)
    at MemoryRouter (file:///C:/Projects/ma-saas-platform/M-S-SaaS-apex-deliver/frontend/node_modules/react-router/dist/development/chunk-OIYGIGL5.mjs:5988:3)
    at QueryClientProvider (file:///C:/Projects/ma-saas-platform/M-S-SaaS-apex-deliver/frontend/node_modules/@tanstack/react-query/build/modern/QueryClientProvider.js:20:3)
Error: Element type is invalid: expected a string (for built-in components) or a class/function (for composite components) but got: undefined. You likely forgot to export your component from the file it's defined in, or you might have mixed up default and named imports.

Check the render method of `FinancialInsightsWidget`.
    at createFiberFromTypeAndProps (C:\Projects\ma-saas-platform\M-S-SaaS-apex-deliver\frontend\node_modules\react-dom\cjs\react-dom.development.js:28478:17)
    at createFiberFromElement (C:\Projects\ma-saas-platform\M-S-SaaS-apex-deliver\frontend\node_modules\react-dom\cjs\react-dom.development.js:28504:15)
    at reconcileSingleElement (C:\Projects\ma-saas-platform\M-S-SaaS-apex-deliver\frontend\node_modules\react-dom\cjs\react-dom.development.js:13986:23)
    at reconcileChildFibers (C:\Projects\ma-saas-platform\M-S-SaaS-apex-deliver\frontend\node_modules\react-dom\cjs\react-dom.development.js:14044:35)
    at reconcileChildren (C:\Projects\ma-saas-platform\M-S-SaaS-apex-deliver\frontend\node_modules\react-dom\cjs\react-dom.development.js:19186:28)
    at mountIndeterminateComponent (C:\Projects\ma-saas-platform\M-S-SaaS-apex-deliver\frontend\node_modules\react-dom\cjs\react-dom.development.js:20186:5)
    at beginWork (C:\Projects\ma-saas-platform\M-S-SaaS-apex-deliver\frontend\node_modules\react-dom\cjs\react-dom.development.js:21626:16)
    at HTMLUnknownElement.callCallback (C:\Projects\ma-saas-platform\M-S-SaaS-apex-deliver\frontend\node_modules\react-dom\cjs\react-dom.development.js:4164:14)
    at HTMLUnknownElement.callTheUserObjectsOperation (C:\Projects\ma-saas-platform\M-S-SaaS-apex-deliver\frontend\node_modules\jsdom\lib\jsdom\living\generated\EventListener.js:26:30)
    at innerInvokeEventListeners (C:\Projects\ma-saas-platform\M-S-SaaS-apex-deliver\frontend\node_modules\jsdom\lib\jsdom\living\events\EventTarget-impl.js:360:16)
The above error occurred in the <PipelineSummaryWidget> component:

    at PipelineSummaryWidget (C:/Projects/ma-saas-platform/M-S-SaaS-apex-deliver/frontend/src/pages/DashboardPage.tsx:64:34)
    at div
    at div
    at GridSystem (C:/Projects/ma-saas-platform/M-S-SaaS-apex-deliver/frontend/src/components/layout/GridSystem.tsx:8:3)
    at div
    at div
    at DashboardPage (C:/Projects/ma-saas-platform/M-S-SaaS-apex-deliver/frontend/src/pages/DashboardPage.tsx:20:90)
    at SignedIn (C:/Projects/ma-saas-platform/M-S-SaaS-apex-deliver/frontend/src/App.test.tsx:4:16)
    at DashboardRoute
    at RenderedRoute (file:///C:/Projects/ma-saas-platform/M-S-SaaS-apex-deliver/frontend/node_modules/react-router/dist/development/chunk-OIYGIGL5.mjs:5275:26)
    at Outlet (file:///C:/Projects/ma-saas-platform/M-S-SaaS-apex-deliver/frontend/node_modules/react-router/dist/development/chunk-OIYGIGL5.mjs:6057:26)
    at main
    at div
    at RootLayout (C:/Projects/ma-saas-platform/M-S-SaaS-apex-deliver/frontend/src/layouts/RootLayout.tsx:9:57)
    at RenderedRoute (file:///C:/Projects/ma-saas-platform/M-S-SaaS-apex-deliver/frontend/node_modules/react-router/dist/development/chunk-OIYGIGL5.mjs:5275:26)
    at Routes (file:///C:/Projects/ma-saas-platform/M-S-SaaS-apex-deliver/frontend/node_modules/react-router/dist/development/chunk-OIYGIGL5.mjs:6123:3)
    at AppRoutes (C:/Projects/ma-saas-platform/M-S-SaaS-apex-deliver/frontend/src/App.tsx:99:45)
    at Router (file:///C:/Projects/ma-saas-platform/M-S-SaaS-apex-deliver/frontend/node_modules/react-router/dist/development/chunk-OIYGIGL5.mjs:6066:13)
    at MemoryRouter (file:///C:/Projects/ma-saas-platform/M-S-SaaS-apex-deliver/frontend/node_modules/react-router/dist/development/chunk-OIYGIGL5.mjs:5988:3)
    at QueryClientProvider (file:///C:/Projects/ma-saas-platform/M-S-SaaS-apex-deliver/frontend/node_modules/@tanstack/react-query/build/modern/QueryClientProvider.js:20:3)

Consider adding an error boundary to your tree to customize error handling behavior.
Visit https://reactjs.org/link/error-boundaries to learn more about error boundaries.
The above error occurred in the <QuickActionsWidget> component:

    at QuickActionsWidget
    at div
    at div
    at GridSystem (C:/Projects/ma-saas-platform/M-S-SaaS-apex-deliver/frontend/src/components/layout/GridSystem.tsx:8:3)
    at div
    at div
    at DashboardPage (C:/Projects/ma-saas-platform/M-S-SaaS-apex-deliver/frontend/src/pages/DashboardPage.tsx:20:90)
    at SignedIn (C:/Projects/ma-saas-platform/M-S-SaaS-apex-deliver/frontend/src/App.test.tsx:4:16)
    at DashboardRoute
    at RenderedRoute (file:///C:/Projects/ma-saas-platform/M-S-SaaS-apex-deliver/frontend/node_modules/react-router/dist/development/chunk-OIYGIGL5.mjs:5275:26)
    at Outlet (file:///C:/Projects/ma-saas-platform/M-S-SaaS-apex-deliver/frontend/node_modules/react-router/dist/development/chunk-OIYGIGL5.mjs:6057:26)
    at main
    at div
    at RootLayout (C:/Projects/ma-saas-platform/M-S-SaaS-apex-deliver/frontend/src/layouts/RootLayout.tsx:9:57)
    at RenderedRoute (file:///C:/Projects/ma-saas-platform/M-S-SaaS-apex-deliver/frontend/node_modules/react-router/dist/development/chunk-OIYGIGL5.mjs:5275:26)
    at Routes (file:///C:/Projects/ma-saas-platform/M-S-SaaS-apex-deliver/frontend/node_modules/react-router/dist/development/chunk-OIYGIGL5.mjs:6123:3)
    at AppRoutes (C:/Projects/ma-saas-platform/M-S-SaaS-apex-deliver/frontend/src/App.tsx:99:45)
    at Router (file:///C:/Projects/ma-saas-platform/M-S-SaaS-apex-deliver/frontend/node_modules/react-router/dist/development/chunk-OIYGIGL5.mjs:6066:13)
    at MemoryRouter (file:///C:/Projects/ma-saas-platform/M-S-SaaS-apex-deliver/frontend/node_modules/react-router/dist/development/chunk-OIYGIGL5.mjs:5988:3)
    at QueryClientProvider (file:///C:/Projects/ma-saas-platform/M-S-SaaS-apex-deliver/frontend/node_modules/@tanstack/react-query/build/modern/QueryClientProvider.js:20:3)

Consider adding an error boundary to your tree to customize error handling behavior.
Visit https://reactjs.org/link/error-boundaries to learn more about error boundaries.
The above error occurred in the <ActivityFeedWidget> component:

    at ActivityFeedWidget (C:/Projects/ma-saas-platform/M-S-SaaS-apex-deliver/frontend/src/pages/DashboardPage.tsx:141:31)
    at div
    at GridSystem (C:/Projects/ma-saas-platform/M-S-SaaS-apex-deliver/frontend/src/components/layout/GridSystem.tsx:8:3)
    at div
    at div
    at DashboardPage (C:/Projects/ma-saas-platform/M-S-SaaS-apex-deliver/frontend/src/pages/DashboardPage.tsx:20:90)
    at SignedIn (C:/Projects/ma-saas-platform/M-S-SaaS-apex-deliver/frontend/src/App.test.tsx:4:16)
    at DashboardRoute
    at RenderedRoute (file:///C:/Projects/ma-saas-platform/M-S-SaaS-apex-deliver/frontend/node_modules/react-router/dist/development/chunk-OIYGIGL5.mjs:5275:26)
    at Outlet (file:///C:/Projects/ma-saas-platform/M-S-SaaS-apex-deliver/frontend/node_modules/react-router/dist/development/chunk-OIYGIGL5.mjs:6057:26)
    at main
    at div
    at RootLayout (C:/Projects/ma-saas-platform/M-S-SaaS-apex-deliver/frontend/src/layouts/RootLayout.tsx:9:57)
    at RenderedRoute (file:///C:/Projects/ma-saas-platform/M-S-SaaS-apex-deliver/frontend/node_modules/react-router/dist/development/chunk-OIYGIGL5.mjs:5275:26)
    at Routes (file:///C:/Projects/ma-saas-platform/M-S-SaaS-apex-deliver/frontend/node_modules/react-router/dist/development/chunk-OIYGIGL5.mjs:6123:3)
    at AppRoutes (C:/Projects/ma-saas-platform/M-S-SaaS-apex-deliver/frontend/src/App.tsx:99:45)
    at Router (file:///C:/Projects/ma-saas-platform/M-S-SaaS-apex-deliver/frontend/node_modules/react-router/dist/development/chunk-OIYGIGL5.mjs:6066:13)
    at MemoryRouter (file:///C:/Projects/ma-saas-platform/M-S-SaaS-apex-deliver/frontend/node_modules/react-router/dist/development/chunk-OIYGIGL5.mjs:5988:3)
    at QueryClientProvider (file:///C:/Projects/ma-saas-platform/M-S-SaaS-apex-deliver/frontend/node_modules/@tanstack/react-query/build/modern/QueryClientProvider.js:20:3)

Consider adding an error boundary to your tree to customize error handling behavior.
Visit https://reactjs.org/link/error-boundaries to learn more about error boundaries.
The above error occurred in the <UpcomingTasksWidget> component:

    at UpcomingTasksWidget
    at div
    at GridSystem (C:/Projects/ma-saas-platform/M-S-SaaS-apex-deliver/frontend/src/components/layout/GridSystem.tsx:8:3)
    at div
    at div
    at DashboardPage (C:/Projects/ma-saas-platform/M-S-SaaS-apex-deliver/frontend/src/pages/DashboardPage.tsx:20:90)
    at SignedIn (C:/Projects/ma-saas-platform/M-S-SaaS-apex-deliver/frontend/src/App.test.tsx:4:16)
    at DashboardRoute
    at RenderedRoute (file:///C:/Projects/ma-saas-platform/M-S-SaaS-apex-deliver/frontend/node_modules/react-router/dist/development/chunk-OIYGIGL5.mjs:5275:26)
    at Outlet (file:///C:/Projects/ma-saas-platform/M-S-SaaS-apex-deliver/frontend/node_modules/react-router/dist/development/chunk-OIYGIGL5.mjs:6057:26)
    at main
    at div
    at RootLayout (C:/Projects/ma-saas-platform/M-S-SaaS-apex-deliver/frontend/src/layouts/RootLayout.tsx:9:57)
    at RenderedRoute (file:///C:/Projects/ma-saas-platform/M-S-SaaS-apex-deliver/frontend/node_modules/react-router/dist/development/chunk-OIYGIGL5.mjs:5275:26)
    at Routes (file:///C:/Projects/ma-saas-platform/M-S-SaaS-apex-deliver/frontend/node_modules/react-router/dist/development/chunk-OIYGIGL5.mjs:6123:3)
    at AppRoutes (C:/Projects/ma-saas-platform/M-S-SaaS-apex-deliver/frontend/src/App.tsx:99:45)
    at Router (file:///C:/Projects/ma-saas-platform/M-S-SaaS-apex-deliver/frontend/node_modules/react-router/dist/development/chunk-OIYGIGL5.mjs:6066:13)
    at MemoryRouter (file:///C:/Projects/ma-saas-platform/M-S-SaaS-apex-deliver/frontend/node_modules/react-router/dist/development/chunk-OIYGIGL5.mjs:5988:3)
    at QueryClientProvider (file:///C:/Projects/ma-saas-platform/M-S-SaaS-apex-deliver/frontend/node_modules/@tanstack/react-query/build/modern/QueryClientProvider.js:20:3)

Consider adding an error boundary to your tree to customize error handling behavior.
Visit https://reactjs.org/link/error-boundaries to learn more about error boundaries.
The above error occurred in the <FinancialInsightsWidget> component:

    at FinancialInsightsWidget (C:/Projects/ma-saas-platform/M-S-SaaS-apex-deliver/frontend/src/pages/DashboardPage.tsx:191:36)
    at div
    at div
    at DashboardPage (C:/Projects/ma-saas-platform/M-S-SaaS-apex-deliver/frontend/src/pages/DashboardPage.tsx:20:90)
    at SignedIn (C:/Projects/ma-saas-platform/M-S-SaaS-apex-deliver/frontend/src/App.test.tsx:4:16)
    at DashboardRoute
    at RenderedRoute (file:///C:/Projects/ma-saas-platform/M-S-SaaS-apex-deliver/frontend/node_modules/react-router/dist/development/chunk-OIYGIGL5.mjs:5275:26)
    at Outlet (file:///C:/Projects/ma-saas-platform/M-S-SaaS-apex-deliver/frontend/node_modules/react-router/dist/development/chunk-OIYGIGL5.mjs:6057:26)
    at main
    at div
    at RootLayout (C:/Projects/ma-saas-platform/M-S-SaaS-apex-deliver/frontend/src/layouts/RootLayout.tsx:9:57)
    at RenderedRoute (file:///C:/Projects/ma-saas-platform/M-S-SaaS-apex-deliver/frontend/node_modules/react-router/dist/development/chunk-OIYGIGL5.mjs:5275:26)
    at Routes (file:///C:/Projects/ma-saas-platform/M-S-SaaS-apex-deliver/frontend/node_modules/react-router/dist/development/chunk-OIYGIGL5.mjs:6123:3)
    at AppRoutes (C:/Projects/ma-saas-platform/M-S-SaaS-apex-deliver/frontend/src/App.tsx:99:45)
    at Router (file:///C:/Projects/ma-saas-platform/M-S-SaaS-apex-deliver/frontend/node_modules/react-router/dist/development/chunk-OIYGIGL5.mjs:6066:13)
    at MemoryRouter (file:///C:/Projects/ma-saas-platform/M-S-SaaS-apex-deliver/frontend/node_modules/react-router/dist/development/chunk-OIYGIGL5.mjs:5988:3)
    at QueryClientProvider (file:///C:/Projects/ma-saas-platform/M-S-SaaS-apex-deliver/frontend/node_modules/@tanstack/react-query/build/modern/QueryClientProvider.js:20:3)

Consider adding an error boundary to your tree to customize error handling behavior.
Visit https://reactjs.org/link/error-boundaries to learn more about error boundaries.

[90mstdout[2m | src/pages/marketing/EnhancedLandingPage.meta.test.tsx
[22m[39mStickyCTABar Button [90mundefined[39m

 [32m✓[39m src/pages/podcast/PodcastStudio.featureGates.test.tsx [2m([22m[2m9 tests[22m[2m)[22m[33m 1292[2mms[22m[39m
     [33m[2m✓[22m[39m shows audio controls but locks video uploads for Professional tier [33m 316[2mms[22m[39m
[90mstderr[2m | src/pages/marketing/EnhancedLandingPage.test.tsx[2m > [22m[2mEnhancedLandingPage[2m > [22m[2mrenders without crashing
[22m[39mWarning: React.jsx: type is invalid -- expected a string (for built-in components) or a class/function (for composite components) but got: undefined. You likely forgot to export your component from the file it's defined in, or you might have mixed up default and named imports.

Check the render method of `StickyCTABar`.
    at StickyCTABar (C:/Projects/ma-saas-platform/M-S-SaaS-apex-deliver/frontend/src/components/marketing/StickyCTABar.tsx:14:71)
    at main
    at AnalyticsProvider (C:/Projects/ma-saas-platform/M-S-SaaS-apex-deliver/frontend/src/components/marketing/AnalyticsProvider.tsx:21:30)
    at div
    at MarketingLayout (C:/Projects/ma-saas-platform/M-S-SaaS-apex-deliver/frontend/src/components/marketing/MarketingLayout.tsx:14:28)
    at EnhancedLandingPage (C:/Projects/ma-saas-platform/M-S-SaaS-apex-deliver/frontend/src/pages/marketing/EnhancedLandingPage.tsx:31:53)
    at Router (file:///C:/Projects/ma-saas-platform/M-S-SaaS-apex-deliver/frontend/node_modules/react-router/dist/development/chunk-OIYGIGL5.mjs:6066:13)
    at BrowserRouter (file:///C:/Projects/ma-saas-platform/M-S-SaaS-apex-deliver/frontend/node_modules/react-router/dist/development/chunk-OIYGIGL5.mjs:9209:3)
    at RouterWrapper (C:/Projects/ma-saas-platform/M-S-SaaS-apex-deliver/frontend/src/pages/marketing/EnhancedLandingPage.test.tsx:11:26)
Error: Element type is invalid: expected a string (for built-in components) or a class/function (for composite components) but got: undefined. You likely forgot to export your component from the file it's defined in, or you might have mixed up default and named imports.

Check the render method of `StickyCTABar`.
    at createFiberFromTypeAndProps (C:\Projects\ma-saas-platform\M-S-SaaS-apex-deliver\frontend\node_modules\react-dom\cjs\react-dom.development.js:28478:17)
    at createFiberFromElement (C:\Projects\ma-saas-platform\M-S-SaaS-apex-deliver\frontend\node_modules\react-dom\cjs\react-dom.development.js:28504:15)
    at reconcileSingleElement (C:\Projects\ma-saas-platform\M-S-SaaS-apex-deliver\frontend\node_modules\react-dom\cjs\react-dom.development.js:13986:23)
    at reconcileChildFibers (C:\Projects\ma-saas-platform\M-S-SaaS-apex-deliver\frontend\node_modules\react-dom\cjs\react-dom.development.js:14044:35)
    at reconcileChildren (C:\Projects\ma-saas-platform\M-S-SaaS-apex-deliver\frontend\node_modules\react-dom\cjs\react-dom.development.js:19186:28)
    at updateHostComponent (C:\Projects\ma-saas-platform\M-S-SaaS-apex-deliver\frontend\node_modules\react-dom\cjs\react-dom.development.js:19953:3)
    at beginWork (C:\Projects\ma-saas-platform\M-S-SaaS-apex-deliver\frontend\node_modules\react-dom\cjs\react-dom.development.js:21657:14)
    at HTMLUnknownElement.callCallback (C:\Projects\ma-saas-platform\M-S-SaaS-apex-deliver\frontend\node_modules\react-dom\cjs\react-dom.development.js:4164:14)
    at HTMLUnknownElement.callTheUserObjectsOperation (C:\Projects\ma-saas-platform\M-S-SaaS-apex-deliver\frontend\node_modules\jsdom\lib\jsdom\living\generated\EventListener.js:26:30)
    at innerInvokeEventListeners (C:\Projects\ma-saas-platform\M-S-SaaS-apex-deliver\frontend\node_modules\jsdom\lib\jsdom\living\events\EventTarget-impl.js:360:16)
Warning: React.jsx: type is invalid -- expected a string (for built-in components) or a class/function (for composite components) but got: undefined. You likely forgot to export your component from the file it's defined in, or you might have mixed up default and named imports.

Check the render method of `StickyCTABar`.
    at StickyCTABar (C:/Projects/ma-saas-platform/M-S-SaaS-apex-deliver/frontend/src/components/marketing/StickyCTABar.tsx:14:71)
    at main
    at AnalyticsProvider (C:/Projects/ma-saas-platform/M-S-SaaS-apex-deliver/frontend/src/components/marketing/AnalyticsProvider.tsx:21:30)
    at div
    at MarketingLayout (C:/Projects/ma-saas-platform/M-S-SaaS-apex-deliver/frontend/src/components/marketing/MarketingLayout.tsx:14:28)
    at EnhancedLandingPage (C:/Projects/ma-saas-platform/M-S-SaaS-apex-deliver/frontend/src/pages/marketing/EnhancedLandingPage.tsx:31:53)
    at Router (file:///C:/Projects/ma-saas-platform/M-S-SaaS-apex-deliver/frontend/node_modules/react-router/dist/development/chunk-OIYGIGL5.mjs:6066:13)
    at BrowserRouter (file:///C:/Projects/ma-saas-platform/M-S-SaaS-apex-deliver/frontend/node_modules/react-router/dist/development/chunk-OIYGIGL5.mjs:9209:3)
    at RouterWrapper (C:/Projects/ma-saas-platform/M-S-SaaS-apex-deliver/frontend/src/pages/marketing/EnhancedLandingPage.test.tsx:11:26)
Error: Element type is invalid: expected a string (for built-in components) or a class/function (for composite components) but got: undefined. You likely forgot to export your component from the file it's defined in, or you might have mixed up default and named imports.

Check the render method of `StickyCTABar`.
    at createFiberFromTypeAndProps (C:\Projects\ma-saas-platform\M-S-SaaS-apex-deliver\frontend\node_modules\react-dom\cjs\react-dom.development.js:28478:17)
    at createFiberFromElement (C:\Projects\ma-saas-platform\M-S-SaaS-apex-deliver\frontend\node_modules\react-dom\cjs\react-dom.development.js:28504:15)
    at reconcileSingleElement (C:\Projects\ma-saas-platform\M-S-SaaS-apex-deliver\frontend\node_modules\react-dom\cjs\react-dom.development.js:13986:23)
    at reconcileChildFibers (C:\Projects\ma-saas-platform\M-S-SaaS-apex-deliver\frontend\node_modules\react-dom\cjs\react-dom.development.js:14044:35)
    at reconcileChildren (C:\Projects\ma-saas-platform\M-S-SaaS-apex-deliver\frontend\node_modules\react-dom\cjs\react-dom.development.js:19186:28)
    at updateHostComponent (C:\Projects\ma-saas-platform\M-S-SaaS-apex-deliver\frontend\node_modules\react-dom\cjs\react-dom.development.js:19953:3)
    at beginWork (C:\Projects\ma-saas-platform\M-S-SaaS-apex-deliver\frontend\node_modules\react-dom\cjs\react-dom.development.js:21657:14)
    at HTMLUnknownElement.callCallback (C:\Projects\ma-saas-platform\M-S-SaaS-apex-deliver\frontend\node_modules\react-dom\cjs\react-dom.development.js:4164:14)
    at HTMLUnknownElement.callTheUserObjectsOperation (C:\Projects\ma-saas-platform\M-S-SaaS-apex-deliver\frontend\node_modules\jsdom\lib\jsdom\living\generated\EventListener.js:26:30)
    at innerInvokeEventListeners (C:\Projects\ma-saas-platform\M-S-SaaS-apex-deliver\frontend\node_modules\jsdom\lib\jsdom\living\events\EventTarget-impl.js:360:16)
The above error occurred in the <a> component:

    at a
    at LinkWithRef (file:///C:/Projects/ma-saas-platform/M-S-SaaS-apex-deliver/frontend/node_modules/react-router/dist/development/chunk-OIYGIGL5.mjs:9299:5)
    at div
    at div
    at div
    at div
    at div
    at StickyCTABar (C:/Projects/ma-saas-platform/M-S-SaaS-apex-deliver/frontend/src/components/marketing/StickyCTABar.tsx:14:71)
    at main
    at AnalyticsProvider (C:/Projects/ma-saas-platform/M-S-SaaS-apex-deliver/frontend/src/components/marketing/AnalyticsProvider.tsx:21:30)
    at div
    at MarketingLayout (C:/Projects/ma-saas-platform/M-S-SaaS-apex-deliver/frontend/src/components/marketing/MarketingLayout.tsx:14:28)
    at EnhancedLandingPage (C:/Projects/ma-saas-platform/M-S-SaaS-apex-deliver/frontend/src/pages/marketing/EnhancedLandingPage.tsx:31:53)
    at Router (file:///C:/Projects/ma-saas-platform/M-S-SaaS-apex-deliver/frontend/node_modules/react-router/dist/development/chunk-OIYGIGL5.mjs:6066:13)
    at BrowserRouter (file:///C:/Projects/ma-saas-platform/M-S-SaaS-apex-deliver/frontend/node_modules/react-router/dist/development/chunk-OIYGIGL5.mjs:9209:3)
    at RouterWrapper (C:/Projects/ma-saas-platform/M-S-SaaS-apex-deliver/frontend/src/pages/marketing/EnhancedLandingPage.test.tsx:11:26)

Consider adding an error boundary to your tree to customize error handling behavior.
Visit https://reactjs.org/link/error-boundaries to learn more about error boundaries.

[90mstderr[2m | src/pages/marketing/ContactPage.test.tsx[2m > [22m[2mContactPage[2m > [22m[2mshows error state when submission fails
[22m[39mError submitting contact form: Error: Network error
    at C:/Projects/ma-saas-platform/M-S-SaaS-apex-deliver/frontend/src/pages/marketing/ContactPage.test.tsx:64:51
    at [90mfile:///C:/Projects/ma-saas-platform/M-S-SaaS-apex-deliver/frontend/[39mnode_modules/[4m@vitest/runner[24m/dist/index.js:157:11
    at [90mfile:///C:/Projects/ma-saas-platform/M-S-SaaS-apex-deliver/frontend/[39mnode_modules/[4m@vitest/runner[24m/dist/index.js:753:26
    at [90mfile:///C:/Projects/ma-saas-platform/M-S-SaaS-apex-deliver/frontend/[39mnode_modules/[4m@vitest/runner[24m/dist/index.js:1636:20
    at new Promise (<anonymous>)
    at runWithTimeout [90m(file:///C:/Projects/ma-saas-platform/M-S-SaaS-apex-deliver/frontend/[39mnode_modules/[4m@vitest/runner[24m/dist/index.js:1602:10[90m)[39m
    at runTest [90m(file:///C:/Projects/ma-saas-platform/M-S-SaaS-apex-deliver/frontend/[39mnode_modules/[4m@vitest/runner[24m/dist/index.js:1309:12[90m)[39m
    at runSuite [90m(file:///C:/Projects/ma-saas-platform/M-S-SaaS-apex-deliver/frontend/[39mnode_modules/[4m@vitest/runner[24m/dist/index.js:1468:8[90m)[39m
    at runSuite [90m(file:///C:/Projects/ma-saas-platform/M-S-SaaS-apex-deliver/frontend/[39mnode_modules/[4m@vitest/runner[24m/dist/index.js:1468:8[90m)[39m
    at runFiles [90m(file:///C:/Projects/ma-saas-platform/M-S-SaaS-apex-deliver/frontend/[39mnode_modules/[4m@vitest/runner[24m/dist/index.js:1526:3[90m)[39m

[90mstderr[2m | src/pages/marketing/EnhancedLandingPage.test.tsx[2m > [22m[2mEnhancedLandingPage[2m > [22m[2mrenders EnhancedHeroSection
[22m[39mWarning: React.jsx: type is invalid -- expected a string (for built-in components) or a class/function (for composite components) but got: undefined. You likely forgot to export your component from the file it's defined in, or you might have mixed up default and named imports.

Check the render method of `StickyCTABar`.
    at StickyCTABar (C:/Projects/ma-saas-platform/M-S-SaaS-apex-deliver/frontend/src/components/marketing/StickyCTABar.tsx:14:71)
    at main
    at AnalyticsProvider (C:/Projects/ma-saas-platform/M-S-SaaS-apex-deliver/frontend/src/components/marketing/AnalyticsProvider.tsx:21:30)
    at div
    at MarketingLayout (C:/Projects/ma-saas-platform/M-S-SaaS-apex-deliver/frontend/src/components/marketing/MarketingLayout.tsx:14:28)
    at EnhancedLandingPage (C:/Projects/ma-saas-platform/M-S-SaaS-apex-deliver/frontend/src/pages/marketing/EnhancedLandingPage.tsx:31:53)
    at Router (file:///C:/Projects/ma-saas-platform/M-S-SaaS-apex-deliver/frontend/node_modules/react-router/dist/development/chunk-OIYGIGL5.mjs:6066:13)
    at BrowserRouter (file:///C:/Projects/ma-saas-platform/M-S-SaaS-apex-deliver/frontend/node_modules/react-router/dist/development/chunk-OIYGIGL5.mjs:9209:3)
    at RouterWrapper (C:/Projects/ma-saas-platform/M-S-SaaS-apex-deliver/frontend/src/pages/marketing/EnhancedLandingPage.test.tsx:11:26)
Error: Element type is invalid: expected a string (for built-in components) or a class/function (for composite components) but got: undefined. You likely forgot to export your component from the file it's defined in, or you might have mixed up default and named imports.

Check the render method of `StickyCTABar`.
    at createFiberFromTypeAndProps (C:\Projects\ma-saas-platform\M-S-SaaS-apex-deliver\frontend\node_modules\react-dom\cjs\react-dom.development.js:28478:17)
    at createFiberFromElement (C:\Projects\ma-saas-platform\M-S-SaaS-apex-deliver\frontend\node_modules\react-dom\cjs\react-dom.development.js:28504:15)
    at reconcileSingleElement (C:\Projects\ma-saas-platform\M-S-SaaS-apex-deliver\frontend\node_modules\react-dom\cjs\react-dom.development.js:13986:23)
    at reconcileChildFibers (C:\Projects\ma-saas-platform\M-S-SaaS-apex-deliver\frontend\node_modules\react-dom\cjs\react-dom.development.js:14044:35)
    at reconcileChildren (C:\Projects\ma-saas-platform\M-S-SaaS-apex-deliver\frontend\node_modules\react-dom\cjs\react-dom.development.js:19186:28)
    at updateHostComponent (C:\Projects\ma-saas-platform\M-S-SaaS-apex-deliver\frontend\node_modules\react-dom\cjs\react-dom.development.js:19953:3)
    at beginWork (C:\Projects\ma-saas-platform\M-S-SaaS-apex-deliver\frontend\node_modules\react-dom\cjs\react-dom.development.js:21657:14)
    at HTMLUnknownElement.callCallback (C:\Projects\ma-saas-platform\M-S-SaaS-apex-deliver\frontend\node_modules\react-dom\cjs\react-dom.development.js:4164:14)
    at HTMLUnknownElement.callTheUserObjectsOperation (C:\Projects\ma-saas-platform\M-S-SaaS-apex-deliver\frontend\node_modules\jsdom\lib\jsdom\living\generated\EventListener.js:26:30)
    at innerInvokeEventListeners (C:\Projects\ma-saas-platform\M-S-SaaS-apex-deliver\frontend\node_modules\jsdom\lib\jsdom\living\events\EventTarget-impl.js:360:16)
Warning: React.jsx: type is invalid -- expected a string (for built-in components) or a class/function (for composite components) but got: undefined. You likely forgot to export your component from the file it's defined in, or you might have mixed up default and named imports.

Check the render method of `StickyCTABar`.
    at StickyCTABar (C:/Projects/ma-saas-platform/M-S-SaaS-apex-deliver/frontend/src/components/marketing/StickyCTABar.tsx:14:71)
    at main
    at AnalyticsProvider (C:/Projects/ma-saas-platform/M-S-SaaS-apex-deliver/frontend/src/components/marketing/AnalyticsProvider.tsx:21:30)
    at div
    at MarketingLayout (C:/Projects/ma-saas-platform/M-S-SaaS-apex-deliver/frontend/src/components/marketing/MarketingLayout.tsx:14:28)
    at EnhancedLandingPage (C:/Projects/ma-saas-platform/M-S-SaaS-apex-deliver/frontend/src/pages/marketing/EnhancedLandingPage.tsx:31:53)
    at Router (file:///C:/Projects/ma-saas-platform/M-S-SaaS-apex-deliver/frontend/node_modules/react-router/dist/development/chunk-OIYGIGL5.mjs:6066:13)
    at BrowserRouter (file:///C:/Projects/ma-saas-platform/M-S-SaaS-apex-deliver/frontend/node_modules/react-router/dist/development/chunk-OIYGIGL5.mjs:9209:3)
    at RouterWrapper (C:/Projects/ma-saas-platform/M-S-SaaS-apex-deliver/frontend/src/pages/marketing/EnhancedLandingPage.test.tsx:11:26)
Error: Element type is invalid: expected a string (for built-in components) or a class/function (for composite components) but got: undefined. You likely forgot to export your component from the file it's defined in, or you might have mixed up default and named imports.

Check the render method of `StickyCTABar`.
    at createFiberFromTypeAndProps (C:\Projects\ma-saas-platform\M-S-SaaS-apex-deliver\frontend\node_modules\react-dom\cjs\react-dom.development.js:28478:17)
    at createFiberFromElement (C:\Projects\ma-saas-platform\M-S-SaaS-apex-deliver\frontend\node_modules\react-dom\cjs\react-dom.development.js:28504:15)
    at reconcileSingleElement (C:\Projects\ma-saas-platform\M-S-SaaS-apex-deliver\frontend\node_modules\react-dom\cjs\react-dom.development.js:13986:23)
    at reconcileChildFibers (C:\Projects\ma-saas-platform\M-S-SaaS-apex-deliver\frontend\node_modules\react-dom\cjs\react-dom.development.js:14044:35)
    at reconcileChildren (C:\Projects\ma-saas-platform\M-S-SaaS-apex-deliver\frontend\node_modules\react-dom\cjs\react-dom.development.js:19186:28)
    at updateHostComponent (C:\Projects\ma-saas-platform\M-S-SaaS-apex-deliver\frontend\node_modules\react-dom\cjs\react-dom.development.js:19953:3)
    at beginWork (C:\Projects\ma-saas-platform\M-S-SaaS-apex-deliver\frontend\node_modules\react-dom\cjs\react-dom.development.js:21657:14)
    at HTMLUnknownElement.callCallback (C:\Projects\ma-saas-platform\M-S-SaaS-apex-deliver\frontend\node_modules\react-dom\cjs\react-dom.development.js:4164:14)
    at HTMLUnknownElement.callTheUserObjectsOperation (C:\Projects\ma-saas-platform\M-S-SaaS-apex-deliver\frontend\node_modules\jsdom\lib\jsdom\living\generated\EventListener.js:26:30)
    at innerInvokeEventListeners (C:\Projects\ma-saas-platform\M-S-SaaS-apex-deliver\frontend\node_modules\jsdom\lib\jsdom\living\events\EventTarget-impl.js:360:16)
The above error occurred in the <a> component:

    at a
    at LinkWithRef (file:///C:/Projects/ma-saas-platform/M-S-SaaS-apex-deliver/frontend/node_modules/react-router/dist/development/chunk-OIYGIGL5.mjs:9299:5)
    at div
    at div
    at div
    at div
    at div
    at StickyCTABar (C:/Projects/ma-saas-platform/M-S-SaaS-apex-deliver/frontend/src/components/marketing/StickyCTABar.tsx:14:71)
    at main
    at AnalyticsProvider (C:/Projects/ma-saas-platform/M-S-SaaS-apex-deliver/frontend/src/components/marketing/AnalyticsProvider.tsx:21:30)
    at div
    at MarketingLayout (C:/Projects/ma-saas-platform/M-S-SaaS-apex-deliver/frontend/src/components/marketing/MarketingLayout.tsx:14:28)
    at EnhancedLandingPage (C:/Projects/ma-saas-platform/M-S-SaaS-apex-deliver/frontend/src/pages/marketing/EnhancedLandingPage.tsx:31:53)
    at Router (file:///C:/Projects/ma-saas-platform/M-S-SaaS-apex-deliver/frontend/node_modules/react-router/dist/development/chunk-OIYGIGL5.mjs:6066:13)
    at BrowserRouter (file:///C:/Projects/ma-saas-platform/M-S-SaaS-apex-deliver/frontend/node_modules/react-router/dist/development/chunk-OIYGIGL5.mjs:9209:3)
    at RouterWrapper (C:/Projects/ma-saas-platform/M-S-SaaS-apex-deliver/frontend/src/pages/marketing/EnhancedLandingPage.test.tsx:11:26)

Consider adding an error boundary to your tree to customize error handling behavior.
Visit https://reactjs.org/link/error-boundaries to learn more about error boundaries.

 [32m✓[39m src/pages/marketing/ContactPage.test.tsx [2m([22m[2m5 tests[22m[2m)[22m[33m 4796[2mms[22m[39m
     [33m[2m✓[22m[39m renders header, contact form, and information sections [33m 336[2mms[22m[39m
     [33m[2m✓[22m[39m validates required fields before submission [33m 439[2mms[22m[39m
     [33m[2m✓[22m[39m submits form and shows confirmation message [33m 2237[2mms[22m[39m
     [33m[2m✓[22m[39m shows error state when submission fails [33m 1737[2mms[22m[39m
[90mstdout[2m | src/App.test.tsx[2m > [22m[2mAppRoutes[2m > [22m[2mshows dashboard content when the user is authenticated
[22m[39mStickyCTABar Button [90mundefined[39m

[90mstderr[2m | src/pages/marketing/EnhancedLandingPage.test.tsx[2m > [22m[2mEnhancedLandingPage[2m > [22m[2mrenders How It Works section
[22m[39mWarning: React.jsx: type is invalid -- expected a string (for built-in components) or a class/function (for composite components) but got: undefined. You likely forgot to export your component from the file it's defined in, or you might have mixed up default and named imports.

Check the render method of `StickyCTABar`.
    at StickyCTABar (C:/Projects/ma-saas-platform/M-S-SaaS-apex-deliver/frontend/src/components/marketing/StickyCTABar.tsx:14:71)
    at main
    at AnalyticsProvider (C:/Projects/ma-saas-platform/M-S-SaaS-apex-deliver/frontend/src/components/marketing/AnalyticsProvider.tsx:21:30)
    at div
    at MarketingLayout (C:/Projects/ma-saas-platform/M-S-SaaS-apex-deliver/frontend/src/components/marketing/MarketingLayout.tsx:14:28)
    at EnhancedLandingPage (C:/Projects/ma-saas-platform/M-S-SaaS-apex-deliver/frontend/src/pages/marketing/EnhancedLandingPage.tsx:31:53)
    at Router (file:///C:/Projects/ma-saas-platform/M-S-SaaS-apex-deliver/frontend/node_modules/react-router/dist/development/chunk-OIYGIGL5.mjs:6066:13)
    at BrowserRouter (file:///C:/Projects/ma-saas-platform/M-S-SaaS-apex-deliver/frontend/node_modules/react-router/dist/development/chunk-OIYGIGL5.mjs:9209:3)
    at RouterWrapper (C:/Projects/ma-saas-platform/M-S-SaaS-apex-deliver/frontend/src/pages/marketing/EnhancedLandingPage.test.tsx:11:26)
Error: Element type is invalid: expected a string (for built-in components) or a class/function (for composite components) but got: undefined. You likely forgot to export your component from the file it's defined in, or you might have mixed up default and named imports.

Check the render method of `StickyCTABar`.
    at createFiberFromTypeAndProps (C:\Projects\ma-saas-platform\M-S-SaaS-apex-deliver\frontend\node_modules\react-dom\cjs\react-dom.development.js:28478:17)
    at createFiberFromElement (C:\Projects\ma-saas-platform\M-S-SaaS-apex-deliver\frontend\node_modules\react-dom\cjs\react-dom.development.js:28504:15)
    at reconcileSingleElement (C:\Projects\ma-saas-platform\M-S-SaaS-apex-deliver\frontend\node_modules\react-dom\cjs\react-dom.development.js:13986:23)
    at reconcileChildFibers (C:\Projects\ma-saas-platform\M-S-SaaS-apex-deliver\frontend\node_modules\react-dom\cjs\react-dom.development.js:14044:35)
    at reconcileChildren (C:\Projects\ma-saas-platform\M-S-SaaS-apex-deliver\frontend\node_modules\react-dom\cjs\react-dom.development.js:19186:28)
    at updateHostComponent (C:\Projects\ma-saas-platform\M-S-SaaS-apex-deliver\frontend\node_modules\react-dom\cjs\react-dom.development.js:19953:3)
    at beginWork (C:\Projects\ma-saas-platform\M-S-SaaS-apex-deliver\frontend\node_modules\react-dom\cjs\react-dom.development.js:21657:14)
    at HTMLUnknownElement.callCallback (C:\Projects\ma-saas-platform\M-S-SaaS-apex-deliver\frontend\node_modules\react-dom\cjs\react-dom.development.js:4164:14)
    at HTMLUnknownElement.callTheUserObjectsOperation (C:\Projects\ma-saas-platform\M-S-SaaS-apex-deliver\frontend\node_modules\jsdom\lib\jsdom\living\generated\EventListener.js:26:30)
    at innerInvokeEventListeners (C:\Projects\ma-saas-platform\M-S-SaaS-apex-deliver\frontend\node_modules\jsdom\lib\jsdom\living\events\EventTarget-impl.js:360:16)
Warning: React.jsx: type is invalid -- expected a string (for built-in components) or a class/function (for composite components) but got: undefined. You likely forgot to export your component from the file it's defined in, or you might have mixed up default and named imports.

Check the render method of `StickyCTABar`.
    at StickyCTABar (C:/Projects/ma-saas-platform/M-S-SaaS-apex-deliver/frontend/src/components/marketing/StickyCTABar.tsx:14:71)
    at main
    at AnalyticsProvider (C:/Projects/ma-saas-platform/M-S-SaaS-apex-deliver/frontend/src/components/marketing/AnalyticsProvider.tsx:21:30)
    at div
    at MarketingLayout (C:/Projects/ma-saas-platform/M-S-SaaS-apex-deliver/frontend/src/components/marketing/MarketingLayout.tsx:14:28)
    at EnhancedLandingPage (C:/Projects/ma-saas-platform/M-S-SaaS-apex-deliver/frontend/src/pages/marketing/EnhancedLandingPage.tsx:31:53)
    at Router (file:///C:/Projects/ma-saas-platform/M-S-SaaS-apex-deliver/frontend/node_modules/react-router/dist/development/chunk-OIYGIGL5.mjs:6066:13)
    at BrowserRouter (file:///C:/Projects/ma-saas-platform/M-S-SaaS-apex-deliver/frontend/node_modules/react-router/dist/development/chunk-OIYGIGL5.mjs:9209:3)
    at RouterWrapper (C:/Projects/ma-saas-platform/M-S-SaaS-apex-deliver/frontend/src/pages/marketing/EnhancedLandingPage.test.tsx:11:26)
Error: Element type is invalid: expected a string (for built-in components) or a class/function (for composite components) but got: undefined. You likely forgot to export your component from the file it's defined in, or you might have mixed up default and named imports.

Check the render method of `StickyCTABar`.
    at createFiberFromTypeAndProps (C:\Projects\ma-saas-platform\M-S-SaaS-apex-deliver\frontend\node_modules\react-dom\cjs\react-dom.development.js:28478:17)
    at createFiberFromElement (C:\Projects\ma-saas-platform\M-S-SaaS-apex-deliver\frontend\node_modules\react-dom\cjs\react-dom.development.js:28504:15)
    at reconcileSingleElement (C:\Projects\ma-saas-platform\M-S-SaaS-apex-deliver\frontend\node_modules\react-dom\cjs\react-dom.development.js:13986:23)
    at reconcileChildFibers (C:\Projects\ma-saas-platform\M-S-SaaS-apex-deliver\frontend\node_modules\react-dom\cjs\react-dom.development.js:14044:35)
    at reconcileChildren (C:\Projects\ma-saas-platform\M-S-SaaS-apex-deliver\frontend\node_modules\react-dom\cjs\react-dom.development.js:19186:28)
    at updateHostComponent (C:\Projects\ma-saas-platform\M-S-SaaS-apex-deliver\frontend\node_modules\react-dom\cjs\react-dom.development.js:19953:3)
    at beginWork (C:\Projects\ma-saas-platform\M-S-SaaS-apex-deliver\frontend\node_modules\react-dom\cjs\react-dom.development.js:21657:14)
    at HTMLUnknownElement.callCallback (C:\Projects\ma-saas-platform\M-S-SaaS-apex-deliver\frontend\node_modules\react-dom\cjs\react-dom.development.js:4164:14)
    at HTMLUnknownElement.callTheUserObjectsOperation (C:\Projects\ma-saas-platform\M-S-SaaS-apex-deliver\frontend\node_modules\jsdom\lib\jsdom\living\generated\EventListener.js:26:30)
    at innerInvokeEventListeners (C:\Projects\ma-saas-platform\M-S-SaaS-apex-deliver\frontend\node_modules\jsdom\lib\jsdom\living\events\EventTarget-impl.js:360:16)
The above error occurred in the <a> component:

    at a
    at LinkWithRef (file:///C:/Projects/ma-saas-platform/M-S-SaaS-apex-deliver/frontend/node_modules/react-router/dist/development/chunk-OIYGIGL5.mjs:9299:5)
    at div
    at div
    at div
    at div
    at div
    at StickyCTABar (C:/Projects/ma-saas-platform/M-S-SaaS-apex-deliver/frontend/src/components/marketing/StickyCTABar.tsx:14:71)
    at main
    at AnalyticsProvider (C:/Projects/ma-saas-platform/M-S-SaaS-apex-deliver/frontend/src/components/marketing/AnalyticsProvider.tsx:21:30)
    at div
    at MarketingLayout (C:/Projects/ma-saas-platform/M-S-SaaS-apex-deliver/frontend/src/components/marketing/MarketingLayout.tsx:14:28)
    at EnhancedLandingPage (C:/Projects/ma-saas-platform/M-S-SaaS-apex-deliver/frontend/src/pages/marketing/EnhancedLandingPage.tsx:31:53)
    at Router (file:///C:/Projects/ma-saas-platform/M-S-SaaS-apex-deliver/frontend/node_modules/react-router/dist/development/chunk-OIYGIGL5.mjs:6066:13)
    at BrowserRouter (file:///C:/Projects/ma-saas-platform/M-S-SaaS-apex-deliver/frontend/node_modules/react-router/dist/development/chunk-OIYGIGL5.mjs:9209:3)
    at RouterWrapper (C:/Projects/ma-saas-platform/M-S-SaaS-apex-deliver/frontend/src/pages/marketing/EnhancedLandingPage.test.tsx:11:26)

Consider adding an error boundary to your tree to customize error handling behavior.
Visit https://reactjs.org/link/error-boundaries to learn more about error boundaries.

[90mstderr[2m | src/pages/marketing/EnhancedLandingPage.test.tsx[2m > [22m[2mEnhancedLandingPage[2m > [22m[2mdisplays feature cards
[22m[39mWarning: React.jsx: type is invalid -- expected a string (for built-in components) or a class/function (for composite components) but got: undefined. You likely forgot to export your component from the file it's defined in, or you might have mixed up default and named imports.

Check the render method of `StickyCTABar`.
    at StickyCTABar (C:/Projects/ma-saas-platform/M-S-SaaS-apex-deliver/frontend/src/components/marketing/StickyCTABar.tsx:14:71)
    at main
    at AnalyticsProvider (C:/Projects/ma-saas-platform/M-S-SaaS-apex-deliver/frontend/src/components/marketing/AnalyticsProvider.tsx:21:30)
    at div
    at MarketingLayout (C:/Projects/ma-saas-platform/M-S-SaaS-apex-deliver/frontend/src/components/marketing/MarketingLayout.tsx:14:28)
    at EnhancedLandingPage (C:/Projects/ma-saas-platform/M-S-SaaS-apex-deliver/frontend/src/pages/marketing/EnhancedLandingPage.tsx:31:53)
    at Router (file:///C:/Projects/ma-saas-platform/M-S-SaaS-apex-deliver/frontend/node_modules/react-router/dist/development/chunk-OIYGIGL5.mjs:6066:13)
    at BrowserRouter (file:///C:/Projects/ma-saas-platform/M-S-SaaS-apex-deliver/frontend/node_modules/react-router/dist/development/chunk-OIYGIGL5.mjs:9209:3)
    at RouterWrapper (C:/Projects/ma-saas-platform/M-S-SaaS-apex-deliver/frontend/src/pages/marketing/EnhancedLandingPage.test.tsx:11:26)
Error: Element type is invalid: expected a string (for built-in components) or a class/function (for composite components) but got: undefined. You likely forgot to export your component from the file it's defined in, or you might have mixed up default and named imports.

Check the render method of `StickyCTABar`.
    at createFiberFromTypeAndProps (C:\Projects\ma-saas-platform\M-S-SaaS-apex-deliver\frontend\node_modules\react-dom\cjs\react-dom.development.js:28478:17)
    at createFiberFromElement (C:\Projects\ma-saas-platform\M-S-SaaS-apex-deliver\frontend\node_modules\react-dom\cjs\react-dom.development.js:28504:15)
    at reconcileSingleElement (C:\Projects\ma-saas-platform\M-S-SaaS-apex-deliver\frontend\node_modules\react-dom\cjs\react-dom.development.js:13986:23)
    at reconcileChildFibers (C:\Projects\ma-saas-platform\M-S-SaaS-apex-deliver\frontend\node_modules\react-dom\cjs\react-dom.development.js:14044:35)
    at reconcileChildren (C:\Projects\ma-saas-platform\M-S-SaaS-apex-deliver\frontend\node_modules\react-dom\cjs\react-dom.development.js:19186:28)
    at updateHostComponent (C:\Projects\ma-saas-platform\M-S-SaaS-apex-deliver\frontend\node_modules\react-dom\cjs\react-dom.development.js:19953:3)
    at beginWork (C:\Projects\ma-saas-platform\M-S-SaaS-apex-deliver\frontend\node_modules\react-dom\cjs\react-dom.development.js:21657:14)
    at HTMLUnknownElement.callCallback (C:\Projects\ma-saas-platform\M-S-SaaS-apex-deliver\frontend\node_modules\react-dom\cjs\react-dom.development.js:4164:14)
    at HTMLUnknownElement.callTheUserObjectsOperation (C:\Projects\ma-saas-platform\M-S-SaaS-apex-deliver\frontend\node_modules\jsdom\lib\jsdom\living\generated\EventListener.js:26:30)
    at innerInvokeEventListeners (C:\Projects\ma-saas-platform\M-S-SaaS-apex-deliver\frontend\node_modules\jsdom\lib\jsdom\living\events\EventTarget-impl.js:360:16)
Warning: React.jsx: type is invalid -- expected a string (for built-in components) or a class/function (for composite components) but got: undefined. You likely forgot to export your component from the file it's defined in, or you might have mixed up default and named imports.

Check the render method of `StickyCTABar`.
    at StickyCTABar (C:/Projects/ma-saas-platform/M-S-SaaS-apex-deliver/frontend/src/components/marketing/StickyCTABar.tsx:14:71)
    at main
    at AnalyticsProvider (C:/Projects/ma-saas-platform/M-S-SaaS-apex-deliver/frontend/src/components/marketing/AnalyticsProvider.tsx:21:30)
    at div
    at MarketingLayout (C:/Projects/ma-saas-platform/M-S-SaaS-apex-deliver/frontend/src/components/marketing/MarketingLayout.tsx:14:28)
    at EnhancedLandingPage (C:/Projects/ma-saas-platform/M-S-SaaS-apex-deliver/frontend/src/pages/marketing/EnhancedLandingPage.tsx:31:53)
    at Router (file:///C:/Projects/ma-saas-platform/M-S-SaaS-apex-deliver/frontend/node_modules/react-router/dist/development/chunk-OIYGIGL5.mjs:6066:13)
    at BrowserRouter (file:///C:/Projects/ma-saas-platform/M-S-SaaS-apex-deliver/frontend/node_modules/react-router/dist/development/chunk-OIYGIGL5.mjs:9209:3)
    at RouterWrapper (C:/Projects/ma-saas-platform/M-S-SaaS-apex-deliver/frontend/src/pages/marketing/EnhancedLandingPage.test.tsx:11:26)
Error: Element type is invalid: expected a string (for built-in components) or a class/function (for composite components) but got: undefined. You likely forgot to export your component from the file it's defined in, or you might have mixed up default and named imports.

Check the render method of `StickyCTABar`.
    at createFiberFromTypeAndProps (C:\Projects\ma-saas-platform\M-S-SaaS-apex-deliver\frontend\node_modules\react-dom\cjs\react-dom.development.js:28478:17)
    at createFiberFromElement (C:\Projects\ma-saas-platform\M-S-SaaS-apex-deliver\frontend\node_modules\react-dom\cjs\react-dom.development.js:28504:15)
    at reconcileSingleElement (C:\Projects\ma-saas-platform\M-S-SaaS-apex-deliver\frontend\node_modules\react-dom\cjs\react-dom.development.js:13986:23)
    at reconcileChildFibers (C:\Projects\ma-saas-platform\M-S-SaaS-apex-deliver\frontend\node_modules\react-dom\cjs\react-dom.development.js:14044:35)
    at reconcileChildren (C:\Projects\ma-saas-platform\M-S-SaaS-apex-deliver\frontend\node_modules\react-dom\cjs\react-dom.development.js:19186:28)
    at updateHostComponent (C:\Projects\ma-saas-platform\M-S-SaaS-apex-deliver\frontend\node_modules\react-dom\cjs\react-dom.development.js:19953:3)
    at beginWork (C:\Projects\ma-saas-platform\M-S-SaaS-apex-deliver\frontend\node_modules\react-dom\cjs\react-dom.development.js:21657:14)
    at HTMLUnknownElement.callCallback (C:\Projects\ma-saas-platform\M-S-SaaS-apex-deliver\frontend\node_modules\react-dom\cjs\react-dom.development.js:4164:14)
    at HTMLUnknownElement.callTheUserObjectsOperation (C:\Projects\ma-saas-platform\M-S-SaaS-apex-deliver\frontend\node_modules\jsdom\lib\jsdom\living\generated\EventListener.js:26:30)
    at innerInvokeEventListeners (C:\Projects\ma-saas-platform\M-S-SaaS-apex-deliver\frontend\node_modules\jsdom\lib\jsdom\living\events\EventTarget-impl.js:360:16)
The above error occurred in the <a> component:

    at a
    at LinkWithRef (file:///C:/Projects/ma-saas-platform/M-S-SaaS-apex-deliver/frontend/node_modules/react-router/dist/development/chunk-OIYGIGL5.mjs:9299:5)
    at div
    at div
    at div
    at div
    at div
    at StickyCTABar (C:/Projects/ma-saas-platform/M-S-SaaS-apex-deliver/frontend/src/components/marketing/StickyCTABar.tsx:14:71)
    at main
    at AnalyticsProvider (C:/Projects/ma-saas-platform/M-S-SaaS-apex-deliver/frontend/src/components/marketing/AnalyticsProvider.tsx:21:30)
    at div
    at MarketingLayout (C:/Projects/ma-saas-platform/M-S-SaaS-apex-deliver/frontend/src/components/marketing/MarketingLayout.tsx:14:28)
    at EnhancedLandingPage (C:/Projects/ma-saas-platform/M-S-SaaS-apex-deliver/frontend/src/pages/marketing/EnhancedLandingPage.tsx:31:53)
    at Router (file:///C:/Projects/ma-saas-platform/M-S-SaaS-apex-deliver/frontend/node_modules/react-router/dist/development/chunk-OIYGIGL5.mjs:6066:13)
    at BrowserRouter (file:///C:/Projects/ma-saas-platform/M-S-SaaS-apex-deliver/frontend/node_modules/react-router/dist/development/chunk-OIYGIGL5.mjs:9209:3)
    at RouterWrapper (C:/Projects/ma-saas-platform/M-S-SaaS-apex-deliver/frontend/src/pages/marketing/EnhancedLandingPage.test.tsx:11:26)

Consider adding an error boundary to your tree to customize error handling behavior.
Visit https://reactjs.org/link/error-boundaries to learn more about error boundaries.

[90mstderr[2m | src/pages/marketing/EnhancedLandingPage.test.tsx[2m > [22m[2mEnhancedLandingPage[2m > [22m[2mrenders Pricing Teaser section
[22m[39mWarning: React.jsx: type is invalid -- expected a string (for built-in components) or a class/function (for composite components) but got: undefined. You likely forgot to export your component from the file it's defined in, or you might have mixed up default and named imports.

Check the render method of `StickyCTABar`.
    at StickyCTABar (C:/Projects/ma-saas-platform/M-S-SaaS-apex-deliver/frontend/src/components/marketing/StickyCTABar.tsx:14:71)
    at main
    at AnalyticsProvider (C:/Projects/ma-saas-platform/M-S-SaaS-apex-deliver/frontend/src/components/marketing/AnalyticsProvider.tsx:21:30)
    at div
    at MarketingLayout (C:/Projects/ma-saas-platform/M-S-SaaS-apex-deliver/frontend/src/components/marketing/MarketingLayout.tsx:14:28)
    at EnhancedLandingPage (C:/Projects/ma-saas-platform/M-S-SaaS-apex-deliver/frontend/src/pages/marketing/EnhancedLandingPage.tsx:31:53)
    at Router (file:///C:/Projects/ma-saas-platform/M-S-SaaS-apex-deliver/frontend/node_modules/react-router/dist/development/chunk-OIYGIGL5.mjs:6066:13)
    at BrowserRouter (file:///C:/Projects/ma-saas-platform/M-S-SaaS-apex-deliver/frontend/node_modules/react-router/dist/development/chunk-OIYGIGL5.mjs:9209:3)
    at RouterWrapper (C:/Projects/ma-saas-platform/M-S-SaaS-apex-deliver/frontend/src/pages/marketing/EnhancedLandingPage.test.tsx:11:26)
Error: Element type is invalid: expected a string (for built-in components) or a class/function (for composite components) but got: undefined. You likely forgot to export your component from the file it's defined in, or you might have mixed up default and named imports.

Check the render method of `StickyCTABar`.
    at createFiberFromTypeAndProps (C:\Projects\ma-saas-platform\M-S-SaaS-apex-deliver\frontend\node_modules\react-dom\cjs\react-dom.development.js:28478:17)
    at createFiberFromElement (C:\Projects\ma-saas-platform\M-S-SaaS-apex-deliver\frontend\node_modules\react-dom\cjs\react-dom.development.js:28504:15)
    at reconcileSingleElement (C:\Projects\ma-saas-platform\M-S-SaaS-apex-deliver\frontend\node_modules\react-dom\cjs\react-dom.development.js:13986:23)
    at reconcileChildFibers (C:\Projects\ma-saas-platform\M-S-SaaS-apex-deliver\frontend\node_modules\react-dom\cjs\react-dom.development.js:14044:35)
    at reconcileChildren (C:\Projects\ma-saas-platform\M-S-SaaS-apex-deliver\frontend\node_modules\react-dom\cjs\react-dom.development.js:19186:28)
    at updateHostComponent (C:\Projects\ma-saas-platform\M-S-SaaS-apex-deliver\frontend\node_modules\react-dom\cjs\react-dom.development.js:19953:3)
    at beginWork (C:\Projects\ma-saas-platform\M-S-SaaS-apex-deliver\frontend\node_modules\react-dom\cjs\react-dom.development.js:21657:14)
    at HTMLUnknownElement.callCallback (C:\Projects\ma-saas-platform\M-S-SaaS-apex-deliver\frontend\node_modules\react-dom\cjs\react-dom.development.js:4164:14)
    at HTMLUnknownElement.callTheUserObjectsOperation (C:\Projects\ma-saas-platform\M-S-SaaS-apex-deliver\frontend\node_modules\jsdom\lib\jsdom\living\generated\EventListener.js:26:30)
    at innerInvokeEventListeners (C:\Projects\ma-saas-platform\M-S-SaaS-apex-deliver\frontend\node_modules\jsdom\lib\jsdom\living\events\EventTarget-impl.js:360:16)
Warning: React.jsx: type is invalid -- expected a string (for built-in components) or a class/function (for composite components) but got: undefined. You likely forgot to export your component from the file it's defined in, or you might have mixed up default and named imports.

Check the render method of `StickyCTABar`.
    at StickyCTABar (C:/Projects/ma-saas-platform/M-S-SaaS-apex-deliver/frontend/src/components/marketing/StickyCTABar.tsx:14:71)
    at main
    at AnalyticsProvider (C:/Projects/ma-saas-platform/M-S-SaaS-apex-deliver/frontend/src/components/marketing/AnalyticsProvider.tsx:21:30)
    at div
    at MarketingLayout (C:/Projects/ma-saas-platform/M-S-SaaS-apex-deliver/frontend/src/components/marketing/MarketingLayout.tsx:14:28)
    at EnhancedLandingPage (C:/Projects/ma-saas-platform/M-S-SaaS-apex-deliver/frontend/src/pages/marketing/EnhancedLandingPage.tsx:31:53)
    at Router (file:///C:/Projects/ma-saas-platform/M-S-SaaS-apex-deliver/frontend/node_modules/react-router/dist/development/chunk-OIYGIGL5.mjs:6066:13)
    at BrowserRouter (file:///C:/Projects/ma-saas-platform/M-S-SaaS-apex-deliver/frontend/node_modules/react-router/dist/development/chunk-OIYGIGL5.mjs:9209:3)
    at RouterWrapper (C:/Projects/ma-saas-platform/M-S-SaaS-apex-deliver/frontend/src/pages/marketing/EnhancedLandingPage.test.tsx:11:26)
Error: Element type is invalid: expected a string (for built-in components) or a class/function (for composite components) but got: undefined. You likely forgot to export your component from the file it's defined in, or you might have mixed up default and named imports.

Check the render method of `StickyCTABar`.
    at createFiberFromTypeAndProps (C:\Projects\ma-saas-platform\M-S-SaaS-apex-deliver\frontend\node_modules\react-dom\cjs\react-dom.development.js:28478:17)
    at createFiberFromElement (C:\Projects\ma-saas-platform\M-S-SaaS-apex-deliver\frontend\node_modules\react-dom\cjs\react-dom.development.js:28504:15)
    at reconcileSingleElement (C:\Projects\ma-saas-platform\M-S-SaaS-apex-deliver\frontend\node_modules\react-dom\cjs\react-dom.development.js:13986:23)
    at reconcileChildFibers (C:\Projects\ma-saas-platform\M-S-SaaS-apex-deliver\frontend\node_modules\react-dom\cjs\react-dom.development.js:14044:35)
    at reconcileChildren (C:\Projects\ma-saas-platform\M-S-SaaS-apex-deliver\frontend\node_modules\react-dom\cjs\react-dom.development.js:19186:28)
    at updateHostComponent (C:\Projects\ma-saas-platform\M-S-SaaS-apex-deliver\frontend\node_modules\react-dom\cjs\react-dom.development.js:19953:3)
    at beginWork (C:\Projects\ma-saas-platform\M-S-SaaS-apex-deliver\frontend\node_modules\react-dom\cjs\react-dom.development.js:21657:14)
    at HTMLUnknownElement.callCallback (C:\Projects\ma-saas-platform\M-S-SaaS-apex-deliver\frontend\node_modules\react-dom\cjs\react-dom.development.js:4164:14)
    at HTMLUnknownElement.callTheUserObjectsOperation (C:\Projects\ma-saas-platform\M-S-SaaS-apex-deliver\frontend\node_modules\jsdom\lib\jsdom\living\generated\EventListener.js:26:30)
    at innerInvokeEventListeners (C:\Projects\ma-saas-platform\M-S-SaaS-apex-deliver\frontend\node_modules\jsdom\lib\jsdom\living\events\EventTarget-impl.js:360:16)
The above error occurred in the <a> component:

    at a
    at LinkWithRef (file:///C:/Projects/ma-saas-platform/M-S-SaaS-apex-deliver/frontend/node_modules/react-router/dist/development/chunk-OIYGIGL5.mjs:9299:5)
    at div
    at div
    at div
    at div
    at div
    at StickyCTABar (C:/Projects/ma-saas-platform/M-S-SaaS-apex-deliver/frontend/src/components/marketing/StickyCTABar.tsx:14:71)
    at main
    at AnalyticsProvider (C:/Projects/ma-saas-platform/M-S-SaaS-apex-deliver/frontend/src/components/marketing/AnalyticsProvider.tsx:21:30)
    at div
    at MarketingLayout (C:/Projects/ma-saas-platform/M-S-SaaS-apex-deliver/frontend/src/components/marketing/MarketingLayout.tsx:14:28)
    at EnhancedLandingPage (C:/Projects/ma-saas-platform/M-S-SaaS-apex-deliver/frontend/src/pages/marketing/EnhancedLandingPage.tsx:31:53)
    at Router (file:///C:/Projects/ma-saas-platform/M-S-SaaS-apex-deliver/frontend/node_modules/react-router/dist/development/chunk-OIYGIGL5.mjs:6066:13)
    at BrowserRouter (file:///C:/Projects/ma-saas-platform/M-S-SaaS-apex-deliver/frontend/node_modules/react-router/dist/development/chunk-OIYGIGL5.mjs:9209:3)
    at RouterWrapper (C:/Projects/ma-saas-platform/M-S-SaaS-apex-deliver/frontend/src/pages/marketing/EnhancedLandingPage.test.tsx:11:26)

Consider adding an error boundary to your tree to customize error handling behavior.
Visit https://reactjs.org/link/error-boundaries to learn more about error boundaries.

[90mstderr[2m | src/pages/marketing/EnhancedLandingPage.test.tsx[2m > [22m[2mEnhancedLandingPage[2m > [22m[2mdisplays branding with 100 Days & Beyond
[22m[39mWarning: React.jsx: type is invalid -- expected a string (for built-in components) or a class/function (for composite components) but got: undefined. You likely forgot to export your component from the file it's defined in, or you might have mixed up default and named imports.

Check the render method of `StickyCTABar`.
    at StickyCTABar (C:/Projects/ma-saas-platform/M-S-SaaS-apex-deliver/frontend/src/components/marketing/StickyCTABar.tsx:14:71)
    at main
    at AnalyticsProvider (C:/Projects/ma-saas-platform/M-S-SaaS-apex-deliver/frontend/src/components/marketing/AnalyticsProvider.tsx:21:30)
    at div
    at MarketingLayout (C:/Projects/ma-saas-platform/M-S-SaaS-apex-deliver/frontend/src/components/marketing/MarketingLayout.tsx:14:28)
    at EnhancedLandingPage (C:/Projects/ma-saas-platform/M-S-SaaS-apex-deliver/frontend/src/pages/marketing/EnhancedLandingPage.tsx:31:53)
    at Router (file:///C:/Projects/ma-saas-platform/M-S-SaaS-apex-deliver/frontend/node_modules/react-router/dist/development/chunk-OIYGIGL5.mjs:6066:13)
    at BrowserRouter (file:///C:/Projects/ma-saas-platform/M-S-SaaS-apex-deliver/frontend/node_modules/react-router/dist/development/chunk-OIYGIGL5.mjs:9209:3)
    at RouterWrapper (C:/Projects/ma-saas-platform/M-S-SaaS-apex-deliver/frontend/src/pages/marketing/EnhancedLandingPage.test.tsx:11:26)
Error: Element type is invalid: expected a string (for built-in components) or a class/function (for composite components) but got: undefined. You likely forgot to export your component from the file it's defined in, or you might have mixed up default and named imports.

Check the render method of `StickyCTABar`.
    at createFiberFromTypeAndProps (C:\Projects\ma-saas-platform\M-S-SaaS-apex-deliver\frontend\node_modules\react-dom\cjs\react-dom.development.js:28478:17)
    at createFiberFromElement (C:\Projects\ma-saas-platform\M-S-SaaS-apex-deliver\frontend\node_modules\react-dom\cjs\react-dom.development.js:28504:15)
    at reconcileSingleElement (C:\Projects\ma-saas-platform\M-S-SaaS-apex-deliver\frontend\node_modules\react-dom\cjs\react-dom.development.js:13986:23)
    at reconcileChildFibers (C:\Projects\ma-saas-platform\M-S-SaaS-apex-deliver\frontend\node_modules\react-dom\cjs\react-dom.development.js:14044:35)
    at reconcileChildren (C:\Projects\ma-saas-platform\M-S-SaaS-apex-deliver\frontend\node_modules\react-dom\cjs\react-dom.development.js:19186:28)
    at updateHostComponent (C:\Projects\ma-saas-platform\M-S-SaaS-apex-deliver\frontend\node_modules\react-dom\cjs\react-dom.development.js:19953:3)
    at beginWork (C:\Projects\ma-saas-platform\M-S-SaaS-apex-deliver\frontend\node_modules\react-dom\cjs\react-dom.development.js:21657:14)
    at HTMLUnknownElement.callCallback (C:\Projects\ma-saas-platform\M-S-SaaS-apex-deliver\frontend\node_modules\react-dom\cjs\react-dom.development.js:4164:14)
    at HTMLUnknownElement.callTheUserObjectsOperation (C:\Projects\ma-saas-platform\M-S-SaaS-apex-deliver\frontend\node_modules\jsdom\lib\jsdom\living\generated\EventListener.js:26:30)
    at innerInvokeEventListeners (C:\Projects\ma-saas-platform\M-S-SaaS-apex-deliver\frontend\node_modules\jsdom\lib\jsdom\living\events\EventTarget-impl.js:360:16)
Warning: React.jsx: type is invalid -- expected a string (for built-in components) or a class/function (for composite components) but got: undefined. You likely forgot to export your component from the file it's defined in, or you might have mixed up default and named imports.

Check the render method of `StickyCTABar`.
    at StickyCTABar (C:/Projects/ma-saas-platform/M-S-SaaS-apex-deliver/frontend/src/components/marketing/StickyCTABar.tsx:14:71)
    at main
    at AnalyticsProvider (C:/Projects/ma-saas-platform/M-S-SaaS-apex-deliver/frontend/src/components/marketing/AnalyticsProvider.tsx:21:30)
    at div
    at MarketingLayout (C:/Projects/ma-saas-platform/M-S-SaaS-apex-deliver/frontend/src/components/marketing/MarketingLayout.tsx:14:28)
    at EnhancedLandingPage (C:/Projects/ma-saas-platform/M-S-SaaS-apex-deliver/frontend/src/pages/marketing/EnhancedLandingPage.tsx:31:53)
    at Router (file:///C:/Projects/ma-saas-platform/M-S-SaaS-apex-deliver/frontend/node_modules/react-router/dist/development/chunk-OIYGIGL5.mjs:6066:13)
    at BrowserRouter (file:///C:/Projects/ma-saas-platform/M-S-SaaS-apex-deliver/frontend/node_modules/react-router/dist/development/chunk-OIYGIGL5.mjs:9209:3)
    at RouterWrapper (C:/Projects/ma-saas-platform/M-S-SaaS-apex-deliver/frontend/src/pages/marketing/EnhancedLandingPage.test.tsx:11:26)
Error: Element type is invalid: expected a string (for built-in components) or a class/function (for composite components) but got: undefined. You likely forgot to export your component from the file it's defined in, or you might have mixed up default and named imports.

Check the render method of `StickyCTABar`.
    at createFiberFromTypeAndProps (C:\Projects\ma-saas-platform\M-S-SaaS-apex-deliver\frontend\node_modules\react-dom\cjs\react-dom.development.js:28478:17)
    at createFiberFromElement (C:\Projects\ma-saas-platform\M-S-SaaS-apex-deliver\frontend\node_modules\react-dom\cjs\react-dom.development.js:28504:15)
    at reconcileSingleElement (C:\Projects\ma-saas-platform\M-S-SaaS-apex-deliver\frontend\node_modules\react-dom\cjs\react-dom.development.js:13986:23)
    at reconcileChildFibers (C:\Projects\ma-saas-platform\M-S-SaaS-apex-deliver\frontend\node_modules\react-dom\cjs\react-dom.development.js:14044:35)
    at reconcileChildren (C:\Projects\ma-saas-platform\M-S-SaaS-apex-deliver\frontend\node_modules\react-dom\cjs\react-dom.development.js:19186:28)
    at updateHostComponent (C:\Projects\ma-saas-platform\M-S-SaaS-apex-deliver\frontend\node_modules\react-dom\cjs\react-dom.development.js:19953:3)
    at beginWork (C:\Projects\ma-saas-platform\M-S-SaaS-apex-deliver\frontend\node_modules\react-dom\cjs\react-dom.development.js:21657:14)
    at HTMLUnknownElement.callCallback (C:\Projects\ma-saas-platform\M-S-SaaS-apex-deliver\frontend\node_modules\react-dom\cjs\react-dom.development.js:4164:14)
    at HTMLUnknownElement.callTheUserObjectsOperation (C:\Projects\ma-saas-platform\M-S-SaaS-apex-deliver\frontend\node_modules\jsdom\lib\jsdom\living\generated\EventListener.js:26:30)
    at innerInvokeEventListeners (C:\Projects\ma-saas-platform\M-S-SaaS-apex-deliver\frontend\node_modules\jsdom\lib\jsdom\living\events\EventTarget-impl.js:360:16)
The above error occurred in the <a> component:

    at a
    at LinkWithRef (file:///C:/Projects/ma-saas-platform/M-S-SaaS-apex-deliver/frontend/node_modules/react-router/dist/development/chunk-OIYGIGL5.mjs:9299:5)
    at div
    at div
    at div
    at div
    at div
    at StickyCTABar (C:/Projects/ma-saas-platform/M-S-SaaS-apex-deliver/frontend/src/components/marketing/StickyCTABar.tsx:14:71)
    at main
    at AnalyticsProvider (C:/Projects/ma-saas-platform/M-S-SaaS-apex-deliver/frontend/src/components/marketing/AnalyticsProvider.tsx:21:30)
    at div
    at MarketingLayout (C:/Projects/ma-saas-platform/M-S-SaaS-apex-deliver/frontend/src/components/marketing/MarketingLayout.tsx:14:28)
    at EnhancedLandingPage (C:/Projects/ma-saas-platform/M-S-SaaS-apex-deliver/frontend/src/pages/marketing/EnhancedLandingPage.tsx:31:53)
    at Router (file:///C:/Projects/ma-saas-platform/M-S-SaaS-apex-deliver/frontend/node_modules/react-router/dist/development/chunk-OIYGIGL5.mjs:6066:13)
    at BrowserRouter (file:///C:/Projects/ma-saas-platform/M-S-SaaS-apex-deliver/frontend/node_modules/react-router/dist/development/chunk-OIYGIGL5.mjs:9209:3)
    at RouterWrapper (C:/Projects/ma-saas-platform/M-S-SaaS-apex-deliver/frontend/src/pages/marketing/EnhancedLandingPage.test.tsx:11:26)

Consider adding an error boundary to your tree to customize error handling behavior.
Visit https://reactjs.org/link/error-boundaries to learn more about error boundaries.

[90mstderr[2m | src/pages/marketing/EnhancedLandingPage.test.tsx[2m > [22m[2mEnhancedLandingPage[2m > [22m[2mshows three-step workflow
[22m[39mWarning: React.jsx: type is invalid -- expected a string (for built-in components) or a class/function (for composite components) but got: undefined. You likely forgot to export your component from the file it's defined in, or you might have mixed up default and named imports.

Check the render method of `StickyCTABar`.
    at StickyCTABar (C:/Projects/ma-saas-platform/M-S-SaaS-apex-deliver/frontend/src/components/marketing/StickyCTABar.tsx:14:71)
    at main
    at AnalyticsProvider (C:/Projects/ma-saas-platform/M-S-SaaS-apex-deliver/frontend/src/components/marketing/AnalyticsProvider.tsx:21:30)
    at div
    at MarketingLayout (C:/Projects/ma-saas-platform/M-S-SaaS-apex-deliver/frontend/src/components/marketing/MarketingLayout.tsx:14:28)
    at EnhancedLandingPage (C:/Projects/ma-saas-platform/M-S-SaaS-apex-deliver/frontend/src/pages/marketing/EnhancedLandingPage.tsx:31:53)
    at Router (file:///C:/Projects/ma-saas-platform/M-S-SaaS-apex-deliver/frontend/node_modules/react-router/dist/development/chunk-OIYGIGL5.mjs:6066:13)
    at BrowserRouter (file:///C:/Projects/ma-saas-platform/M-S-SaaS-apex-deliver/frontend/node_modules/react-router/dist/development/chunk-OIYGIGL5.mjs:9209:3)
    at RouterWrapper (C:/Projects/ma-saas-platform/M-S-SaaS-apex-deliver/frontend/src/pages/marketing/EnhancedLandingPage.test.tsx:11:26)
Error: Element type is invalid: expected a string (for built-in components) or a class/function (for composite components) but got: undefined. You likely forgot to export your component from the file it's defined in, or you might have mixed up default and named imports.

Check the render method of `StickyCTABar`.
    at createFiberFromTypeAndProps (C:\Projects\ma-saas-platform\M-S-SaaS-apex-deliver\frontend\node_modules\react-dom\cjs\react-dom.development.js:28478:17)
    at createFiberFromElement (C:\Projects\ma-saas-platform\M-S-SaaS-apex-deliver\frontend\node_modules\react-dom\cjs\react-dom.development.js:28504:15)
    at reconcileSingleElement (C:\Projects\ma-saas-platform\M-S-SaaS-apex-deliver\frontend\node_modules\react-dom\cjs\react-dom.development.js:13986:23)
    at reconcileChildFibers (C:\Projects\ma-saas-platform\M-S-SaaS-apex-deliver\frontend\node_modules\react-dom\cjs\react-dom.development.js:14044:35)
    at reconcileChildren (C:\Projects\ma-saas-platform\M-S-SaaS-apex-deliver\frontend\node_modules\react-dom\cjs\react-dom.development.js:19186:28)
    at updateHostComponent (C:\Projects\ma-saas-platform\M-S-SaaS-apex-deliver\frontend\node_modules\react-dom\cjs\react-dom.development.js:19953:3)
    at beginWork (C:\Projects\ma-saas-platform\M-S-SaaS-apex-deliver\frontend\node_modules\react-dom\cjs\react-dom.development.js:21657:14)
    at HTMLUnknownElement.callCallback (C:\Projects\ma-saas-platform\M-S-SaaS-apex-deliver\frontend\node_modules\react-dom\cjs\react-dom.development.js:4164:14)
    at HTMLUnknownElement.callTheUserObjectsOperation (C:\Projects\ma-saas-platform\M-S-SaaS-apex-deliver\frontend\node_modules\jsdom\lib\jsdom\living\generated\EventListener.js:26:30)
    at innerInvokeEventListeners (C:\Projects\ma-saas-platform\M-S-SaaS-apex-deliver\frontend\node_modules\jsdom\lib\jsdom\living\events\EventTarget-impl.js:360:16)
Warning: React.jsx: type is invalid -- expected a string (for built-in components) or a class/function (for composite components) but got: undefined. You likely forgot to export your component from the file it's defined in, or you might have mixed up default and named imports.

Check the render method of `StickyCTABar`.
    at StickyCTABar (C:/Projects/ma-saas-platform/M-S-SaaS-apex-deliver/frontend/src/components/marketing/StickyCTABar.tsx:14:71)
    at main
    at AnalyticsProvider (C:/Projects/ma-saas-platform/M-S-SaaS-apex-deliver/frontend/src/components/marketing/AnalyticsProvider.tsx:21:30)
    at div
    at MarketingLayout (C:/Projects/ma-saas-platform/M-S-SaaS-apex-deliver/frontend/src/components/marketing/MarketingLayout.tsx:14:28)
    at EnhancedLandingPage (C:/Projects/ma-saas-platform/M-S-SaaS-apex-deliver/frontend/src/pages/marketing/EnhancedLandingPage.tsx:31:53)
    at Router (file:///C:/Projects/ma-saas-platform/M-S-SaaS-apex-deliver/frontend/node_modules/react-router/dist/development/chunk-OIYGIGL5.mjs:6066:13)
    at BrowserRouter (file:///C:/Projects/ma-saas-platform/M-S-SaaS-apex-deliver/frontend/node_modules/react-router/dist/development/chunk-OIYGIGL5.mjs:9209:3)
    at RouterWrapper (C:/Projects/ma-saas-platform/M-S-SaaS-apex-deliver/frontend/src/pages/marketing/EnhancedLandingPage.test.tsx:11:26)
Error: Element type is invalid: expected a string (for built-in components) or a class/function (for composite components) but got: undefined. You likely forgot to export your component from the file it's defined in, or you might have mixed up default and named imports.

Check the render method of `StickyCTABar`.
    at createFiberFromTypeAndProps (C:\Projects\ma-saas-platform\M-S-SaaS-apex-deliver\frontend\node_modules\react-dom\cjs\react-dom.development.js:28478:17)
    at createFiberFromElement (C:\Projects\ma-saas-platform\M-S-SaaS-apex-deliver\frontend\node_modules\react-dom\cjs\react-dom.development.js:28504:15)
    at reconcileSingleElement (C:\Projects\ma-saas-platform\M-S-SaaS-apex-deliver\frontend\node_modules\react-dom\cjs\react-dom.development.js:13986:23)
    at reconcileChildFibers (C:\Projects\ma-saas-platform\M-S-SaaS-apex-deliver\frontend\node_modules\react-dom\cjs\react-dom.development.js:14044:35)
    at reconcileChildren (C:\Projects\ma-saas-platform\M-S-SaaS-apex-deliver\frontend\node_modules\react-dom\cjs\react-dom.development.js:19186:28)
    at updateHostComponent (C:\Projects\ma-saas-platform\M-S-SaaS-apex-deliver\frontend\node_modules\react-dom\cjs\react-dom.development.js:19953:3)
    at beginWork (C:\Projects\ma-saas-platform\M-S-SaaS-apex-deliver\frontend\node_modules\react-dom\cjs\react-dom.development.js:21657:14)
    at HTMLUnknownElement.callCallback (C:\Projects\ma-saas-platform\M-S-SaaS-apex-deliver\frontend\node_modules\react-dom\cjs\react-dom.development.js:4164:14)
    at HTMLUnknownElement.callTheUserObjectsOperation (C:\Projects\ma-saas-platform\M-S-SaaS-apex-deliver\frontend\node_modules\jsdom\lib\jsdom\living\generated\EventListener.js:26:30)
    at innerInvokeEventListeners (C:\Projects\ma-saas-platform\M-S-SaaS-apex-deliver\frontend\node_modules\jsdom\lib\jsdom\living\events\EventTarget-impl.js:360:16)
The above error occurred in the <a> component:

    at a
    at LinkWithRef (file:///C:/Projects/ma-saas-platform/M-S-SaaS-apex-deliver/frontend/node_modules/react-router/dist/development/chunk-OIYGIGL5.mjs:9299:5)
    at div
    at div
    at div
    at div
    at div
    at StickyCTABar (C:/Projects/ma-saas-platform/M-S-SaaS-apex-deliver/frontend/src/components/marketing/StickyCTABar.tsx:14:71)
    at main
    at AnalyticsProvider (C:/Projects/ma-saas-platform/M-S-SaaS-apex-deliver/frontend/src/components/marketing/AnalyticsProvider.tsx:21:30)
    at div
    at MarketingLayout (C:/Projects/ma-saas-platform/M-S-SaaS-apex-deliver/frontend/src/components/marketing/MarketingLayout.tsx:14:28)
    at EnhancedLandingPage (C:/Projects/ma-saas-platform/M-S-SaaS-apex-deliver/frontend/src/pages/marketing/EnhancedLandingPage.tsx:31:53)
    at Router (file:///C:/Projects/ma-saas-platform/M-S-SaaS-apex-deliver/frontend/node_modules/react-router/dist/development/chunk-OIYGIGL5.mjs:6066:13)
    at BrowserRouter (file:///C:/Projects/ma-saas-platform/M-S-SaaS-apex-deliver/frontend/node_modules/react-router/dist/development/chunk-OIYGIGL5.mjs:9209:3)
    at RouterWrapper (C:/Projects/ma-saas-platform/M-S-SaaS-apex-deliver/frontend/src/pages/marketing/EnhancedLandingPage.test.tsx:11:26)

Consider adding an error boundary to your tree to customize error handling behavior.
Visit https://reactjs.org/link/error-boundaries to learn more about error boundaries.

[90mstderr[2m | src/pages/marketing/EnhancedLandingPage.test.tsx[2m > [22m[2mEnhancedLandingPage[2m > [22m[2mincludes trust messaging in hero
[22m[39mWarning: React.jsx: type is invalid -- expected a string (for built-in components) or a class/function (for composite components) but got: undefined. You likely forgot to export your component from the file it's defined in, or you might have mixed up default and named imports.

Check the render method of `StickyCTABar`.
    at StickyCTABar (C:/Projects/ma-saas-platform/M-S-SaaS-apex-deliver/frontend/src/components/marketing/StickyCTABar.tsx:14:71)
    at main
    at AnalyticsProvider (C:/Projects/ma-saas-platform/M-S-SaaS-apex-deliver/frontend/src/components/marketing/AnalyticsProvider.tsx:21:30)
    at div
    at MarketingLayout (C:/Projects/ma-saas-platform/M-S-SaaS-apex-deliver/frontend/src/components/marketing/MarketingLayout.tsx:14:28)
    at EnhancedLandingPage (C:/Projects/ma-saas-platform/M-S-SaaS-apex-deliver/frontend/src/pages/marketing/EnhancedLandingPage.tsx:31:53)
    at Router (file:///C:/Projects/ma-saas-platform/M-S-SaaS-apex-deliver/frontend/node_modules/react-router/dist/development/chunk-OIYGIGL5.mjs:6066:13)
    at BrowserRouter (file:///C:/Projects/ma-saas-platform/M-S-SaaS-apex-deliver/frontend/node_modules/react-router/dist/development/chunk-OIYGIGL5.mjs:9209:3)
    at RouterWrapper (C:/Projects/ma-saas-platform/M-S-SaaS-apex-deliver/frontend/src/pages/marketing/EnhancedLandingPage.test.tsx:11:26)
Error: Element type is invalid: expected a string (for built-in components) or a class/function (for composite components) but got: undefined. You likely forgot to export your component from the file it's defined in, or you might have mixed up default and named imports.

Check the render method of `StickyCTABar`.
    at createFiberFromTypeAndProps (C:\Projects\ma-saas-platform\M-S-SaaS-apex-deliver\frontend\node_modules\react-dom\cjs\react-dom.development.js:28478:17)
    at createFiberFromElement (C:\Projects\ma-saas-platform\M-S-SaaS-apex-deliver\frontend\node_modules\react-dom\cjs\react-dom.development.js:28504:15)
    at reconcileSingleElement (C:\Projects\ma-saas-platform\M-S-SaaS-apex-deliver\frontend\node_modules\react-dom\cjs\react-dom.development.js:13986:23)
    at reconcileChildFibers (C:\Projects\ma-saas-platform\M-S-SaaS-apex-deliver\frontend\node_modules\react-dom\cjs\react-dom.development.js:14044:35)
    at reconcileChildren (C:\Projects\ma-saas-platform\M-S-SaaS-apex-deliver\frontend\node_modules\react-dom\cjs\react-dom.development.js:19186:28)
    at updateHostComponent (C:\Projects\ma-saas-platform\M-S-SaaS-apex-deliver\frontend\node_modules\react-dom\cjs\react-dom.development.js:19953:3)
    at beginWork (C:\Projects\ma-saas-platform\M-S-SaaS-apex-deliver\frontend\node_modules\react-dom\cjs\react-dom.development.js:21657:14)
    at HTMLUnknownElement.callCallback (C:\Projects\ma-saas-platform\M-S-SaaS-apex-deliver\frontend\node_modules\react-dom\cjs\react-dom.development.js:4164:14)
    at HTMLUnknownElement.callTheUserObjectsOperation (C:\Projects\ma-saas-platform\M-S-SaaS-apex-deliver\frontend\node_modules\jsdom\lib\jsdom\living\generated\EventListener.js:26:30)
    at innerInvokeEventListeners (C:\Projects\ma-saas-platform\M-S-SaaS-apex-deliver\frontend\node_modules\jsdom\lib\jsdom\living\events\EventTarget-impl.js:360:16)
Warning: React.jsx: type is invalid -- expected a string (for built-in components) or a class/function (for composite components) but got: undefined. You likely forgot to export your component from the file it's defined in, or you might have mixed up default and named imports.

Check the render method of `StickyCTABar`.
    at StickyCTABar (C:/Projects/ma-saas-platform/M-S-SaaS-apex-deliver/frontend/src/components/marketing/StickyCTABar.tsx:14:71)
    at main
    at AnalyticsProvider (C:/Projects/ma-saas-platform/M-S-SaaS-apex-deliver/frontend/src/components/marketing/AnalyticsProvider.tsx:21:30)
    at div
    at MarketingLayout (C:/Projects/ma-saas-platform/M-S-SaaS-apex-deliver/frontend/src/components/marketing/MarketingLayout.tsx:14:28)
    at EnhancedLandingPage (C:/Projects/ma-saas-platform/M-S-SaaS-apex-deliver/frontend/src/pages/marketing/EnhancedLandingPage.tsx:31:53)
    at Router (file:///C:/Projects/ma-saas-platform/M-S-SaaS-apex-deliver/frontend/node_modules/react-router/dist/development/chunk-OIYGIGL5.mjs:6066:13)
    at BrowserRouter (file:///C:/Projects/ma-saas-platform/M-S-SaaS-apex-deliver/frontend/node_modules/react-router/dist/development/chunk-OIYGIGL5.mjs:9209:3)
    at RouterWrapper (C:/Projects/ma-saas-platform/M-S-SaaS-apex-deliver/frontend/src/pages/marketing/EnhancedLandingPage.test.tsx:11:26)
Error: Element type is invalid: expected a string (for built-in components) or a class/function (for composite components) but got: undefined. You likely forgot to export your component from the file it's defined in, or you might have mixed up default and named imports.

Check the render method of `StickyCTABar`.
    at createFiberFromTypeAndProps (C:\Projects\ma-saas-platform\M-S-SaaS-apex-deliver\frontend\node_modules\react-dom\cjs\react-dom.development.js:28478:17)
    at createFiberFromElement (C:\Projects\ma-saas-platform\M-S-SaaS-apex-deliver\frontend\node_modules\react-dom\cjs\react-dom.development.js:28504:15)
    at reconcileSingleElement (C:\Projects\ma-saas-platform\M-S-SaaS-apex-deliver\frontend\node_modules\react-dom\cjs\react-dom.development.js:13986:23)
    at reconcileChildFibers (C:\Projects\ma-saas-platform\M-S-SaaS-apex-deliver\frontend\node_modules\react-dom\cjs\react-dom.development.js:14044:35)
    at reconcileChildren (C:\Projects\ma-saas-platform\M-S-SaaS-apex-deliver\frontend\node_modules\react-dom\cjs\react-dom.development.js:19186:28)
    at updateHostComponent (C:\Projects\ma-saas-platform\M-S-SaaS-apex-deliver\frontend\node_modules\react-dom\cjs\react-dom.development.js:19953:3)
    at beginWork (C:\Projects\ma-saas-platform\M-S-SaaS-apex-deliver\frontend\node_modules\react-dom\cjs\react-dom.development.js:21657:14)
    at HTMLUnknownElement.callCallback (C:\Projects\ma-saas-platform\M-S-SaaS-apex-deliver\frontend\node_modules\react-dom\cjs\react-dom.development.js:4164:14)
    at HTMLUnknownElement.callTheUserObjectsOperation (C:\Projects\ma-saas-platform\M-S-SaaS-apex-deliver\frontend\node_modules\jsdom\lib\jsdom\living\generated\EventListener.js:26:30)
    at innerInvokeEventListeners (C:\Projects\ma-saas-platform\M-S-SaaS-apex-deliver\frontend\node_modules\jsdom\lib\jsdom\living\events\EventTarget-impl.js:360:16)
The above error occurred in the <a> component:

    at a
    at LinkWithRef (file:///C:/Projects/ma-saas-platform/M-S-SaaS-apex-deliver/frontend/node_modules/react-router/dist/development/chunk-OIYGIGL5.mjs:9299:5)
    at div
    at div
    at div
    at div
    at div
    at StickyCTABar (C:/Projects/ma-saas-platform/M-S-SaaS-apex-deliver/frontend/src/components/marketing/StickyCTABar.tsx:14:71)
    at main
    at AnalyticsProvider (C:/Projects/ma-saas-platform/M-S-SaaS-apex-deliver/frontend/src/components/marketing/AnalyticsProvider.tsx:21:30)
    at div
    at MarketingLayout (C:/Projects/ma-saas-platform/M-S-SaaS-apex-deliver/frontend/src/components/marketing/MarketingLayout.tsx:14:28)
    at EnhancedLandingPage (C:/Projects/ma-saas-platform/M-S-SaaS-apex-deliver/frontend/src/pages/marketing/EnhancedLandingPage.tsx:31:53)
    at Router (file:///C:/Projects/ma-saas-platform/M-S-SaaS-apex-deliver/frontend/node_modules/react-router/dist/development/chunk-OIYGIGL5.mjs:6066:13)
    at BrowserRouter (file:///C:/Projects/ma-saas-platform/M-S-SaaS-apex-deliver/frontend/node_modules/react-router/dist/development/chunk-OIYGIGL5.mjs:9209:3)
    at RouterWrapper (C:/Projects/ma-saas-platform/M-S-SaaS-apex-deliver/frontend/src/pages/marketing/EnhancedLandingPage.test.tsx:11:26)

Consider adding an error boundary to your tree to customize error handling behavior.
Visit https://reactjs.org/link/error-boundaries to learn more about error boundaries.

[90mstderr[2m | src/pages/marketing/EnhancedLandingPage.test.tsx[2m > [22m[2mEnhancedLandingPage[2m > [22m[2mrenders TrustBadges component
[22m[39mWarning: React.jsx: type is invalid -- expected a string (for built-in components) or a class/function (for composite components) but got: undefined. You likely forgot to export your component from the file it's defined in, or you might have mixed up default and named imports.

Check the render method of `StickyCTABar`.
    at StickyCTABar (C:/Projects/ma-saas-platform/M-S-SaaS-apex-deliver/frontend/src/components/marketing/StickyCTABar.tsx:14:71)
    at main
    at AnalyticsProvider (C:/Projects/ma-saas-platform/M-S-SaaS-apex-deliver/frontend/src/components/marketing/AnalyticsProvider.tsx:21:30)
    at div
    at MarketingLayout (C:/Projects/ma-saas-platform/M-S-SaaS-apex-deliver/frontend/src/components/marketing/MarketingLayout.tsx:14:28)
    at EnhancedLandingPage (C:/Projects/ma-saas-platform/M-S-SaaS-apex-deliver/frontend/src/pages/marketing/EnhancedLandingPage.tsx:31:53)
    at Router (file:///C:/Projects/ma-saas-platform/M-S-SaaS-apex-deliver/frontend/node_modules/react-router/dist/development/chunk-OIYGIGL5.mjs:6066:13)
    at BrowserRouter (file:///C:/Projects/ma-saas-platform/M-S-SaaS-apex-deliver/frontend/node_modules/react-router/dist/development/chunk-OIYGIGL5.mjs:9209:3)
    at RouterWrapper (C:/Projects/ma-saas-platform/M-S-SaaS-apex-deliver/frontend/src/pages/marketing/EnhancedLandingPage.test.tsx:11:26)
Error: Element type is invalid: expected a string (for built-in components) or a class/function (for composite components) but got: undefined. You likely forgot to export your component from the file it's defined in, or you might have mixed up default and named imports.

Check the render method of `StickyCTABar`.
    at createFiberFromTypeAndProps (C:\Projects\ma-saas-platform\M-S-SaaS-apex-deliver\frontend\node_modules\react-dom\cjs\react-dom.development.js:28478:17)
    at createFiberFromElement (C:\Projects\ma-saas-platform\M-S-SaaS-apex-deliver\frontend\node_modules\react-dom\cjs\react-dom.development.js:28504:15)
    at reconcileSingleElement (C:\Projects\ma-saas-platform\M-S-SaaS-apex-deliver\frontend\node_modules\react-dom\cjs\react-dom.development.js:13986:23)
    at reconcileChildFibers (C:\Projects\ma-saas-platform\M-S-SaaS-apex-deliver\frontend\node_modules\react-dom\cjs\react-dom.development.js:14044:35)
    at reconcileChildren (C:\Projects\ma-saas-platform\M-S-SaaS-apex-deliver\frontend\node_modules\react-dom\cjs\react-dom.development.js:19186:28)
    at updateHostComponent (C:\Projects\ma-saas-platform\M-S-SaaS-apex-deliver\frontend\node_modules\react-dom\cjs\react-dom.development.js:19953:3)
    at beginWork (C:\Projects\ma-saas-platform\M-S-SaaS-apex-deliver\frontend\node_modules\react-dom\cjs\react-dom.development.js:21657:14)
    at HTMLUnknownElement.callCallback (C:\Projects\ma-saas-platform\M-S-SaaS-apex-deliver\frontend\node_modules\react-dom\cjs\react-dom.development.js:4164:14)
    at HTMLUnknownElement.callTheUserObjectsOperation (C:\Projects\ma-saas-platform\M-S-SaaS-apex-deliver\frontend\node_modules\jsdom\lib\jsdom\living\generated\EventListener.js:26:30)
    at innerInvokeEventListeners (C:\Projects\ma-saas-platform\M-S-SaaS-apex-deliver\frontend\node_modules\jsdom\lib\jsdom\living\events\EventTarget-impl.js:360:16)
Warning: React.jsx: type is invalid -- expected a string (for built-in components) or a class/function (for composite components) but got: undefined. You likely forgot to export your component from the file it's defined in, or you might have mixed up default and named imports.

Check the render method of `StickyCTABar`.
    at StickyCTABar (C:/Projects/ma-saas-platform/M-S-SaaS-apex-deliver/frontend/src/components/marketing/StickyCTABar.tsx:14:71)
    at main
    at AnalyticsProvider (C:/Projects/ma-saas-platform/M-S-SaaS-apex-deliver/frontend/src/components/marketing/AnalyticsProvider.tsx:21:30)
    at div
    at MarketingLayout (C:/Projects/ma-saas-platform/M-S-SaaS-apex-deliver/frontend/src/components/marketing/MarketingLayout.tsx:14:28)
    at EnhancedLandingPage (C:/Projects/ma-saas-platform/M-S-SaaS-apex-deliver/frontend/src/pages/marketing/EnhancedLandingPage.tsx:31:53)
    at Router (file:///C:/Projects/ma-saas-platform/M-S-SaaS-apex-deliver/frontend/node_modules/react-router/dist/development/chunk-OIYGIGL5.mjs:6066:13)
    at BrowserRouter (file:///C:/Projects/ma-saas-platform/M-S-SaaS-apex-deliver/frontend/node_modules/react-router/dist/development/chunk-OIYGIGL5.mjs:9209:3)
    at RouterWrapper (C:/Projects/ma-saas-platform/M-S-SaaS-apex-deliver/frontend/src/pages/marketing/EnhancedLandingPage.test.tsx:11:26)
Error: Element type is invalid: expected a string (for built-in components) or a class/function (for composite components) but got: undefined. You likely forgot to export your component from the file it's defined in, or you might have mixed up default and named imports.

Check the render method of `StickyCTABar`.
    at createFiberFromTypeAndProps (C:\Projects\ma-saas-platform\M-S-SaaS-apex-deliver\frontend\node_modules\react-dom\cjs\react-dom.development.js:28478:17)
    at createFiberFromElement (C:\Projects\ma-saas-platform\M-S-SaaS-apex-deliver\frontend\node_modules\react-dom\cjs\react-dom.development.js:28504:15)
    at reconcileSingleElement (C:\Projects\ma-saas-platform\M-S-SaaS-apex-deliver\frontend\node_modules\react-dom\cjs\react-dom.development.js:13986:23)
    at reconcileChildFibers (C:\Projects\ma-saas-platform\M-S-SaaS-apex-deliver\frontend\node_modules\react-dom\cjs\react-dom.development.js:14044:35)
    at reconcileChildren (C:\Projects\ma-saas-platform\M-S-SaaS-apex-deliver\frontend\node_modules\react-dom\cjs\react-dom.development.js:19186:28)
    at updateHostComponent (C:\Projects\ma-saas-platform\M-S-SaaS-apex-deliver\frontend\node_modules\react-dom\cjs\react-dom.development.js:19953:3)
    at beginWork (C:\Projects\ma-saas-platform\M-S-SaaS-apex-deliver\frontend\node_modules\react-dom\cjs\react-dom.development.js:21657:14)
    at HTMLUnknownElement.callCallback (C:\Projects\ma-saas-platform\M-S-SaaS-apex-deliver\frontend\node_modules\react-dom\cjs\react-dom.development.js:4164:14)
    at HTMLUnknownElement.callTheUserObjectsOperation (C:\Projects\ma-saas-platform\M-S-SaaS-apex-deliver\frontend\node_modules\jsdom\lib\jsdom\living\generated\EventListener.js:26:30)
    at innerInvokeEventListeners (C:\Projects\ma-saas-platform\M-S-SaaS-apex-deliver\frontend\node_modules\jsdom\lib\jsdom\living\events\EventTarget-impl.js:360:16)
The above error occurred in the <a> component:

    at a
    at LinkWithRef (file:///C:/Projects/ma-saas-platform/M-S-SaaS-apex-deliver/frontend/node_modules/react-router/dist/development/chunk-OIYGIGL5.mjs:9299:5)
    at div
    at div
    at div
    at div
    at div
    at StickyCTABar (C:/Projects/ma-saas-platform/M-S-SaaS-apex-deliver/frontend/src/components/marketing/StickyCTABar.tsx:14:71)
    at main
    at AnalyticsProvider (C:/Projects/ma-saas-platform/M-S-SaaS-apex-deliver/frontend/src/components/marketing/AnalyticsProvider.tsx:21:30)
    at div
    at MarketingLayout (C:/Projects/ma-saas-platform/M-S-SaaS-apex-deliver/frontend/src/components/marketing/MarketingLayout.tsx:14:28)
    at EnhancedLandingPage (C:/Projects/ma-saas-platform/M-S-SaaS-apex-deliver/frontend/src/pages/marketing/EnhancedLandingPage.tsx:31:53)
    at Router (file:///C:/Projects/ma-saas-platform/M-S-SaaS-apex-deliver/frontend/node_modules/react-router/dist/development/chunk-OIYGIGL5.mjs:6066:13)
    at BrowserRouter (file:///C:/Projects/ma-saas-platform/M-S-SaaS-apex-deliver/frontend/node_modules/react-router/dist/development/chunk-OIYGIGL5.mjs:9209:3)
    at RouterWrapper (C:/Projects/ma-saas-platform/M-S-SaaS-apex-deliver/frontend/src/pages/marketing/EnhancedLandingPage.test.tsx:11:26)

Consider adding an error boundary to your tree to customize error handling behavior.
Visit https://reactjs.org/link/error-boundaries to learn more about error boundaries.

[90mstderr[2m | src/pages/marketing/EnhancedLandingPage.test.tsx[2m > [22m[2mEnhancedLandingPage[2m > [22m[2mrenders CTASection component
[22m[39mWarning: React.jsx: type is invalid -- expected a string (for built-in components) or a class/function (for composite components) but got: undefined. You likely forgot to export your component from the file it's defined in, or you might have mixed up default and named imports.

Check the render method of `StickyCTABar`.
    at StickyCTABar (C:/Projects/ma-saas-platform/M-S-SaaS-apex-deliver/frontend/src/components/marketing/StickyCTABar.tsx:14:71)
    at main
    at AnalyticsProvider (C:/Projects/ma-saas-platform/M-S-SaaS-apex-deliver/frontend/src/components/marketing/AnalyticsProvider.tsx:21:30)
    at div
    at MarketingLayout (C:/Projects/ma-saas-platform/M-S-SaaS-apex-deliver/frontend/src/components/marketing/MarketingLayout.tsx:14:28)
    at EnhancedLandingPage (C:/Projects/ma-saas-platform/M-S-SaaS-apex-deliver/frontend/src/pages/marketing/EnhancedLandingPage.tsx:31:53)
    at Router (file:///C:/Projects/ma-saas-platform/M-S-SaaS-apex-deliver/frontend/node_modules/react-router/dist/development/chunk-OIYGIGL5.mjs:6066:13)
    at BrowserRouter (file:///C:/Projects/ma-saas-platform/M-S-SaaS-apex-deliver/frontend/node_modules/react-router/dist/development/chunk-OIYGIGL5.mjs:9209:3)
    at RouterWrapper (C:/Projects/ma-saas-platform/M-S-SaaS-apex-deliver/frontend/src/pages/marketing/EnhancedLandingPage.test.tsx:11:26)
Error: Element type is invalid: expected a string (for built-in components) or a class/function (for composite components) but got: undefined. You likely forgot to export your component from the file it's defined in, or you might have mixed up default and named imports.

Check the render method of `StickyCTABar`.
    at createFiberFromTypeAndProps (C:\Projects\ma-saas-platform\M-S-SaaS-apex-deliver\frontend\node_modules\react-dom\cjs\react-dom.development.js:28478:17)
    at createFiberFromElement (C:\Projects\ma-saas-platform\M-S-SaaS-apex-deliver\frontend\node_modules\react-dom\cjs\react-dom.development.js:28504:15)
    at reconcileSingleElement (C:\Projects\ma-saas-platform\M-S-SaaS-apex-deliver\frontend\node_modules\react-dom\cjs\react-dom.development.js:13986:23)
    at reconcileChildFibers (C:\Projects\ma-saas-platform\M-S-SaaS-apex-deliver\frontend\node_modules\react-dom\cjs\react-dom.development.js:14044:35)
    at reconcileChildren (C:\Projects\ma-saas-platform\M-S-SaaS-apex-deliver\frontend\node_modules\react-dom\cjs\react-dom.development.js:19186:28)
    at updateHostComponent (C:\Projects\ma-saas-platform\M-S-SaaS-apex-deliver\frontend\node_modules\react-dom\cjs\react-dom.development.js:19953:3)
    at beginWork (C:\Projects\ma-saas-platform\M-S-SaaS-apex-deliver\frontend\node_modules\react-dom\cjs\react-dom.development.js:21657:14)
    at HTMLUnknownElement.callCallback (C:\Projects\ma-saas-platform\M-S-SaaS-apex-deliver\frontend\node_modules\react-dom\cjs\react-dom.development.js:4164:14)
    at HTMLUnknownElement.callTheUserObjectsOperation (C:\Projects\ma-saas-platform\M-S-SaaS-apex-deliver\frontend\node_modules\jsdom\lib\jsdom\living\generated\EventListener.js:26:30)
    at innerInvokeEventListeners (C:\Projects\ma-saas-platform\M-S-SaaS-apex-deliver\frontend\node_modules\jsdom\lib\jsdom\living\events\EventTarget-impl.js:360:16)
Warning: React.jsx: type is invalid -- expected a string (for built-in components) or a class/function (for composite components) but got: undefined. You likely forgot to export your component from the file it's defined in, or you might have mixed up default and named imports.

Check the render method of `StickyCTABar`.
    at StickyCTABar (C:/Projects/ma-saas-platform/M-S-SaaS-apex-deliver/frontend/src/components/marketing/StickyCTABar.tsx:14:71)
    at main
    at AnalyticsProvider (C:/Projects/ma-saas-platform/M-S-SaaS-apex-deliver/frontend/src/components/marketing/AnalyticsProvider.tsx:21:30)
    at div
    at MarketingLayout (C:/Projects/ma-saas-platform/M-S-SaaS-apex-deliver/frontend/src/components/marketing/MarketingLayout.tsx:14:28)
    at EnhancedLandingPage (C:/Projects/ma-saas-platform/M-S-SaaS-apex-deliver/frontend/src/pages/marketing/EnhancedLandingPage.tsx:31:53)
    at Router (file:///C:/Projects/ma-saas-platform/M-S-SaaS-apex-deliver/frontend/node_modules/react-router/dist/development/chunk-OIYGIGL5.mjs:6066:13)
    at BrowserRouter (file:///C:/Projects/ma-saas-platform/M-S-SaaS-apex-deliver/frontend/node_modules/react-router/dist/development/chunk-OIYGIGL5.mjs:9209:3)
    at RouterWrapper (C:/Projects/ma-saas-platform/M-S-SaaS-apex-deliver/frontend/src/pages/marketing/EnhancedLandingPage.test.tsx:11:26)
Error: Element type is invalid: expected a string (for built-in components) or a class/function (for composite components) but got: undefined. You likely forgot to export your component from the file it's defined in, or you might have mixed up default and named imports.

Check the render method of `StickyCTABar`.
    at createFiberFromTypeAndProps (C:\Projects\ma-saas-platform\M-S-SaaS-apex-deliver\frontend\node_modules\react-dom\cjs\react-dom.development.js:28478:17)
    at createFiberFromElement (C:\Projects\ma-saas-platform\M-S-SaaS-apex-deliver\frontend\node_modules\react-dom\cjs\react-dom.development.js:28504:15)
    at reconcileSingleElement (C:\Projects\ma-saas-platform\M-S-SaaS-apex-deliver\frontend\node_modules\react-dom\cjs\react-dom.development.js:13986:23)
    at reconcileChildFibers (C:\Projects\ma-saas-platform\M-S-SaaS-apex-deliver\frontend\node_modules\react-dom\cjs\react-dom.development.js:14044:35)
    at reconcileChildren (C:\Projects\ma-saas-platform\M-S-SaaS-apex-deliver\frontend\node_modules\react-dom\cjs\react-dom.development.js:19186:28)
    at updateHostComponent (C:\Projects\ma-saas-platform\M-S-SaaS-apex-deliver\frontend\node_modules\react-dom\cjs\react-dom.development.js:19953:3)
    at beginWork (C:\Projects\ma-saas-platform\M-S-SaaS-apex-deliver\frontend\node_modules\react-dom\cjs\react-dom.development.js:21657:14)
    at HTMLUnknownElement.callCallback (C:\Projects\ma-saas-platform\M-S-SaaS-apex-deliver\frontend\node_modules\react-dom\cjs\react-dom.development.js:4164:14)
    at HTMLUnknownElement.callTheUserObjectsOperation (C:\Projects\ma-saas-platform\M-S-SaaS-apex-deliver\frontend\node_modules\jsdom\lib\jsdom\living\generated\EventListener.js:26:30)
    at innerInvokeEventListeners (C:\Projects\ma-saas-platform\M-S-SaaS-apex-deliver\frontend\node_modules\jsdom\lib\jsdom\living\events\EventTarget-impl.js:360:16)
The above error occurred in the <a> component:

    at a
    at LinkWithRef (file:///C:/Projects/ma-saas-platform/M-S-SaaS-apex-deliver/frontend/node_modules/react-router/dist/development/chunk-OIYGIGL5.mjs:9299:5)
    at div
    at div
    at div
    at div
    at div
    at StickyCTABar (C:/Projects/ma-saas-platform/M-S-SaaS-apex-deliver/frontend/src/components/marketing/StickyCTABar.tsx:14:71)
    at main
    at AnalyticsProvider (C:/Projects/ma-saas-platform/M-S-SaaS-apex-deliver/frontend/src/components/marketing/AnalyticsProvider.tsx:21:30)
    at div
    at MarketingLayout (C:/Projects/ma-saas-platform/M-S-SaaS-apex-deliver/frontend/src/components/marketing/MarketingLayout.tsx:14:28)
    at EnhancedLandingPage (C:/Projects/ma-saas-platform/M-S-SaaS-apex-deliver/frontend/src/pages/marketing/EnhancedLandingPage.tsx:31:53)
    at Router (file:///C:/Projects/ma-saas-platform/M-S-SaaS-apex-deliver/frontend/node_modules/react-router/dist/development/chunk-OIYGIGL5.mjs:6066:13)
    at BrowserRouter (file:///C:/Projects/ma-saas-platform/M-S-SaaS-apex-deliver/frontend/node_modules/react-router/dist/development/chunk-OIYGIGL5.mjs:9209:3)
    at RouterWrapper (C:/Projects/ma-saas-platform/M-S-SaaS-apex-deliver/frontend/src/pages/marketing/EnhancedLandingPage.test.tsx:11:26)

Consider adding an error boundary to your tree to customize error handling behavior.
Visit https://reactjs.org/link/error-boundaries to learn more about error boundaries.

[90mstderr[2m | src/pages/marketing/EnhancedLandingPage.test.tsx[2m > [22m[2mEnhancedLandingPage[2m > [22m[2mincludes SEO component with proper meta tags
[22m[39mWarning: React.jsx: type is invalid -- expected a string (for built-in components) or a class/function (for composite components) but got: undefined. You likely forgot to export your component from the file it's defined in, or you might have mixed up default and named imports.

Check the render method of `StickyCTABar`.
    at StickyCTABar (C:/Projects/ma-saas-platform/M-S-SaaS-apex-deliver/frontend/src/components/marketing/StickyCTABar.tsx:14:71)
    at main
    at AnalyticsProvider (C:/Projects/ma-saas-platform/M-S-SaaS-apex-deliver/frontend/src/components/marketing/AnalyticsProvider.tsx:21:30)
    at div
    at MarketingLayout (C:/Projects/ma-saas-platform/M-S-SaaS-apex-deliver/frontend/src/components/marketing/MarketingLayout.tsx:14:28)
    at EnhancedLandingPage (C:/Projects/ma-saas-platform/M-S-SaaS-apex-deliver/frontend/src/pages/marketing/EnhancedLandingPage.tsx:31:53)
    at Router (file:///C:/Projects/ma-saas-platform/M-S-SaaS-apex-deliver/frontend/node_modules/react-router/dist/development/chunk-OIYGIGL5.mjs:6066:13)
    at BrowserRouter (file:///C:/Projects/ma-saas-platform/M-S-SaaS-apex-deliver/frontend/node_modules/react-router/dist/development/chunk-OIYGIGL5.mjs:9209:3)
    at RouterWrapper (C:/Projects/ma-saas-platform/M-S-SaaS-apex-deliver/frontend/src/pages/marketing/EnhancedLandingPage.test.tsx:11:26)
Error: Element type is invalid: expected a string (for built-in components) or a class/function (for composite components) but got: undefined. You likely forgot to export your component from the file it's defined in, or you might have mixed up default and named imports.

Check the render method of `StickyCTABar`.
    at createFiberFromTypeAndProps (C:\Projects\ma-saas-platform\M-S-SaaS-apex-deliver\frontend\node_modules\react-dom\cjs\react-dom.development.js:28478:17)
    at createFiberFromElement (C:\Projects\ma-saas-platform\M-S-SaaS-apex-deliver\frontend\node_modules\react-dom\cjs\react-dom.development.js:28504:15)
    at reconcileSingleElement (C:\Projects\ma-saas-platform\M-S-SaaS-apex-deliver\frontend\node_modules\react-dom\cjs\react-dom.development.js:13986:23)
    at reconcileChildFibers (C:\Projects\ma-saas-platform\M-S-SaaS-apex-deliver\frontend\node_modules\react-dom\cjs\react-dom.development.js:14044:35)
    at reconcileChildren (C:\Projects\ma-saas-platform\M-S-SaaS-apex-deliver\frontend\node_modules\react-dom\cjs\react-dom.development.js:19186:28)
    at updateHostComponent (C:\Projects\ma-saas-platform\M-S-SaaS-apex-deliver\frontend\node_modules\react-dom\cjs\react-dom.development.js:19953:3)
    at beginWork (C:\Projects\ma-saas-platform\M-S-SaaS-apex-deliver\frontend\node_modules\react-dom\cjs\react-dom.development.js:21657:14)
    at HTMLUnknownElement.callCallback (C:\Projects\ma-saas-platform\M-S-SaaS-apex-deliver\frontend\node_modules\react-dom\cjs\react-dom.development.js:4164:14)
    at HTMLUnknownElement.callTheUserObjectsOperation (C:\Projects\ma-saas-platform\M-S-SaaS-apex-deliver\frontend\node_modules\jsdom\lib\jsdom\living\generated\EventListener.js:26:30)
    at innerInvokeEventListeners (C:\Projects\ma-saas-platform\M-S-SaaS-apex-deliver\frontend\node_modules\jsdom\lib\jsdom\living\events\EventTarget-impl.js:360:16)
Warning: React.jsx: type is invalid -- expected a string (for built-in components) or a class/function (for composite components) but got: undefined. You likely forgot to export your component from the file it's defined in, or you might have mixed up default and named imports.

Check the render method of `StickyCTABar`.
    at StickyCTABar (C:/Projects/ma-saas-platform/M-S-SaaS-apex-deliver/frontend/src/components/marketing/StickyCTABar.tsx:14:71)
    at main
    at AnalyticsProvider (C:/Projects/ma-saas-platform/M-S-SaaS-apex-deliver/frontend/src/components/marketing/AnalyticsProvider.tsx:21:30)
    at div
    at MarketingLayout (C:/Projects/ma-saas-platform/M-S-SaaS-apex-deliver/frontend/src/components/marketing/MarketingLayout.tsx:14:28)
    at EnhancedLandingPage (C:/Projects/ma-saas-platform/M-S-SaaS-apex-deliver/frontend/src/pages/marketing/EnhancedLandingPage.tsx:31:53)
    at Router (file:///C:/Projects/ma-saas-platform/M-S-SaaS-apex-deliver/frontend/node_modules/react-router/dist/development/chunk-OIYGIGL5.mjs:6066:13)
    at BrowserRouter (file:///C:/Projects/ma-saas-platform/M-S-SaaS-apex-deliver/frontend/node_modules/react-router/dist/development/chunk-OIYGIGL5.mjs:9209:3)
    at RouterWrapper (C:/Projects/ma-saas-platform/M-S-SaaS-apex-deliver/frontend/src/pages/marketing/EnhancedLandingPage.test.tsx:11:26)
Error: Element type is invalid: expected a string (for built-in components) or a class/function (for composite components) but got: undefined. You likely forgot to export your component from the file it's defined in, or you might have mixed up default and named imports.

Check the render method of `StickyCTABar`.
    at createFiberFromTypeAndProps (C:\Projects\ma-saas-platform\M-S-SaaS-apex-deliver\frontend\node_modules\react-dom\cjs\react-dom.development.js:28478:17)
    at createFiberFromElement (C:\Projects\ma-saas-platform\M-S-SaaS-apex-deliver\frontend\node_modules\react-dom\cjs\react-dom.development.js:28504:15)
    at reconcileSingleElement (C:\Projects\ma-saas-platform\M-S-SaaS-apex-deliver\frontend\node_modules\react-dom\cjs\react-dom.development.js:13986:23)
    at reconcileChildFibers (C:\Projects\ma-saas-platform\M-S-SaaS-apex-deliver\frontend\node_modules\react-dom\cjs\react-dom.development.js:14044:35)
    at reconcileChildren (C:\Projects\ma-saas-platform\M-S-SaaS-apex-deliver\frontend\node_modules\react-dom\cjs\react-dom.development.js:19186:28)
    at updateHostComponent (C:\Projects\ma-saas-platform\M-S-SaaS-apex-deliver\frontend\node_modules\react-dom\cjs\react-dom.development.js:19953:3)
    at beginWork (C:\Projects\ma-saas-platform\M-S-SaaS-apex-deliver\frontend\node_modules\react-dom\cjs\react-dom.development.js:21657:14)
    at HTMLUnknownElement.callCallback (C:\Projects\ma-saas-platform\M-S-SaaS-apex-deliver\frontend\node_modules\react-dom\cjs\react-dom.development.js:4164:14)
    at HTMLUnknownElement.callTheUserObjectsOperation (C:\Projects\ma-saas-platform\M-S-SaaS-apex-deliver\frontend\node_modules\jsdom\lib\jsdom\living\generated\EventListener.js:26:30)
    at innerInvokeEventListeners (C:\Projects\ma-saas-platform\M-S-SaaS-apex-deliver\frontend\node_modules\jsdom\lib\jsdom\living\events\EventTarget-impl.js:360:16)
The above error occurred in the <a> component:

    at a
    at LinkWithRef (file:///C:/Projects/ma-saas-platform/M-S-SaaS-apex-deliver/frontend/node_modules/react-router/dist/development/chunk-OIYGIGL5.mjs:9299:5)
    at div
    at div
    at div
    at div
    at div
    at StickyCTABar (C:/Projects/ma-saas-platform/M-S-SaaS-apex-deliver/frontend/src/components/marketing/StickyCTABar.tsx:14:71)
    at main
    at AnalyticsProvider (C:/Projects/ma-saas-platform/M-S-SaaS-apex-deliver/frontend/src/components/marketing/AnalyticsProvider.tsx:21:30)
    at div
    at MarketingLayout (C:/Projects/ma-saas-platform/M-S-SaaS-apex-deliver/frontend/src/components/marketing/MarketingLayout.tsx:14:28)
    at EnhancedLandingPage (C:/Projects/ma-saas-platform/M-S-SaaS-apex-deliver/frontend/src/pages/marketing/EnhancedLandingPage.tsx:31:53)
    at Router (file:///C:/Projects/ma-saas-platform/M-S-SaaS-apex-deliver/frontend/node_modules/react-router/dist/development/chunk-OIYGIGL5.mjs:6066:13)
    at BrowserRouter (file:///C:/Projects/ma-saas-platform/M-S-SaaS-apex-deliver/frontend/node_modules/react-router/dist/development/chunk-OIYGIGL5.mjs:9209:3)
    at RouterWrapper (C:/Projects/ma-saas-platform/M-S-SaaS-apex-deliver/frontend/src/pages/marketing/EnhancedLandingPage.test.tsx:11:26)

Consider adding an error boundary to your tree to customize error handling behavior.
Visit https://reactjs.org/link/error-boundaries to learn more about error boundaries.

[90mstderr[2m | src/pages/marketing/EnhancedLandingPage.test.tsx[2m > [22m[2mEnhancedLandingPage[2m > [22m[2mdisplays sections in correct order
[22m[39mWarning: React.jsx: type is invalid -- expected a string (for built-in components) or a class/function (for composite components) but got: undefined. You likely forgot to export your component from the file it's defined in, or you might have mixed up default and named imports.

Check the render method of `StickyCTABar`.
    at StickyCTABar (C:/Projects/ma-saas-platform/M-S-SaaS-apex-deliver/frontend/src/components/marketing/StickyCTABar.tsx:14:71)
    at main
    at AnalyticsProvider (C:/Projects/ma-saas-platform/M-S-SaaS-apex-deliver/frontend/src/components/marketing/AnalyticsProvider.tsx:21:30)
    at div
    at MarketingLayout (C:/Projects/ma-saas-platform/M-S-SaaS-apex-deliver/frontend/src/components/marketing/MarketingLayout.tsx:14:28)
    at EnhancedLandingPage (C:/Projects/ma-saas-platform/M-S-SaaS-apex-deliver/frontend/src/pages/marketing/EnhancedLandingPage.tsx:31:53)
    at Router (file:///C:/Projects/ma-saas-platform/M-S-SaaS-apex-deliver/frontend/node_modules/react-router/dist/development/chunk-OIYGIGL5.mjs:6066:13)
    at BrowserRouter (file:///C:/Projects/ma-saas-platform/M-S-SaaS-apex-deliver/frontend/node_modules/react-router/dist/development/chunk-OIYGIGL5.mjs:9209:3)
    at RouterWrapper (C:/Projects/ma-saas-platform/M-S-SaaS-apex-deliver/frontend/src/pages/marketing/EnhancedLandingPage.test.tsx:11:26)
Error: Element type is invalid: expected a string (for built-in components) or a class/function (for composite components) but got: undefined. You likely forgot to export your component from the file it's defined in, or you might have mixed up default and named imports.

Check the render method of `StickyCTABar`.
    at createFiberFromTypeAndProps (C:\Projects\ma-saas-platform\M-S-SaaS-apex-deliver\frontend\node_modules\react-dom\cjs\react-dom.development.js:28478:17)
    at createFiberFromElement (C:\Projects\ma-saas-platform\M-S-SaaS-apex-deliver\frontend\node_modules\react-dom\cjs\react-dom.development.js:28504:15)
    at reconcileSingleElement (C:\Projects\ma-saas-platform\M-S-SaaS-apex-deliver\frontend\node_modules\react-dom\cjs\react-dom.development.js:13986:23)
    at reconcileChildFibers (C:\Projects\ma-saas-platform\M-S-SaaS-apex-deliver\frontend\node_modules\react-dom\cjs\react-dom.development.js:14044:35)
    at reconcileChildren (C:\Projects\ma-saas-platform\M-S-SaaS-apex-deliver\frontend\node_modules\react-dom\cjs\react-dom.development.js:19186:28)
    at updateHostComponent (C:\Projects\ma-saas-platform\M-S-SaaS-apex-deliver\frontend\node_modules\react-dom\cjs\react-dom.development.js:19953:3)
    at beginWork (C:\Projects\ma-saas-platform\M-S-SaaS-apex-deliver\frontend\node_modules\react-dom\cjs\react-dom.development.js:21657:14)
    at HTMLUnknownElement.callCallback (C:\Projects\ma-saas-platform\M-S-SaaS-apex-deliver\frontend\node_modules\react-dom\cjs\react-dom.development.js:4164:14)
    at HTMLUnknownElement.callTheUserObjectsOperation (C:\Projects\ma-saas-platform\M-S-SaaS-apex-deliver\frontend\node_modules\jsdom\lib\jsdom\living\generated\EventListener.js:26:30)
    at innerInvokeEventListeners (C:\Projects\ma-saas-platform\M-S-SaaS-apex-deliver\frontend\node_modules\jsdom\lib\jsdom\living\events\EventTarget-impl.js:360:16)
Warning: React.jsx: type is invalid -- expected a string (for built-in components) or a class/function (for composite components) but got: undefined. You likely forgot to export your component from the file it's defined in, or you might have mixed up default and named imports.

Check the render method of `StickyCTABar`.
    at StickyCTABar (C:/Projects/ma-saas-platform/M-S-SaaS-apex-deliver/frontend/src/components/marketing/StickyCTABar.tsx:14:71)
    at main
    at AnalyticsProvider (C:/Projects/ma-saas-platform/M-S-SaaS-apex-deliver/frontend/src/components/marketing/AnalyticsProvider.tsx:21:30)
    at div
    at MarketingLayout (C:/Projects/ma-saas-platform/M-S-SaaS-apex-deliver/frontend/src/components/marketing/MarketingLayout.tsx:14:28)
    at EnhancedLandingPage (C:/Projects/ma-saas-platform/M-S-SaaS-apex-deliver/frontend/src/pages/marketing/EnhancedLandingPage.tsx:31:53)
    at Router (file:///C:/Projects/ma-saas-platform/M-S-SaaS-apex-deliver/frontend/node_modules/react-router/dist/development/chunk-OIYGIGL5.mjs:6066:13)
    at BrowserRouter (file:///C:/Projects/ma-saas-platform/M-S-SaaS-apex-deliver/frontend/node_modules/react-router/dist/development/chunk-OIYGIGL5.mjs:9209:3)
    at RouterWrapper (C:/Projects/ma-saas-platform/M-S-SaaS-apex-deliver/frontend/src/pages/marketing/EnhancedLandingPage.test.tsx:11:26)
Error: Element type is invalid: expected a string (for built-in components) or a class/function (for composite components) but got: undefined. You likely forgot to export your component from the file it's defined in, or you might have mixed up default and named imports.

Check the render method of `StickyCTABar`.
    at createFiberFromTypeAndProps (C:\Projects\ma-saas-platform\M-S-SaaS-apex-deliver\frontend\node_modules\react-dom\cjs\react-dom.development.js:28478:17)
    at createFiberFromElement (C:\Projects\ma-saas-platform\M-S-SaaS-apex-deliver\frontend\node_modules\react-dom\cjs\react-dom.development.js:28504:15)
    at reconcileSingleElement (C:\Projects\ma-saas-platform\M-S-SaaS-apex-deliver\frontend\node_modules\react-dom\cjs\react-dom.development.js:13986:23)
    at reconcileChildFibers (C:\Projects\ma-saas-platform\M-S-SaaS-apex-deliver\frontend\node_modules\react-dom\cjs\react-dom.development.js:14044:35)
    at reconcileChildren (C:\Projects\ma-saas-platform\M-S-SaaS-apex-deliver\frontend\node_modules\react-dom\cjs\react-dom.development.js:19186:28)
    at updateHostComponent (C:\Projects\ma-saas-platform\M-S-SaaS-apex-deliver\frontend\node_modules\react-dom\cjs\react-dom.development.js:19953:3)
    at beginWork (C:\Projects\ma-saas-platform\M-S-SaaS-apex-deliver\frontend\node_modules\react-dom\cjs\react-dom.development.js:21657:14)
    at HTMLUnknownElement.callCallback (C:\Projects\ma-saas-platform\M-S-SaaS-apex-deliver\frontend\node_modules\react-dom\cjs\react-dom.development.js:4164:14)
    at HTMLUnknownElement.callTheUserObjectsOperation (C:\Projects\ma-saas-platform\M-S-SaaS-apex-deliver\frontend\node_modules\jsdom\lib\jsdom\living\generated\EventListener.js:26:30)
    at innerInvokeEventListeners (C:\Projects\ma-saas-platform\M-S-SaaS-apex-deliver\frontend\node_modules\jsdom\lib\jsdom\living\events\EventTarget-impl.js:360:16)
The above error occurred in the <a> component:

    at a
    at LinkWithRef (file:///C:/Projects/ma-saas-platform/M-S-SaaS-apex-deliver/frontend/node_modules/react-router/dist/development/chunk-OIYGIGL5.mjs:9299:5)
    at div
    at div
    at div
    at div
    at div
    at StickyCTABar (C:/Projects/ma-saas-platform/M-S-SaaS-apex-deliver/frontend/src/components/marketing/StickyCTABar.tsx:14:71)
    at main
    at AnalyticsProvider (C:/Projects/ma-saas-platform/M-S-SaaS-apex-deliver/frontend/src/components/marketing/AnalyticsProvider.tsx:21:30)
    at div
    at MarketingLayout (C:/Projects/ma-saas-platform/M-S-SaaS-apex-deliver/frontend/src/components/marketing/MarketingLayout.tsx:14:28)
    at EnhancedLandingPage (C:/Projects/ma-saas-platform/M-S-SaaS-apex-deliver/frontend/src/pages/marketing/EnhancedLandingPage.tsx:31:53)
    at Router (file:///C:/Projects/ma-saas-platform/M-S-SaaS-apex-deliver/frontend/node_modules/react-router/dist/development/chunk-OIYGIGL5.mjs:6066:13)
    at BrowserRouter (file:///C:/Projects/ma-saas-platform/M-S-SaaS-apex-deliver/frontend/node_modules/react-router/dist/development/chunk-OIYGIGL5.mjs:9209:3)
    at RouterWrapper (C:/Projects/ma-saas-platform/M-S-SaaS-apex-deliver/frontend/src/pages/marketing/EnhancedLandingPage.test.tsx:11:26)

Consider adding an error boundary to your tree to customize error handling behavior.
Visit https://reactjs.org/link/error-boundaries to learn more about error boundaries.

[90mstderr[2m | src/pages/marketing/EnhancedLandingPage.test.tsx[2m > [22m[2mEnhancedLandingPage[2m > [22m[2mall CTAs link to sign-up page
[22m[39mWarning: React.jsx: type is invalid -- expected a string (for built-in components) or a class/function (for composite components) but got: undefined. You likely forgot to export your component from the file it's defined in, or you might have mixed up default and named imports.

Check the render method of `StickyCTABar`.
    at StickyCTABar (C:/Projects/ma-saas-platform/M-S-SaaS-apex-deliver/frontend/src/components/marketing/StickyCTABar.tsx:14:71)
    at main
    at AnalyticsProvider (C:/Projects/ma-saas-platform/M-S-SaaS-apex-deliver/frontend/src/components/marketing/AnalyticsProvider.tsx:21:30)
    at div
    at MarketingLayout (C:/Projects/ma-saas-platform/M-S-SaaS-apex-deliver/frontend/src/components/marketing/MarketingLayout.tsx:14:28)
    at EnhancedLandingPage (C:/Projects/ma-saas-platform/M-S-SaaS-apex-deliver/frontend/src/pages/marketing/EnhancedLandingPage.tsx:31:53)
    at Router (file:///C:/Projects/ma-saas-platform/M-S-SaaS-apex-deliver/frontend/node_modules/react-router/dist/development/chunk-OIYGIGL5.mjs:6066:13)
    at BrowserRouter (file:///C:/Projects/ma-saas-platform/M-S-SaaS-apex-deliver/frontend/node_modules/react-router/dist/development/chunk-OIYGIGL5.mjs:9209:3)
    at RouterWrapper (C:/Projects/ma-saas-platform/M-S-SaaS-apex-deliver/frontend/src/pages/marketing/EnhancedLandingPage.test.tsx:11:26)
Error: Element type is invalid: expected a string (for built-in components) or a class/function (for composite components) but got: undefined. You likely forgot to export your component from the file it's defined in, or you might have mixed up default and named imports.

Check the render method of `StickyCTABar`.
    at createFiberFromTypeAndProps (C:\Projects\ma-saas-platform\M-S-SaaS-apex-deliver\frontend\node_modules\react-dom\cjs\react-dom.development.js:28478:17)
    at createFiberFromElement (C:\Projects\ma-saas-platform\M-S-SaaS-apex-deliver\frontend\node_modules\react-dom\cjs\react-dom.development.js:28504:15)
    at reconcileSingleElement (C:\Projects\ma-saas-platform\M-S-SaaS-apex-deliver\frontend\node_modules\react-dom\cjs\react-dom.development.js:13986:23)
    at reconcileChildFibers (C:\Projects\ma-saas-platform\M-S-SaaS-apex-deliver\frontend\node_modules\react-dom\cjs\react-dom.development.js:14044:35)
    at reconcileChildren (C:\Projects\ma-saas-platform\M-S-SaaS-apex-deliver\frontend\node_modules\react-dom\cjs\react-dom.development.js:19186:28)
    at updateHostComponent (C:\Projects\ma-saas-platform\M-S-SaaS-apex-deliver\frontend\node_modules\react-dom\cjs\react-dom.development.js:19953:3)
    at beginWork (C:\Projects\ma-saas-platform\M-S-SaaS-apex-deliver\frontend\node_modules\react-dom\cjs\react-dom.development.js:21657:14)
    at HTMLUnknownElement.callCallback (C:\Projects\ma-saas-platform\M-S-SaaS-apex-deliver\frontend\node_modules\react-dom\cjs\react-dom.development.js:4164:14)
    at HTMLUnknownElement.callTheUserObjectsOperation (C:\Projects\ma-saas-platform\M-S-SaaS-apex-deliver\frontend\node_modules\jsdom\lib\jsdom\living\generated\EventListener.js:26:30)
    at innerInvokeEventListeners (C:\Projects\ma-saas-platform\M-S-SaaS-apex-deliver\frontend\node_modules\jsdom\lib\jsdom\living\events\EventTarget-impl.js:360:16)
Warning: React.jsx: type is invalid -- expected a string (for built-in components) or a class/function (for composite components) but got: undefined. You likely forgot to export your component from the file it's defined in, or you might have mixed up default and named imports.

Check the render method of `StickyCTABar`.
    at StickyCTABar (C:/Projects/ma-saas-platform/M-S-SaaS-apex-deliver/frontend/src/components/marketing/StickyCTABar.tsx:14:71)
    at main
    at AnalyticsProvider (C:/Projects/ma-saas-platform/M-S-SaaS-apex-deliver/frontend/src/components/marketing/AnalyticsProvider.tsx:21:30)
    at div
    at MarketingLayout (C:/Projects/ma-saas-platform/M-S-SaaS-apex-deliver/frontend/src/components/marketing/MarketingLayout.tsx:14:28)
    at EnhancedLandingPage (C:/Projects/ma-saas-platform/M-S-SaaS-apex-deliver/frontend/src/pages/marketing/EnhancedLandingPage.tsx:31:53)
    at Router (file:///C:/Projects/ma-saas-platform/M-S-SaaS-apex-deliver/frontend/node_modules/react-router/dist/development/chunk-OIYGIGL5.mjs:6066:13)
    at BrowserRouter (file:///C:/Projects/ma-saas-platform/M-S-SaaS-apex-deliver/frontend/node_modules/react-router/dist/development/chunk-OIYGIGL5.mjs:9209:3)
    at RouterWrapper (C:/Projects/ma-saas-platform/M-S-SaaS-apex-deliver/frontend/src/pages/marketing/EnhancedLandingPage.test.tsx:11:26)
Error: Element type is invalid: expected a string (for built-in components) or a class/function (for composite components) but got: undefined. You likely forgot to export your component from the file it's defined in, or you might have mixed up default and named imports.

Check the render method of `StickyCTABar`.
    at createFiberFromTypeAndProps (C:\Projects\ma-saas-platform\M-S-SaaS-apex-deliver\frontend\node_modules\react-dom\cjs\react-dom.development.js:28478:17)
    at createFiberFromElement (C:\Projects\ma-saas-platform\M-S-SaaS-apex-deliver\frontend\node_modules\react-dom\cjs\react-dom.development.js:28504:15)
    at reconcileSingleElement (C:\Projects\ma-saas-platform\M-S-SaaS-apex-deliver\frontend\node_modules\react-dom\cjs\react-dom.development.js:13986:23)
    at reconcileChildFibers (C:\Projects\ma-saas-platform\M-S-SaaS-apex-deliver\frontend\node_modules\react-dom\cjs\react-dom.development.js:14044:35)
    at reconcileChildren (C:\Projects\ma-saas-platform\M-S-SaaS-apex-deliver\frontend\node_modules\react-dom\cjs\react-dom.development.js:19186:28)
    at updateHostComponent (C:\Projects\ma-saas-platform\M-S-SaaS-apex-deliver\frontend\node_modules\react-dom\cjs\react-dom.development.js:19953:3)
    at beginWork (C:\Projects\ma-saas-platform\M-S-SaaS-apex-deliver\frontend\node_modules\react-dom\cjs\react-dom.development.js:21657:14)
    at HTMLUnknownElement.callCallback (C:\Projects\ma-saas-platform\M-S-SaaS-apex-deliver\frontend\node_modules\react-dom\cjs\react-dom.development.js:4164:14)
    at HTMLUnknownElement.callTheUserObjectsOperation (C:\Projects\ma-saas-platform\M-S-SaaS-apex-deliver\frontend\node_modules\jsdom\lib\jsdom\living\generated\EventListener.js:26:30)
    at innerInvokeEventListeners (C:\Projects\ma-saas-platform\M-S-SaaS-apex-deliver\frontend\node_modules\jsdom\lib\jsdom\living\events\EventTarget-impl.js:360:16)
The above error occurred in the <a> component:

    at a
    at LinkWithRef (file:///C:/Projects/ma-saas-platform/M-S-SaaS-apex-deliver/frontend/node_modules/react-router/dist/development/chunk-OIYGIGL5.mjs:9299:5)
    at div
    at div
    at div
    at div
    at div
    at StickyCTABar (C:/Projects/ma-saas-platform/M-S-SaaS-apex-deliver/frontend/src/components/marketing/StickyCTABar.tsx:14:71)
    at main
    at AnalyticsProvider (C:/Projects/ma-saas-platform/M-S-SaaS-apex-deliver/frontend/src/components/marketing/AnalyticsProvider.tsx:21:30)
    at div
    at MarketingLayout (C:/Projects/ma-saas-platform/M-S-SaaS-apex-deliver/frontend/src/components/marketing/MarketingLayout.tsx:14:28)
    at EnhancedLandingPage (C:/Projects/ma-saas-platform/M-S-SaaS-apex-deliver/frontend/src/pages/marketing/EnhancedLandingPage.tsx:31:53)
    at Router (file:///C:/Projects/ma-saas-platform/M-S-SaaS-apex-deliver/frontend/node_modules/react-router/dist/development/chunk-OIYGIGL5.mjs:6066:13)
    at BrowserRouter (file:///C:/Projects/ma-saas-platform/M-S-SaaS-apex-deliver/frontend/node_modules/react-router/dist/development/chunk-OIYGIGL5.mjs:9209:3)
    at RouterWrapper (C:/Projects/ma-saas-platform/M-S-SaaS-apex-deliver/frontend/src/pages/marketing/EnhancedLandingPage.test.tsx:11:26)

Consider adding an error boundary to your tree to customize error handling behavior.
Visit https://reactjs.org/link/error-boundaries to learn more about error boundaries.

[90mstderr[2m | src/pages/marketing/EnhancedLandingPage.test.tsx[2m > [22m[2mEnhancedLandingPage[2m > [22m[2mincludes Schedule a Demo CTA
[22m[39mWarning: React.jsx: type is invalid -- expected a string (for built-in components) or a class/function (for composite components) but got: undefined. You likely forgot to export your component from the file it's defined in, or you might have mixed up default and named imports.

Check the render method of `StickyCTABar`.
    at StickyCTABar (C:/Projects/ma-saas-platform/M-S-SaaS-apex-deliver/frontend/src/components/marketing/StickyCTABar.tsx:14:71)
    at main
    at AnalyticsProvider (C:/Projects/ma-saas-platform/M-S-SaaS-apex-deliver/frontend/src/components/marketing/AnalyticsProvider.tsx:21:30)
    at div
    at MarketingLayout (C:/Projects/ma-saas-platform/M-S-SaaS-apex-deliver/frontend/src/components/marketing/MarketingLayout.tsx:14:28)
    at EnhancedLandingPage (C:/Projects/ma-saas-platform/M-S-SaaS-apex-deliver/frontend/src/pages/marketing/EnhancedLandingPage.tsx:31:53)
    at Router (file:///C:/Projects/ma-saas-platform/M-S-SaaS-apex-deliver/frontend/node_modules/react-router/dist/development/chunk-OIYGIGL5.mjs:6066:13)
    at BrowserRouter (file:///C:/Projects/ma-saas-platform/M-S-SaaS-apex-deliver/frontend/node_modules/react-router/dist/development/chunk-OIYGIGL5.mjs:9209:3)
    at RouterWrapper (C:/Projects/ma-saas-platform/M-S-SaaS-apex-deliver/frontend/src/pages/marketing/EnhancedLandingPage.test.tsx:11:26)
Error: Element type is invalid: expected a string (for built-in components) or a class/function (for composite components) but got: undefined. You likely forgot to export your component from the file it's defined in, or you might have mixed up default and named imports.

Check the render method of `StickyCTABar`.
    at createFiberFromTypeAndProps (C:\Projects\ma-saas-platform\M-S-SaaS-apex-deliver\frontend\node_modules\react-dom\cjs\react-dom.development.js:28478:17)
    at createFiberFromElement (C:\Projects\ma-saas-platform\M-S-SaaS-apex-deliver\frontend\node_modules\react-dom\cjs\react-dom.development.js:28504:15)
    at reconcileSingleElement (C:\Projects\ma-saas-platform\M-S-SaaS-apex-deliver\frontend\node_modules\react-dom\cjs\react-dom.development.js:13986:23)
    at reconcileChildFibers (C:\Projects\ma-saas-platform\M-S-SaaS-apex-deliver\frontend\node_modules\react-dom\cjs\react-dom.development.js:14044:35)
    at reconcileChildren (C:\Projects\ma-saas-platform\M-S-SaaS-apex-deliver\frontend\node_modules\react-dom\cjs\react-dom.development.js:19186:28)
    at updateHostComponent (C:\Projects\ma-saas-platform\M-S-SaaS-apex-deliver\frontend\node_modules\react-dom\cjs\react-dom.development.js:19953:3)
    at beginWork (C:\Projects\ma-saas-platform\M-S-SaaS-apex-deliver\frontend\node_modules\react-dom\cjs\react-dom.development.js:21657:14)
    at HTMLUnknownElement.callCallback (C:\Projects\ma-saas-platform\M-S-SaaS-apex-deliver\frontend\node_modules\react-dom\cjs\react-dom.development.js:4164:14)
    at HTMLUnknownElement.callTheUserObjectsOperation (C:\Projects\ma-saas-platform\M-S-SaaS-apex-deliver\frontend\node_modules\jsdom\lib\jsdom\living\generated\EventListener.js:26:30)
    at innerInvokeEventListeners (C:\Projects\ma-saas-platform\M-S-SaaS-apex-deliver\frontend\node_modules\jsdom\lib\jsdom\living\events\EventTarget-impl.js:360:16)
Warning: React.jsx: type is invalid -- expected a string (for built-in components) or a class/function (for composite components) but got: undefined. You likely forgot to export your component from the file it's defined in, or you might have mixed up default and named imports.

Check the render method of `StickyCTABar`.
    at StickyCTABar (C:/Projects/ma-saas-platform/M-S-SaaS-apex-deliver/frontend/src/components/marketing/StickyCTABar.tsx:14:71)
    at main
    at AnalyticsProvider (C:/Projects/ma-saas-platform/M-S-SaaS-apex-deliver/frontend/src/components/marketing/AnalyticsProvider.tsx:21:30)
    at div
    at MarketingLayout (C:/Projects/ma-saas-platform/M-S-SaaS-apex-deliver/frontend/src/components/marketing/MarketingLayout.tsx:14:28)
    at EnhancedLandingPage (C:/Projects/ma-saas-platform/M-S-SaaS-apex-deliver/frontend/src/pages/marketing/EnhancedLandingPage.tsx:31:53)
    at Router (file:///C:/Projects/ma-saas-platform/M-S-SaaS-apex-deliver/frontend/node_modules/react-router/dist/development/chunk-OIYGIGL5.mjs:6066:13)
    at BrowserRouter (file:///C:/Projects/ma-saas-platform/M-S-SaaS-apex-deliver/frontend/node_modules/react-router/dist/development/chunk-OIYGIGL5.mjs:9209:3)
    at RouterWrapper (C:/Projects/ma-saas-platform/M-S-SaaS-apex-deliver/frontend/src/pages/marketing/EnhancedLandingPage.test.tsx:11:26)
Error: Element type is invalid: expected a string (for built-in components) or a class/function (for composite components) but got: undefined. You likely forgot to export your component from the file it's defined in, or you might have mixed up default and named imports.

Check the render method of `StickyCTABar`.
    at createFiberFromTypeAndProps (C:\Projects\ma-saas-platform\M-S-SaaS-apex-deliver\frontend\node_modules\react-dom\cjs\react-dom.development.js:28478:17)
    at createFiberFromElement (C:\Projects\ma-saas-platform\M-S-SaaS-apex-deliver\frontend\node_modules\react-dom\cjs\react-dom.development.js:28504:15)
    at reconcileSingleElement (C:\Projects\ma-saas-platform\M-S-SaaS-apex-deliver\frontend\node_modules\react-dom\cjs\react-dom.development.js:13986:23)
    at reconcileChildFibers (C:\Projects\ma-saas-platform\M-S-SaaS-apex-deliver\frontend\node_modules\react-dom\cjs\react-dom.development.js:14044:35)
    at reconcileChildren (C:\Projects\ma-saas-platform\M-S-SaaS-apex-deliver\frontend\node_modules\react-dom\cjs\react-dom.development.js:19186:28)
    at updateHostComponent (C:\Projects\ma-saas-platform\M-S-SaaS-apex-deliver\frontend\node_modules\react-dom\cjs\react-dom.development.js:19953:3)
    at beginWork (C:\Projects\ma-saas-platform\M-S-SaaS-apex-deliver\frontend\node_modules\react-dom\cjs\react-dom.development.js:21657:14)
    at HTMLUnknownElement.callCallback (C:\Projects\ma-saas-platform\M-S-SaaS-apex-deliver\frontend\node_modules\react-dom\cjs\react-dom.development.js:4164:14)
    at HTMLUnknownElement.callTheUserObjectsOperation (C:\Projects\ma-saas-platform\M-S-SaaS-apex-deliver\frontend\node_modules\jsdom\lib\jsdom\living\generated\EventListener.js:26:30)
    at innerInvokeEventListeners (C:\Projects\ma-saas-platform\M-S-SaaS-apex-deliver\frontend\node_modules\jsdom\lib\jsdom\living\events\EventTarget-impl.js:360:16)
The above error occurred in the <a> component:

    at a
    at LinkWithRef (file:///C:/Projects/ma-saas-platform/M-S-SaaS-apex-deliver/frontend/node_modules/react-router/dist/development/chunk-OIYGIGL5.mjs:9299:5)
    at div
    at div
    at div
    at div
    at div
    at StickyCTABar (C:/Projects/ma-saas-platform/M-S-SaaS-apex-deliver/frontend/src/components/marketing/StickyCTABar.tsx:14:71)
    at main
    at AnalyticsProvider (C:/Projects/ma-saas-platform/M-S-SaaS-apex-deliver/frontend/src/components/marketing/AnalyticsProvider.tsx:21:30)
    at div
    at MarketingLayout (C:/Projects/ma-saas-platform/M-S-SaaS-apex-deliver/frontend/src/components/marketing/MarketingLayout.tsx:14:28)
    at EnhancedLandingPage (C:/Projects/ma-saas-platform/M-S-SaaS-apex-deliver/frontend/src/pages/marketing/EnhancedLandingPage.tsx:31:53)
    at Router (file:///C:/Projects/ma-saas-platform/M-S-SaaS-apex-deliver/frontend/node_modules/react-router/dist/development/chunk-OIYGIGL5.mjs:6066:13)
    at BrowserRouter (file:///C:/Projects/ma-saas-platform/M-S-SaaS-apex-deliver/frontend/node_modules/react-router/dist/development/chunk-OIYGIGL5.mjs:9209:3)
    at RouterWrapper (C:/Projects/ma-saas-platform/M-S-SaaS-apex-deliver/frontend/src/pages/marketing/EnhancedLandingPage.test.tsx:11:26)

Consider adding an error boundary to your tree to customize error handling behavior.
Visit https://reactjs.org/link/error-boundaries to learn more about error boundaries.

[90mstderr[2m | src/pages/marketing/EnhancedLandingPage.meta.test.tsx[2m > [22m[2mEnhancedLandingPage metadata[2m > [22m[2msets canonical and og:url to 100daysandbeyond.com
[22m[39mWarning: React.jsx: type is invalid -- expected a string (for built-in components) or a class/function (for composite components) but got: undefined. You likely forgot to export your component from the file it's defined in, or you might have mixed up default and named imports.

Check the render method of `StickyCTABar`.
    at StickyCTABar (C:/Projects/ma-saas-platform/M-S-SaaS-apex-deliver/frontend/src/components/marketing/StickyCTABar.tsx:14:71)
    at main
    at AnalyticsProvider (C:/Projects/ma-saas-platform/M-S-SaaS-apex-deliver/frontend/src/components/marketing/AnalyticsProvider.tsx:21:30)
    at div
    at MarketingLayout (C:/Projects/ma-saas-platform/M-S-SaaS-apex-deliver/frontend/src/components/marketing/MarketingLayout.tsx:14:28)
    at EnhancedLandingPage (C:/Projects/ma-saas-platform/M-S-SaaS-apex-deliver/frontend/src/pages/marketing/EnhancedLandingPage.tsx:31:53)
    at Router (file:///C:/Projects/ma-saas-platform/M-S-SaaS-apex-deliver/frontend/node_modules/react-router/dist/development/chunk-OIYGIGL5.mjs:6066:13)
    at BrowserRouter (file:///C:/Projects/ma-saas-platform/M-S-SaaS-apex-deliver/frontend/node_modules/react-router/dist/development/chunk-OIYGIGL5.mjs:9209:3)
Error: Element type is invalid: expected a string (for built-in components) or a class/function (for composite components) but got: undefined. You likely forgot to export your component from the file it's defined in, or you might have mixed up default and named imports.

Check the render method of `StickyCTABar`.
    at createFiberFromTypeAndProps (C:\Projects\ma-saas-platform\M-S-SaaS-apex-deliver\frontend\node_modules\react-dom\cjs\react-dom.development.js:28478:17)
    at createFiberFromElement (C:\Projects\ma-saas-platform\M-S-SaaS-apex-deliver\frontend\node_modules\react-dom\cjs\react-dom.development.js:28504:15)
    at reconcileSingleElement (C:\Projects\ma-saas-platform\M-S-SaaS-apex-deliver\frontend\node_modules\react-dom\cjs\react-dom.development.js:13986:23)
    at reconcileChildFibers (C:\Projects\ma-saas-platform\M-S-SaaS-apex-deliver\frontend\node_modules\react-dom\cjs\react-dom.development.js:14044:35)
    at reconcileChildren (C:\Projects\ma-saas-platform\M-S-SaaS-apex-deliver\frontend\node_modules\react-dom\cjs\react-dom.development.js:19186:28)
    at updateHostComponent (C:\Projects\ma-saas-platform\M-S-SaaS-apex-deliver\frontend\node_modules\react-dom\cjs\react-dom.development.js:19953:3)
    at beginWork (C:\Projects\ma-saas-platform\M-S-SaaS-apex-deliver\frontend\node_modules\react-dom\cjs\react-dom.development.js:21657:14)
    at HTMLUnknownElement.callCallback (C:\Projects\ma-saas-platform\M-S-SaaS-apex-deliver\frontend\node_modules\react-dom\cjs\react-dom.development.js:4164:14)
    at HTMLUnknownElement.callTheUserObjectsOperation (C:\Projects\ma-saas-platform\M-S-SaaS-apex-deliver\frontend\node_modules\jsdom\lib\jsdom\living\generated\EventListener.js:26:30)
    at innerInvokeEventListeners (C:\Projects\ma-saas-platform\M-S-SaaS-apex-deliver\frontend\node_modules\jsdom\lib\jsdom\living\events\EventTarget-impl.js:360:16)
Warning: React.jsx: type is invalid -- expected a string (for built-in components) or a class/function (for composite components) but got: undefined. You likely forgot to export your component from the file it's defined in, or you might have mixed up default and named imports.

Check the render method of `StickyCTABar`.
    at StickyCTABar (C:/Projects/ma-saas-platform/M-S-SaaS-apex-deliver/frontend/src/components/marketing/StickyCTABar.tsx:14:71)
    at main
    at AnalyticsProvider (C:/Projects/ma-saas-platform/M-S-SaaS-apex-deliver/frontend/src/components/marketing/AnalyticsProvider.tsx:21:30)
    at div
    at MarketingLayout (C:/Projects/ma-saas-platform/M-S-SaaS-apex-deliver/frontend/src/components/marketing/MarketingLayout.tsx:14:28)
    at EnhancedLandingPage (C:/Projects/ma-saas-platform/M-S-SaaS-apex-deliver/frontend/src/pages/marketing/EnhancedLandingPage.tsx:31:53)
    at Router (file:///C:/Projects/ma-saas-platform/M-S-SaaS-apex-deliver/frontend/node_modules/react-router/dist/development/chunk-OIYGIGL5.mjs:6066:13)
    at BrowserRouter (file:///C:/Projects/ma-saas-platform/M-S-SaaS-apex-deliver/frontend/node_modules/react-router/dist/development/chunk-OIYGIGL5.mjs:9209:3)
Error: Element type is invalid: expected a string (for built-in components) or a class/function (for composite components) but got: undefined. You likely forgot to export your component from the file it's defined in, or you might have mixed up default and named imports.

Check the render method of `StickyCTABar`.
    at createFiberFromTypeAndProps (C:\Projects\ma-saas-platform\M-S-SaaS-apex-deliver\frontend\node_modules\react-dom\cjs\react-dom.development.js:28478:17)
    at createFiberFromElement (C:\Projects\ma-saas-platform\M-S-SaaS-apex-deliver\frontend\node_modules\react-dom\cjs\react-dom.development.js:28504:15)
    at reconcileSingleElement (C:\Projects\ma-saas-platform\M-S-SaaS-apex-deliver\frontend\node_modules\react-dom\cjs\react-dom.development.js:13986:23)
    at reconcileChildFibers (C:\Projects\ma-saas-platform\M-S-SaaS-apex-deliver\frontend\node_modules\react-dom\cjs\react-dom.development.js:14044:35)
    at reconcileChildren (C:\Projects\ma-saas-platform\M-S-SaaS-apex-deliver\frontend\node_modules\react-dom\cjs\react-dom.development.js:19186:28)
    at updateHostComponent (C:\Projects\ma-saas-platform\M-S-SaaS-apex-deliver\frontend\node_modules\react-dom\cjs\react-dom.development.js:19953:3)
    at beginWork (C:\Projects\ma-saas-platform\M-S-SaaS-apex-deliver\frontend\node_modules\react-dom\cjs\react-dom.development.js:21657:14)
    at HTMLUnknownElement.callCallback (C:\Projects\ma-saas-platform\M-S-SaaS-apex-deliver\frontend\node_modules\react-dom\cjs\react-dom.development.js:4164:14)
    at HTMLUnknownElement.callTheUserObjectsOperation (C:\Projects\ma-saas-platform\M-S-SaaS-apex-deliver\frontend\node_modules\jsdom\lib\jsdom\living\generated\EventListener.js:26:30)
    at innerInvokeEventListeners (C:\Projects\ma-saas-platform\M-S-SaaS-apex-deliver\frontend\node_modules\jsdom\lib\jsdom\living\events\EventTarget-impl.js:360:16)
The above error occurred in the <a> component:

    at a
    at LinkWithRef (file:///C:/Projects/ma-saas-platform/M-S-SaaS-apex-deliver/frontend/node_modules/react-router/dist/development/chunk-OIYGIGL5.mjs:9299:5)
    at div
    at div
    at div
    at div
    at div
    at StickyCTABar (C:/Projects/ma-saas-platform/M-S-SaaS-apex-deliver/frontend/src/components/marketing/StickyCTABar.tsx:14:71)
    at main
    at AnalyticsProvider (C:/Projects/ma-saas-platform/M-S-SaaS-apex-deliver/frontend/src/components/marketing/AnalyticsProvider.tsx:21:30)
    at div
    at MarketingLayout (C:/Projects/ma-saas-platform/M-S-SaaS-apex-deliver/frontend/src/components/marketing/MarketingLayout.tsx:14:28)
    at EnhancedLandingPage (C:/Projects/ma-saas-platform/M-S-SaaS-apex-deliver/frontend/src/pages/marketing/EnhancedLandingPage.tsx:31:53)
    at Router (file:///C:/Projects/ma-saas-platform/M-S-SaaS-apex-deliver/frontend/node_modules/react-router/dist/development/chunk-OIYGIGL5.mjs:6066:13)
    at BrowserRouter (file:///C:/Projects/ma-saas-platform/M-S-SaaS-apex-deliver/frontend/node_modules/react-router/dist/development/chunk-OIYGIGL5.mjs:9209:3)

Consider adding an error boundary to your tree to customize error handling behavior.
Visit https://reactjs.org/link/error-boundaries to learn more about error boundaries.

 [31m❯[39m src/pages/marketing/EnhancedLandingPage.meta.test.tsx [2m([22m[2m1 test[22m[2m | [22m[31m1 failed[39m[2m)[22m[33m 819[2mms[22m[39m
[31m     [31m×[31m sets canonical and og:url to 100daysandbeyond.com[39m[33m 817[2mms[22m[39m
[90mstderr[2m | src/pages/marketing/EnhancedLandingPage.test.tsx[2m > [22m[2mEnhancedLandingPage[2m > [22m[2mincludes Explore All Features CTA
[22m[39mWarning: React.jsx: type is invalid -- expected a string (for built-in components) or a class/function (for composite components) but got: undefined. You likely forgot to export your component from the file it's defined in, or you might have mixed up default and named imports.

Check the render method of `StickyCTABar`.
    at StickyCTABar (C:/Projects/ma-saas-platform/M-S-SaaS-apex-deliver/frontend/src/components/marketing/StickyCTABar.tsx:14:71)
    at main
    at AnalyticsProvider (C:/Projects/ma-saas-platform/M-S-SaaS-apex-deliver/frontend/src/components/marketing/AnalyticsProvider.tsx:21:30)
    at div
    at MarketingLayout (C:/Projects/ma-saas-platform/M-S-SaaS-apex-deliver/frontend/src/components/marketing/MarketingLayout.tsx:14:28)
    at EnhancedLandingPage (C:/Projects/ma-saas-platform/M-S-SaaS-apex-deliver/frontend/src/pages/marketing/EnhancedLandingPage.tsx:31:53)
    at Router (file:///C:/Projects/ma-saas-platform/M-S-SaaS-apex-deliver/frontend/node_modules/react-router/dist/development/chunk-OIYGIGL5.mjs:6066:13)
    at BrowserRouter (file:///C:/Projects/ma-saas-platform/M-S-SaaS-apex-deliver/frontend/node_modules/react-router/dist/development/chunk-OIYGIGL5.mjs:9209:3)
    at RouterWrapper (C:/Projects/ma-saas-platform/M-S-SaaS-apex-deliver/frontend/src/pages/marketing/EnhancedLandingPage.test.tsx:11:26)
Error: Element type is invalid: expected a string (for built-in components) or a class/function (for composite components) but got: undefined. You likely forgot to export your component from the file it's defined in, or you might have mixed up default and named imports.

Check the render method of `StickyCTABar`.
    at createFiberFromTypeAndProps (C:\Projects\ma-saas-platform\M-S-SaaS-apex-deliver\frontend\node_modules\react-dom\cjs\react-dom.development.js:28478:17)
    at createFiberFromElement (C:\Projects\ma-saas-platform\M-S-SaaS-apex-deliver\frontend\node_modules\react-dom\cjs\react-dom.development.js:28504:15)
    at reconcileSingleElement (C:\Projects\ma-saas-platform\M-S-SaaS-apex-deliver\frontend\node_modules\react-dom\cjs\react-dom.development.js:13986:23)
    at reconcileChildFibers (C:\Projects\ma-saas-platform\M-S-SaaS-apex-deliver\frontend\node_modules\react-dom\cjs\react-dom.development.js:14044:35)
    at reconcileChildren (C:\Projects\ma-saas-platform\M-S-SaaS-apex-deliver\frontend\node_modules\react-dom\cjs\react-dom.development.js:19186:28)
    at updateHostComponent (C:\Projects\ma-saas-platform\M-S-SaaS-apex-deliver\frontend\node_modules\react-dom\cjs\react-dom.development.js:19953:3)
    at beginWork (C:\Projects\ma-saas-platform\M-S-SaaS-apex-deliver\frontend\node_modules\react-dom\cjs\react-dom.development.js:21657:14)
    at HTMLUnknownElement.callCallback (C:\Projects\ma-saas-platform\M-S-SaaS-apex-deliver\frontend\node_modules\react-dom\cjs\react-dom.development.js:4164:14)
    at HTMLUnknownElement.callTheUserObjectsOperation (C:\Projects\ma-saas-platform\M-S-SaaS-apex-deliver\frontend\node_modules\jsdom\lib\jsdom\living\generated\EventListener.js:26:30)
    at innerInvokeEventListeners (C:\Projects\ma-saas-platform\M-S-SaaS-apex-deliver\frontend\node_modules\jsdom\lib\jsdom\living\events\EventTarget-impl.js:360:16)
Warning: React.jsx: type is invalid -- expected a string (for built-in components) or a class/function (for composite components) but got: undefined. You likely forgot to export your component from the file it's defined in, or you might have mixed up default and named imports.

Check the render method of `StickyCTABar`.
    at StickyCTABar (C:/Projects/ma-saas-platform/M-S-SaaS-apex-deliver/frontend/src/components/marketing/StickyCTABar.tsx:14:71)
    at main
    at AnalyticsProvider (C:/Projects/ma-saas-platform/M-S-SaaS-apex-deliver/frontend/src/components/marketing/AnalyticsProvider.tsx:21:30)
    at div
    at MarketingLayout (C:/Projects/ma-saas-platform/M-S-SaaS-apex-deliver/frontend/src/components/marketing/MarketingLayout.tsx:14:28)
    at EnhancedLandingPage (C:/Projects/ma-saas-platform/M-S-SaaS-apex-deliver/frontend/src/pages/marketing/EnhancedLandingPage.tsx:31:53)
    at Router (file:///C:/Projects/ma-saas-platform/M-S-SaaS-apex-deliver/frontend/node_modules/react-router/dist/development/chunk-OIYGIGL5.mjs:6066:13)
    at BrowserRouter (file:///C:/Projects/ma-saas-platform/M-S-SaaS-apex-deliver/frontend/node_modules/react-router/dist/development/chunk-OIYGIGL5.mjs:9209:3)
    at RouterWrapper (C:/Projects/ma-saas-platform/M-S-SaaS-apex-deliver/frontend/src/pages/marketing/EnhancedLandingPage.test.tsx:11:26)
Error: Element type is invalid: expected a string (for built-in components) or a class/function (for composite components) but got: undefined. You likely forgot to export your component from the file it's defined in, or you might have mixed up default and named imports.

Check the render method of `StickyCTABar`.
    at createFiberFromTypeAndProps (C:\Projects\ma-saas-platform\M-S-SaaS-apex-deliver\frontend\node_modules\react-dom\cjs\react-dom.development.js:28478:17)
    at createFiberFromElement (C:\Projects\ma-saas-platform\M-S-SaaS-apex-deliver\frontend\node_modules\react-dom\cjs\react-dom.development.js:28504:15)
    at reconcileSingleElement (C:\Projects\ma-saas-platform\M-S-SaaS-apex-deliver\frontend\node_modules\react-dom\cjs\react-dom.development.js:13986:23)
    at reconcileChildFibers (C:\Projects\ma-saas-platform\M-S-SaaS-apex-deliver\frontend\node_modules\react-dom\cjs\react-dom.development.js:14044:35)
    at reconcileChildren (C:\Projects\ma-saas-platform\M-S-SaaS-apex-deliver\frontend\node_modules\react-dom\cjs\react-dom.development.js:19186:28)
    at updateHostComponent (C:\Projects\ma-saas-platform\M-S-SaaS-apex-deliver\frontend\node_modules\react-dom\cjs\react-dom.development.js:19953:3)
    at beginWork (C:\Projects\ma-saas-platform\M-S-SaaS-apex-deliver\frontend\node_modules\react-dom\cjs\react-dom.development.js:21657:14)
    at HTMLUnknownElement.callCallback (C:\Projects\ma-saas-platform\M-S-SaaS-apex-deliver\frontend\node_modules\react-dom\cjs\react-dom.development.js:4164:14)
    at HTMLUnknownElement.callTheUserObjectsOperation (C:\Projects\ma-saas-platform\M-S-SaaS-apex-deliver\frontend\node_modules\jsdom\lib\jsdom\living\generated\EventListener.js:26:30)
    at innerInvokeEventListeners (C:\Projects\ma-saas-platform\M-S-SaaS-apex-deliver\frontend\node_modules\jsdom\lib\jsdom\living\events\EventTarget-impl.js:360:16)
The above error occurred in the <a> component:

    at a
    at LinkWithRef (file:///C:/Projects/ma-saas-platform/M-S-SaaS-apex-deliver/frontend/node_modules/react-router/dist/development/chunk-OIYGIGL5.mjs:9299:5)
    at div
    at div
    at div
    at div
    at div
    at StickyCTABar (C:/Projects/ma-saas-platform/M-S-SaaS-apex-deliver/frontend/src/components/marketing/StickyCTABar.tsx:14:71)
    at main
    at AnalyticsProvider (C:/Projects/ma-saas-platform/M-S-SaaS-apex-deliver/frontend/src/components/marketing/AnalyticsProvider.tsx:21:30)
    at div
    at MarketingLayout (C:/Projects/ma-saas-platform/M-S-SaaS-apex-deliver/frontend/src/components/marketing/MarketingLayout.tsx:14:28)
    at EnhancedLandingPage (C:/Projects/ma-saas-platform/M-S-SaaS-apex-deliver/frontend/src/pages/marketing/EnhancedLandingPage.tsx:31:53)
    at Router (file:///C:/Projects/ma-saas-platform/M-S-SaaS-apex-deliver/frontend/node_modules/react-router/dist/development/chunk-OIYGIGL5.mjs:6066:13)
    at BrowserRouter (file:///C:/Projects/ma-saas-platform/M-S-SaaS-apex-deliver/frontend/node_modules/react-router/dist/development/chunk-OIYGIGL5.mjs:9209:3)
    at RouterWrapper (C:/Projects/ma-saas-platform/M-S-SaaS-apex-deliver/frontend/src/pages/marketing/EnhancedLandingPage.test.tsx:11:26)

Consider adding an error boundary to your tree to customize error handling behavior.
Visit https://reactjs.org/link/error-boundaries to learn more about error boundaries.

[90mstderr[2m | src/pages/marketing/EnhancedLandingPage.test.tsx[2m > [22m[2mEnhancedLandingPage[2m > [22m[2mrenders final CTA section
[22m[39mWarning: React.jsx: type is invalid -- expected a string (for built-in components) or a class/function (for composite components) but got: undefined. You likely forgot to export your component from the file it's defined in, or you might have mixed up default and named imports.

Check the render method of `StickyCTABar`.
    at StickyCTABar (C:/Projects/ma-saas-platform/M-S-SaaS-apex-deliver/frontend/src/components/marketing/StickyCTABar.tsx:14:71)
    at main
    at AnalyticsProvider (C:/Projects/ma-saas-platform/M-S-SaaS-apex-deliver/frontend/src/components/marketing/AnalyticsProvider.tsx:21:30)
    at div
    at MarketingLayout (C:/Projects/ma-saas-platform/M-S-SaaS-apex-deliver/frontend/src/components/marketing/MarketingLayout.tsx:14:28)
    at EnhancedLandingPage (C:/Projects/ma-saas-platform/M-S-SaaS-apex-deliver/frontend/src/pages/marketing/EnhancedLandingPage.tsx:31:53)
    at Router (file:///C:/Projects/ma-saas-platform/M-S-SaaS-apex-deliver/frontend/node_modules/react-router/dist/development/chunk-OIYGIGL5.mjs:6066:13)
    at BrowserRouter (file:///C:/Projects/ma-saas-platform/M-S-SaaS-apex-deliver/frontend/node_modules/react-router/dist/development/chunk-OIYGIGL5.mjs:9209:3)
    at RouterWrapper (C:/Projects/ma-saas-platform/M-S-SaaS-apex-deliver/frontend/src/pages/marketing/EnhancedLandingPage.test.tsx:11:26)
Error: Element type is invalid: expected a string (for built-in components) or a class/function (for composite components) but got: undefined. You likely forgot to export your component from the file it's defined in, or you might have mixed up default and named imports.

Check the render method of `StickyCTABar`.
    at createFiberFromTypeAndProps (C:\Projects\ma-saas-platform\M-S-SaaS-apex-deliver\frontend\node_modules\react-dom\cjs\react-dom.development.js:28478:17)
    at createFiberFromElement (C:\Projects\ma-saas-platform\M-S-SaaS-apex-deliver\frontend\node_modules\react-dom\cjs\react-dom.development.js:28504:15)
    at reconcileSingleElement (C:\Projects\ma-saas-platform\M-S-SaaS-apex-deliver\frontend\node_modules\react-dom\cjs\react-dom.development.js:13986:23)
    at reconcileChildFibers (C:\Projects\ma-saas-platform\M-S-SaaS-apex-deliver\frontend\node_modules\react-dom\cjs\react-dom.development.js:14044:35)
    at reconcileChildren (C:\Projects\ma-saas-platform\M-S-SaaS-apex-deliver\frontend\node_modules\react-dom\cjs\react-dom.development.js:19186:28)
    at updateHostComponent (C:\Projects\ma-saas-platform\M-S-SaaS-apex-deliver\frontend\node_modules\react-dom\cjs\react-dom.development.js:19953:3)
    at beginWork (C:\Projects\ma-saas-platform\M-S-SaaS-apex-deliver\frontend\node_modules\react-dom\cjs\react-dom.development.js:21657:14)
    at HTMLUnknownElement.callCallback (C:\Projects\ma-saas-platform\M-S-SaaS-apex-deliver\frontend\node_modules\react-dom\cjs\react-dom.development.js:4164:14)
    at HTMLUnknownElement.callTheUserObjectsOperation (C:\Projects\ma-saas-platform\M-S-SaaS-apex-deliver\frontend\node_modules\jsdom\lib\jsdom\living\generated\EventListener.js:26:30)
    at innerInvokeEventListeners (C:\Projects\ma-saas-platform\M-S-SaaS-apex-deliver\frontend\node_modules\jsdom\lib\jsdom\living\events\EventTarget-impl.js:360:16)
Warning: React.jsx: type is invalid -- expected a string (for built-in components) or a class/function (for composite components) but got: undefined. You likely forgot to export your component from the file it's defined in, or you might have mixed up default and named imports.

Check the render method of `StickyCTABar`.
    at StickyCTABar (C:/Projects/ma-saas-platform/M-S-SaaS-apex-deliver/frontend/src/components/marketing/StickyCTABar.tsx:14:71)
    at main
    at AnalyticsProvider (C:/Projects/ma-saas-platform/M-S-SaaS-apex-deliver/frontend/src/components/marketing/AnalyticsProvider.tsx:21:30)
    at div
    at MarketingLayout (C:/Projects/ma-saas-platform/M-S-SaaS-apex-deliver/frontend/src/components/marketing/MarketingLayout.tsx:14:28)
    at EnhancedLandingPage (C:/Projects/ma-saas-platform/M-S-SaaS-apex-deliver/frontend/src/pages/marketing/EnhancedLandingPage.tsx:31:53)
    at Router (file:///C:/Projects/ma-saas-platform/M-S-SaaS-apex-deliver/frontend/node_modules/react-router/dist/development/chunk-OIYGIGL5.mjs:6066:13)
    at BrowserRouter (file:///C:/Projects/ma-saas-platform/M-S-SaaS-apex-deliver/frontend/node_modules/react-router/dist/development/chunk-OIYGIGL5.mjs:9209:3)
    at RouterWrapper (C:/Projects/ma-saas-platform/M-S-SaaS-apex-deliver/frontend/src/pages/marketing/EnhancedLandingPage.test.tsx:11:26)
Error: Element type is invalid: expected a string (for built-in components) or a class/function (for composite components) but got: undefined. You likely forgot to export your component from the file it's defined in, or you might have mixed up default and named imports.

Check the render method of `StickyCTABar`.
    at createFiberFromTypeAndProps (C:\Projects\ma-saas-platform\M-S-SaaS-apex-deliver\frontend\node_modules\react-dom\cjs\react-dom.development.js:28478:17)
    at createFiberFromElement (C:\Projects\ma-saas-platform\M-S-SaaS-apex-deliver\frontend\node_modules\react-dom\cjs\react-dom.development.js:28504:15)
    at reconcileSingleElement (C:\Projects\ma-saas-platform\M-S-SaaS-apex-deliver\frontend\node_modules\react-dom\cjs\react-dom.development.js:13986:23)
    at reconcileChildFibers (C:\Projects\ma-saas-platform\M-S-SaaS-apex-deliver\frontend\node_modules\react-dom\cjs\react-dom.development.js:14044:35)
    at reconcileChildren (C:\Projects\ma-saas-platform\M-S-SaaS-apex-deliver\frontend\node_modules\react-dom\cjs\react-dom.development.js:19186:28)
    at updateHostComponent (C:\Projects\ma-saas-platform\M-S-SaaS-apex-deliver\frontend\node_modules\react-dom\cjs\react-dom.development.js:19953:3)
    at beginWork (C:\Projects\ma-saas-platform\M-S-SaaS-apex-deliver\frontend\node_modules\react-dom\cjs\react-dom.development.js:21657:14)
    at HTMLUnknownElement.callCallback (C:\Projects\ma-saas-platform\M-S-SaaS-apex-deliver\frontend\node_modules\react-dom\cjs\react-dom.development.js:4164:14)
    at HTMLUnknownElement.callTheUserObjectsOperation (C:\Projects\ma-saas-platform\M-S-SaaS-apex-deliver\frontend\node_modules\jsdom\lib\jsdom\living\generated\EventListener.js:26:30)
    at innerInvokeEventListeners (C:\Projects\ma-saas-platform\M-S-SaaS-apex-deliver\frontend\node_modules\jsdom\lib\jsdom\living\events\EventTarget-impl.js:360:16)
The above error occurred in the <a> component:

    at a
    at LinkWithRef (file:///C:/Projects/ma-saas-platform/M-S-SaaS-apex-deliver/frontend/node_modules/react-router/dist/development/chunk-OIYGIGL5.mjs:9299:5)
    at div
    at div
    at div
    at div
    at div
    at StickyCTABar (C:/Projects/ma-saas-platform/M-S-SaaS-apex-deliver/frontend/src/components/marketing/StickyCTABar.tsx:14:71)
    at main
    at AnalyticsProvider (C:/Projects/ma-saas-platform/M-S-SaaS-apex-deliver/frontend/src/components/marketing/AnalyticsProvider.tsx:21:30)
    at div
    at MarketingLayout (C:/Projects/ma-saas-platform/M-S-SaaS-apex-deliver/frontend/src/components/marketing/MarketingLayout.tsx:14:28)
    at EnhancedLandingPage (C:/Projects/ma-saas-platform/M-S-SaaS-apex-deliver/frontend/src/pages/marketing/EnhancedLandingPage.tsx:31:53)
    at Router (file:///C:/Projects/ma-saas-platform/M-S-SaaS-apex-deliver/frontend/node_modules/react-router/dist/development/chunk-OIYGIGL5.mjs:6066:13)
    at BrowserRouter (file:///C:/Projects/ma-saas-platform/M-S-SaaS-apex-deliver/frontend/node_modules/react-router/dist/development/chunk-OIYGIGL5.mjs:9209:3)
    at RouterWrapper (C:/Projects/ma-saas-platform/M-S-SaaS-apex-deliver/frontend/src/pages/marketing/EnhancedLandingPage.test.tsx:11:26)

Consider adding an error boundary to your tree to customize error handling behavior.
Visit https://reactjs.org/link/error-boundaries to learn more about error boundaries.

[90mstderr[2m | src/pages/marketing/EnhancedLandingPage.test.tsx[2m > [22m[2mEnhancedLandingPage[2m > [22m[2mincludes Schedule a Demo CTA in final section
[22m[39mWarning: React.jsx: type is invalid -- expected a string (for built-in components) or a class/function (for composite components) but got: undefined. You likely forgot to export your component from the file it's defined in, or you might have mixed up default and named imports.

Check the render method of `StickyCTABar`.
    at StickyCTABar (C:/Projects/ma-saas-platform/M-S-SaaS-apex-deliver/frontend/src/components/marketing/StickyCTABar.tsx:14:71)
    at main
    at AnalyticsProvider (C:/Projects/ma-saas-platform/M-S-SaaS-apex-deliver/frontend/src/components/marketing/AnalyticsProvider.tsx:21:30)
    at div
    at MarketingLayout (C:/Projects/ma-saas-platform/M-S-SaaS-apex-deliver/frontend/src/components/marketing/MarketingLayout.tsx:14:28)
    at EnhancedLandingPage (C:/Projects/ma-saas-platform/M-S-SaaS-apex-deliver/frontend/src/pages/marketing/EnhancedLandingPage.tsx:31:53)
    at Router (file:///C:/Projects/ma-saas-platform/M-S-SaaS-apex-deliver/frontend/node_modules/react-router/dist/development/chunk-OIYGIGL5.mjs:6066:13)
    at BrowserRouter (file:///C:/Projects/ma-saas-platform/M-S-SaaS-apex-deliver/frontend/node_modules/react-router/dist/development/chunk-OIYGIGL5.mjs:9209:3)
    at RouterWrapper (C:/Projects/ma-saas-platform/M-S-SaaS-apex-deliver/frontend/src/pages/marketing/EnhancedLandingPage.test.tsx:11:26)
Error: Element type is invalid: expected a string (for built-in components) or a class/function (for composite components) but got: undefined. You likely forgot to export your component from the file it's defined in, or you might have mixed up default and named imports.

Check the render method of `StickyCTABar`.
    at createFiberFromTypeAndProps (C:\Projects\ma-saas-platform\M-S-SaaS-apex-deliver\frontend\node_modules\react-dom\cjs\react-dom.development.js:28478:17)
    at createFiberFromElement (C:\Projects\ma-saas-platform\M-S-SaaS-apex-deliver\frontend\node_modules\react-dom\cjs\react-dom.development.js:28504:15)
    at reconcileSingleElement (C:\Projects\ma-saas-platform\M-S-SaaS-apex-deliver\frontend\node_modules\react-dom\cjs\react-dom.development.js:13986:23)
    at reconcileChildFibers (C:\Projects\ma-saas-platform\M-S-SaaS-apex-deliver\frontend\node_modules\react-dom\cjs\react-dom.development.js:14044:35)
    at reconcileChildren (C:\Projects\ma-saas-platform\M-S-SaaS-apex-deliver\frontend\node_modules\react-dom\cjs\react-dom.development.js:19186:28)
    at updateHostComponent (C:\Projects\ma-saas-platform\M-S-SaaS-apex-deliver\frontend\node_modules\react-dom\cjs\react-dom.development.js:19953:3)
    at beginWork (C:\Projects\ma-saas-platform\M-S-SaaS-apex-deliver\frontend\node_modules\react-dom\cjs\react-dom.development.js:21657:14)
    at HTMLUnknownElement.callCallback (C:\Projects\ma-saas-platform\M-S-SaaS-apex-deliver\frontend\node_modules\react-dom\cjs\react-dom.development.js:4164:14)
    at HTMLUnknownElement.callTheUserObjectsOperation (C:\Projects\ma-saas-platform\M-S-SaaS-apex-deliver\frontend\node_modules\jsdom\lib\jsdom\living\generated\EventListener.js:26:30)
    at innerInvokeEventListeners (C:\Projects\ma-saas-platform\M-S-SaaS-apex-deliver\frontend\node_modules\jsdom\lib\jsdom\living\events\EventTarget-impl.js:360:16)
Warning: React.jsx: type is invalid -- expected a string (for built-in components) or a class/function (for composite components) but got: undefined. You likely forgot to export your component from the file it's defined in, or you might have mixed up default and named imports.

Check the render method of `StickyCTABar`.
    at StickyCTABar (C:/Projects/ma-saas-platform/M-S-SaaS-apex-deliver/frontend/src/components/marketing/StickyCTABar.tsx:14:71)
    at main
    at AnalyticsProvider (C:/Projects/ma-saas-platform/M-S-SaaS-apex-deliver/frontend/src/components/marketing/AnalyticsProvider.tsx:21:30)
    at div
    at MarketingLayout (C:/Projects/ma-saas-platform/M-S-SaaS-apex-deliver/frontend/src/components/marketing/MarketingLayout.tsx:14:28)
    at EnhancedLandingPage (C:/Projects/ma-saas-platform/M-S-SaaS-apex-deliver/frontend/src/pages/marketing/EnhancedLandingPage.tsx:31:53)
    at Router (file:///C:/Projects/ma-saas-platform/M-S-SaaS-apex-deliver/frontend/node_modules/react-router/dist/development/chunk-OIYGIGL5.mjs:6066:13)
    at BrowserRouter (file:///C:/Projects/ma-saas-platform/M-S-SaaS-apex-deliver/frontend/node_modules/react-router/dist/development/chunk-OIYGIGL5.mjs:9209:3)
    at RouterWrapper (C:/Projects/ma-saas-platform/M-S-SaaS-apex-deliver/frontend/src/pages/marketing/EnhancedLandingPage.test.tsx:11:26)
Error: Element type is invalid: expected a string (for built-in components) or a class/function (for composite components) but got: undefined. You likely forgot to export your component from the file it's defined in, or you might have mixed up default and named imports.

Check the render method of `StickyCTABar`.
    at createFiberFromTypeAndProps (C:\Projects\ma-saas-platform\M-S-SaaS-apex-deliver\frontend\node_modules\react-dom\cjs\react-dom.development.js:28478:17)
    at createFiberFromElement (C:\Projects\ma-saas-platform\M-S-SaaS-apex-deliver\frontend\node_modules\react-dom\cjs\react-dom.development.js:28504:15)
    at reconcileSingleElement (C:\Projects\ma-saas-platform\M-S-SaaS-apex-deliver\frontend\node_modules\react-dom\cjs\react-dom.development.js:13986:23)
    at reconcileChildFibers (C:\Projects\ma-saas-platform\M-S-SaaS-apex-deliver\frontend\node_modules\react-dom\cjs\react-dom.development.js:14044:35)
    at reconcileChildren (C:\Projects\ma-saas-platform\M-S-SaaS-apex-deliver\frontend\node_modules\react-dom\cjs\react-dom.development.js:19186:28)
    at updateHostComponent (C:\Projects\ma-saas-platform\M-S-SaaS-apex-deliver\frontend\node_modules\react-dom\cjs\react-dom.development.js:19953:3)
    at beginWork (C:\Projects\ma-saas-platform\M-S-SaaS-apex-deliver\frontend\node_modules\react-dom\cjs\react-dom.development.js:21657:14)
    at HTMLUnknownElement.callCallback (C:\Projects\ma-saas-platform\M-S-SaaS-apex-deliver\frontend\node_modules\react-dom\cjs\react-dom.development.js:4164:14)
    at HTMLUnknownElement.callTheUserObjectsOperation (C:\Projects\ma-saas-platform\M-S-SaaS-apex-deliver\frontend\node_modules\jsdom\lib\jsdom\living\generated\EventListener.js:26:30)
    at innerInvokeEventListeners (C:\Projects\ma-saas-platform\M-S-SaaS-apex-deliver\frontend\node_modules\jsdom\lib\jsdom\living\events\EventTarget-impl.js:360:16)
The above error occurred in the <a> component:

    at a
    at LinkWithRef (file:///C:/Projects/ma-saas-platform/M-S-SaaS-apex-deliver/frontend/node_modules/react-router/dist/development/chunk-OIYGIGL5.mjs:9299:5)
    at div
    at div
    at div
    at div
    at div
    at StickyCTABar (C:/Projects/ma-saas-platform/M-S-SaaS-apex-deliver/frontend/src/components/marketing/StickyCTABar.tsx:14:71)
    at main
    at AnalyticsProvider (C:/Projects/ma-saas-platform/M-S-SaaS-apex-deliver/frontend/src/components/marketing/AnalyticsProvider.tsx:21:30)
    at div
    at MarketingLayout (C:/Projects/ma-saas-platform/M-S-SaaS-apex-deliver/frontend/src/components/marketing/MarketingLayout.tsx:14:28)
    at EnhancedLandingPage (C:/Projects/ma-saas-platform/M-S-SaaS-apex-deliver/frontend/src/pages/marketing/EnhancedLandingPage.tsx:31:53)
    at Router (file:///C:/Projects/ma-saas-platform/M-S-SaaS-apex-deliver/frontend/node_modules/react-router/dist/development/chunk-OIYGIGL5.mjs:6066:13)
    at BrowserRouter (file:///C:/Projects/ma-saas-platform/M-S-SaaS-apex-deliver/frontend/node_modules/react-router/dist/development/chunk-OIYGIGL5.mjs:9209:3)
    at RouterWrapper (C:/Projects/ma-saas-platform/M-S-SaaS-apex-deliver/frontend/src/pages/marketing/EnhancedLandingPage.test.tsx:11:26)

Consider adding an error boundary to your tree to customize error handling behavior.
Visit https://reactjs.org/link/error-boundaries to learn more about error boundaries.

 [31m❯[39m src/pages/marketing/EnhancedLandingPage.test.tsx [2m([22m[2m17 tests[22m[2m | [22m[31m17 failed[39m[2m)[22m[33m 1320[2mms[22m[39m
[31m     [31m×[31m renders without crashing[39m[32m 256[2mms[22m[39m
[31m     [31m×[31m renders EnhancedHeroSection[39m[32m 131[2mms[22m[39m
[31m     [31m×[31m renders How It Works section[39m[32m 120[2mms[22m[39m
[31m     [31m×[31m displays feature cards[39m[32m 36[2mms[22m[39m
[31m     [31m×[31m renders Pricing Teaser section[39m[32m 87[2mms[22m[39m
[31m     [31m×[31m displays branding with 100 Days & Beyond[39m[32m 72[2mms[22m[39m
[31m     [31m×[31m shows three-step workflow[39m[32m 96[2mms[22m[39m
[31m     [31m×[31m includes trust messaging in hero[39m[32m 33[2mms[22m[39m
[31m     [31m×[31m renders TrustBadges component[39m[32m 102[2mms[22m[39m
[31m     [31m×[31m renders CTASection component[39m[32m 38[2mms[22m[39m
[31m     [31m×[31m includes SEO component with proper meta tags[39m[32m 30[2mms[22m[39m
[31m     [31m×[31m displays sections in correct order[39m[32m 66[2mms[22m[39m
[31m     [31m×[31m all CTAs link to sign-up page[39m[32m 68[2mms[22m[39m
[31m     [31m×[31m includes Schedule a Demo CTA[39m[32m 57[2mms[22m[39m
[31m     [31m×[31m includes Explore All Features CTA[39m[32m 33[2mms[22m[39m
[31m     [31m×[31m renders final CTA section[39m[32m 47[2mms[22m[39m
[31m     [31m×[31m includes Schedule a Demo CTA in final section[39m[32m 43[2mms[22m[39m
 [32m✓[39m src/components/podcast/LiveStreamManager.test.tsx [2m([22m[2m15 tests[22m[2m)[22m[33m 1907[2mms[22m[39m
     [33m[2m✓[22m[39m should render create stream button and invoke API on click [33m 426[2mms[22m[39m
 [32m✓[39m src/pages/deals/FinancialDashboard.test.tsx [2m([22m[2m10 tests[22m[2m)[22m[33m 609[2mms[22m[39m
[90mstderr[2m | src/pages/marketing/BlogPostPage.test.tsx[2m > [22m[2mBlogPostPage[2m > [22m[2mError Handling[2m > [22m[2mshould display error message when post not found
[22m[39mError fetching blog post: Error: Post not found
    at fetchPost (C:/Projects/ma-saas-platform/M-S-SaaS-apex-deliver/frontend/src/pages/marketing/BlogPostPage.tsx:42:17)

[90mstderr[2m | src/pages/marketing/BlogPostPage.test.tsx[2m > [22m[2mBlogPostPage[2m > [22m[2mError Handling[2m > [22m[2mshould show "Back to Blog" link when post not found
[22m[39mError fetching blog post: Error: Post not found
    at fetchPost (C:/Projects/ma-saas-platform/M-S-SaaS-apex-deliver/frontend/src/pages/marketing/BlogPostPage.tsx:42:17)

 [32m✓[39m src/pages/marketing/BlogPostPage.test.tsx [2m([22m[2m13 tests[22m[2m)[22m[33m 1743[2mms[22m[39m
       [33m[2m✓[22m[39m should display breadcrumb navigation with "Back to Blog" link [33m 584[2mms[22m[39m
 [32m✓[39m src/pages/deals/TaskBoard.test.tsx [2m([22m[2m9 tests[22m[2m)[22m[33m 1624[2mms[22m[39m
     [33m[2m✓[22m[39m creates a new task when form is submitted [33m 786[2mms[22m[39m
 [32m✓[39m src/components/deal-matching/CriteriaBuilderModal.test.tsx [2m([22m[2m14 tests[22m[2m)[22m[33m 2189[2mms[22m[39m
     [33m[2m✓[22m[39m should render modal when isOpen is true [33m 311[2mms[22m[39m
     [33m[2m✓[22m[39m submits update payload when editing an existing preset [33m 310[2mms[22m[39m
 [32m✓[39m src/pages/deals/DealDocuments.test.tsx [2m([22m[2m3 tests[22m[2m)[22m[33m 793[2mms[22m[39m
     [33m[2m✓[22m[39m renders document rows with formatted size, version badge, and action buttons [33m 465[2mms[22m[39m
[90mstderr[2m | src/pages/documents/DocumentEditor.test.tsx[2m > [22m[2mDocumentEditor[2m > [22m[2mexports the document in the selected format with configured options
[22m[39mNot implemented: navigation to another Document

 [32m✓[39m src/components/billing/ChangeTierModal.test.tsx [2m([22m[2m6 tests[22m[2m)[22m[33m 1566[2mms[22m[39m
     [33m[2m✓[22m[39m should display loading state while changing tier [33m 980[2mms[22m[39m
 [32m✓[39m src/pages/deals/DealPipeline.test.tsx [2m([22m[2m10 tests[22m[2m)[22m[33m 4547[2mms[22m[39m
     [33m[2m✓[22m[39m should render loading state initially [33m 520[2mms[22m[39m
     [33m[2m✓[22m[39m should display deals grouped by stage after loading [33m 645[2mms[22m[39m
     [33m[2m✓[22m[39m should display "New Deal" button [33m 383[2mms[22m[39m
     [33m[2m✓[22m[39m should navigate to new deal form when "New Deal" button is clicked [33m 644[2mms[22m[39m
     [33m[2m✓[22m[39m should retry loading deals when retry button is clicked [33m 560[2mms[22m[39m
     [33m[2m✓[22m[39m should show empty state when no deals exist [33m 521[2mms[22m[39m
     [33m[2m✓[22m[39m should display deal counts per stage [33m 464[2mms[22m[39m
     [33m[2m✓[22m[39m should not display archived deals [33m 582[2mms[22m[39m
 [32m✓[39m src/pages/deals/DealDetails.test.tsx [2m([22m[2m13 tests[22m[2m)[22m[33m 6575[2mms[22m[39m
     [33m[2m✓[22m[39m should render loading state initially [33m 319[2mms[22m[39m
     [33m[2m✓[22m[39m should display deal details after loading [33m 1201[2mms[22m[39m
     [33m[2m✓[22m[39m should display "Edit" button when not in edit mode [33m 576[2mms[22m[39m
     [33m[2m✓[22m[39m should display "Archive" button for non-archived deals [33m 436[2mms[22m[39m
     [33m[2m✓[22m[39m should enter edit mode when Edit button is clicked [33m 837[2mms[22m[39m
     [33m[2m✓[22m[39m should call updateDeal API when saving changes [33m 1783[2mms[22m[39m
     [33m[2m✓[22m[39m should navigate back to pipeline when Back button is clicked [33m 386[2mms[22m[39m
[90mstderr[2m | src/App.test.tsx[2m > [22m[2mAppRoutes[2m > [22m[2mupdates the header to show the user menu for authenticated users
[22m[39mWarning: React.jsx: type is invalid -- expected a string (for built-in components) or a class/function (for composite components) but got: undefined. You likely forgot to export your component from the file it's defined in, or you might have mixed up default and named imports.

Check the render method of `StickyCTABar`.
    at StickyCTABar (C:/Projects/ma-saas-platform/M-S-SaaS-apex-deliver/frontend/src/components/marketing/StickyCTABar.tsx:14:71)
    at main
    at AnalyticsProvider (C:/Projects/ma-saas-platform/M-S-SaaS-apex-deliver/frontend/src/components/marketing/AnalyticsProvider.tsx:21:30)
    at div
    at MarketingLayout (C:/Projects/ma-saas-platform/M-S-SaaS-apex-deliver/frontend/src/components/marketing/MarketingLayout.tsx:14:28)
    at EnhancedLandingPage (C:/Projects/ma-saas-platform/M-S-SaaS-apex-deliver/frontend/src/pages/marketing/EnhancedLandingPage.tsx:31:53)
    at RenderedRoute (file:///C:/Projects/ma-saas-platform/M-S-SaaS-apex-deliver/frontend/node_modules/react-router/dist/development/chunk-OIYGIGL5.mjs:5275:26)
    at Routes (file:///C:/Projects/ma-saas-platform/M-S-SaaS-apex-deliver/frontend/node_modules/react-router/dist/development/chunk-OIYGIGL5.mjs:6123:3)
    at AppRoutes (C:/Projects/ma-saas-platform/M-S-SaaS-apex-deliver/frontend/src/App.tsx:99:45)
    at Router (file:///C:/Projects/ma-saas-platform/M-S-SaaS-apex-deliver/frontend/node_modules/react-router/dist/development/chunk-OIYGIGL5.mjs:6066:13)
    at MemoryRouter (file:///C:/Projects/ma-saas-platform/M-S-SaaS-apex-deliver/frontend/node_modules/react-router/dist/development/chunk-OIYGIGL5.mjs:5988:3)
    at QueryClientProvider (file:///C:/Projects/ma-saas-platform/M-S-SaaS-apex-deliver/frontend/node_modules/@tanstack/react-query/build/modern/QueryClientProvider.js:20:3)
Error: Element type is invalid: expected a string (for built-in components) or a class/function (for composite components) but got: undefined. You likely forgot to export your component from the file it's defined in, or you might have mixed up default and named imports.

Check the render method of `StickyCTABar`.
    at createFiberFromTypeAndProps (C:\Projects\ma-saas-platform\M-S-SaaS-apex-deliver\frontend\node_modules\react-dom\cjs\react-dom.development.js:28478:17)
    at createFiberFromElement (C:\Projects\ma-saas-platform\M-S-SaaS-apex-deliver\frontend\node_modules\react-dom\cjs\react-dom.development.js:28504:15)
    at reconcileSingleElement (C:\Projects\ma-saas-platform\M-S-SaaS-apex-deliver\frontend\node_modules\react-dom\cjs\react-dom.development.js:13986:23)
    at reconcileChildFibers (C:\Projects\ma-saas-platform\M-S-SaaS-apex-deliver\frontend\node_modules\react-dom\cjs\react-dom.development.js:14044:35)
    at reconcileChildren (C:\Projects\ma-saas-platform\M-S-SaaS-apex-deliver\frontend\node_modules\react-dom\cjs\react-dom.development.js:19186:28)
    at updateHostComponent (C:\Projects\ma-saas-platform\M-S-SaaS-apex-deliver\frontend\node_modules\react-dom\cjs\react-dom.development.js:19953:3)
    at beginWork (C:\Projects\ma-saas-platform\M-S-SaaS-apex-deliver\frontend\node_modules\react-dom\cjs\react-dom.development.js:21657:14)
    at HTMLUnknownElement.callCallback (C:\Projects\ma-saas-platform\M-S-SaaS-apex-deliver\frontend\node_modules\react-dom\cjs\react-dom.development.js:4164:14)
    at HTMLUnknownElement.callTheUserObjectsOperation (C:\Projects\ma-saas-platform\M-S-SaaS-apex-deliver\frontend\node_modules\jsdom\lib\jsdom\living\generated\EventListener.js:26:30)
    at innerInvokeEventListeners (C:\Projects\ma-saas-platform\M-S-SaaS-apex-deliver\frontend\node_modules\jsdom\lib\jsdom\living\events\EventTarget-impl.js:360:16)
Warning: React.jsx: type is invalid -- expected a string (for built-in components) or a class/function (for composite components) but got: undefined. You likely forgot to export your component from the file it's defined in, or you might have mixed up default and named imports.

Check the render method of `StickyCTABar`.
    at StickyCTABar (C:/Projects/ma-saas-platform/M-S-SaaS-apex-deliver/frontend/src/components/marketing/StickyCTABar.tsx:14:71)
    at main
    at AnalyticsProvider (C:/Projects/ma-saas-platform/M-S-SaaS-apex-deliver/frontend/src/components/marketing/AnalyticsProvider.tsx:21:30)
    at div
    at MarketingLayout (C:/Projects/ma-saas-platform/M-S-SaaS-apex-deliver/frontend/src/components/marketing/MarketingLayout.tsx:14:28)
    at EnhancedLandingPage (C:/Projects/ma-saas-platform/M-S-SaaS-apex-deliver/frontend/src/pages/marketing/EnhancedLandingPage.tsx:31:53)
    at RenderedRoute (file:///C:/Projects/ma-saas-platform/M-S-SaaS-apex-deliver/frontend/node_modules/react-router/dist/development/chunk-OIYGIGL5.mjs:5275:26)
    at Routes (file:///C:/Projects/ma-saas-platform/M-S-SaaS-apex-deliver/frontend/node_modules/react-router/dist/development/chunk-OIYGIGL5.mjs:6123:3)
    at AppRoutes (C:/Projects/ma-saas-platform/M-S-SaaS-apex-deliver/frontend/src/App.tsx:99:45)
    at Router (file:///C:/Projects/ma-saas-platform/M-S-SaaS-apex-deliver/frontend/node_modules/react-router/dist/development/chunk-OIYGIGL5.mjs:6066:13)
    at MemoryRouter (file:///C:/Projects/ma-saas-platform/M-S-SaaS-apex-deliver/frontend/node_modules/react-router/dist/development/chunk-OIYGIGL5.mjs:5988:3)
    at QueryClientProvider (file:///C:/Projects/ma-saas-platform/M-S-SaaS-apex-deliver/frontend/node_modules/@tanstack/react-query/build/modern/QueryClientProvider.js:20:3)
Error: Element type is invalid: expected a string (for built-in components) or a class/function (for composite components) but got: undefined. You likely forgot to export your component from the file it's defined in, or you might have mixed up default and named imports.

Check the render method of `StickyCTABar`.
    at createFiberFromTypeAndProps (C:\Projects\ma-saas-platform\M-S-SaaS-apex-deliver\frontend\node_modules\react-dom\cjs\react-dom.development.js:28478:17)
    at createFiberFromElement (C:\Projects\ma-saas-platform\M-S-SaaS-apex-deliver\frontend\node_modules\react-dom\cjs\react-dom.development.js:28504:15)
    at reconcileSingleElement (C:\Projects\ma-saas-platform\M-S-SaaS-apex-deliver\frontend\node_modules\react-dom\cjs\react-dom.development.js:13986:23)
    at reconcileChildFibers (C:\Projects\ma-saas-platform\M-S-SaaS-apex-deliver\frontend\node_modules\react-dom\cjs\react-dom.development.js:14044:35)
    at reconcileChildren (C:\Projects\ma-saas-platform\M-S-SaaS-apex-deliver\frontend\node_modules\react-dom\cjs\react-dom.development.js:19186:28)
    at updateHostComponent (C:\Projects\ma-saas-platform\M-S-SaaS-apex-deliver\frontend\node_modules\react-dom\cjs\react-dom.development.js:19953:3)
    at beginWork (C:\Projects\ma-saas-platform\M-S-SaaS-apex-deliver\frontend\node_modules\react-dom\cjs\react-dom.development.js:21657:14)
    at HTMLUnknownElement.callCallback (C:\Projects\ma-saas-platform\M-S-SaaS-apex-deliver\frontend\node_modules\react-dom\cjs\react-dom.development.js:4164:14)
    at HTMLUnknownElement.callTheUserObjectsOperation (C:\Projects\ma-saas-platform\M-S-SaaS-apex-deliver\frontend\node_modules\jsdom\lib\jsdom\living\generated\EventListener.js:26:30)
    at innerInvokeEventListeners (C:\Projects\ma-saas-platform\M-S-SaaS-apex-deliver\frontend\node_modules\jsdom\lib\jsdom\living\events\EventTarget-impl.js:360:16)
The above error occurred in the <a> component:

    at a
    at LinkWithRef (file:///C:/Projects/ma-saas-platform/M-S-SaaS-apex-deliver/frontend/node_modules/react-router/dist/development/chunk-OIYGIGL5.mjs:9299:5)
    at div
    at div
    at div
    at div
    at div
    at StickyCTABar (C:/Projects/ma-saas-platform/M-S-SaaS-apex-deliver/frontend/src/components/marketing/StickyCTABar.tsx:14:71)
    at main
    at AnalyticsProvider (C:/Projects/ma-saas-platform/M-S-SaaS-apex-deliver/frontend/src/components/marketing/AnalyticsProvider.tsx:21:30)
    at div
    at MarketingLayout (C:/Projects/ma-saas-platform/M-S-SaaS-apex-deliver/frontend/src/components/marketing/MarketingLayout.tsx:14:28)
    at EnhancedLandingPage (C:/Projects/ma-saas-platform/M-S-SaaS-apex-deliver/frontend/src/pages/marketing/EnhancedLandingPage.tsx:31:53)
    at RenderedRoute (file:///C:/Projects/ma-saas-platform/M-S-SaaS-apex-deliver/frontend/node_modules/react-router/dist/development/chunk-OIYGIGL5.mjs:5275:26)
    at Routes (file:///C:/Projects/ma-saas-platform/M-S-SaaS-apex-deliver/frontend/node_modules/react-router/dist/development/chunk-OIYGIGL5.mjs:6123:3)
    at AppRoutes (C:/Projects/ma-saas-platform/M-S-SaaS-apex-deliver/frontend/src/App.tsx:99:45)
    at Router (file:///C:/Projects/ma-saas-platform/M-S-SaaS-apex-deliver/frontend/node_modules/react-router/dist/development/chunk-OIYGIGL5.mjs:6066:13)
    at MemoryRouter (file:///C:/Projects/ma-saas-platform/M-S-SaaS-apex-deliver/frontend/node_modules/react-router/dist/development/chunk-OIYGIGL5.mjs:5988:3)
    at QueryClientProvider (file:///C:/Projects/ma-saas-platform/M-S-SaaS-apex-deliver/frontend/node_modules/@tanstack/react-query/build/modern/QueryClientProvider.js:20:3)

Consider adding an error boundary to your tree to customize error handling behavior.
Visit https://reactjs.org/link/error-boundaries to learn more about error boundaries.

 [31m❯[39m src/App.test.tsx [2m([22m[2m5 tests[22m[2m | [22m[31m3 failed[39m[2m)[22m[33m 46344[2mms[22m[39m
[31m     [31m×[31m renders the home route with sign-in actions for visitors[39m[33m 20170[2mms[22m[39m
     [33m[2m✓[22m[39m redirects visitors from the dashboard to the sign-in page [33m 3760[2mms[22m[39m
[31m     [31m×[31m shows dashboard content when the user is authenticated[39m[33m 20143[2mms[22m[39m
[31m     [31m×[31m updates the header to show the user menu for authenticated users[39m[33m 880[2mms[22m[39m
     [33m[2m✓[22m[39m routes to financial dashboard for authenticated users [33m 1312[2mms[22m[39m
 [32m✓[39m src/pages/marketing/legal/__tests__/LegalPages.test.tsx [2m([22m[2m3 tests[22m[2m)[22m[33m 1113[2mms[22m[39m
     [33m[2m✓[22m[39m renders Terms of Service with last updated date and sections [33m 645[2mms[22m[39m
 [32m✓[39m src/pages/documents/DocumentEditor.test.tsx [2m([22m[2m9 tests[22m[2m)[22m[33m 26227[2mms[22m[39m
     [33m[2m✓[22m[39m loads the document and supports rich text editing with autosave [33m 3942[2mms[22m[39m
     [33m[2m✓[22m[39m applies a selected template and updates the editor content [33m 1571[2mms[22m[39m
     [33m[2m✓[22m[39m surfaces AI suggestions and handles accept, reject, and regenerate flows [33m 7163[2mms[22m[39m
     [33m[2m✓[22m[39m exports the document in the selected format with configured options [33m 3558[2mms[22m[39m
     [33m[2m✓[22m[39m lists version history and restores a selected version into the editor [33m 1513[2mms[22m[39m
     [33m[2m✓[22m[39m shows active collaborators and updates presence on subscription events [33m 441[2mms[22m[39m
     [33m[2m✓[22m[39m surfaces keyboard shortcuts to accelerate editing workflows [33m 591[2mms[22m[39m
     [33m[2m✓[22m[39m handles save errors gracefully and displays retry messaging [33m 2328[2mms[22m[39m
     [33m[2m✓[22m[39m updates context for AI suggestions when the user provides additional details [33m 5051[2mms[22m[39m
 [32m✓[39m src/components/marketing/TrustBadges.test.tsx [2m([22m[2m47 tests[22m[2m)[22m[33m 918[2mms[22m[39m
 [32m✓[39m src/pages/marketing/AboutPage.test.tsx [2m([22m[2m3 tests[22m[2m)[22m[33m 3014[2mms[22m[39m
     [33m[2m✓[22m[39m sets the document title and renders the hero heading [33m 1212[2mms[22m[39m
     [33m[2m✓[22m[39m includes value statements and call to action [33m 1566[2mms[22m[39m
[90mstderr[2m | src/components/documents/DocumentList.test.tsx[2m > [22m[2mDocumentList[2m > [22m[2mshould call download API when download button clicked
[22m[39mNot implemented: navigation to another Document

[90mstderr[2m | src/pages/marketing/BlogListingPage.test.tsx[2m > [22m[2mBlogListingPage[2m > [22m[2mshows a friendly error message when the API call fails
[22m[39mFailed to load blog posts Error: Network error
    at C:/Projects/ma-saas-platform/M-S-SaaS-apex-deliver/frontend/src/pages/marketing/BlogListingPage.test.tsx:54:48
    at [90mfile:///C:/Projects/ma-saas-platform/M-S-SaaS-apex-deliver/frontend/[39mnode_modules/[4m@vitest/runner[24m/dist/index.js:157:11
    at [90mfile:///C:/Projects/ma-saas-platform/M-S-SaaS-apex-deliver/frontend/[39mnode_modules/[4m@vitest/runner[24m/dist/index.js:753:26
    at [90mfile:///C:/Projects/ma-saas-platform/M-S-SaaS-apex-deliver/frontend/[39mnode_modules/[4m@vitest/runner[24m/dist/index.js:1636:20
    at new Promise (<anonymous>)
    at runWithTimeout [90m(file:///C:/Projects/ma-saas-platform/M-S-SaaS-apex-deliver/frontend/[39mnode_modules/[4m@vitest/runner[24m/dist/index.js:1602:10[90m)[39m
    at runTest [90m(file:///C:/Projects/ma-saas-platform/M-S-SaaS-apex-deliver/frontend/[39mnode_modules/[4m@vitest/runner[24m/dist/index.js:1309:12[90m)[39m
    at runSuite [90m(file:///C:/Projects/ma-saas-platform/M-S-SaaS-apex-deliver/frontend/[39mnode_modules/[4m@vitest/runner[24m/dist/index.js:1468:8[90m)[39m
    at runSuite [90m(file:///C:/Projects/ma-saas-platform/M-S-SaaS-apex-deliver/frontend/[39mnode_modules/[4m@vitest/runner[24m/dist/index.js:1468:8[90m)[39m
    at runFiles [90m(file:///C:/Projects/ma-saas-platform/M-S-SaaS-apex-deliver/frontend/[39mnode_modules/[4m@vitest/runner[24m/dist/index.js:1526:3[90m)[39m

 [32m✓[39m src/pages/marketing/BlogListingPage.test.tsx [2m([22m[2m2 tests[22m[2m)[22m[32m 263[2mms[22m[39m
 [31m❯[39m src/components/layout/NavigationMenu.test.tsx [2m([22m[2m6 tests[22m[2m | [22m[31m3 failed[39m[2m)[22m[33m 628[2mms[22m[39m
     [32m✓[39m should render navigation menu[32m 242[2mms[22m[39m
[31m     [31m×[31m should show basic features for solo users[39m[32m 62[2mms[22m[39m
[31m     [31m×[31m should show admin link for admin users[39m[32m 95[2mms[22m[39m
[31m     [31m×[31m should show all features for enterprise users[39m[32m 37[2mms[22m[39m
     [32m✓[39m should highlight active route[32m 175[2mms[22m[39m
     [32m✓[39m should include UserButton component[32m 16[2mms[22m[39m
 [32m✓[39m src/components/documents/DocumentList.test.tsx [2m([22m[2m13 tests[22m[2m)[22m[33m 11861[2mms[22m[39m
     [33m[2m✓[22m[39m should render document list with file details [33m 919[2mms[22m[39m
     [33m[2m✓[22m[39m should show empty state when no documents [33m 529[2mms[22m[39m
     [33m[2m✓[22m[39m should sort documents by name [33m 2623[2mms[22m[39m
     [33m[2m✓[22m[39m should sort documents by date [33m 982[2mms[22m[39m
     [33m[2m✓[22m[39m should filter documents by search query [33m 306[2mms[22m[39m
     [33m[2m✓[22m[39m should select single document with checkbox [33m 385[2mms[22m[39m
     [33m[2m✓[22m[39m should select all documents with header checkbox [33m 1022[2mms[22m[39m
     [33m[2m✓[22m[39m should show download button for each document [33m 584[2mms[22m[39m
     [33m[2m✓[22m[39m should call download API when download button clicked [33m 1343[2mms[22m[39m
     [33m[2m✓[22m[39m should show delete button for each document [33m 1124[2mms[22m[39m
     [33m[2m✓[22m[39m should render manage access button when provided [33m 778[2mms[22m[39m
     [33m[2m✓[22m[39m should confirm before deleting document [33m 1004[2mms[22m[39m
 [32m✓[39m src/components/marketing/MarketingLayout.test.tsx [2m([22m[2m8 tests[22m[2m)[22m[32m 239[2mms[22m[39m
 [32m✓[39m src/components/deal-matching/IntroductionRequestModal.test.tsx [2m([22m[2m8 tests[22m[2m)[22m[33m 1153[2mms[22m[39m
     [33m[2m✓[22m[39m should call onSuccess after submission [33m 301[2mms[22m[39m
 [32m✓[39m src/components/marketing/ROICalculator.test.tsx [2m([22m[2m33 tests[22m[2m)[22m[33m 1472[2mms[22m[39m
     [33m[2m✓[22m[39m handles maximum deal count [33m 331[2mms[22m[39m
[90mstderr[2m | src/components/documents/BulkActions.test.tsx[2m > [22m[2mBulkActions Component[2m > [22m[2mBulk Delete[2m > [22m[2mshould call bulkDeleteDocuments API when confirmed
[22m[39mNot implemented: navigation to another Document

 [32m✓[39m src/components/documents/BulkActions.test.tsx [2m([22m[2m15 tests[22m[2m)[22m[33m 1949[2mms[22m[39m
       [33m[2m✓[22m[39m should display bulk download button [33m 713[2mms[22m[39m
 [32m✓[39m src/components/documents/BulkActionsToolbar.test.tsx [2m([22m[2m8 tests[22m[2m)[22m[33m 4741[2mms[22m[39m
     [33m[2m✓[22m[39m renders selection summary when items selected [33m 446[2mms[22m[39m
     [33m[2m✓[22m[39m disables download button when disableDownload true [33m 1471[2mms[22m[39m
     [33m[2m✓[22m[39m invokes onDownload when download clicked [33m 588[2mms[22m[39m
     [33m[2m✓[22m[39m invokes onDelete when delete clicked [33m 869[2mms[22m[39m
     [33m[2m✓[22m[39m invokes onClearSelection when clear button clicked [33m 1188[2mms[22m[39m
 [31m❯[39m src/components/documents/PermissionModal.test.tsx [2m([22m[2m8 tests[22m[2m | [22m[31m1 failed[39m[2m)[22m[33m 8029[2mms[22m[39m
     [32m✓[39m should not render when isOpen is false[32m 235[2mms[22m[39m
[31m     [31m×[31m should render modal with permissions list when isOpen is true[39m[33m 1839[2mms[22m[39m
     [33m[2m✓[22m[39m should display user roles (viewer/editor/owner) [33m 879[2mms[22m[39m
     [33m[2m✓[22m[39m should show add user input field [33m 1050[2mms[22m[39m
     [33m[2m✓[22m[39m should add new user with default viewer role [33m 808[2mms[22m[39m
     [33m[2m✓[22m[39m should change user role via dropdown [33m 1204[2mms[22m[39m
     [33m[2m✓[22m[39m should remove user permission [33m 1388[2mms[22m[39m
     [33m[2m✓[22m[39m should close modal when close button clicked [33m 625[2mms[22m[39m
 [32m✓[39m src/components/podcast/VideoUploadModal.test.tsx [2m([22m[2m16 tests[22m[2m)[22m[33m 10103[2mms[22m[39m
       [33m[2m✓[22m[39m should render modal when open [33m 703[2mms[22m[39m
       [33m[2m✓[22m[39m should show selected file name [33m 405[2mms[22m[39m
       [33m[2m✓[22m[39m should display file size [33m 2955[2mms[22m[39m
       [33m[2m✓[22m[39m should disable upload button when no file selected [33m 1649[2mms[22m[39m
       [33m[2m✓[22m[39m should enable upload button when valid file selected [33m 869[2mms[22m[39m
       [33m[2m✓[22m[39m should show progress bar during upload [33m 1251[2mms[22m[39m
       [33m[2m✓[22m[39m should show success message after upload [33m 466[2mms[22m[39m
       [33m[2m✓[22m[39m should show error message on upload failure [33m 503[2mms[22m[39m
       [33m[2m✓[22m[39m should call onClose when cancel button clicked [33m 306[2mms[22m[39m
 [32m✓[39m src/components/financial/FinancialOverview.test.tsx [2m([22m[2m6 tests[22m[2m)[22m[33m 752[2mms[22m[39m
     [33m[2m✓[22m[39m should render connection status card when not connected [33m 316[2mms[22m[39m
 [31m❯[39m src/components/podcast/YouTubePublisher.test.tsx [2m([22m[2m11 tests[22m[2m | [22m[31m2 failed[39m[2m)[22m[33m 44011[2mms[22m[39m
     [33m[2m✓[22m[39m shows connect call-to-action when YouTube is not connected and triggers OAuth flow [33m 2383[2mms[22m[39m
[31m     [31m×[31m prefills metadata form with episode details and enforces title length[39m[33m 20102[2mms[22m[39m
[31m     [31m×[31m submits publish payload with metadata and schedule[39m[33m 12126[2mms[22m[39m
     [33m[2m✓[22m[39m surfaces status badge for publishing states [33m 1373[2mms[22m[39m
     [33m[2m✓[22m[39m handles publish failure path with actionable messaging [33m 1883[2mms[22m[39m
     [33m[2m✓[22m[39m gates all functionality when access is locked behind Premium tier [33m 439[2mms[22m[39m
     [33m[2m✓[22m[39m allows disconnecting the connected channel [33m 1810[2mms[22m[39m
     [33m[2m✓[22m[39m displays retry action when connection requires re-authentication [33m 998[2mms[22m[39m
     [33m[2m✓[22m[39m provides live validation feedback for mandatory metadata fields [33m 789[2mms[22m[39m
     [33m[2m✓[22m[39m shows processing indicator while publish mutation is in flight [33m 961[2mms[22m[39m
     [33m[2m✓[22m[39m locks scheduling controls when privacy is set to private [33m 1005[2mms[22m[39m
 [32m✓[39m src/pages/marketing/AboutPage.meta.test.tsx [2m([22m[2m1 test[22m[2m)[22m[32m 113[2mms[22m[39m
 [32m✓[39m src/components/marketing/Footer.test.tsx [2m([22m[2m10 tests[22m[2m)[22m[33m 1434[2mms[22m[39m
       [33m[2m✓[22m[39m should render Product section with links [33m 536[2mms[22m[39m
       [33m[2m✓[22m[39m should render Company section with links [33m 339[2mms[22m[39m
 [32m✓[39m src/pages/marketing/SecurityPage.test.tsx [2m([22m[2m21 tests[22m[2m)[22m[33m 892[2mms[22m[39m
 [32m✓[39m src/pages/marketing/CaseStudiesPage.test.tsx [2m([22m[2m8 tests[22m[2m)[22m[33m 1165[2mms[22m[39m
       [33m[2m✓[22m[39m should render main heading [33m 385[2mms[22m[39m
 [32m✓[39m src/components/marketing/ComparisonTable.test.tsx [2m([22m[2m40 tests[22m[2m)[22m[33m 948[2mms[22m[39m
 [32m✓[39m src/pages/checkout/CheckoutSuccess.test.tsx [2m([22m[2m3 tests[22m[2m)[22m[33m 1540[2mms[22m[39m
     [33m[2m✓[22m[39m should display success message [33m 469[2mms[22m[39m
     [33m[2m✓[22m[39m should provide link to billing dashboard [33m 930[2mms[22m[39m
 [32m✓[39m src/pages/marketing/FourStageCyclePage.test.tsx [2m([22m[2m8 tests[22m[2m)[22m[33m 4283[2mms[22m[39m
       [33m[2m✓[22m[39m should render page without errors [33m 1806[2mms[22m[39m
       [33m[2m✓[22m[39m should render Evaluation stage heading [33m 447[2mms[22m[39m
       [33m[2m✓[22m[39m should render AI-powered deal sourcing capability [33m 312[2mms[22m[39m
       [33m[2m✓[22m[39m should render Pre-Deal stage heading [33m 430[2mms[22m[39m
       [33m[2m✓[22m[39m should render Post-Deal stage heading [33m 356[2mms[22m[39m
       [33m[2m✓[22m[39m should render PMI capabilities [33m 486[2mms[22m[39m
 [31m❯[39m src/pages/podcast/PodcastStudio.test.tsx [2m([22m[2m29 tests[22m[2m | [22m[31m1 failed[39m[2m)[22m[33m 46624[2mms[22m[39m
       [33m[2m✓[22m[39m should show upgrade prompt when user lacks podcast_audio access [33m 1013[2mms[22m[39m
       [33m[2m✓[22m[39m should render episode list when user has access [33m 318[2mms[22m[39m
       [33m[2m✓[22m[39m should display quota usage for Professional tier [33m 826[2mms[22m[39m
       [33m[2m✓[22m[39m should show approaching quota banner when usage reaches warning threshold [33m 583[2mms[22m[39m
       [33m[2m✓[22m[39m should show critical quota banner when usage reaches critical threshold [33m 482[2mms[22m[39m
       [33m[2m✓[22m[39m should display billing cycle with reset range when provided [33m 449[2mms[22m[39m
       [33m[2m✓[22m[39m should disable new episode creation and show upgrade CTA when quota requires upgrade [33m 646[2mms[22m[39m
       [32m✓[39m should display "Unlimited" for Premium tier[32m 239[2mms[22m[39m
       [33m[2m✓[22m[39m should surface upgrade CTA when quota requires upgrade [33m 625[2mms[22m[39m
[31m       [31m×[31m should show transcribe button when transcript missing[39m[33m 1386[2mms[22m[39m
       [33m[2m✓[22m[39m should call API and show success message when transcription completes [33m 2553[2mms[22m[39m
       [33m[2m✓[22m[39m should indicate when transcript is ready [33m 991[2mms[22m[39m
       [33m[2m✓[22m[39m should provide transcript download links when transcript ready [33m 1102[2mms[22m[39m
       [32m✓[39m should display "No episodes" when list is empty[32m 261[2mms[22m[39m
       [33m[2m✓[22m[39m should display list of episodes with titles [33m 644[2mms[22m[39m
       [32m✓[39m should show episode status badges[32m 280[2mms[22m[39m
       [33m[2m✓[22m[39m shows thumbnail when thumbnail_url present [33m 559[2mms[22m[39m
       [33m[2m✓[22m[39m renders placeholder when thumbnail missing [33m 324[2mms[22m[39m
       [33m[2m✓[22m[39m allows editing metadata before publishing to YouTube when integration access granted [33m 9208[2mms[22m[39m
       [33m[2m✓[22m[39m initiates OAuth connect flow when YouTube account is not connected [33m 1149[2mms[22m[39m
       [33m[2m✓[22m[39m should show upgrade button when youtube integration access denied [33m 449[2mms[22m[39m
       [32m✓[39m should render "New Episode" button[32m 236[2mms[22m[39m
       [32m✓[39m should disable "New Episode" button when quota exceeded[32m 182[2mms[22m[39m
       [33m[2m✓[22m[39m should open Create Episode modal when New Episode button clicked [33m 768[2mms[22m[39m
       [33m[2m✓[22m[39m should create episode when form submitted with valid data [33m 10473[2mms[22m[39m
       [33m[2m✓[22m[39m should open Edit modal when Edit button clicked on episode [33m 1807[2mms[22m[39m
       [33m[2m✓[22m[39m should update episode when edit form submitted [33m 4712[2mms[22m[39m
       [33m[2m✓[22m[39m should show delete confirmation when delete button clicked [33m 1938[2mms[22m[39m
       [33m[2m✓[22m[39m should delete episode when deletion confirmed [33m 2413[2mms[22m[39m
 [32m✓[39m src/pages/deals/MatchingWorkspace.test.tsx [2m([22m[2m17 tests[22m[2m)[22m[33m 15267[2mms[22m[39m
       [33m[2m✓[22m[39m renders workspace with title and tabs [33m 2985[2mms[22m[39m
       [33m[2m✓[22m[39m renders error message when fetch fails [33m 511[2mms[22m[39m
       [33m[2m✓[22m[39m lists saved criteria presets [33m 404[2mms[22m[39m
       [33m[2m✓[22m[39m shows new criteria button [33m 933[2mms[22m[39m
       [33m[2m✓[22m[39m displays criteria details including custom filters [33m 367[2mms[22m[39m
       [33m[2m✓[22m[39m renders match results with scores [33m 364[2mms[22m[39m
       [33m[2m✓[22m[39m shows confidence badges [33m 630[2mms[22m[39m
       [33m[2m✓[22m[39m allows switching between tabs [33m 1466[2mms[22m[39m
       [33m[2m✓[22m[39m triggers find matches using selected preset [33m 1495[2mms[22m[39m
       [33m[2m✓[22m[39m records view action and opens detail modal [33m 1412[2mms[22m[39m
       [33m[2m✓[22m[39m records save and pass actions from match cards [33m 564[2mms[22m[39m
       [33m[2m✓[22m[39m opens introduction request modal from detail view [33m 1787[2mms[22m[39m
       [33m[2m✓[22m[39m displays analytics widgets summarising matches [33m 911[2mms[22m[39m
       [33m[2m✓[22m[39m shows upgrade prompt for starter tier [33m 494[2mms[22m[39m
       [33m[2m✓[22m[39m allows access for professional tier [33m 593[2mms[22m[39m
 [32m✓[39m src/components/podcast/QuotaWarning.test.tsx [2m([22m[2m5 tests[22m[2m)[22m[32m 289[2mms[22m[39m
 [32m✓[39m src/pages/marketing/PodcastPage.test.tsx [2m([22m[2m11 tests[22m[2m)[22m[33m 2641[2mms[22m[39m
       [33m[2m✓[22m[39m should render main heading [33m 903[2mms[22m[39m
       [33m[2m✓[22m[39m should render "Start Your Free 14-Day Trial" button [33m 377[2mms[22m[39m
       [33m[2m✓[22m[39m should track analytics when trial button is clicked [33m 449[2mms[22m[39m
 [32m✓[39m src/components/documents/UploadPanel.test.tsx [2m([22m[2m10 tests[22m[2m)[22m[33m 367[2mms[22m[39m
 [32m✓[39m src/pages/marketing/NotFound.test.tsx [2m([22m[2m5 tests[22m[2m)[22m[33m 338[2mms[22m[39m
 [32m✓[39m src/pages/dashboard/BillingDashboard.test.tsx [2m([22m[2m8 tests[22m[2m)[22m[33m 833[2mms[22m[39m
     [33m[2m✓[22m[39m opens customer portal and shows loading state [33m 443[2mms[22m[39m
 [32m✓[39m src/components/auth/AuthErrorBoundary.test.tsx [2m([22m[2m3 tests[22m[2m)[22m[33m 813[2mms[22m[39m
     [33m[2m✓[22m[39m should provide a way to recover from error [33m 580[2mms[22m[39m
 [31m❯[39m src/components/master-admin/shared/StatCard.test.tsx [2m([22m[2m8 tests[22m[2m | [22m[31m2 failed[39m[2m)[22m[33m 569[2mms[22m[39m
     [32m✓[39m should render with basic props[32m 111[2mms[22m[39m
     [32m✓[39m should render with subtitle[32m 7[2mms[22m[39m
     [32m✓[39m should render with icon[32m 17[2mms[22m[39m
     [32m✓[39m should render with positive trend[32m 9[2mms[22m[39m
[31m     [31m×[31m should render with negative trend[39m[32m 19[2mms[22m[39m
     [33m[2m✓[22m[39m should call onClick when clicked (if provided) [33m 393[2mms[22m[39m
     [32m✓[39m should not be clickable when onClick is not provided[32m 4[2mms[22m[39m
[31m     [31m×[31m should apply custom className[39m[32m 6[2mms[22m[39m
[90mstderr[2m | src/pages/tasks/TaskBoard.test.tsx[2m > [22m[2mTaskBoard[2m > [22m[2mrefreshes tasks on polling interval
[22m[39mWarning: An update to TaskBoard inside a test was not wrapped in act(...).

When testing, code that causes React state updates should be wrapped into act(...):

act(() => {
  /* fire events that update state */
});
/* assert on the output */

This ensures that you're testing the behavior the user would see in the browser. Learn more at https://reactjs.org/link/wrap-tests-with-act
    at TaskBoard (C:/Projects/ma-saas-platform/M-S-SaaS-apex-deliver/frontend/src/pages/tasks/TaskBoard.tsx:75:63)
    at Router (file:///C:/Projects/ma-saas-platform/M-S-SaaS-apex-deliver/frontend/node_modules/react-router/dist/development/chunk-OIYGIGL5.mjs:6066:13)
    at BrowserRouter (file:///C:/Projects/ma-saas-platform/M-S-SaaS-apex-deliver/frontend/node_modules/react-router/dist/development/chunk-OIYGIGL5.mjs:9209:3)
    at QueryClientProvider (file:///C:/Projects/ma-saas-platform/M-S-SaaS-apex-deliver/frontend/node_modules/@tanstack/react-query/build/modern/QueryClientProvider.js:20:3)
    at C:/Projects/ma-saas-platform/M-S-SaaS-apex-deliver/frontend/src/pages/tasks/TaskBoard.test.tsx:87:13
Warning: An update to TaskBoard inside a test was not wrapped in act(...).

When testing, code that causes React state updates should be wrapped into act(...):

act(() => {
  /* fire events that update state */
});
/* assert on the output */

This ensures that you're testing the behavior the user would see in the browser. Learn more at https://reactjs.org/link/wrap-tests-with-act
    at TaskBoard (C:/Projects/ma-saas-platform/M-S-SaaS-apex-deliver/frontend/src/pages/tasks/TaskBoard.tsx:75:63)
    at Router (file:///C:/Projects/ma-saas-platform/M-S-SaaS-apex-deliver/frontend/node_modules/react-router/dist/development/chunk-OIYGIGL5.mjs:6066:13)
    at BrowserRouter (file:///C:/Projects/ma-saas-platform/M-S-SaaS-apex-deliver/frontend/node_modules/react-router/dist/development/chunk-OIYGIGL5.mjs:9209:3)
    at QueryClientProvider (file:///C:/Projects/ma-saas-platform/M-S-SaaS-apex-deliver/frontend/node_modules/@tanstack/react-query/build/modern/QueryClientProvider.js:20:3)
    at C:/Projects/ma-saas-platform/M-S-SaaS-apex-deliver/frontend/src/pages/tasks/TaskBoard.test.tsx:87:13
Warning: An update to TaskBoard inside a test was not wrapped in act(...).

When testing, code that causes React state updates should be wrapped into act(...):

act(() => {
  /* fire events that update state */
});
/* assert on the output */

This ensures that you're testing the behavior the user would see in the browser. Learn more at https://reactjs.org/link/wrap-tests-with-act
    at TaskBoard (C:/Projects/ma-saas-platform/M-S-SaaS-apex-deliver/frontend/src/pages/tasks/TaskBoard.tsx:75:63)
    at Router (file:///C:/Projects/ma-saas-platform/M-S-SaaS-apex-deliver/frontend/node_modules/react-router/dist/development/chunk-OIYGIGL5.mjs:6066:13)
    at BrowserRouter (file:///C:/Projects/ma-saas-platform/M-S-SaaS-apex-deliver/frontend/node_modules/react-router/dist/development/chunk-OIYGIGL5.mjs:9209:3)
    at QueryClientProvider (file:///C:/Projects/ma-saas-platform/M-S-SaaS-apex-deliver/frontend/node_modules/@tanstack/react-query/build/modern/QueryClientProvider.js:20:3)
    at C:/Projects/ma-saas-platform/M-S-SaaS-apex-deliver/frontend/src/pages/tasks/TaskBoard.test.tsx:87:13
Warning: An update to TaskBoard inside a test was not wrapped in act(...).

When testing, code that causes React state updates should be wrapped into act(...):

act(() => {
  /* fire events that update state */
});
/* assert on the output */

This ensures that you're testing the behavior the user would see in the browser. Learn more at https://reactjs.org/link/wrap-tests-with-act
    at TaskBoard (C:/Projects/ma-saas-platform/M-S-SaaS-apex-deliver/frontend/src/pages/tasks/TaskBoard.tsx:75:63)
    at Router (file:///C:/Projects/ma-saas-platform/M-S-SaaS-apex-deliver/frontend/node_modules/react-router/dist/development/chunk-OIYGIGL5.mjs:6066:13)
    at BrowserRouter (file:///C:/Projects/ma-saas-platform/M-S-SaaS-apex-deliver/frontend/node_modules/react-router/dist/development/chunk-OIYGIGL5.mjs:9209:3)
    at QueryClientProvider (file:///C:/Projects/ma-saas-platform/M-S-SaaS-apex-deliver/frontend/node_modules/@tanstack/react-query/build/modern/QueryClientProvider.js:20:3)
    at C:/Projects/ma-saas-platform/M-S-SaaS-apex-deliver/frontend/src/pages/tasks/TaskBoard.test.tsx:87:13

[90mstderr[2m | src/pages/tasks/TaskBoard.test.tsx[2m > [22m[2mTaskBoard[2m > [22m[2mrefreshes tasks on polling interval
[22m[39mWarning: An update to TaskBoard inside a test was not wrapped in act(...).

When testing, code that causes React state updates should be wrapped into act(...):

act(() => {
  /* fire events that update state */
});
/* assert on the output */

This ensures that you're testing the behavior the user would see in the browser. Learn more at https://reactjs.org/link/wrap-tests-with-act
    at TaskBoard (C:/Projects/ma-saas-platform/M-S-SaaS-apex-deliver/frontend/src/pages/tasks/TaskBoard.tsx:75:63)
    at Router (file:///C:/Projects/ma-saas-platform/M-S-SaaS-apex-deliver/frontend/node_modules/react-router/dist/development/chunk-OIYGIGL5.mjs:6066:13)
    at BrowserRouter (file:///C:/Projects/ma-saas-platform/M-S-SaaS-apex-deliver/frontend/node_modules/react-router/dist/development/chunk-OIYGIGL5.mjs:9209:3)
    at QueryClientProvider (file:///C:/Projects/ma-saas-platform/M-S-SaaS-apex-deliver/frontend/node_modules/@tanstack/react-query/build/modern/QueryClientProvider.js:20:3)
    at C:/Projects/ma-saas-platform/M-S-SaaS-apex-deliver/frontend/src/pages/tasks/TaskBoard.test.tsx:87:13

[90mstderr[2m | src/pages/tasks/TaskBoard.test.tsx[2m > [22m[2mTaskBoard[2m > [22m[2mrefreshes tasks on polling interval
[22m[39mWarning: An update to TaskBoard inside a test was not wrapped in act(...).

When testing, code that causes React state updates should be wrapped into act(...):

act(() => {
  /* fire events that update state */
});
/* assert on the output */

This ensures that you're testing the behavior the user would see in the browser. Learn more at https://reactjs.org/link/wrap-tests-with-act
    at TaskBoard (C:/Projects/ma-saas-platform/M-S-SaaS-apex-deliver/frontend/src/pages/tasks/TaskBoard.tsx:75:63)
    at Router (file:///C:/Projects/ma-saas-platform/M-S-SaaS-apex-deliver/frontend/node_modules/react-router/dist/development/chunk-OIYGIGL5.mjs:6066:13)
    at BrowserRouter (file:///C:/Projects/ma-saas-platform/M-S-SaaS-apex-deliver/frontend/node_modules/react-router/dist/development/chunk-OIYGIGL5.mjs:9209:3)
    at QueryClientProvider (file:///C:/Projects/ma-saas-platform/M-S-SaaS-apex-deliver/frontend/node_modules/@tanstack/react-query/build/modern/QueryClientProvider.js:20:3)
    at C:/Projects/ma-saas-platform/M-S-SaaS-apex-deliver/frontend/src/pages/tasks/TaskBoard.test.tsx:87:13

 [32m✓[39m src/pages/tasks/TaskBoard.test.tsx [2m([22m[2m13 tests[22m[2m)[22m[33m 37645[2mms[22m[39m
     [33m[2m✓[22m[39m renders task board with required columns and tasks [33m 2595[2mms[22m[39m
     [33m[2m✓[22m[39m persists filters when modified [33m 1082[2mms[22m[39m
     [33m[2m✓[22m[39m filters tasks by assignee, status, priority, and due date [33m 3879[2mms[22m[39m
     [33m[2m✓[22m[39m sorts tasks by due date and priority [33m 3392[2mms[22m[39m
     [33m[2m✓[22m[39m opens task creation modal and validates required fields [33m 9301[2mms[22m[39m
     [33m[2m✓[22m[39m supports keyboard shortcut for opening the new task modal [33m 1121[2mms[22m[39m
     [33m[2m✓[22m[39m opens task detail modal on card click and loads task detail data [33m 1119[2mms[22m[39m
     [33m[2m✓[22m[39m updates task details from detail modal [33m 8339[2mms[22m[39m
     [33m[2m✓[22m[39m assigns a task from the detail modal [33m 2940[2mms[22m[39m
     [33m[2m✓[22m[39m deletes a task from the detail modal [33m 2296[2mms[22m[39m
     [33m[2m✓[22m[39m handles drag and drop between columns and calls updateTaskStatus [33m 539[2mms[22m[39m
     [33m[2m✓[22m[39m shows loading and error states [33m 698[2mms[22m[39m
     [33m[2m✓[22m[39m refreshes tasks on polling interval [33m 340[2mms[22m[39m
[90mstderr[2m | src/pages/marketing/__tests__/BlogListingPage.contract.test.tsx[2m > [22m[2mBlogListingPage contract[2m > [22m[2mshows a friendly outage message when the blog API fails
[22m[39mFailed to load blog posts Error: network down
    at C:/Projects/ma-saas-platform/M-S-SaaS-apex-deliver/frontend/src/pages/marketing/__tests__/BlogListingPage.contract.test.tsx:22:39
    at [90mfile:///C:/Projects/ma-saas-platform/M-S-SaaS-apex-deliver/frontend/[39mnode_modules/[4m@vitest/runner[24m/dist/index.js:157:11
    at [90mfile:///C:/Projects/ma-saas-platform/M-S-SaaS-apex-deliver/frontend/[39mnode_modules/[4m@vitest/runner[24m/dist/index.js:753:26
    at [90mfile:///C:/Projects/ma-saas-platform/M-S-SaaS-apex-deliver/frontend/[39mnode_modules/[4m@vitest/runner[24m/dist/index.js:1636:20
    at new Promise (<anonymous>)
    at runWithTimeout [90m(file:///C:/Projects/ma-saas-platform/M-S-SaaS-apex-deliver/frontend/[39mnode_modules/[4m@vitest/runner[24m/dist/index.js:1602:10[90m)[39m
    at runTest [90m(file:///C:/Projects/ma-saas-platform/M-S-SaaS-apex-deliver/frontend/[39mnode_modules/[4m@vitest/runner[24m/dist/index.js:1309:12[90m)[39m
    at runSuite [90m(file:///C:/Projects/ma-saas-platform/M-S-SaaS-apex-deliver/frontend/[39mnode_modules/[4m@vitest/runner[24m/dist/index.js:1468:8[90m)[39m
    at runSuite [90m(file:///C:/Projects/ma-saas-platform/M-S-SaaS-apex-deliver/frontend/[39mnode_modules/[4m@vitest/runner[24m/dist/index.js:1468:8[90m)[39m
    at runFiles [90m(file:///C:/Projects/ma-saas-platform/M-S-SaaS-apex-deliver/frontend/[39mnode_modules/[4m@vitest/runner[24m/dist/index.js:1526:3[90m)[39m

 [32m✓[39m src/components/layout/Breadcrumbs.test.tsx [2m([22m[2m4 tests[22m[2m)[22m[33m 399[2mms[22m[39m
 [32m✓[39m src/components/marketing/HeroSection.test.tsx [2m([22m[2m5 tests[22m[2m)[22m[33m 422[2mms[22m[39m
 [32m✓[39m src/pages/marketing/__tests__/BlogListingPage.contract.test.tsx [2m([22m[2m1 test[22m[2m)[22m[33m 502[2mms[22m[39m
     [33m[2m✓[22m[39m shows a friendly outage message when the blog API fails [33m 500[2mms[22m[39m
 [32m✓[39m src/components/marketing/EnhancedTestimonials.test.tsx [2m([22m[2m36 tests[22m[2m)[22m[33m 5197[2mms[22m[39m
     [33m[2m✓[22m[39m renders without crashing [33m 1176[2mms[22m[39m
     [33m[2m✓[22m[39m renders first testimonial by default [33m 348[2mms[22m[39m
     [33m[2m✓[22m[39m displays testimonial quote [33m 323[2mms[22m[39m
     [33m[2m✓[22m[39m displays customer metrics [33m 339[2mms[22m[39m
     [33m[2m✓[22m[39m navigates to next testimonial on next button click [33m 610[2mms[22m[39m
     [33m[2m✓[22m[39m navigates to previous testimonial on prev button click [33m 523[2mms[22m[39m
     [33m[2m✓[22m[39m displays navigation dots [33m 364[2mms[22m[39m
     [33m[2m✓[22m[39m displays metrics for each testimonial [33m 412[2mms[22m[39m
 [32m✓[39m src/pages/marketing/LandingPage.test.tsx [2m([22m[2m5 tests[22m[2m)[22m[33m 709[2mms[22m[39m
     [33m[2m✓[22m[39m renders hero section [33m 425[2mms[22m[39m
 [32m✓[39m src/components/podcast/CreateEpisodeModal.test.tsx [2m([22m[2m2 tests[22m[2m)[22m[32m 80[2mms[22m[39m
 [32m✓[39m src/components/financial/FinancialNarrativeDisplay.test.tsx [2m([22m[2m9 tests[22m[2m)[22m[33m 364[2mms[22m[39m
 [32m✓[39m src/components/financial/FinancialRatiosDashboard.test.tsx [2m([22m[2m10 tests[22m[2m)[22m[33m 1999[2mms[22m[39m
     [33m[2m✓[22m[39m should render profitability ratios section [33m 827[2mms[22m[39m
     [33m[2m✓[22m[39m should display ratio descriptions on hover or click [33m 792[2mms[22m[39m
 [32m✓[39m src/pages/marketing/FAQPage.test.tsx [2m([22m[2m16 tests[22m[2m)[22m[33m 484[2mms[22m[39m
 [32m✓[39m src/components/common/SEO.test.tsx [2m([22m[2m8 tests[22m[2m)[22m[32m 187[2mms[22m[39m
 [32m✓[39m src/components/deal-matching/MatchDetailModal.test.tsx [2m([22m[2m9 tests[22m[2m)[22m[33m 2013[2mms[22m[39m
     [33m[2m✓[22m[39m should not render when isOpen is false [33m 302[2mms[22m[39m
     [33m[2m✓[22m[39m should render modal when isOpen is true [33m 982[2mms[22m[39m
     [33m[2m✓[22m[39m should call onSave when Save button is clicked [33m 310[2mms[22m[39m
 [32m✓[39m src/components/common/OptimizedImage.test.tsx [2m([22m[2m21 tests[22m[2m)[22m[32m 189[2mms[22m[39m
 [32m✓[39m src/pages/marketing/SalesPromotionPricingPage.test.tsx [2m([22m[2m8 tests[22m[2m)[22m[33m 474[2mms[22m[39m
 [32m✓[39m src/pages/marketing/TeamPage.test.tsx [2m([22m[2m8 tests[22m[2m)[22m[33m 3035[2mms[22m[39m
       [33m[2m✓[22m[39m should render main heading [33m 1320[2mms[22m[39m
       [33m[2m✓[22m[39m should render Dudley Peacock with title [33m 621[2mms[22m[39m
       [33m[2m✓[22m[39m should render Sandra Peacock with title [33m 557[2mms[22m[39m
[90mstderr[2m | src/components/marketing/ExitIntentPopup.test.tsx[2m > [22m[2mExitIntentPopup[2m > [22m[2mshould render when mouse leaves viewport
[22m[39mWarning: React.jsx: type is invalid -- expected a string (for built-in components) or a class/function (for composite components) but got: undefined. You likely forgot to export your component from the file it's defined in, or you might have mixed up default and named imports.

Check the render method of `ExitIntentPopup`.
    at ExitIntentPopup (C:/Projects/ma-saas-platform/M-S-SaaS-apex-deliver/frontend/src/components/marketing/ExitIntentPopup.tsx:12:71)
Warning: React.jsx: type is invalid -- expected a string (for built-in components) or a class/function (for composite components) but got: undefined. You likely forgot to export your component from the file it's defined in, or you might have mixed up default and named imports.

Check the render method of `ExitIntentPopup`.
    at ExitIntentPopup (C:/Projects/ma-saas-platform/M-S-SaaS-apex-deliver/frontend/src/components/marketing/ExitIntentPopup.tsx:12:71)
Error: Element type is invalid: expected a string (for built-in components) or a class/function (for composite components) but got: undefined. You likely forgot to export your component from the file it's defined in, or you might have mixed up default and named imports.

Check the render method of `ExitIntentPopup`.
    at createFiberFromTypeAndProps (C:\Projects\ma-saas-platform\M-S-SaaS-apex-deliver\frontend\node_modules\react-dom\cjs\react-dom.development.js:28478:17)
    at createFiberFromElement (C:\Projects\ma-saas-platform\M-S-SaaS-apex-deliver\frontend\node_modules\react-dom\cjs\react-dom.development.js:28504:15)
    at createChild (C:\Projects\ma-saas-platform\M-S-SaaS-apex-deliver\frontend\node_modules\react-dom\cjs\react-dom.development.js:13345:28)
    at reconcileChildrenArray (C:\Projects\ma-saas-platform\M-S-SaaS-apex-deliver\frontend\node_modules\react-dom\cjs\react-dom.development.js:13640:25)
    at reconcileChildFibers (C:\Projects\ma-saas-platform\M-S-SaaS-apex-deliver\frontend\node_modules\react-dom\cjs\react-dom.development.js:14057:16)
    at reconcileChildren (C:\Projects\ma-saas-platform\M-S-SaaS-apex-deliver\frontend\node_modules\react-dom\cjs\react-dom.development.js:19186:28)
    at updateHostComponent (C:\Projects\ma-saas-platform\M-S-SaaS-apex-deliver\frontend\node_modules\react-dom\cjs\react-dom.development.js:19953:3)
    at beginWork (C:\Projects\ma-saas-platform\M-S-SaaS-apex-deliver\frontend\node_modules\react-dom\cjs\react-dom.development.js:21657:14)
    at HTMLUnknownElement.callCallback (C:\Projects\ma-saas-platform\M-S-SaaS-apex-deliver\frontend\node_modules\react-dom\cjs\react-dom.development.js:4164:14)
    at HTMLUnknownElement.callTheUserObjectsOperation (C:\Projects\ma-saas-platform\M-S-SaaS-apex-deliver\frontend\node_modules\jsdom\lib\jsdom\living\generated\EventListener.js:26:30)
Warning: React.jsx: type is invalid -- expected a string (for built-in components) or a class/function (for composite components) but got: undefined. You likely forgot to export your component from the file it's defined in, or you might have mixed up default and named imports.

Check the render method of `ExitIntentPopup`.
    at ExitIntentPopup (C:/Projects/ma-saas-platform/M-S-SaaS-apex-deliver/frontend/src/components/marketing/ExitIntentPopup.tsx:12:71)
Warning: React.jsx: type is invalid -- expected a string (for built-in components) or a class/function (for composite components) but got: undefined. You likely forgot to export your component from the file it's defined in, or you might have mixed up default and named imports.

Check the render method of `ExitIntentPopup`.
    at ExitIntentPopup (C:/Projects/ma-saas-platform/M-S-SaaS-apex-deliver/frontend/src/components/marketing/ExitIntentPopup.tsx:12:71)
Error: Element type is invalid: expected a string (for built-in components) or a class/function (for composite components) but got: undefined. You likely forgot to export your component from the file it's defined in, or you might have mixed up default and named imports.

Check the render method of `ExitIntentPopup`.
    at createFiberFromTypeAndProps (C:\Projects\ma-saas-platform\M-S-SaaS-apex-deliver\frontend\node_modules\react-dom\cjs\react-dom.development.js:28478:17)
    at createFiberFromElement (C:\Projects\ma-saas-platform\M-S-SaaS-apex-deliver\frontend\node_modules\react-dom\cjs\react-dom.development.js:28504:15)
    at createChild (C:\Projects\ma-saas-platform\M-S-SaaS-apex-deliver\frontend\node_modules\react-dom\cjs\react-dom.development.js:13345:28)
    at reconcileChildrenArray (C:\Projects\ma-saas-platform\M-S-SaaS-apex-deliver\frontend\node_modules\react-dom\cjs\react-dom.development.js:13640:25)
    at reconcileChildFibers (C:\Projects\ma-saas-platform\M-S-SaaS-apex-deliver\frontend\node_modules\react-dom\cjs\react-dom.development.js:14057:16)
    at reconcileChildren (C:\Projects\ma-saas-platform\M-S-SaaS-apex-deliver\frontend\node_modules\react-dom\cjs\react-dom.development.js:19186:28)
    at updateHostComponent (C:\Projects\ma-saas-platform\M-S-SaaS-apex-deliver\frontend\node_modules\react-dom\cjs\react-dom.development.js:19953:3)
    at beginWork (C:\Projects\ma-saas-platform\M-S-SaaS-apex-deliver\frontend\node_modules\react-dom\cjs\react-dom.development.js:21657:14)
    at HTMLUnknownElement.callCallback (C:\Projects\ma-saas-platform\M-S-SaaS-apex-deliver\frontend\node_modules\react-dom\cjs\react-dom.development.js:4164:14)
    at HTMLUnknownElement.callTheUserObjectsOperation (C:\Projects\ma-saas-platform\M-S-SaaS-apex-deliver\frontend\node_modules\jsdom\lib\jsdom\living\generated\EventListener.js:26:30)
The above error occurred in the <div> component:

    at div
    at form
    at div
    at div
    at ExitIntentPopup (C:/Projects/ma-saas-platform/M-S-SaaS-apex-deliver/frontend/src/components/marketing/ExitIntentPopup.tsx:12:71)

Consider adding an error boundary to your tree to customize error handling behavior.
Visit https://reactjs.org/link/error-boundaries to learn more about error boundaries.

[90mstderr[2m | src/components/marketing/ExitIntentPopup.test.tsx[2m > [22m[2mExitIntentPopup[2m > [22m[2mshould display email form with all elements
[22m[39mWarning: React.jsx: type is invalid -- expected a string (for built-in components) or a class/function (for composite components) but got: undefined. You likely forgot to export your component from the file it's defined in, or you might have mixed up default and named imports.

Check the render method of `ExitIntentPopup`.
    at ExitIntentPopup (C:/Projects/ma-saas-platform/M-S-SaaS-apex-deliver/frontend/src/components/marketing/ExitIntentPopup.tsx:12:71)
Warning: React.jsx: type is invalid -- expected a string (for built-in components) or a class/function (for composite components) but got: undefined. You likely forgot to export your component from the file it's defined in, or you might have mixed up default and named imports.

Check the render method of `ExitIntentPopup`.
    at ExitIntentPopup (C:/Projects/ma-saas-platform/M-S-SaaS-apex-deliver/frontend/src/components/marketing/ExitIntentPopup.tsx:12:71)
Error: Element type is invalid: expected a string (for built-in components) or a class/function (for composite components) but got: undefined. You likely forgot to export your component from the file it's defined in, or you might have mixed up default and named imports.

Check the render method of `ExitIntentPopup`.
    at createFiberFromTypeAndProps (C:\Projects\ma-saas-platform\M-S-SaaS-apex-deliver\frontend\node_modules\react-dom\cjs\react-dom.development.js:28478:17)
    at createFiberFromElement (C:\Projects\ma-saas-platform\M-S-SaaS-apex-deliver\frontend\node_modules\react-dom\cjs\react-dom.development.js:28504:15)
    at createChild (C:\Projects\ma-saas-platform\M-S-SaaS-apex-deliver\frontend\node_modules\react-dom\cjs\react-dom.development.js:13345:28)
    at reconcileChildrenArray (C:\Projects\ma-saas-platform\M-S-SaaS-apex-deliver\frontend\node_modules\react-dom\cjs\react-dom.development.js:13640:25)
    at reconcileChildFibers (C:\Projects\ma-saas-platform\M-S-SaaS-apex-deliver\frontend\node_modules\react-dom\cjs\react-dom.development.js:14057:16)
    at reconcileChildren (C:\Projects\ma-saas-platform\M-S-SaaS-apex-deliver\frontend\node_modules\react-dom\cjs\react-dom.development.js:19186:28)
    at updateHostComponent (C:\Projects\ma-saas-platform\M-S-SaaS-apex-deliver\frontend\node_modules\react-dom\cjs\react-dom.development.js:19953:3)
    at beginWork (C:\Projects\ma-saas-platform\M-S-SaaS-apex-deliver\frontend\node_modules\react-dom\cjs\react-dom.development.js:21657:14)
    at HTMLUnknownElement.callCallback (C:\Projects\ma-saas-platform\M-S-SaaS-apex-deliver\frontend\node_modules\react-dom\cjs\react-dom.development.js:4164:14)
    at HTMLUnknownElement.callTheUserObjectsOperation (C:\Projects\ma-saas-platform\M-S-SaaS-apex-deliver\frontend\node_modules\jsdom\lib\jsdom\living\generated\EventListener.js:26:30)
Warning: React.jsx: type is invalid -- expected a string (for built-in components) or a class/function (for composite components) but got: undefined. You likely forgot to export your component from the file it's defined in, or you might have mixed up default and named imports.

Check the render method of `ExitIntentPopup`.
    at ExitIntentPopup (C:/Projects/ma-saas-platform/M-S-SaaS-apex-deliver/frontend/src/components/marketing/ExitIntentPopup.tsx:12:71)
Warning: React.jsx: type is invalid -- expected a string (for built-in components) or a class/function (for composite components) but got: undefined. You likely forgot to export your component from the file it's defined in, or you might have mixed up default and named imports.

Check the render method of `ExitIntentPopup`.
    at ExitIntentPopup (C:/Projects/ma-saas-platform/M-S-SaaS-apex-deliver/frontend/src/components/marketing/ExitIntentPopup.tsx:12:71)
Error: Element type is invalid: expected a string (for built-in components) or a class/function (for composite components) but got: undefined. You likely forgot to export your component from the file it's defined in, or you might have mixed up default and named imports.

Check the render method of `ExitIntentPopup`.
    at createFiberFromTypeAndProps (C:\Projects\ma-saas-platform\M-S-SaaS-apex-deliver\frontend\node_modules\react-dom\cjs\react-dom.development.js:28478:17)
    at createFiberFromElement (C:\Projects\ma-saas-platform\M-S-SaaS-apex-deliver\frontend\node_modules\react-dom\cjs\react-dom.development.js:28504:15)
    at createChild (C:\Projects\ma-saas-platform\M-S-SaaS-apex-deliver\frontend\node_modules\react-dom\cjs\react-dom.development.js:13345:28)
    at reconcileChildrenArray (C:\Projects\ma-saas-platform\M-S-SaaS-apex-deliver\frontend\node_modules\react-dom\cjs\react-dom.development.js:13640:25)
    at reconcileChildFibers (C:\Projects\ma-saas-platform\M-S-SaaS-apex-deliver\frontend\node_modules\react-dom\cjs\react-dom.development.js:14057:16)
    at reconcileChildren (C:\Projects\ma-saas-platform\M-S-SaaS-apex-deliver\frontend\node_modules\react-dom\cjs\react-dom.development.js:19186:28)
    at updateHostComponent (C:\Projects\ma-saas-platform\M-S-SaaS-apex-deliver\frontend\node_modules\react-dom\cjs\react-dom.development.js:19953:3)
    at beginWork (C:\Projects\ma-saas-platform\M-S-SaaS-apex-deliver\frontend\node_modules\react-dom\cjs\react-dom.development.js:21657:14)
    at HTMLUnknownElement.callCallback (C:\Projects\ma-saas-platform\M-S-SaaS-apex-deliver\frontend\node_modules\react-dom\cjs\react-dom.development.js:4164:14)
    at HTMLUnknownElement.callTheUserObjectsOperation (C:\Projects\ma-saas-platform\M-S-SaaS-apex-deliver\frontend\node_modules\jsdom\lib\jsdom\living\generated\EventListener.js:26:30)
The above error occurred in the <div> component:

    at div
    at form
    at div
    at div
    at ExitIntentPopup (C:/Projects/ma-saas-platform/M-S-SaaS-apex-deliver/frontend/src/components/marketing/ExitIntentPopup.tsx:12:71)

Consider adding an error boundary to your tree to customize error handling behavior.
Visit https://reactjs.org/link/error-boundaries to learn more about error boundaries.

[90mstderr[2m | src/components/marketing/ExitIntentPopup.test.tsx[2m > [22m[2mExitIntentPopup[2m > [22m[2mshould display 4 key benefits
[22m[39mWarning: React.jsx: type is invalid -- expected a string (for built-in components) or a class/function (for composite components) but got: undefined. You likely forgot to export your component from the file it's defined in, or you might have mixed up default and named imports.

Check the render method of `ExitIntentPopup`.
    at ExitIntentPopup (C:/Projects/ma-saas-platform/M-S-SaaS-apex-deliver/frontend/src/components/marketing/ExitIntentPopup.tsx:12:71)
Warning: React.jsx: type is invalid -- expected a string (for built-in components) or a class/function (for composite components) but got: undefined. You likely forgot to export your component from the file it's defined in, or you might have mixed up default and named imports.

Check the render method of `ExitIntentPopup`.
    at ExitIntentPopup (C:/Projects/ma-saas-platform/M-S-SaaS-apex-deliver/frontend/src/components/marketing/ExitIntentPopup.tsx:12:71)
Error: Element type is invalid: expected a string (for built-in components) or a class/function (for composite components) but got: undefined. You likely forgot to export your component from the file it's defined in, or you might have mixed up default and named imports.

Check the render method of `ExitIntentPopup`.
    at createFiberFromTypeAndProps (C:\Projects\ma-saas-platform\M-S-SaaS-apex-deliver\frontend\node_modules\react-dom\cjs\react-dom.development.js:28478:17)
    at createFiberFromElement (C:\Projects\ma-saas-platform\M-S-SaaS-apex-deliver\frontend\node_modules\react-dom\cjs\react-dom.development.js:28504:15)
    at createChild (C:\Projects\ma-saas-platform\M-S-SaaS-apex-deliver\frontend\node_modules\react-dom\cjs\react-dom.development.js:13345:28)
    at reconcileChildrenArray (C:\Projects\ma-saas-platform\M-S-SaaS-apex-deliver\frontend\node_modules\react-dom\cjs\react-dom.development.js:13640:25)
    at reconcileChildFibers (C:\Projects\ma-saas-platform\M-S-SaaS-apex-deliver\frontend\node_modules\react-dom\cjs\react-dom.development.js:14057:16)
    at reconcileChildren (C:\Projects\ma-saas-platform\M-S-SaaS-apex-deliver\frontend\node_modules\react-dom\cjs\react-dom.development.js:19186:28)
    at updateHostComponent (C:\Projects\ma-saas-platform\M-S-SaaS-apex-deliver\frontend\node_modules\react-dom\cjs\react-dom.development.js:19953:3)
    at beginWork (C:\Projects\ma-saas-platform\M-S-SaaS-apex-deliver\frontend\node_modules\react-dom\cjs\react-dom.development.js:21657:14)
    at HTMLUnknownElement.callCallback (C:\Projects\ma-saas-platform\M-S-SaaS-apex-deliver\frontend\node_modules\react-dom\cjs\react-dom.development.js:4164:14)
    at HTMLUnknownElement.callTheUserObjectsOperation (C:\Projects\ma-saas-platform\M-S-SaaS-apex-deliver\frontend\node_modules\jsdom\lib\jsdom\living\generated\EventListener.js:26:30)
Warning: React.jsx: type is invalid -- expected a string (for built-in components) or a class/function (for composite components) but got: undefined. You likely forgot to export your component from the file it's defined in, or you might have mixed up default and named imports.

Check the render method of `ExitIntentPopup`.
    at ExitIntentPopup (C:/Projects/ma-saas-platform/M-S-SaaS-apex-deliver/frontend/src/components/marketing/ExitIntentPopup.tsx:12:71)
Warning: React.jsx: type is invalid -- expected a string (for built-in components) or a class/function (for composite components) but got: undefined. You likely forgot to export your component from the file it's defined in, or you might have mixed up default and named imports.

Check the render method of `ExitIntentPopup`.
    at ExitIntentPopup (C:/Projects/ma-saas-platform/M-S-SaaS-apex-deliver/frontend/src/components/marketing/ExitIntentPopup.tsx:12:71)
Error: Element type is invalid: expected a string (for built-in components) or a class/function (for composite components) but got: undefined. You likely forgot to export your component from the file it's defined in, or you might have mixed up default and named imports.

Check the render method of `ExitIntentPopup`.
    at createFiberFromTypeAndProps (C:\Projects\ma-saas-platform\M-S-SaaS-apex-deliver\frontend\node_modules\react-dom\cjs\react-dom.development.js:28478:17)
    at createFiberFromElement (C:\Projects\ma-saas-platform\M-S-SaaS-apex-deliver\frontend\node_modules\react-dom\cjs\react-dom.development.js:28504:15)
    at createChild (C:\Projects\ma-saas-platform\M-S-SaaS-apex-deliver\frontend\node_modules\react-dom\cjs\react-dom.development.js:13345:28)
    at reconcileChildrenArray (C:\Projects\ma-saas-platform\M-S-SaaS-apex-deliver\frontend\node_modules\react-dom\cjs\react-dom.development.js:13640:25)
    at reconcileChildFibers (C:\Projects\ma-saas-platform\M-S-SaaS-apex-deliver\frontend\node_modules\react-dom\cjs\react-dom.development.js:14057:16)
    at reconcileChildren (C:\Projects\ma-saas-platform\M-S-SaaS-apex-deliver\frontend\node_modules\react-dom\cjs\react-dom.development.js:19186:28)
    at updateHostComponent (C:\Projects\ma-saas-platform\M-S-SaaS-apex-deliver\frontend\node_modules\react-dom\cjs\react-dom.development.js:19953:3)
    at beginWork (C:\Projects\ma-saas-platform\M-S-SaaS-apex-deliver\frontend\node_modules\react-dom\cjs\react-dom.development.js:21657:14)
    at HTMLUnknownElement.callCallback (C:\Projects\ma-saas-platform\M-S-SaaS-apex-deliver\frontend\node_modules\react-dom\cjs\react-dom.development.js:4164:14)
    at HTMLUnknownElement.callTheUserObjectsOperation (C:\Projects\ma-saas-platform\M-S-SaaS-apex-deliver\frontend\node_modules\jsdom\lib\jsdom\living\generated\EventListener.js:26:30)
The above error occurred in the <div> component:

    at div
    at form
    at div
    at div
    at ExitIntentPopup (C:/Projects/ma-saas-platform/M-S-SaaS-apex-deliver/frontend/src/components/marketing/ExitIntentPopup.tsx:12:71)

Consider adding an error boundary to your tree to customize error handling behavior.
Visit https://reactjs.org/link/error-boundaries to learn more about error boundaries.

[90mstderr[2m | src/components/marketing/ExitIntentPopup.test.tsx[2m > [22m[2mExitIntentPopup[2m > [22m[2mshould close when clicking Just Browsing button
[22m[39mWarning: React.jsx: type is invalid -- expected a string (for built-in components) or a class/function (for composite components) but got: undefined. You likely forgot to export your component from the file it's defined in, or you might have mixed up default and named imports.

Check the render method of `ExitIntentPopup`.
    at ExitIntentPopup (C:/Projects/ma-saas-platform/M-S-SaaS-apex-deliver/frontend/src/components/marketing/ExitIntentPopup.tsx:12:71)
Warning: React.jsx: type is invalid -- expected a string (for built-in components) or a class/function (for composite components) but got: undefined. You likely forgot to export your component from the file it's defined in, or you might have mixed up default and named imports.

Check the render method of `ExitIntentPopup`.
    at ExitIntentPopup (C:/Projects/ma-saas-platform/M-S-SaaS-apex-deliver/frontend/src/components/marketing/ExitIntentPopup.tsx:12:71)
Error: Element type is invalid: expected a string (for built-in components) or a class/function (for composite components) but got: undefined. You likely forgot to export your component from the file it's defined in, or you might have mixed up default and named imports.

Check the render method of `ExitIntentPopup`.
    at createFiberFromTypeAndProps (C:\Projects\ma-saas-platform\M-S-SaaS-apex-deliver\frontend\node_modules\react-dom\cjs\react-dom.development.js:28478:17)
    at createFiberFromElement (C:\Projects\ma-saas-platform\M-S-SaaS-apex-deliver\frontend\node_modules\react-dom\cjs\react-dom.development.js:28504:15)
    at createChild (C:\Projects\ma-saas-platform\M-S-SaaS-apex-deliver\frontend\node_modules\react-dom\cjs\react-dom.development.js:13345:28)
    at reconcileChildrenArray (C:\Projects\ma-saas-platform\M-S-SaaS-apex-deliver\frontend\node_modules\react-dom\cjs\react-dom.development.js:13640:25)
    at reconcileChildFibers (C:\Projects\ma-saas-platform\M-S-SaaS-apex-deliver\frontend\node_modules\react-dom\cjs\react-dom.development.js:14057:16)
    at reconcileChildren (C:\Projects\ma-saas-platform\M-S-SaaS-apex-deliver\frontend\node_modules\react-dom\cjs\react-dom.development.js:19186:28)
    at updateHostComponent (C:\Projects\ma-saas-platform\M-S-SaaS-apex-deliver\frontend\node_modules\react-dom\cjs\react-dom.development.js:19953:3)
    at beginWork (C:\Projects\ma-saas-platform\M-S-SaaS-apex-deliver\frontend\node_modules\react-dom\cjs\react-dom.development.js:21657:14)
    at HTMLUnknownElement.callCallback (C:\Projects\ma-saas-platform\M-S-SaaS-apex-deliver\frontend\node_modules\react-dom\cjs\react-dom.development.js:4164:14)
    at HTMLUnknownElement.callTheUserObjectsOperation (C:\Projects\ma-saas-platform\M-S-SaaS-apex-deliver\frontend\node_modules\jsdom\lib\jsdom\living\generated\EventListener.js:26:30)
Warning: React.jsx: type is invalid -- expected a string (for built-in components) or a class/function (for composite components) but got: undefined. You likely forgot to export your component from the file it's defined in, or you might have mixed up default and named imports.

Check the render method of `ExitIntentPopup`.
    at ExitIntentPopup (C:/Projects/ma-saas-platform/M-S-SaaS-apex-deliver/frontend/src/components/marketing/ExitIntentPopup.tsx:12:71)
Warning: React.jsx: type is invalid -- expected a string (for built-in components) or a class/function (for composite components) but got: undefined. You likely forgot to export your component from the file it's defined in, or you might have mixed up default and named imports.

Check the render method of `ExitIntentPopup`.
    at ExitIntentPopup (C:/Projects/ma-saas-platform/M-S-SaaS-apex-deliver/frontend/src/components/marketing/ExitIntentPopup.tsx:12:71)
Error: Element type is invalid: expected a string (for built-in components) or a class/function (for composite components) but got: undefined. You likely forgot to export your component from the file it's defined in, or you might have mixed up default and named imports.

Check the render method of `ExitIntentPopup`.
    at createFiberFromTypeAndProps (C:\Projects\ma-saas-platform\M-S-SaaS-apex-deliver\frontend\node_modules\react-dom\cjs\react-dom.development.js:28478:17)
    at createFiberFromElement (C:\Projects\ma-saas-platform\M-S-SaaS-apex-deliver\frontend\node_modules\react-dom\cjs\react-dom.development.js:28504:15)
    at createChild (C:\Projects\ma-saas-platform\M-S-SaaS-apex-deliver\frontend\node_modules\react-dom\cjs\react-dom.development.js:13345:28)
    at reconcileChildrenArray (C:\Projects\ma-saas-platform\M-S-SaaS-apex-deliver\frontend\node_modules\react-dom\cjs\react-dom.development.js:13640:25)
    at reconcileChildFibers (C:\Projects\ma-saas-platform\M-S-SaaS-apex-deliver\frontend\node_modules\react-dom\cjs\react-dom.development.js:14057:16)
    at reconcileChildren (C:\Projects\ma-saas-platform\M-S-SaaS-apex-deliver\frontend\node_modules\react-dom\cjs\react-dom.development.js:19186:28)
    at updateHostComponent (C:\Projects\ma-saas-platform\M-S-SaaS-apex-deliver\frontend\node_modules\react-dom\cjs\react-dom.development.js:19953:3)
    at beginWork (C:\Projects\ma-saas-platform\M-S-SaaS-apex-deliver\frontend\node_modules\react-dom\cjs\react-dom.development.js:21657:14)
    at HTMLUnknownElement.callCallback (C:\Projects\ma-saas-platform\M-S-SaaS-apex-deliver\frontend\node_modules\react-dom\cjs\react-dom.development.js:4164:14)
    at HTMLUnknownElement.callTheUserObjectsOperation (C:\Projects\ma-saas-platform\M-S-SaaS-apex-deliver\frontend\node_modules\jsdom\lib\jsdom\living\generated\EventListener.js:26:30)
The above error occurred in the <div> component:

    at div
    at form
    at div
    at div
    at ExitIntentPopup (C:/Projects/ma-saas-platform/M-S-SaaS-apex-deliver/frontend/src/components/marketing/ExitIntentPopup.tsx:12:71)

Consider adding an error boundary to your tree to customize error handling behavior.
Visit https://reactjs.org/link/error-boundaries to learn more about error boundaries.

[90mstderr[2m | src/components/marketing/ExitIntentPopup.test.tsx[2m > [22m[2mExitIntentPopup[2m > [22m[2mshould close when clicking backdrop
[22m[39mWarning: React.jsx: type is invalid -- expected a string (for built-in components) or a class/function (for composite components) but got: undefined. You likely forgot to export your component from the file it's defined in, or you might have mixed up default and named imports.

Check the render method of `ExitIntentPopup`.
    at ExitIntentPopup (C:/Projects/ma-saas-platform/M-S-SaaS-apex-deliver/frontend/src/components/marketing/ExitIntentPopup.tsx:12:71)
Warning: React.jsx: type is invalid -- expected a string (for built-in components) or a class/function (for composite components) but got: undefined. You likely forgot to export your component from the file it's defined in, or you might have mixed up default and named imports.

Check the render method of `ExitIntentPopup`.
    at ExitIntentPopup (C:/Projects/ma-saas-platform/M-S-SaaS-apex-deliver/frontend/src/components/marketing/ExitIntentPopup.tsx:12:71)
Error: Element type is invalid: expected a string (for built-in components) or a class/function (for composite components) but got: undefined. You likely forgot to export your component from the file it's defined in, or you might have mixed up default and named imports.

Check the render method of `ExitIntentPopup`.
    at createFiberFromTypeAndProps (C:\Projects\ma-saas-platform\M-S-SaaS-apex-deliver\frontend\node_modules\react-dom\cjs\react-dom.development.js:28478:17)
    at createFiberFromElement (C:\Projects\ma-saas-platform\M-S-SaaS-apex-deliver\frontend\node_modules\react-dom\cjs\react-dom.development.js:28504:15)
    at createChild (C:\Projects\ma-saas-platform\M-S-SaaS-apex-deliver\frontend\node_modules\react-dom\cjs\react-dom.development.js:13345:28)
    at reconcileChildrenArray (C:\Projects\ma-saas-platform\M-S-SaaS-apex-deliver\frontend\node_modules\react-dom\cjs\react-dom.development.js:13640:25)
    at reconcileChildFibers (C:\Projects\ma-saas-platform\M-S-SaaS-apex-deliver\frontend\node_modules\react-dom\cjs\react-dom.development.js:14057:16)
    at reconcileChildren (C:\Projects\ma-saas-platform\M-S-SaaS-apex-deliver\frontend\node_modules\react-dom\cjs\react-dom.development.js:19186:28)
    at updateHostComponent (C:\Projects\ma-saas-platform\M-S-SaaS-apex-deliver\frontend\node_modules\react-dom\cjs\react-dom.development.js:19953:3)
    at beginWork (C:\Projects\ma-saas-platform\M-S-SaaS-apex-deliver\frontend\node_modules\react-dom\cjs\react-dom.development.js:21657:14)
    at HTMLUnknownElement.callCallback (C:\Projects\ma-saas-platform\M-S-SaaS-apex-deliver\frontend\node_modules\react-dom\cjs\react-dom.development.js:4164:14)
    at HTMLUnknownElement.callTheUserObjectsOperation (C:\Projects\ma-saas-platform\M-S-SaaS-apex-deliver\frontend\node_modules\jsdom\lib\jsdom\living\generated\EventListener.js:26:30)
Warning: React.jsx: type is invalid -- expected a string (for built-in components) or a class/function (for composite components) but got: undefined. You likely forgot to export your component from the file it's defined in, or you might have mixed up default and named imports.

Check the render method of `ExitIntentPopup`.
    at ExitIntentPopup (C:/Projects/ma-saas-platform/M-S-SaaS-apex-deliver/frontend/src/components/marketing/ExitIntentPopup.tsx:12:71)
Warning: React.jsx: type is invalid -- expected a string (for built-in components) or a class/function (for composite components) but got: undefined. You likely forgot to export your component from the file it's defined in, or you might have mixed up default and named imports.

Check the render method of `ExitIntentPopup`.
    at ExitIntentPopup (C:/Projects/ma-saas-platform/M-S-SaaS-apex-deliver/frontend/src/components/marketing/ExitIntentPopup.tsx:12:71)
Error: Element type is invalid: expected a string (for built-in components) or a class/function (for composite components) but got: undefined. You likely forgot to export your component from the file it's defined in, or you might have mixed up default and named imports.

Check the render method of `ExitIntentPopup`.
    at createFiberFromTypeAndProps (C:\Projects\ma-saas-platform\M-S-SaaS-apex-deliver\frontend\node_modules\react-dom\cjs\react-dom.development.js:28478:17)
    at createFiberFromElement (C:\Projects\ma-saas-platform\M-S-SaaS-apex-deliver\frontend\node_modules\react-dom\cjs\react-dom.development.js:28504:15)
    at createChild (C:\Projects\ma-saas-platform\M-S-SaaS-apex-deliver\frontend\node_modules\react-dom\cjs\react-dom.development.js:13345:28)
    at reconcileChildrenArray (C:\Projects\ma-saas-platform\M-S-SaaS-apex-deliver\frontend\node_modules\react-dom\cjs\react-dom.development.js:13640:25)
    at reconcileChildFibers (C:\Projects\ma-saas-platform\M-S-SaaS-apex-deliver\frontend\node_modules\react-dom\cjs\react-dom.development.js:14057:16)
    at reconcileChildren (C:\Projects\ma-saas-platform\M-S-SaaS-apex-deliver\frontend\node_modules\react-dom\cjs\react-dom.development.js:19186:28)
    at updateHostComponent (C:\Projects\ma-saas-platform\M-S-SaaS-apex-deliver\frontend\node_modules\react-dom\cjs\react-dom.development.js:19953:3)
    at beginWork (C:\Projects\ma-saas-platform\M-S-SaaS-apex-deliver\frontend\node_modules\react-dom\cjs\react-dom.development.js:21657:14)
    at HTMLUnknownElement.callCallback (C:\Projects\ma-saas-platform\M-S-SaaS-apex-deliver\frontend\node_modules\react-dom\cjs\react-dom.development.js:4164:14)
    at HTMLUnknownElement.callTheUserObjectsOperation (C:\Projects\ma-saas-platform\M-S-SaaS-apex-deliver\frontend\node_modules\jsdom\lib\jsdom\living\generated\EventListener.js:26:30)
The above error occurred in the <div> component:

    at div
    at form
    at div
    at div
    at ExitIntentPopup (C:/Projects/ma-saas-platform/M-S-SaaS-apex-deliver/frontend/src/components/marketing/ExitIntentPopup.tsx:12:71)

Consider adding an error boundary to your tree to customize error handling behavior.
Visit https://reactjs.org/link/error-boundaries to learn more about error boundaries.

[90mstderr[2m | src/components/marketing/ExitIntentPopup.test.tsx[2m > [22m[2mExitIntentPopup[2m > [22m[2mshould validate email is required
[22m[39mWarning: React.jsx: type is invalid -- expected a string (for built-in components) or a class/function (for composite components) but got: undefined. You likely forgot to export your component from the file it's defined in, or you might have mixed up default and named imports.

Check the render method of `ExitIntentPopup`.
    at ExitIntentPopup (C:/Projects/ma-saas-platform/M-S-SaaS-apex-deliver/frontend/src/components/marketing/ExitIntentPopup.tsx:12:71)
Warning: React.jsx: type is invalid -- expected a string (for built-in components) or a class/function (for composite components) but got: undefined. You likely forgot to export your component from the file it's defined in, or you might have mixed up default and named imports.

Check the render method of `ExitIntentPopup`.
    at ExitIntentPopup (C:/Projects/ma-saas-platform/M-S-SaaS-apex-deliver/frontend/src/components/marketing/ExitIntentPopup.tsx:12:71)
Error: Element type is invalid: expected a string (for built-in components) or a class/function (for composite components) but got: undefined. You likely forgot to export your component from the file it's defined in, or you might have mixed up default and named imports.

Check the render method of `ExitIntentPopup`.
    at createFiberFromTypeAndProps (C:\Projects\ma-saas-platform\M-S-SaaS-apex-deliver\frontend\node_modules\react-dom\cjs\react-dom.development.js:28478:17)
    at createFiberFromElement (C:\Projects\ma-saas-platform\M-S-SaaS-apex-deliver\frontend\node_modules\react-dom\cjs\react-dom.development.js:28504:15)
    at createChild (C:\Projects\ma-saas-platform\M-S-SaaS-apex-deliver\frontend\node_modules\react-dom\cjs\react-dom.development.js:13345:28)
    at reconcileChildrenArray (C:\Projects\ma-saas-platform\M-S-SaaS-apex-deliver\frontend\node_modules\react-dom\cjs\react-dom.development.js:13640:25)
    at reconcileChildFibers (C:\Projects\ma-saas-platform\M-S-SaaS-apex-deliver\frontend\node_modules\react-dom\cjs\react-dom.development.js:14057:16)
    at reconcileChildren (C:\Projects\ma-saas-platform\M-S-SaaS-apex-deliver\frontend\node_modules\react-dom\cjs\react-dom.development.js:19186:28)
    at updateHostComponent (C:\Projects\ma-saas-platform\M-S-SaaS-apex-deliver\frontend\node_modules\react-dom\cjs\react-dom.development.js:19953:3)
    at beginWork (C:\Projects\ma-saas-platform\M-S-SaaS-apex-deliver\frontend\node_modules\react-dom\cjs\react-dom.development.js:21657:14)
    at HTMLUnknownElement.callCallback (C:\Projects\ma-saas-platform\M-S-SaaS-apex-deliver\frontend\node_modules\react-dom\cjs\react-dom.development.js:4164:14)
    at HTMLUnknownElement.callTheUserObjectsOperation (C:\Projects\ma-saas-platform\M-S-SaaS-apex-deliver\frontend\node_modules\jsdom\lib\jsdom\living\generated\EventListener.js:26:30)
Warning: React.jsx: type is invalid -- expected a string (for built-in components) or a class/function (for composite components) but got: undefined. You likely forgot to export your component from the file it's defined in, or you might have mixed up default and named imports.

Check the render method of `ExitIntentPopup`.
    at ExitIntentPopup (C:/Projects/ma-saas-platform/M-S-SaaS-apex-deliver/frontend/src/components/marketing/ExitIntentPopup.tsx:12:71)
Warning: React.jsx: type is invalid -- expected a string (for built-in components) or a class/function (for composite components) but got: undefined. You likely forgot to export your component from the file it's defined in, or you might have mixed up default and named imports.

Check the render method of `ExitIntentPopup`.
    at ExitIntentPopup (C:/Projects/ma-saas-platform/M-S-SaaS-apex-deliver/frontend/src/components/marketing/ExitIntentPopup.tsx:12:71)
Error: Element type is invalid: expected a string (for built-in components) or a class/function (for composite components) but got: undefined. You likely forgot to export your component from the file it's defined in, or you might have mixed up default and named imports.

Check the render method of `ExitIntentPopup`.
    at createFiberFromTypeAndProps (C:\Projects\ma-saas-platform\M-S-SaaS-apex-deliver\frontend\node_modules\react-dom\cjs\react-dom.development.js:28478:17)
    at createFiberFromElement (C:\Projects\ma-saas-platform\M-S-SaaS-apex-deliver\frontend\node_modules\react-dom\cjs\react-dom.development.js:28504:15)
    at createChild (C:\Projects\ma-saas-platform\M-S-SaaS-apex-deliver\frontend\node_modules\react-dom\cjs\react-dom.development.js:13345:28)
    at reconcileChildrenArray (C:\Projects\ma-saas-platform\M-S-SaaS-apex-deliver\frontend\node_modules\react-dom\cjs\react-dom.development.js:13640:25)
    at reconcileChildFibers (C:\Projects\ma-saas-platform\M-S-SaaS-apex-deliver\frontend\node_modules\react-dom\cjs\react-dom.development.js:14057:16)
    at reconcileChildren (C:\Projects\ma-saas-platform\M-S-SaaS-apex-deliver\frontend\node_modules\react-dom\cjs\react-dom.development.js:19186:28)
    at updateHostComponent (C:\Projects\ma-saas-platform\M-S-SaaS-apex-deliver\frontend\node_modules\react-dom\cjs\react-dom.development.js:19953:3)
    at beginWork (C:\Projects\ma-saas-platform\M-S-SaaS-apex-deliver\frontend\node_modules\react-dom\cjs\react-dom.development.js:21657:14)
    at HTMLUnknownElement.callCallback (C:\Projects\ma-saas-platform\M-S-SaaS-apex-deliver\frontend\node_modules\react-dom\cjs\react-dom.development.js:4164:14)
    at HTMLUnknownElement.callTheUserObjectsOperation (C:\Projects\ma-saas-platform\M-S-SaaS-apex-deliver\frontend\node_modules\jsdom\lib\jsdom\living\generated\EventListener.js:26:30)
The above error occurred in the <div> component:

    at div
    at form
    at div
    at div
    at ExitIntentPopup (C:/Projects/ma-saas-platform/M-S-SaaS-apex-deliver/frontend/src/components/marketing/ExitIntentPopup.tsx:12:71)

Consider adding an error boundary to your tree to customize error handling behavior.
Visit https://reactjs.org/link/error-boundaries to learn more about error boundaries.

[90mstderr[2m | src/components/marketing/ExitIntentPopup.test.tsx[2m > [22m[2mExitIntentPopup[2m > [22m[2mshould show success state after form submission
[22m[39mWarning: React.jsx: type is invalid -- expected a string (for built-in components) or a class/function (for composite components) but got: undefined. You likely forgot to export your component from the file it's defined in, or you might have mixed up default and named imports.

Check the render method of `ExitIntentPopup`.
    at ExitIntentPopup (C:/Projects/ma-saas-platform/M-S-SaaS-apex-deliver/frontend/src/components/marketing/ExitIntentPopup.tsx:12:71)
Warning: React.jsx: type is invalid -- expected a string (for built-in components) or a class/function (for composite components) but got: undefined. You likely forgot to export your component from the file it's defined in, or you might have mixed up default and named imports.

Check the render method of `ExitIntentPopup`.
    at ExitIntentPopup (C:/Projects/ma-saas-platform/M-S-SaaS-apex-deliver/frontend/src/components/marketing/ExitIntentPopup.tsx:12:71)
Error: Element type is invalid: expected a string (for built-in components) or a class/function (for composite components) but got: undefined. You likely forgot to export your component from the file it's defined in, or you might have mixed up default and named imports.

Check the render method of `ExitIntentPopup`.
    at createFiberFromTypeAndProps (C:\Projects\ma-saas-platform\M-S-SaaS-apex-deliver\frontend\node_modules\react-dom\cjs\react-dom.development.js:28478:17)
    at createFiberFromElement (C:\Projects\ma-saas-platform\M-S-SaaS-apex-deliver\frontend\node_modules\react-dom\cjs\react-dom.development.js:28504:15)
    at createChild (C:\Projects\ma-saas-platform\M-S-SaaS-apex-deliver\frontend\node_modules\react-dom\cjs\react-dom.development.js:13345:28)
    at reconcileChildrenArray (C:\Projects\ma-saas-platform\M-S-SaaS-apex-deliver\frontend\node_modules\react-dom\cjs\react-dom.development.js:13640:25)
    at reconcileChildFibers (C:\Projects\ma-saas-platform\M-S-SaaS-apex-deliver\frontend\node_modules\react-dom\cjs\react-dom.development.js:14057:16)
    at reconcileChildren (C:\Projects\ma-saas-platform\M-S-SaaS-apex-deliver\frontend\node_modules\react-dom\cjs\react-dom.development.js:19186:28)
    at updateHostComponent (C:\Projects\ma-saas-platform\M-S-SaaS-apex-deliver\frontend\node_modules\react-dom\cjs\react-dom.development.js:19953:3)
    at beginWork (C:\Projects\ma-saas-platform\M-S-SaaS-apex-deliver\frontend\node_modules\react-dom\cjs\react-dom.development.js:21657:14)
    at HTMLUnknownElement.callCallback (C:\Projects\ma-saas-platform\M-S-SaaS-apex-deliver\frontend\node_modules\react-dom\cjs\react-dom.development.js:4164:14)
    at HTMLUnknownElement.callTheUserObjectsOperation (C:\Projects\ma-saas-platform\M-S-SaaS-apex-deliver\frontend\node_modules\jsdom\lib\jsdom\living\generated\EventListener.js:26:30)
Warning: React.jsx: type is invalid -- expected a string (for built-in components) or a class/function (for composite components) but got: undefined. You likely forgot to export your component from the file it's defined in, or you might have mixed up default and named imports.

Check the render method of `ExitIntentPopup`.
    at ExitIntentPopup (C:/Projects/ma-saas-platform/M-S-SaaS-apex-deliver/frontend/src/components/marketing/ExitIntentPopup.tsx:12:71)
Warning: React.jsx: type is invalid -- expected a string (for built-in components) or a class/function (for composite components) but got: undefined. You likely forgot to export your component from the file it's defined in, or you might have mixed up default and named imports.

Check the render method of `ExitIntentPopup`.
    at ExitIntentPopup (C:/Projects/ma-saas-platform/M-S-SaaS-apex-deliver/frontend/src/components/marketing/ExitIntentPopup.tsx:12:71)
Error: Element type is invalid: expected a string (for built-in components) or a class/function (for composite components) but got: undefined. You likely forgot to export your component from the file it's defined in, or you might have mixed up default and named imports.

Check the render method of `ExitIntentPopup`.
    at createFiberFromTypeAndProps (C:\Projects\ma-saas-platform\M-S-SaaS-apex-deliver\frontend\node_modules\react-dom\cjs\react-dom.development.js:28478:17)
    at createFiberFromElement (C:\Projects\ma-saas-platform\M-S-SaaS-apex-deliver\frontend\node_modules\react-dom\cjs\react-dom.development.js:28504:15)
    at createChild (C:\Projects\ma-saas-platform\M-S-SaaS-apex-deliver\frontend\node_modules\react-dom\cjs\react-dom.development.js:13345:28)
    at reconcileChildrenArray (C:\Projects\ma-saas-platform\M-S-SaaS-apex-deliver\frontend\node_modules\react-dom\cjs\react-dom.development.js:13640:25)
    at reconcileChildFibers (C:\Projects\ma-saas-platform\M-S-SaaS-apex-deliver\frontend\node_modules\react-dom\cjs\react-dom.development.js:14057:16)
    at reconcileChildren (C:\Projects\ma-saas-platform\M-S-SaaS-apex-deliver\frontend\node_modules\react-dom\cjs\react-dom.development.js:19186:28)
    at updateHostComponent (C:\Projects\ma-saas-platform\M-S-SaaS-apex-deliver\frontend\node_modules\react-dom\cjs\react-dom.development.js:19953:3)
    at beginWork (C:\Projects\ma-saas-platform\M-S-SaaS-apex-deliver\frontend\node_modules\react-dom\cjs\react-dom.development.js:21657:14)
    at HTMLUnknownElement.callCallback (C:\Projects\ma-saas-platform\M-S-SaaS-apex-deliver\frontend\node_modules\react-dom\cjs\react-dom.development.js:4164:14)
    at HTMLUnknownElement.callTheUserObjectsOperation (C:\Projects\ma-saas-platform\M-S-SaaS-apex-deliver\frontend\node_modules\jsdom\lib\jsdom\living\generated\EventListener.js:26:30)
The above error occurred in the <div> component:

    at div
    at form
    at div
    at div
    at ExitIntentPopup (C:/Projects/ma-saas-platform/M-S-SaaS-apex-deliver/frontend/src/components/marketing/ExitIntentPopup.tsx:12:71)

Consider adding an error boundary to your tree to customize error handling behavior.
Visit https://reactjs.org/link/error-boundaries to learn more about error boundaries.

[90mstderr[2m | src/components/marketing/ExitIntentPopup.test.tsx[2m > [22m[2mExitIntentPopup[2m > [22m[2mshould set sessionStorage when popup is shown
[22m[39mWarning: React.jsx: type is invalid -- expected a string (for built-in components) or a class/function (for composite components) but got: undefined. You likely forgot to export your component from the file it's defined in, or you might have mixed up default and named imports.

Check the render method of `ExitIntentPopup`.
    at ExitIntentPopup (C:/Projects/ma-saas-platform/M-S-SaaS-apex-deliver/frontend/src/components/marketing/ExitIntentPopup.tsx:12:71)
Warning: React.jsx: type is invalid -- expected a string (for built-in components) or a class/function (for composite components) but got: undefined. You likely forgot to export your component from the file it's defined in, or you might have mixed up default and named imports.

Check the render method of `ExitIntentPopup`.
    at ExitIntentPopup (C:/Projects/ma-saas-platform/M-S-SaaS-apex-deliver/frontend/src/components/marketing/ExitIntentPopup.tsx:12:71)
Error: Element type is invalid: expected a string (for built-in components) or a class/function (for composite components) but got: undefined. You likely forgot to export your component from the file it's defined in, or you might have mixed up default and named imports.

Check the render method of `ExitIntentPopup`.
    at createFiberFromTypeAndProps (C:\Projects\ma-saas-platform\M-S-SaaS-apex-deliver\frontend\node_modules\react-dom\cjs\react-dom.development.js:28478:17)
    at createFiberFromElement (C:\Projects\ma-saas-platform\M-S-SaaS-apex-deliver\frontend\node_modules\react-dom\cjs\react-dom.development.js:28504:15)
    at createChild (C:\Projects\ma-saas-platform\M-S-SaaS-apex-deliver\frontend\node_modules\react-dom\cjs\react-dom.development.js:13345:28)
    at reconcileChildrenArray (C:\Projects\ma-saas-platform\M-S-SaaS-apex-deliver\frontend\node_modules\react-dom\cjs\react-dom.development.js:13640:25)
    at reconcileChildFibers (C:\Projects\ma-saas-platform\M-S-SaaS-apex-deliver\frontend\node_modules\react-dom\cjs\react-dom.development.js:14057:16)
    at reconcileChildren (C:\Projects\ma-saas-platform\M-S-SaaS-apex-deliver\frontend\node_modules\react-dom\cjs\react-dom.development.js:19186:28)
    at updateHostComponent (C:\Projects\ma-saas-platform\M-S-SaaS-apex-deliver\frontend\node_modules\react-dom\cjs\react-dom.development.js:19953:3)
    at beginWork (C:\Projects\ma-saas-platform\M-S-SaaS-apex-deliver\frontend\node_modules\react-dom\cjs\react-dom.development.js:21657:14)
    at HTMLUnknownElement.callCallback (C:\Projects\ma-saas-platform\M-S-SaaS-apex-deliver\frontend\node_modules\react-dom\cjs\react-dom.development.js:4164:14)
    at HTMLUnknownElement.callTheUserObjectsOperation (C:\Projects\ma-saas-platform\M-S-SaaS-apex-deliver\frontend\node_modules\jsdom\lib\jsdom\living\generated\EventListener.js:26:30)
Warning: React.jsx: type is invalid -- expected a string (for built-in components) or a class/function (for composite components) but got: undefined. You likely forgot to export your component from the file it's defined in, or you might have mixed up default and named imports.

Check the render method of `ExitIntentPopup`.
    at ExitIntentPopup (C:/Projects/ma-saas-platform/M-S-SaaS-apex-deliver/frontend/src/components/marketing/ExitIntentPopup.tsx:12:71)
Warning: React.jsx: type is invalid -- expected a string (for built-in components) or a class/function (for composite components) but got: undefined. You likely forgot to export your component from the file it's defined in, or you might have mixed up default and named imports.

Check the render method of `ExitIntentPopup`.
    at ExitIntentPopup (C:/Projects/ma-saas-platform/M-S-SaaS-apex-deliver/frontend/src/components/marketing/ExitIntentPopup.tsx:12:71)
Error: Element type is invalid: expected a string (for built-in components) or a class/function (for composite components) but got: undefined. You likely forgot to export your component from the file it's defined in, or you might have mixed up default and named imports.

Check the render method of `ExitIntentPopup`.
    at createFiberFromTypeAndProps (C:\Projects\ma-saas-platform\M-S-SaaS-apex-deliver\frontend\node_modules\react-dom\cjs\react-dom.development.js:28478:17)
    at createFiberFromElement (C:\Projects\ma-saas-platform\M-S-SaaS-apex-deliver\frontend\node_modules\react-dom\cjs\react-dom.development.js:28504:15)
    at createChild (C:\Projects\ma-saas-platform\M-S-SaaS-apex-deliver\frontend\node_modules\react-dom\cjs\react-dom.development.js:13345:28)
    at reconcileChildrenArray (C:\Projects\ma-saas-platform\M-S-SaaS-apex-deliver\frontend\node_modules\react-dom\cjs\react-dom.development.js:13640:25)
    at reconcileChildFibers (C:\Projects\ma-saas-platform\M-S-SaaS-apex-deliver\frontend\node_modules\react-dom\cjs\react-dom.development.js:14057:16)
    at reconcileChildren (C:\Projects\ma-saas-platform\M-S-SaaS-apex-deliver\frontend\node_modules\react-dom\cjs\react-dom.development.js:19186:28)
    at updateHostComponent (C:\Projects\ma-saas-platform\M-S-SaaS-apex-deliver\frontend\node_modules\react-dom\cjs\react-dom.development.js:19953:3)
    at beginWork (C:\Projects\ma-saas-platform\M-S-SaaS-apex-deliver\frontend\node_modules\react-dom\cjs\react-dom.development.js:21657:14)
    at HTMLUnknownElement.callCallback (C:\Projects\ma-saas-platform\M-S-SaaS-apex-deliver\frontend\node_modules\react-dom\cjs\react-dom.development.js:4164:14)
    at HTMLUnknownElement.callTheUserObjectsOperation (C:\Projects\ma-saas-platform\M-S-SaaS-apex-deliver\frontend\node_modules\jsdom\lib\jsdom\living\generated\EventListener.js:26:30)
The above error occurred in the <div> component:

    at div
    at form
    at div
    at div
    at ExitIntentPopup (C:/Projects/ma-saas-platform/M-S-SaaS-apex-deliver/frontend/src/components/marketing/ExitIntentPopup.tsx:12:71)

Consider adding an error boundary to your tree to customize error handling behavior.
Visit https://reactjs.org/link/error-boundaries to learn more about error boundaries.

 [31m❯[39m src/components/marketing/ExitIntentPopup.test.tsx [2m([22m[2m10 tests[22m[2m | [22m[31m8 failed[39m[2m)[22m[32m 291[2mms[22m[39m
     [32m✓[39m should not render initially[32m 48[2mms[22m[39m
[31m     [31m×[31m should render when mouse leaves viewport[39m[32m 65[2mms[22m[39m
[31m     [31m×[31m should display email form with all elements[39m[32m 32[2mms[22m[39m
[31m     [31m×[31m should display 4 key benefits[39m[32m 29[2mms[22m[39m
[31m     [31m×[31m should close when clicking Just Browsing button[39m[32m 25[2mms[22m[39m
[31m     [31m×[31m should close when clicking backdrop[39m[32m 21[2mms[22m[39m
[31m     [31m×[31m should validate email is required[39m[32m 26[2mms[22m[39m
[31m     [31m×[31m should show success state after form submission[39m[32m 16[2mms[22m[39m
     [32m✓[39m should not show again if already shown in session[32m 4[2mms[22m[39m
[31m     [31m×[31m should set sessionStorage when popup is shown[39m[32m 19[2mms[22m[39m
 [32m✓[39m src/components/marketing/FAQSection.test.tsx [2m([22m[2m41 tests[22m[2m)[22m[33m 4887[2mms[22m[39m
     [33m[2m✓[22m[39m renders without crashing [33m 1300[2mms[22m[39m
     [33m[2m✓[22m[39m first FAQ is open by default [33m 599[2mms[22m[39m
     [33m[2m✓[22m[39m closes other FAQs when opening a new one [33m 602[2mms[22m[39m
     [33m[2m✓[22m[39m displays chevron icon for each FAQ [33m 327[2mms[22m[39m
     [33m[2m✓[22m[39m mentions SOC 2 certification [33m 342[2mms[22m[39m
[90mstderr[2m | src/components/marketing/OptInPopup.test.tsx[2m > [22m[2mOptInPopup[2m > [22m[2mshows an error message when subscription fails
[22m[39mFailed to subscribe: Error: network
    at C:/Projects/ma-saas-platform/M-S-SaaS-apex-deliver/frontend/src/components/marketing/OptInPopup.test.tsx:49:43
    at [90mfile:///C:/Projects/ma-saas-platform/M-S-SaaS-apex-deliver/frontend/[39mnode_modules/[4m@vitest/runner[24m/dist/index.js:157:11
    at [90mfile:///C:/Projects/ma-saas-platform/M-S-SaaS-apex-deliver/frontend/[39mnode_modules/[4m@vitest/runner[24m/dist/index.js:753:26
    at [90mfile:///C:/Projects/ma-saas-platform/M-S-SaaS-apex-deliver/frontend/[39mnode_modules/[4m@vitest/runner[24m/dist/index.js:1636:20
    at new Promise (<anonymous>)
    at runWithTimeout [90m(file:///C:/Projects/ma-saas-platform/M-S-SaaS-apex-deliver/frontend/[39mnode_modules/[4m@vitest/runner[24m/dist/index.js:1602:10[90m)[39m
    at runTest [90m(file:///C:/Projects/ma-saas-platform/M-S-SaaS-apex-deliver/frontend/[39mnode_modules/[4m@vitest/runner[24m/dist/index.js:1309:12[90m)[39m
    at runSuite [90m(file:///C:/Projects/ma-saas-platform/M-S-SaaS-apex-deliver/frontend/[39mnode_modules/[4m@vitest/runner[24m/dist/index.js:1468:8[90m)[39m
    at runSuite [90m(file:///C:/Projects/ma-saas-platform/M-S-SaaS-apex-deliver/frontend/[39mnode_modules/[4m@vitest/runner[24m/dist/index.js:1468:8[90m)[39m
    at runFiles [90m(file:///C:/Projects/ma-saas-platform/M-S-SaaS-apex-deliver/frontend/[39mnode_modules/[4m@vitest/runner[24m/dist/index.js:1526:3[90m)[39m

 [32m✓[39m src/components/marketing/OptInPopup.test.tsx [2m([22m[2m2 tests[22m[2m)[22m[33m 10926[2mms[22m[39m
     [33m[2m✓[22m[39m becomes visible after the delay and submits successfully [33m 6896[2mms[22m[39m
     [33m[2m✓[22m[39m shows an error message when subscription fails [33m 4028[2mms[22m[39m
 [32m✓[39m src/components/layout/ContentContainer.test.tsx [2m([22m[2m11 tests[22m[2m)[22m[33m 644[2mms[22m[39m
     [33m[2m✓[22m[39m should merge custom className with default classes [33m 308[2mms[22m[39m
 [32m✓[39m src/components/deal-matching/RequestIntroButton.test.tsx [2m([22m[2m2 tests[22m[2m)[22m[32m 87[2mms[22m[39m
 [32m✓[39m src/components/financial/DealReadinessScore.test.tsx [2m([22m[2m8 tests[22m[2m)[22m[32m 212[2mms[22m[39m
 [32m✓[39m src/hooks/useFeatureAccess.test.ts [2m([22m[2m5 tests[22m[2m)[22m[32m 237[2mms[22m[39m
 [32m✓[39m src/components/deal-matching/MatchScoreBadge.test.tsx [2m([22m[2m4 tests[22m[2m)[22m[32m 81[2mms[22m[39m
 [32m✓[39m src/hooks/useDealMatches.test.tsx [2m([22m[2m2 tests[22m[2m)[22m[32m 100[2mms[22m[39m
 [32m✓[39m src/components/deal-matching/analytics/RecentMatches.test.tsx [2m([22m[2m2 tests[22m[2m)[22m[32m 52[2mms[22m[39m
 [32m✓[39m src/components/marketing/MarketingNav.test.tsx [2m([22m[2m4 tests[22m[2m)[22m[33m 4464[2mms[22m[39m
     [33m[2m✓[22m[39m renders logo and brand name [33m 791[2mms[22m[39m
     [33m[2m✓[22m[39m displays navigation links [33m 3596[2mms[22m[39m
 [32m✓[39m src/pages/marketing/BookTrial.test.tsx [2m([22m[2m10 tests[22m[2m)[22m[33m 5613[2mms[22m[39m
       [33m[2m✓[22m[39m should render success badge [33m 1197[2mms[22m[39m
       [33m[2m✓[22m[39m should render welcome heading [33m 598[2mms[22m[39m
       [33m[2m✓[22m[39m should render "Hands-On Training" step [33m 671[2mms[22m[39m
       [33m[2m✓[22m[39m should render calendar heading [33m 1017[2mms[22m[39m
       [33m[2m✓[22m[39m should render contact email for custom times [33m 904[2mms[22m[39m
 [32m✓[39m src/pages/marketing/LandingPage.meta.test.tsx [2m([22m[2m1 test[22m[2m)[22m[32m 217[2mms[22m[39m
 [32m✓[39m src/components/deal-matching/SaveMatchButton.test.tsx [2m([22m[2m2 tests[22m[2m)[22m[32m 57[2mms[22m[39m
 [32m✓[39m src/hooks/useUploadProgress.test.ts [2m([22m[2m13 tests[22m[2m)[22m[33m 429[2mms[22m[39m
 [32m✓[39m src/pages/marketing/legal/LegalMeta.test.tsx [2m([22m[2m3 tests[22m[2m)[22m[33m 1645[2mms[22m[39m
     [33m[2m✓[22m[39m Terms of Service canonical and og:url [33m 1308[2mms[22m[39m
     [33m[2m✓[22m[39m Privacy Policy canonical and og:url [33m 305[2mms[22m[39m
 [32m✓[39m src/components/podcast/VideoPlayer.test.tsx [2m([22m[2m19 tests[22m[2m)[22m[33m 345[2mms[22m[39m
 [32m✓[39m src/pages/marketing/CapLiquifyFPAPage.test.tsx [2m([22m[2m8 tests[22m[2m)[22m[33m 3020[2mms[22m[39m
       [33m[2m✓[22m[39m should render main value proposition [33m 2306[2mms[22m[39m
 [32m✓[39m src/pages/marketing/FeaturesPage.test.tsx [2m([22m[2m5 tests[22m[2m)[22m[33m 8056[2mms[22m[39m
     [33m[2m✓[22m[39m renders main heading [33m 3651[2mms[22m[39m
     [33m[2m✓[22m[39m lists core features [33m 2122[2mms[22m[39m
     [33m[2m✓[22m[39m contains CTA to pricing [33m 2192[2mms[22m[39m
 [32m✓[39m src/components/marketing/DashboardMockup.test.tsx [2m([22m[2m6 tests[22m[2m)[22m[33m 2081[2mms[22m[39m
       [33m[2m✓[22m[39m should render 13-Week Cash Forecast heading [33m 746[2mms[22m[39m
       [33m[2m✓[22m[39m should display Current Cash KPI [33m 432[2mms[22m[39m
       [33m[2m✓[22m[39m should display Week 13 Cash forecast KPI [33m 426[2mms[22m[39m
       [33m[2m✓[22m[39m should display action items with alerts and confirmations [33m 433[2mms[22m[39m
 [32m✓[39m src/components/marketing/PricingCard.test.tsx [2m([22m[2m6 tests[22m[2m)[22m[33m 1290[2mms[22m[39m
     [33m[2m✓[22m[39m renders tier name [33m 591[2mms[22m[39m
     [33m[2m✓[22m[39m renders CTA button [33m 639[2mms[22m[39m
 [32m✓[39m src/components/deal-matching/analytics/MatchSuccessRate.test.tsx [2m([22m[2m2 tests[22m[2m)[22m[32m 68[2mms[22m[39m
 [32m✓[39m src/components/marketing/FeatureCard.test.tsx [2m([22m[2m4 tests[22m[2m)[22m[32m 77[2mms[22m[39m
 [32m✓[39m src/components/auth/ProtectedRoute.test.tsx [2m([22m[2m5 tests[22m[2m)[22m[32m 130[2mms[22m[39m
 [32m✓[39m src/components/marketing/AnalyticsProvider.test.tsx [2m([22m[2m10 tests[22m[2m)[22m[33m 612[2mms[22m[39m
       [33m[2m✓[22m[39m should inject GA4 script when measurement ID is provided [33m 316[2mms[22m[39m
 [32m✓[39m src/components/deal-matching/analytics/MatchScoreDistribution.test.tsx [2m([22m[2m2 tests[22m[2m)[22m[32m 65[2mms[22m[39m
 [32m✓[39m src/components/deal-matching/analytics/MatchingActivity.test.tsx [2m([22m[2m2 tests[22m[2m)[22m[32m 56[2mms[22m[39m
 [32m✓[39m src/utils/schemas/personSchema.test.ts [2m([22m[2m7 tests[22m[2m)[22m[32m 8[2mms[22m[39m
[90mstderr[2m | src/utils/imageUtils.test.ts[2m > [22m[2mimageUtils[2m > [22m[2msupportsWebP[2m > [22m[2mshould return a boolean indicating WebP support
[22m[39mNot implemented: HTMLCanvasElement's getContext() method: without installing the canvas npm package

[90mstderr[2m | src/utils/imageUtils.test.ts[2m > [22m[2mimageUtils[2m > [22m[2msupportsWebP[2m > [22m[2mshould detect WebP support from createElement canvas
[22m[39mNot implemented: HTMLCanvasElement's getContext() method: without installing the canvas npm package

 [32m✓[39m src/utils/imageUtils.test.ts [2m([22m[2m25 tests[22m[2m)[22m[32m 33[2mms[22m[39m
 [32m✓[39m src/services/api/documents.test.ts [2m([22m[2m7 tests[22m[2m)[22m[32m 50[2mms[22m[39m
 [32m✓[39m src/components/marketing/CTASection.test.tsx [2m([22m[2m11 tests[22m[2m)[22m[33m 1151[2mms[22m[39m
       [33m[2m✓[22m[39m should render main CTA heading [33m 567[2mms[22m[39m
       [33m[2m✓[22m[39m should render "No Credit Card Required" badge [33m 460[2mms[22m[39m
 [32m✓[39m src/utils/schemas/blogPostSchema.test.ts [2m([22m[2m6 tests[22m[2m)[22m[32m 12[2mms[22m[39m
 [32m✓[39m src/utils/schemas/breadcrumbSchema.test.ts [2m([22m[2m5 tests[22m[2m)[22m[32m 30[2mms[22m[39m
 [32m✓[39m src/services/billingService.test.ts [2m([22m[2m5 tests[22m[2m)[22m[32m 15[2mms[22m[39m
 [32m✓[39m src/services/api/financial.test.ts [2m([22m[2m4 tests[22m[2m)[22m[32m 12[2mms[22m[39m
 [32m✓[39m src/pages/checkout/CheckoutCancel.test.tsx [2m([22m[2m3 tests[22m[2m)[22m[33m 2893[2mms[22m[39m
     [33m[2m✓[22m[39m should display cancellation message [33m 617[2mms[22m[39m
     [33m[2m✓[22m[39m should provide link back to pricing page [33m 2261[2mms[22m[39m
 [32m✓[39m src/components/podcast/FeatureGate.test.tsx [2m([22m[2m8 tests[22m[2m)[22m[33m 2272[2mms[22m[39m
       [33m[2m✓[22m[39m should render upgrade CTA when user lacks access [33m 522[2mms[22m[39m
       [33m[2m✓[22m[39m should display required tier in upgrade CTA [33m 1233[2mms[22m[39m
 [32m✓[39m src/services/api.test.ts [2m([22m[2m5 tests[22m[2m)[22m[32m 22[2mms[22m[39m
 [32m✓[39m src/components/common/Breadcrumbs.test.tsx [2m([22m[2m7 tests[22m[2m)[22m[33m 389[2mms[22m[39m
 [32m✓[39m src/components/ui/Spinner.test.tsx [2m([22m[2m6 tests[22m[2m)[22m[33m 570[2mms[22m[39m
 [32m✓[39m src/components/layout/PageSection.test.tsx [2m([22m[2m16 tests[22m[2m)[22m[33m 1218[2mms[22m[39m
 [32m✓[39m src/components/deal-matching/PassMatchButton.test.tsx [2m([22m[2m2 tests[22m[2m)[22m[32m 186[2mms[22m[39m
[2m09:50:11[22m [33m[1m[vite][22m[39m [33m[2m(client)[22m[39m [33mwarning: Module "node:fs" has been externalized for browser compatibility, imported by "C:/Projects/ma-saas-platform/M-S-SaaS-apex-deliver/frontend/src/tests/domainConfig.test.ts". See https://vite.dev/guide/troubleshooting.html#module-externalized-for-browser-compatibility for more details.[39m
  Plugin: [35mvite:resolve[39m
[2m09:50:11[22m [33m[1m[vite][22m[39m [33m[2m(client)[22m[39m [33mwarning: Module "node:path" has been externalized for browser compatibility, imported by "C:/Projects/ma-saas-platform/M-S-SaaS-apex-deliver/frontend/src/tests/domainConfig.test.ts". See https://vite.dev/guide/troubleshooting.html#module-externalized-for-browser-compatibility for more details.[39m
  Plugin: [35mvite:resolve[39m
 [32m✓[39m src/components/marketing/MarketingLayout.domain.test.tsx [2m([22m[2m1 test[22m[2m)[22m[33m 309[2mms[22m[39m
 [32m✓[39m src/utils/schemas/offerSchema.test.ts [2m([22m[2m7 tests[22m[2m)[22m[32m 12[2mms[22m[39m
 [32m✓[39m src/utils/schemas/organizationSchema.test.ts [2m([22m[2m4 tests[22m[2m)[22m[32m 9[2mms[22m[39m
